<?xml version="1.0"?>
<link_info>
   <banner>TMS320C2000 Linker PC v6.1.0</banner>
   <copyright>Copyright (c) 1996-2012 Texas Instruments Incorporated</copyright>
   <link_time>0x58730320</link_time>
   <output_file>ceshi 28335 NEWz.out</output_file>
   <entry_point>
      <name>_c_int00</name>
      <address>0x9f1c</address>
   </entry_point>
   <input_file_list>
      <input_file id="fl-2">
         <path>.\souce\</path>
         <kind>object</kind>
         <file>DSP2833x_ADC_cal.obj</file>
         <name>DSP2833x_ADC_cal.obj</name>
      </input_file>
      <input_file id="fl-3">
         <path>.\souce\</path>
         <kind>object</kind>
         <file>DSP2833x_CSMPasswords.obj</file>
         <name>DSP2833x_CSMPasswords.obj</name>
      </input_file>
      <input_file id="fl-4">
         <path>.\souce\</path>
         <kind>object</kind>
         <file>DSP2833x_CodeStartBranch.obj</file>
         <name>DSP2833x_CodeStartBranch.obj</name>
      </input_file>
      <input_file id="fl-5">
         <path>.\souce\</path>
         <kind>object</kind>
         <file>DSP2833x_DBGIER.obj</file>
         <name>DSP2833x_DBGIER.obj</name>
      </input_file>
      <input_file id="fl-6">
         <path>.\souce\</path>
         <kind>object</kind>
         <file>DSP2833x_DefaultIsr.obj</file>
         <name>DSP2833x_DefaultIsr.obj</name>
      </input_file>
      <input_file id="fl-7">
         <path>.\souce\</path>
         <kind>object</kind>
         <file>DSP2833x_DisInt.obj</file>
         <name>DSP2833x_DisInt.obj</name>
      </input_file>
      <input_file id="fl-8">
         <path>.\souce\</path>
         <kind>object</kind>
         <file>DSP2833x_GlobalVariableDefs.obj</file>
         <name>DSP2833x_GlobalVariableDefs.obj</name>
      </input_file>
      <input_file id="fl-9">
         <path>.\souce\</path>
         <kind>object</kind>
         <file>DSP2833x_MemCopy.obj</file>
         <name>DSP2833x_MemCopy.obj</name>
      </input_file>
      <input_file id="fl-a">
         <path>.\souce\</path>
         <kind>object</kind>
         <file>DSP2833x_PieCtrl.obj</file>
         <name>DSP2833x_PieCtrl.obj</name>
      </input_file>
      <input_file id="fl-b">
         <path>.\souce\</path>
         <kind>object</kind>
         <file>DSP2833x_PieVect.obj</file>
         <name>DSP2833x_PieVect.obj</name>
      </input_file>
      <input_file id="fl-c">
         <path>.\souce\</path>
         <kind>object</kind>
         <file>DSP2833x_SysCtrl.obj</file>
         <name>DSP2833x_SysCtrl.obj</name>
      </input_file>
      <input_file id="fl-d">
         <path>.\souce\</path>
         <kind>object</kind>
         <file>DSP2833x_Xintf.obj</file>
         <name>DSP2833x_Xintf.obj</name>
      </input_file>
      <input_file id="fl-e">
         <path>.\souce\</path>
         <kind>object</kind>
         <file>DSP2833x_usDelay.obj</file>
         <name>DSP2833x_usDelay.obj</name>
      </input_file>
      <input_file id="fl-f">
         <path>.\souce\</path>
         <kind>object</kind>
         <file>PlatForm.obj</file>
         <name>PlatForm.obj</name>
      </input_file>
      <input_file id="fl-10">
         <path>.\souce\</path>
         <kind>object</kind>
         <file>SPI_Flash.obj</file>
         <name>SPI_Flash.obj</name>
      </input_file>
      <input_file id="fl-11">
         <path>.\souce\</path>
         <kind>object</kind>
         <file>command_processing.obj</file>
         <name>command_processing.obj</name>
      </input_file>
      <input_file id="fl-12">
         <path>.\souce\</path>
         <kind>object</kind>
         <file>control.obj</file>
         <name>control.obj</name>
      </input_file>
      <input_file id="fl-13">
         <path>.\souce\</path>
         <kind>object</kind>
         <file>main.obj</file>
         <name>main.obj</name>
      </input_file>
      <input_file id="fl-1b">
         <path>..\lib\</path>
         <kind>archive</kind>
         <file>rts2800_fpu32.lib</file>
         <name>boot.obj</name>
      </input_file>
      <input_file id="fl-1c">
         <path>..\lib\</path>
         <kind>archive</kind>
         <file>rts2800_fpu32.lib</file>
         <name>exit.obj</name>
      </input_file>
      <input_file id="fl-1d">
         <path>..\lib\</path>
         <kind>archive</kind>
         <file>rts2800_fpu32.lib</file>
         <name>ll_aox.obj</name>
      </input_file>
      <input_file id="fl-1e">
         <path>..\lib\</path>
         <kind>archive</kind>
         <file>rts2800_fpu32.lib</file>
         <name>ll_cmp.obj</name>
      </input_file>
      <input_file id="fl-1f">
         <path>..\lib\</path>
         <kind>archive</kind>
         <file>rts2800_fpu32.lib</file>
         <name>_lock.obj</name>
      </input_file>
      <input_file id="fl-20">
         <path>..\lib\</path>
         <kind>archive</kind>
         <file>rts2800_fpu32.lib</file>
         <name>args_main.obj</name>
      </input_file>
   </input_file_list>
   <object_component_list>
      <object_component id="oc-53">
         <name>codestart</name>
         <load_address>0x0</load_address>
         <run_address>0x0</run_address>
         <size>0x2</size>
         <input_file_ref idref="fl-4"/>
      </object_component>
      <object_component id="oc-ab">
         <name>ramfuncs</name>
         <load_address>0x8232</load_address>
         <run_address>0x8232</run_address>
         <size>0x1b</size>
         <input_file_ref idref="fl-c"/>
      </object_component>
      <object_component id="oc-b4">
         <name>ramfuncs</name>
         <load_address>0x824d</load_address>
         <run_address>0x824d</run_address>
         <size>0x4</size>
         <input_file_ref idref="fl-e"/>
      </object_component>
      <object_component id="oc-b8">
         <name>.text</name>
         <load_address>0x8300</load_address>
         <run_address>0x8300</run_address>
         <size>0xacf</size>
         <input_file_ref idref="fl-f"/>
      </object_component>
      <object_component id="oc-ca">
         <name>.text</name>
         <load_address>0x8dcf</load_address>
         <run_address>0x8dcf</run_address>
         <size>0x5fa</size>
         <input_file_ref idref="fl-12"/>
      </object_component>
      <object_component id="oc-5d">
         <name>.text:retain</name>
         <load_address>0x93c9</load_address>
         <run_address>0x93c9</run_address>
         <size>0x4c4</size>
         <input_file_ref idref="fl-6"/>
      </object_component>
      <object_component id="oc-c5">
         <name>.text</name>
         <load_address>0x988d</load_address>
         <run_address>0x988d</run_address>
         <size>0x335</size>
         <input_file_ref idref="fl-11"/>
      </object_component>
      <object_component id="oc-c0">
         <name>.text</name>
         <load_address>0x9bc2</load_address>
         <run_address>0x9bc2</run_address>
         <size>0x18c</size>
         <input_file_ref idref="fl-10"/>
      </object_component>
      <object_component id="oc-a9">
         <name>.text</name>
         <load_address>0x9d4e</load_address>
         <run_address>0x9d4e</run_address>
         <size>0xf3</size>
         <input_file_ref idref="fl-c"/>
      </object_component>
      <object_component id="oc-af">
         <name>.text</name>
         <load_address>0x9e41</load_address>
         <run_address>0x9e41</run_address>
         <size>0xdb</size>
         <input_file_ref idref="fl-d"/>
      </object_component>
      <object_component id="oc-4b">
         <name>.text</name>
         <load_address>0x9f1c</load_address>
         <run_address>0x9f1c</run_address>
         <size>0x46</size>
         <input_file_ref idref="fl-1b"/>
      </object_component>
      <object_component id="oc-d0">
         <name>.text</name>
         <load_address>0x9f62</load_address>
         <run_address>0x9f62</run_address>
         <size>0x2c</size>
         <input_file_ref idref="fl-13"/>
      </object_component>
      <object_component id="oc-9e">
         <name>.text</name>
         <load_address>0x9f8e</load_address>
         <run_address>0x9f8e</run_address>
         <size>0x28</size>
         <input_file_ref idref="fl-a"/>
      </object_component>
      <object_component id="oc-a3">
         <name>.text</name>
         <load_address>0x9fb6</load_address>
         <run_address>0x9fb6</run_address>
         <size>0x20</size>
         <input_file_ref idref="fl-b"/>
      </object_component>
      <object_component id="oc-e4">
         <name>.text</name>
         <load_address>0x9fd6</load_address>
         <run_address>0x9fd6</run_address>
         <size>0x1e</size>
         <input_file_ref idref="fl-1e"/>
      </object_component>
      <object_component id="oc-ee">
         <name>.text</name>
         <load_address>0x9ff4</load_address>
         <run_address>0x9ff4</run_address>
         <size>0x19</size>
         <input_file_ref idref="fl-20"/>
      </object_component>
      <object_component id="oc-da">
         <name>.text</name>
         <load_address>0xa00d</load_address>
         <run_address>0xa00d</run_address>
         <size>0x19</size>
         <input_file_ref idref="fl-1c"/>
      </object_component>
      <object_component id="oc-e0">
         <name>.text</name>
         <load_address>0xa026</load_address>
         <run_address>0xa026</run_address>
         <size>0x18</size>
         <input_file_ref idref="fl-1d"/>
      </object_component>
      <object_component id="oc-99">
         <name>.text</name>
         <load_address>0xa03e</load_address>
         <run_address>0xa03e</run_address>
         <size>0x15</size>
         <input_file_ref idref="fl-9"/>
      </object_component>
      <object_component id="oc-e8">
         <name>.text</name>
         <load_address>0xa053</load_address>
         <run_address>0xa053</run_address>
         <size>0x9</size>
         <input_file_ref idref="fl-1f"/>
      </object_component>
      <object_component id="oc-52">
         <name>.text</name>
         <load_address>0xa05c</load_address>
         <run_address>0xa05c</run_address>
         <size>0x8</size>
         <input_file_ref idref="fl-4"/>
      </object_component>
      <object_component id="oc-61">
         <name>.text</name>
         <load_address>0xa064</load_address>
         <run_address>0xa064</run_address>
         <size>0x7</size>
         <input_file_ref idref="fl-7"/>
      </object_component>
      <object_component id="oc-57">
         <name>.text</name>
         <load_address>0xa06b</load_address>
         <run_address>0xa06b</run_address>
         <size>0x3</size>
         <input_file_ref idref="fl-5"/>
      </object_component>
      <object_component id="oc-ba">
         <name>.cinit</name>
         <load_address>0x8000</load_address>
         <run_address>0x8000</run_address>
         <size>0x21c</size>
         <input_file_ref idref="fl-f"/>
      </object_component>
      <object_component id="oc-ea">
         <name>.cinit</name>
         <load_address>0x821c</load_address>
         <run_address>0x821c</run_address>
         <size>0xa</size>
         <input_file_ref idref="fl-1f"/>
      </object_component>
      <object_component id="oc-dc">
         <name>.cinit</name>
         <load_address>0x8226</load_address>
         <run_address>0x8226</run_address>
         <size>0xa</size>
         <input_file_ref idref="fl-1c"/>
      </object_component>
      <object_component id="oc-d5">
         <name>.stack</name>
         <uninitialized>true</uninitialized>
         <run_address>0x400</run_address>
         <size>0x0</size>
         <input_file_ref idref="fl-1b"/>
      </object_component>
      <object_component id="oc-15b">
         <name>.stack</name>
         <uninitialized>true</uninitialized>
         <run_address>0x400</run_address>
         <size>0x0</size>
      </object_component>
      <object_component id="oc-5c">
         <name>.ebss</name>
         <uninitialized>true</uninitialized>
         <run_address>0xf576</run_address>
         <size>0x2</size>
         <input_file_ref idref="fl-6"/>
      </object_component>
      <object_component id="oc-bc">
         <name>.ebss</name>
         <uninitialized>true</uninitialized>
         <run_address>0xf400</run_address>
         <size>0x16d</size>
         <input_file_ref idref="fl-f"/>
      </object_component>
      <object_component id="oc-cc">
         <name>.ebss</name>
         <uninitialized>true</uninitialized>
         <run_address>0xf56d</run_address>
         <size>0x1</size>
         <input_file_ref idref="fl-12"/>
      </object_component>
      <object_component id="oc-dd">
         <name>.ebss</name>
         <uninitialized>true</uninitialized>
         <run_address>0xf572</run_address>
         <size>0x4</size>
         <input_file_ref idref="fl-1c"/>
      </object_component>
      <object_component id="oc-eb">
         <name>.ebss</name>
         <uninitialized>true</uninitialized>
         <run_address>0xf56e</run_address>
         <size>0x4</size>
         <input_file_ref idref="fl-1f"/>
      </object_component>
      <object_component id="oc-a5">
         <name>.econst</name>
         <load_address>0xf600</load_address>
         <run_address>0xf600</run_address>
         <size>0x100</size>
         <input_file_ref idref="fl-b"/>
      </object_component>
      <object_component id="oc-100">
         <name>.econst:_$P$T5$6</name>
         <load_address>0xf700</load_address>
         <run_address>0xf700</run_address>
         <size>0x14</size>
         <input_file_ref idref="fl-12"/>
      </object_component>
      <object_component id="oc-103">
         <name>.econst:_$P$T8$9</name>
         <load_address>0xf714</load_address>
         <run_address>0xf714</run_address>
         <size>0x14</size>
         <input_file_ref idref="fl-12"/>
      </object_component>
      <object_component id="oc-f2">
         <name>.econst:_$P$T0$1</name>
         <load_address>0xf728</load_address>
         <run_address>0xf728</run_address>
         <size>0x11</size>
         <input_file_ref idref="fl-f"/>
      </object_component>
      <object_component id="oc-f3">
         <name>.econst:_$P$T1$2</name>
         <load_address>0xf739</load_address>
         <run_address>0xf739</run_address>
         <size>0x11</size>
         <input_file_ref idref="fl-f"/>
      </object_component>
      <object_component id="oc-f4">
         <name>.econst:_$P$T2$3</name>
         <load_address>0xf74a</load_address>
         <run_address>0xf74a</run_address>
         <size>0x11</size>
         <input_file_ref idref="fl-f"/>
      </object_component>
      <object_component id="oc-108">
         <name>.econst:_$P$T13$14</name>
         <load_address>0xf75b</load_address>
         <run_address>0xf75b</run_address>
         <size>0xe</size>
         <input_file_ref idref="fl-12"/>
      </object_component>
      <object_component id="oc-105">
         <name>.econst:_$P$T10$11</name>
         <load_address>0xf769</load_address>
         <run_address>0xf769</run_address>
         <size>0xd</size>
         <input_file_ref idref="fl-12"/>
      </object_component>
      <object_component id="oc-ff">
         <name>.econst:_$P$T4$5</name>
         <load_address>0xf776</load_address>
         <run_address>0xf776</run_address>
         <size>0xd</size>
         <input_file_ref idref="fl-12"/>
      </object_component>
      <object_component id="oc-fb">
         <name>.econst:_$P$T0$1</name>
         <load_address>0xf783</load_address>
         <run_address>0xf783</run_address>
         <size>0xc</size>
         <input_file_ref idref="fl-12"/>
      </object_component>
      <object_component id="oc-f6">
         <name>.econst:_$P$T1$2</name>
         <load_address>0xf78f</load_address>
         <run_address>0xf78f</run_address>
         <size>0xc</size>
         <input_file_ref idref="fl-11"/>
      </object_component>
      <object_component id="oc-fc">
         <name>.econst:_$P$T1$2</name>
         <load_address>0xf79b</load_address>
         <run_address>0xf79b</run_address>
         <size>0xc</size>
         <input_file_ref idref="fl-12"/>
      </object_component>
      <object_component id="oc-106">
         <name>.econst:_$P$T11$12</name>
         <load_address>0xf7a7</load_address>
         <run_address>0xf7a7</run_address>
         <size>0xc</size>
         <input_file_ref idref="fl-12"/>
      </object_component>
      <object_component id="oc-107">
         <name>.econst:_$P$T12$13</name>
         <load_address>0xf7b3</load_address>
         <run_address>0xf7b3</run_address>
         <size>0xc</size>
         <input_file_ref idref="fl-12"/>
      </object_component>
      <object_component id="oc-f8">
         <name>.econst:_$P$T3$4</name>
         <load_address>0xf7bf</load_address>
         <run_address>0xf7bf</run_address>
         <size>0xc</size>
         <input_file_ref idref="fl-11"/>
      </object_component>
      <object_component id="oc-101">
         <name>.econst:_$P$T6$7</name>
         <load_address>0xf7cb</load_address>
         <run_address>0xf7cb</run_address>
         <size>0xc</size>
         <input_file_ref idref="fl-12"/>
      </object_component>
      <object_component id="oc-102">
         <name>.econst:_$P$T7$8</name>
         <load_address>0xf7d7</load_address>
         <run_address>0xf7d7</run_address>
         <size>0xc</size>
         <input_file_ref idref="fl-12"/>
      </object_component>
      <object_component id="oc-104">
         <name>.econst:_$P$T9$10</name>
         <load_address>0xf7e3</load_address>
         <run_address>0xf7e3</run_address>
         <size>0xc</size>
         <input_file_ref idref="fl-12"/>
      </object_component>
      <object_component id="oc-f5">
         <name>.econst:_$P$T0$1</name>
         <load_address>0xf7ef</load_address>
         <run_address>0xf7ef</run_address>
         <size>0xb</size>
         <input_file_ref idref="fl-11"/>
      </object_component>
      <object_component id="oc-f7">
         <name>.econst:_$P$T2$3</name>
         <load_address>0xf7fa</load_address>
         <run_address>0xf7fa</run_address>
         <size>0xb</size>
         <input_file_ref idref="fl-11"/>
      </object_component>
      <object_component id="oc-f9">
         <name>.econst:_$P$T4$5</name>
         <load_address>0xf805</load_address>
         <run_address>0xf805</run_address>
         <size>0xb</size>
         <input_file_ref idref="fl-11"/>
      </object_component>
      <object_component id="oc-fa">
         <name>.econst:_$P$T5$6</name>
         <load_address>0xf810</load_address>
         <run_address>0xf810</run_address>
         <size>0xb</size>
         <input_file_ref idref="fl-11"/>
      </object_component>
      <object_component id="oc-fd">
         <name>.econst:_$P$T2$3</name>
         <load_address>0xf81b</load_address>
         <run_address>0xf81b</run_address>
         <size>0xa</size>
         <input_file_ref idref="fl-12"/>
      </object_component>
      <object_component id="oc-fe">
         <name>.econst:_$P$T3$4</name>
         <load_address>0xf825</load_address>
         <run_address>0xf825</run_address>
         <size>0xa</size>
         <input_file_ref idref="fl-12"/>
      </object_component>
      <object_component id="oc-bb">
         <name>ZONE7DATA</name>
         <uninitialized>true</uninitialized>
         <run_address>0x20fc00</run_address>
         <size>0x3510</size>
         <input_file_ref idref="fl-f"/>
      </object_component>
      <object_component id="oc-d6">
         <name>.reset</name>
         <load_address>0x3fffc0</load_address>
         <run_address>0x3fffc0</run_address>
         <size>0x2</size>
         <input_file_ref idref="fl-1b"/>
      </object_component>
      <object_component id="oc-51">
         <name>csm_rsvd</name>
         <load_address>0x33ff80</load_address>
         <run_address>0x33ff80</run_address>
         <size>0x76</size>
         <input_file_ref idref="fl-3"/>
      </object_component>
      <object_component id="oc-50">
         <name>csmpasswds</name>
         <load_address>0x33fff8</load_address>
         <run_address>0x33fff8</run_address>
         <size>0x8</size>
         <input_file_ref idref="fl-3"/>
      </object_component>
      <object_component id="oc-4c">
         <name>.adc_cal</name>
         <load_address>0x380080</load_address>
         <run_address>0x380080</run_address>
         <size>0x7</size>
         <input_file_ref idref="fl-2"/>
      </object_component>
      <object_component id="oc-97">
         <name>PieVectTableFile</name>
         <uninitialized>true</uninitialized>
         <run_address>0xd00</run_address>
         <size>0x100</size>
         <input_file_ref idref="fl-8"/>
      </object_component>
      <object_component id="oc-93">
         <name>DevEmuRegsFile</name>
         <uninitialized>true</uninitialized>
         <run_address>0x880</run_address>
         <size>0xd0</size>
         <input_file_ref idref="fl-8"/>
      </object_component>
      <object_component id="oc-69">
         <name>FlashRegsFile</name>
         <uninitialized>true</uninitialized>
         <run_address>0xa80</run_address>
         <size>0x8</size>
         <input_file_ref idref="fl-8"/>
      </object_component>
      <object_component id="oc-71">
         <name>CsmRegsFile</name>
         <uninitialized>true</uninitialized>
         <run_address>0xae0</run_address>
         <size>0x10</size>
         <input_file_ref idref="fl-8"/>
      </object_component>
      <object_component id="oc-72">
         <name>AdcMirrorFile</name>
         <uninitialized>true</uninitialized>
         <run_address>0xb00</run_address>
         <size>0x10</size>
         <input_file_ref idref="fl-8"/>
      </object_component>
      <object_component id="oc-76">
         <name>XintfRegsFile</name>
         <uninitialized>true</uninitialized>
         <run_address>0xb20</run_address>
         <size>0x1e</size>
         <input_file_ref idref="fl-8"/>
      </object_component>
      <object_component id="oc-6a">
         <name>CpuTimer0RegsFile</name>
         <uninitialized>true</uninitialized>
         <run_address>0xc00</run_address>
         <size>0x8</size>
         <input_file_ref idref="fl-8"/>
      </object_component>
      <object_component id="oc-6b">
         <name>CpuTimer1RegsFile</name>
         <uninitialized>true</uninitialized>
         <run_address>0xc08</run_address>
         <size>0x8</size>
         <input_file_ref idref="fl-8"/>
      </object_component>
      <object_component id="oc-67">
         <name>CpuTimer2RegsFile</name>
         <uninitialized>true</uninitialized>
         <run_address>0xc10</run_address>
         <size>0x8</size>
         <input_file_ref idref="fl-8"/>
      </object_component>
      <object_component id="oc-74">
         <name>PieCtrlRegsFile</name>
         <uninitialized>true</uninitialized>
         <run_address>0xce0</run_address>
         <size>0x1a</size>
         <input_file_ref idref="fl-8"/>
      </object_component>
      <object_component id="oc-94">
         <name>DmaRegsFile</name>
         <uninitialized>true</uninitialized>
         <run_address>0x1000</run_address>
         <size>0xe0</size>
         <input_file_ref idref="fl-8"/>
      </object_component>
      <object_component id="oc-87">
         <name>McbspaRegsFile</name>
         <uninitialized>true</uninitialized>
         <run_address>0x5000</run_address>
         <size>0x25</size>
         <input_file_ref idref="fl-8"/>
      </object_component>
      <object_component id="oc-86">
         <name>McbspbRegsFile</name>
         <uninitialized>true</uninitialized>
         <run_address>0x5040</run_address>
         <size>0x25</size>
         <input_file_ref idref="fl-8"/>
      </object_component>
      <object_component id="oc-89">
         <name>ECanaRegsFile</name>
         <uninitialized>true</uninitialized>
         <run_address>0x6000</run_address>
         <size>0x34</size>
         <input_file_ref idref="fl-8"/>
      </object_component>
      <object_component id="oc-8d">
         <name>ECanaLAMRegsFile</name>
         <uninitialized>true</uninitialized>
         <run_address>0x6040</run_address>
         <size>0x40</size>
         <input_file_ref idref="fl-8"/>
      </object_component>
      <object_component id="oc-96">
         <name>ECanaMboxesFile</name>
         <uninitialized>true</uninitialized>
         <run_address>0x6100</run_address>
         <size>0x100</size>
         <input_file_ref idref="fl-8"/>
      </object_component>
      <object_component id="oc-8e">
         <name>ECanaMOTSRegsFile</name>
         <uninitialized>true</uninitialized>
         <run_address>0x6080</run_address>
         <size>0x40</size>
         <input_file_ref idref="fl-8"/>
      </object_component>
      <object_component id="oc-8b">
         <name>ECanaMOTORegsFile</name>
         <uninitialized>true</uninitialized>
         <run_address>0x60c0</run_address>
         <size>0x40</size>
         <input_file_ref idref="fl-8"/>
      </object_component>
      <object_component id="oc-8a">
         <name>ECanbRegsFile</name>
         <uninitialized>true</uninitialized>
         <run_address>0x6200</run_address>
         <size>0x34</size>
         <input_file_ref idref="fl-8"/>
      </object_component>
      <object_component id="oc-92">
         <name>ECanbLAMRegsFile</name>
         <uninitialized>true</uninitialized>
         <run_address>0x6240</run_address>
         <size>0x40</size>
         <input_file_ref idref="fl-8"/>
      </object_component>
      <object_component id="oc-95">
         <name>ECanbMboxesFile</name>
         <uninitialized>true</uninitialized>
         <run_address>0x6300</run_address>
         <size>0x100</size>
         <input_file_ref idref="fl-8"/>
      </object_component>
      <object_component id="oc-8c">
         <name>ECanbMOTSRegsFile</name>
         <uninitialized>true</uninitialized>
         <run_address>0x6280</run_address>
         <size>0x40</size>
         <input_file_ref idref="fl-8"/>
      </object_component>
      <object_component id="oc-8f">
         <name>ECanbMOTORegsFile</name>
         <uninitialized>true</uninitialized>
         <run_address>0x62c0</run_address>
         <size>0x40</size>
         <input_file_ref idref="fl-8"/>
      </object_component>
      <object_component id="oc-84">
         <name>EPwm1RegsFile</name>
         <uninitialized>true</uninitialized>
         <run_address>0x6800</run_address>
         <size>0x22</size>
         <input_file_ref idref="fl-8"/>
      </object_component>
      <object_component id="oc-7f">
         <name>EPwm2RegsFile</name>
         <uninitialized>true</uninitialized>
         <run_address>0x6840</run_address>
         <size>0x22</size>
         <input_file_ref idref="fl-8"/>
      </object_component>
      <object_component id="oc-80">
         <name>EPwm3RegsFile</name>
         <uninitialized>true</uninitialized>
         <run_address>0x6880</run_address>
         <size>0x22</size>
         <input_file_ref idref="fl-8"/>
      </object_component>
      <object_component id="oc-85">
         <name>EPwm4RegsFile</name>
         <uninitialized>true</uninitialized>
         <run_address>0x68c0</run_address>
         <size>0x22</size>
         <input_file_ref idref="fl-8"/>
      </object_component>
      <object_component id="oc-82">
         <name>EPwm5RegsFile</name>
         <uninitialized>true</uninitialized>
         <run_address>0x6900</run_address>
         <size>0x22</size>
         <input_file_ref idref="fl-8"/>
      </object_component>
      <object_component id="oc-83">
         <name>EPwm6RegsFile</name>
         <uninitialized>true</uninitialized>
         <run_address>0x6940</run_address>
         <size>0x22</size>
         <input_file_ref idref="fl-8"/>
      </object_component>
      <object_component id="oc-79">
         <name>ECap1RegsFile</name>
         <uninitialized>true</uninitialized>
         <run_address>0x6a00</run_address>
         <size>0x20</size>
         <input_file_ref idref="fl-8"/>
      </object_component>
      <object_component id="oc-7a">
         <name>ECap2RegsFile</name>
         <uninitialized>true</uninitialized>
         <run_address>0x6a20</run_address>
         <size>0x20</size>
         <input_file_ref idref="fl-8"/>
      </object_component>
      <object_component id="oc-77">
         <name>ECap3RegsFile</name>
         <uninitialized>true</uninitialized>
         <run_address>0x6a40</run_address>
         <size>0x20</size>
         <input_file_ref idref="fl-8"/>
      </object_component>
      <object_component id="oc-78">
         <name>ECap4RegsFile</name>
         <uninitialized>true</uninitialized>
         <run_address>0x6a60</run_address>
         <size>0x20</size>
         <input_file_ref idref="fl-8"/>
      </object_component>
      <object_component id="oc-7d">
         <name>ECap5RegsFile</name>
         <uninitialized>true</uninitialized>
         <run_address>0x6a80</run_address>
         <size>0x20</size>
         <input_file_ref idref="fl-8"/>
      </object_component>
      <object_component id="oc-7e">
         <name>ECap6RegsFile</name>
         <uninitialized>true</uninitialized>
         <run_address>0x6aa0</run_address>
         <size>0x20</size>
         <input_file_ref idref="fl-8"/>
      </object_component>
      <object_component id="oc-90">
         <name>EQep1RegsFile</name>
         <uninitialized>true</uninitialized>
         <run_address>0x6b00</run_address>
         <size>0x40</size>
         <input_file_ref idref="fl-8"/>
      </object_component>
      <object_component id="oc-91">
         <name>EQep2RegsFile</name>
         <uninitialized>true</uninitialized>
         <run_address>0x6b40</run_address>
         <size>0x40</size>
         <input_file_ref idref="fl-8"/>
      </object_component>
      <object_component id="oc-88">
         <name>GpioCtrlRegsFile</name>
         <uninitialized>true</uninitialized>
         <run_address>0x6f80</run_address>
         <size>0x2e</size>
         <input_file_ref idref="fl-8"/>
      </object_component>
      <object_component id="oc-7b">
         <name>GpioDataRegsFile</name>
         <uninitialized>true</uninitialized>
         <run_address>0x6fc0</run_address>
         <size>0x20</size>
         <input_file_ref idref="fl-8"/>
      </object_component>
      <object_component id="oc-6c">
         <name>GpioIntRegsFile</name>
         <uninitialized>true</uninitialized>
         <run_address>0x6fe0</run_address>
         <size>0xa</size>
         <input_file_ref idref="fl-8"/>
      </object_component>
      <object_component id="oc-7c">
         <name>SysCtrlRegsFile</name>
         <uninitialized>true</uninitialized>
         <run_address>0x7010</run_address>
         <size>0x20</size>
         <input_file_ref idref="fl-8"/>
      </object_component>
      <object_component id="oc-6d">
         <name>SpiaRegsFile</name>
         <uninitialized>true</uninitialized>
         <run_address>0x7040</run_address>
         <size>0x10</size>
         <input_file_ref idref="fl-8"/>
      </object_component>
      <object_component id="oc-70">
         <name>SciaRegsFile</name>
         <uninitialized>true</uninitialized>
         <run_address>0x7050</run_address>
         <size>0x10</size>
         <input_file_ref idref="fl-8"/>
      </object_component>
      <object_component id="oc-73">
         <name>XIntruptRegsFile</name>
         <uninitialized>true</uninitialized>
         <run_address>0x7070</run_address>
         <size>0x10</size>
         <input_file_ref idref="fl-8"/>
      </object_component>
      <object_component id="oc-75">
         <name>AdcRegsFile</name>
         <uninitialized>true</uninitialized>
         <run_address>0x7100</run_address>
         <size>0x1e</size>
         <input_file_ref idref="fl-8"/>
      </object_component>
      <object_component id="oc-6e">
         <name>ScibRegsFile</name>
         <uninitialized>true</uninitialized>
         <run_address>0x7750</run_address>
         <size>0x10</size>
         <input_file_ref idref="fl-8"/>
      </object_component>
      <object_component id="oc-6f">
         <name>ScicRegsFile</name>
         <uninitialized>true</uninitialized>
         <run_address>0x7770</run_address>
         <size>0x10</size>
         <input_file_ref idref="fl-8"/>
      </object_component>
      <object_component id="oc-81">
         <name>I2caRegsFile</name>
         <uninitialized>true</uninitialized>
         <run_address>0x7900</run_address>
         <size>0x22</size>
         <input_file_ref idref="fl-8"/>
      </object_component>
      <object_component id="oc-68">
         <name>CsmPwlFile</name>
         <uninitialized>true</uninitialized>
         <run_address>0x33fff8</run_address>
         <size>0x8</size>
         <input_file_ref idref="fl-8"/>
      </object_component>
      <object_component id="oc-66">
         <name>PartIdRegsFile</name>
         <uninitialized>true</uninitialized>
         <run_address>0x380090</run_address>
         <size>0x1</size>
         <input_file_ref idref="fl-8"/>
      </object_component>
      <object_component id="oc-4d">
         <name>.debug_info</name>
         <load_address>0x0</load_address>
         <run_address>0x0</run_address>
         <size>0xfd</size>
         <input_file_ref idref="fl-2"/>
      </object_component>
      <object_component id="oc-54">
         <name>.debug_info</name>
         <load_address>0xfd</load_address>
         <run_address>0xfd</run_address>
         <size>0x140</size>
         <input_file_ref idref="fl-4"/>
      </object_component>
      <object_component id="oc-58">
         <name>.debug_info</name>
         <load_address>0x23d</load_address>
         <run_address>0x23d</run_address>
         <size>0xfb</size>
         <input_file_ref idref="fl-5"/>
      </object_component>
      <object_component id="oc-5b">
         <name>.debug_info</name>
         <load_address>0x338</load_address>
         <run_address>0x338</run_address>
         <size>0x5d1a</size>
         <input_file_ref idref="fl-6"/>
      </object_component>
      <object_component id="oc-62">
         <name>.debug_info</name>
         <load_address>0x6052</load_address>
         <run_address>0x6052</run_address>
         <size>0x101</size>
         <input_file_ref idref="fl-7"/>
      </object_component>
      <object_component id="oc-65">
         <name>.debug_info</name>
         <load_address>0x6153</load_address>
         <run_address>0x6153</run_address>
         <size>0x12ef7</size>
         <input_file_ref idref="fl-8"/>
      </object_component>
      <object_component id="oc-9a">
         <name>.debug_info</name>
         <load_address>0x1904a</load_address>
         <run_address>0x1904a</run_address>
         <size>0x4e8</size>
         <input_file_ref idref="fl-9"/>
      </object_component>
      <object_component id="oc-9f">
         <name>.debug_info</name>
         <load_address>0x19532</load_address>
         <run_address>0x19532</run_address>
         <size>0xb3e</size>
         <input_file_ref idref="fl-a"/>
      </object_component>
      <object_component id="oc-a4">
         <name>.debug_info</name>
         <load_address>0x1a070</load_address>
         <run_address>0x1a070</run_address>
         <size>0x2313</size>
         <input_file_ref idref="fl-b"/>
      </object_component>
      <object_component id="oc-aa">
         <name>.debug_info</name>
         <load_address>0x1c383</load_address>
         <run_address>0x1c383</run_address>
         <size>0x2091</size>
         <input_file_ref idref="fl-c"/>
      </object_component>
      <object_component id="oc-b0">
         <name>.debug_info</name>
         <load_address>0x1e414</load_address>
         <run_address>0x1e414</run_address>
         <size>0x2221</size>
         <input_file_ref idref="fl-d"/>
      </object_component>
      <object_component id="oc-b5">
         <name>.debug_info</name>
         <load_address>0x20635</load_address>
         <run_address>0x20635</run_address>
         <size>0xfd</size>
         <input_file_ref idref="fl-e"/>
      </object_component>
      <object_component id="oc-b9">
         <name>.debug_info</name>
         <load_address>0x20732</load_address>
         <run_address>0x20732</run_address>
         <size>0x8c00</size>
         <input_file_ref idref="fl-f"/>
      </object_component>
      <object_component id="oc-c1">
         <name>.debug_info</name>
         <load_address>0x29332</load_address>
         <run_address>0x29332</run_address>
         <size>0x2778</size>
         <input_file_ref idref="fl-10"/>
      </object_component>
      <object_component id="oc-c6">
         <name>.debug_info</name>
         <load_address>0x2baaa</load_address>
         <run_address>0x2baaa</run_address>
         <size>0x1763</size>
         <input_file_ref idref="fl-11"/>
      </object_component>
      <object_component id="oc-cb">
         <name>.debug_info</name>
         <load_address>0x2d20d</load_address>
         <run_address>0x2d20d</run_address>
         <size>0x34f5</size>
         <input_file_ref idref="fl-12"/>
      </object_component>
      <object_component id="oc-d1">
         <name>.debug_info</name>
         <load_address>0x30702</load_address>
         <run_address>0x30702</run_address>
         <size>0x9e4</size>
         <input_file_ref idref="fl-13"/>
      </object_component>
      <object_component id="oc-d7">
         <name>.debug_info</name>
         <load_address>0x310e6</load_address>
         <run_address>0x310e6</run_address>
         <size>0xdf</size>
         <input_file_ref idref="fl-1b"/>
      </object_component>
      <object_component id="oc-db">
         <name>.debug_info</name>
         <load_address>0x311c5</load_address>
         <run_address>0x311c5</run_address>
         <size>0x4a2</size>
         <input_file_ref idref="fl-1c"/>
      </object_component>
      <object_component id="oc-e1">
         <name>.debug_info</name>
         <load_address>0x31667</load_address>
         <run_address>0x31667</run_address>
         <size>0x121</size>
         <input_file_ref idref="fl-1d"/>
      </object_component>
      <object_component id="oc-e5">
         <name>.debug_info</name>
         <load_address>0x31788</load_address>
         <run_address>0x31788</run_address>
         <size>0xfa</size>
         <input_file_ref idref="fl-1e"/>
      </object_component>
      <object_component id="oc-e9">
         <name>.debug_info</name>
         <load_address>0x31882</load_address>
         <run_address>0x31882</run_address>
         <size>0x481</size>
         <input_file_ref idref="fl-1f"/>
      </object_component>
      <object_component id="oc-ef">
         <name>.debug_info</name>
         <load_address>0x31d03</load_address>
         <run_address>0x31d03</run_address>
         <size>0x44d</size>
         <input_file_ref idref="fl-20"/>
      </object_component>
      <object_component id="oc-15c">
         <name>.debug_info</name>
         <load_address>0x32150</load_address>
         <run_address>0x32150</run_address>
         <size>0x6f</size>
      </object_component>
      <object_component id="oc-4e">
         <name>.debug_line</name>
         <load_address>0x0</load_address>
         <run_address>0x0</run_address>
         <size>0x4c</size>
         <input_file_ref idref="fl-2"/>
      </object_component>
      <object_component id="oc-55">
         <name>.debug_line</name>
         <load_address>0x4c</load_address>
         <run_address>0x4c</run_address>
         <size>0x64</size>
         <input_file_ref idref="fl-4"/>
      </object_component>
      <object_component id="oc-59">
         <name>.debug_line</name>
         <load_address>0xb0</load_address>
         <run_address>0xb0</run_address>
         <size>0x4a</size>
         <input_file_ref idref="fl-5"/>
      </object_component>
      <object_component id="oc-5f">
         <name>.debug_line</name>
         <load_address>0xfa</load_address>
         <run_address>0xfa</run_address>
         <size>0x84e</size>
         <input_file_ref idref="fl-6"/>
      </object_component>
      <object_component id="oc-63">
         <name>.debug_line</name>
         <load_address>0x948</load_address>
         <run_address>0x948</run_address>
         <size>0x4e</size>
         <input_file_ref idref="fl-7"/>
      </object_component>
      <object_component id="oc-9c">
         <name>.debug_line</name>
         <load_address>0x996</load_address>
         <run_address>0x996</run_address>
         <size>0x5a</size>
         <input_file_ref idref="fl-9"/>
      </object_component>
      <object_component id="oc-a1">
         <name>.debug_line</name>
         <load_address>0x9f0</load_address>
         <run_address>0x9f0</run_address>
         <size>0x89</size>
         <input_file_ref idref="fl-a"/>
      </object_component>
      <object_component id="oc-a7">
         <name>.debug_line</name>
         <load_address>0xa79</load_address>
         <run_address>0xa79</run_address>
         <size>0x69</size>
         <input_file_ref idref="fl-b"/>
      </object_component>
      <object_component id="oc-ad">
         <name>.debug_line</name>
         <load_address>0xae2</load_address>
         <run_address>0xae2</run_address>
         <size>0x168</size>
         <input_file_ref idref="fl-c"/>
      </object_component>
      <object_component id="oc-b2">
         <name>.debug_line</name>
         <load_address>0xc4a</load_address>
         <run_address>0xc4a</run_address>
         <size>0xe6</size>
         <input_file_ref idref="fl-d"/>
      </object_component>
      <object_component id="oc-b6">
         <name>.debug_line</name>
         <load_address>0xd30</load_address>
         <run_address>0xd30</run_address>
         <size>0x4b</size>
         <input_file_ref idref="fl-e"/>
      </object_component>
      <object_component id="oc-be">
         <name>.debug_line</name>
         <load_address>0xd7b</load_address>
         <run_address>0xd7b</run_address>
         <size>0x8c4</size>
         <input_file_ref idref="fl-f"/>
      </object_component>
      <object_component id="oc-c3">
         <name>.debug_line</name>
         <load_address>0x163f</load_address>
         <run_address>0x163f</run_address>
         <size>0x244</size>
         <input_file_ref idref="fl-10"/>
      </object_component>
      <object_component id="oc-c8">
         <name>.debug_line</name>
         <load_address>0x1883</load_address>
         <run_address>0x1883</run_address>
         <size>0x3c3</size>
         <input_file_ref idref="fl-11"/>
      </object_component>
      <object_component id="oc-ce">
         <name>.debug_line</name>
         <load_address>0x1c46</load_address>
         <run_address>0x1c46</run_address>
         <size>0x421</size>
         <input_file_ref idref="fl-12"/>
      </object_component>
      <object_component id="oc-d3">
         <name>.debug_line</name>
         <load_address>0x2067</load_address>
         <run_address>0x2067</run_address>
         <size>0x58</size>
         <input_file_ref idref="fl-13"/>
      </object_component>
      <object_component id="oc-d8">
         <name>.debug_line</name>
         <load_address>0x20bf</load_address>
         <run_address>0x20bf</run_address>
         <size>0x71</size>
         <input_file_ref idref="fl-1b"/>
      </object_component>
      <object_component id="oc-de">
         <name>.debug_line</name>
         <load_address>0x2130</load_address>
         <run_address>0x2130</run_address>
         <size>0x4f</size>
         <input_file_ref idref="fl-1c"/>
      </object_component>
      <object_component id="oc-e2">
         <name>.debug_line</name>
         <load_address>0x217f</load_address>
         <run_address>0x217f</run_address>
         <size>0x69</size>
         <input_file_ref idref="fl-1d"/>
      </object_component>
      <object_component id="oc-e6">
         <name>.debug_line</name>
         <load_address>0x21e8</load_address>
         <run_address>0x21e8</run_address>
         <size>0x60</size>
         <input_file_ref idref="fl-1e"/>
      </object_component>
      <object_component id="oc-ec">
         <name>.debug_line</name>
         <load_address>0x2248</load_address>
         <run_address>0x2248</run_address>
         <size>0x57</size>
         <input_file_ref idref="fl-1f"/>
      </object_component>
      <object_component id="oc-f0">
         <name>.debug_line</name>
         <load_address>0x229f</load_address>
         <run_address>0x229f</run_address>
         <size>0x41</size>
         <input_file_ref idref="fl-20"/>
      </object_component>
      <object_component id="oc-4f">
         <name>.debug_abbrev</name>
         <load_address>0x0</load_address>
         <run_address>0x0</run_address>
         <size>0x2c</size>
         <input_file_ref idref="fl-2"/>
      </object_component>
      <object_component id="oc-56">
         <name>.debug_abbrev</name>
         <load_address>0x2c</load_address>
         <run_address>0x2c</run_address>
         <size>0x20</size>
         <input_file_ref idref="fl-4"/>
      </object_component>
      <object_component id="oc-5a">
         <name>.debug_abbrev</name>
         <load_address>0x4c</load_address>
         <run_address>0x4c</run_address>
         <size>0x2c</size>
         <input_file_ref idref="fl-5"/>
      </object_component>
      <object_component id="oc-60">
         <name>.debug_abbrev</name>
         <load_address>0x78</load_address>
         <run_address>0x78</run_address>
         <size>0x17a</size>
         <input_file_ref idref="fl-6"/>
      </object_component>
      <object_component id="oc-64">
         <name>.debug_abbrev</name>
         <load_address>0x1f2</load_address>
         <run_address>0x1f2</run_address>
         <size>0x2c</size>
         <input_file_ref idref="fl-7"/>
      </object_component>
      <object_component id="oc-98">
         <name>.debug_abbrev</name>
         <load_address>0x21e</load_address>
         <run_address>0x21e</run_address>
         <size>0xb3</size>
         <input_file_ref idref="fl-8"/>
      </object_component>
      <object_component id="oc-9d">
         <name>.debug_abbrev</name>
         <load_address>0x2d1</load_address>
         <run_address>0x2d1</run_address>
         <size>0xa7</size>
         <input_file_ref idref="fl-9"/>
      </object_component>
      <object_component id="oc-a2">
         <name>.debug_abbrev</name>
         <load_address>0x378</load_address>
         <run_address>0x378</run_address>
         <size>0xbb</size>
         <input_file_ref idref="fl-a"/>
      </object_component>
      <object_component id="oc-a8">
         <name>.debug_abbrev</name>
         <load_address>0x433</load_address>
         <run_address>0x433</run_address>
         <size>0x124</size>
         <input_file_ref idref="fl-b"/>
      </object_component>
      <object_component id="oc-ae">
         <name>.debug_abbrev</name>
         <load_address>0x557</load_address>
         <run_address>0x557</run_address>
         <size>0x183</size>
         <input_file_ref idref="fl-c"/>
      </object_component>
      <object_component id="oc-b3">
         <name>.debug_abbrev</name>
         <load_address>0x6da</load_address>
         <run_address>0x6da</run_address>
         <size>0xdb</size>
         <input_file_ref idref="fl-d"/>
      </object_component>
      <object_component id="oc-b7">
         <name>.debug_abbrev</name>
         <load_address>0x7b5</load_address>
         <run_address>0x7b5</run_address>
         <size>0x2c</size>
         <input_file_ref idref="fl-e"/>
      </object_component>
      <object_component id="oc-bf">
         <name>.debug_abbrev</name>
         <load_address>0x7e1</load_address>
         <run_address>0x7e1</run_address>
         <size>0x1be</size>
         <input_file_ref idref="fl-f"/>
      </object_component>
      <object_component id="oc-c4">
         <name>.debug_abbrev</name>
         <load_address>0x99f</load_address>
         <run_address>0x99f</run_address>
         <size>0x1b5</size>
         <input_file_ref idref="fl-10"/>
      </object_component>
      <object_component id="oc-c9">
         <name>.debug_abbrev</name>
         <load_address>0xb54</load_address>
         <run_address>0xb54</run_address>
         <size>0x1ab</size>
         <input_file_ref idref="fl-11"/>
      </object_component>
      <object_component id="oc-cf">
         <name>.debug_abbrev</name>
         <load_address>0xcff</load_address>
         <run_address>0xcff</run_address>
         <size>0x1c3</size>
         <input_file_ref idref="fl-12"/>
      </object_component>
      <object_component id="oc-d4">
         <name>.debug_abbrev</name>
         <load_address>0xec2</load_address>
         <run_address>0xec2</run_address>
         <size>0xe9</size>
         <input_file_ref idref="fl-13"/>
      </object_component>
      <object_component id="oc-d9">
         <name>.debug_abbrev</name>
         <load_address>0xfab</load_address>
         <run_address>0xfab</run_address>
         <size>0x46</size>
         <input_file_ref idref="fl-1b"/>
      </object_component>
      <object_component id="oc-df">
         <name>.debug_abbrev</name>
         <load_address>0xff1</load_address>
         <run_address>0xff1</run_address>
         <size>0xe8</size>
         <input_file_ref idref="fl-1c"/>
      </object_component>
      <object_component id="oc-e3">
         <name>.debug_abbrev</name>
         <load_address>0x10d9</load_address>
         <run_address>0x10d9</run_address>
         <size>0x38</size>
         <input_file_ref idref="fl-1d"/>
      </object_component>
      <object_component id="oc-e7">
         <name>.debug_abbrev</name>
         <load_address>0x1111</load_address>
         <run_address>0x1111</run_address>
         <size>0x38</size>
         <input_file_ref idref="fl-1e"/>
      </object_component>
      <object_component id="oc-ed">
         <name>.debug_abbrev</name>
         <load_address>0x1149</load_address>
         <run_address>0x1149</run_address>
         <size>0x90</size>
         <input_file_ref idref="fl-1f"/>
      </object_component>
      <object_component id="oc-f1">
         <name>.debug_abbrev</name>
         <load_address>0x11d9</load_address>
         <run_address>0x11d9</run_address>
         <size>0xdd</size>
         <input_file_ref idref="fl-20"/>
      </object_component>
      <object_component id="oc-15d">
         <name>.debug_abbrev</name>
         <load_address>0x12b6</load_address>
         <run_address>0x12b6</run_address>
         <size>0xd</size>
      </object_component>
      <object_component id="oc-5e">
         <name>.debug_frame</name>
         <load_address>0x0</load_address>
         <run_address>0x0</run_address>
         <size>0xe89</size>
         <input_file_ref idref="fl-6"/>
      </object_component>
      <object_component id="oc-9b">
         <name>.debug_frame</name>
         <load_address>0xe89</load_address>
         <run_address>0xe89</run_address>
         <size>0xaa</size>
         <input_file_ref idref="fl-9"/>
      </object_component>
      <object_component id="oc-a0">
         <name>.debug_frame</name>
         <load_address>0xf33</load_address>
         <run_address>0xf33</run_address>
         <size>0xbc</size>
         <input_file_ref idref="fl-a"/>
      </object_component>
      <object_component id="oc-a6">
         <name>.debug_frame</name>
         <load_address>0xfef</load_address>
         <run_address>0xfef</run_address>
         <size>0xaa</size>
         <input_file_ref idref="fl-b"/>
      </object_component>
      <object_component id="oc-ac">
         <name>.debug_frame</name>
         <load_address>0x1099</load_address>
         <run_address>0x1099</run_address>
         <size>0x142</size>
         <input_file_ref idref="fl-c"/>
      </object_component>
      <object_component id="oc-b1">
         <name>.debug_frame</name>
         <load_address>0x11db</load_address>
         <run_address>0x11db</run_address>
         <size>0xd4</size>
         <input_file_ref idref="fl-d"/>
      </object_component>
      <object_component id="oc-bd">
         <name>.debug_frame</name>
         <load_address>0x12af</load_address>
         <run_address>0x12af</run_address>
         <size>0x5af</size>
         <input_file_ref idref="fl-f"/>
      </object_component>
      <object_component id="oc-c2">
         <name>.debug_frame</name>
         <load_address>0x185e</load_address>
         <run_address>0x185e</run_address>
         <size>0x236</size>
         <input_file_ref idref="fl-10"/>
      </object_component>
      <object_component id="oc-c7">
         <name>.debug_frame</name>
         <load_address>0x1a94</load_address>
         <run_address>0x1a94</run_address>
         <size>0x144</size>
         <input_file_ref idref="fl-11"/>
      </object_component>
      <object_component id="oc-cd">
         <name>.debug_frame</name>
         <load_address>0x1bd8</load_address>
         <run_address>0x1bd8</run_address>
         <size>0x257</size>
         <input_file_ref idref="fl-12"/>
      </object_component>
      <object_component id="oc-d2">
         <name>.debug_frame</name>
         <load_address>0x1e2f</load_address>
         <run_address>0x1e2f</run_address>
         <size>0xa7</size>
         <input_file_ref idref="fl-13"/>
      </object_component>
   </object_component_list>
   <logical_group_list>
      <logical_group id="lg-2">
         <name>codestart</name>
         <load_address>0x0</load_address>
         <run_address>0x0</run_address>
         <size>0x2</size>
         <contents>
            <object_component_ref idref="oc-53"/>
         </contents>
      </logical_group>
      <logical_group id="lg-3">
         <name>ramfuncs</name>
         <load_address>0x8232</load_address>
         <run_address>0x8232</run_address>
         <size>0x1f</size>
         <contents>
            <object_component_ref idref="oc-ab"/>
            <object_component_ref idref="oc-b4"/>
         </contents>
      </logical_group>
      <logical_group id="lg-4">
         <name>.text</name>
         <load_address>0x8300</load_address>
         <run_address>0x8300</run_address>
         <size>0x1d6e</size>
         <contents>
            <object_component_ref idref="oc-b8"/>
            <object_component_ref idref="oc-ca"/>
            <object_component_ref idref="oc-5d"/>
            <object_component_ref idref="oc-c5"/>
            <object_component_ref idref="oc-c0"/>
            <object_component_ref idref="oc-a9"/>
            <object_component_ref idref="oc-af"/>
            <object_component_ref idref="oc-4b"/>
            <object_component_ref idref="oc-d0"/>
            <object_component_ref idref="oc-9e"/>
            <object_component_ref idref="oc-a3"/>
            <object_component_ref idref="oc-e4"/>
            <object_component_ref idref="oc-ee"/>
            <object_component_ref idref="oc-da"/>
            <object_component_ref idref="oc-e0"/>
            <object_component_ref idref="oc-99"/>
            <object_component_ref idref="oc-e8"/>
            <object_component_ref idref="oc-52"/>
            <object_component_ref idref="oc-61"/>
            <object_component_ref idref="oc-57"/>
         </contents>
      </logical_group>
      <logical_group id="lg-5">
         <name>.cinit</name>
         <load_address>0x8000</load_address>
         <run_address>0x8000</run_address>
         <size>0x232</size>
         <contents>
            <object_component_ref idref="oc-ba"/>
            <object_component_ref idref="oc-ea"/>
            <object_component_ref idref="oc-dc"/>
         </contents>
      </logical_group>
      <logical_group id="lg-6">
         <name>.pinit</name>
         <run_address>0x0</run_address>
         <size>0x0</size>
         <contents>
         </contents>
      </logical_group>
      <logical_group id="lg-7">
         <name>.switch</name>
         <run_address>0x0</run_address>
         <size>0x0</size>
         <contents>
         </contents>
      </logical_group>
      <logical_group id="lg-8">
         <name>.stack</name>
         <run_address>0x400</run_address>
         <size>0x300</size>
         <contents>
            <object_component_ref idref="oc-d5"/>
            <object_component_ref idref="oc-15b"/>
         </contents>
      </logical_group>
      <logical_group id="lg-9">
         <name>.ebss</name>
         <run_address>0xf400</run_address>
         <size>0x178</size>
         <contents>
            <object_component_ref idref="oc-5c"/>
            <object_component_ref idref="oc-bc"/>
            <object_component_ref idref="oc-cc"/>
            <object_component_ref idref="oc-dd"/>
            <object_component_ref idref="oc-eb"/>
         </contents>
      </logical_group>
      <logical_group id="lg-a">
         <name>.econst</name>
         <load_address>0xf600</load_address>
         <run_address>0xf600</run_address>
         <size>0x22f</size>
         <contents>
            <object_component_ref idref="oc-a5"/>
            <object_component_ref idref="oc-100"/>
            <object_component_ref idref="oc-103"/>
            <object_component_ref idref="oc-f2"/>
            <object_component_ref idref="oc-f3"/>
            <object_component_ref idref="oc-f4"/>
            <object_component_ref idref="oc-108"/>
            <object_component_ref idref="oc-105"/>
            <object_component_ref idref="oc-ff"/>
            <object_component_ref idref="oc-fb"/>
            <object_component_ref idref="oc-f6"/>
            <object_component_ref idref="oc-fc"/>
            <object_component_ref idref="oc-106"/>
            <object_component_ref idref="oc-107"/>
            <object_component_ref idref="oc-f8"/>
            <object_component_ref idref="oc-101"/>
            <object_component_ref idref="oc-102"/>
            <object_component_ref idref="oc-104"/>
            <object_component_ref idref="oc-f5"/>
            <object_component_ref idref="oc-f7"/>
            <object_component_ref idref="oc-f9"/>
            <object_component_ref idref="oc-fa"/>
            <object_component_ref idref="oc-fd"/>
            <object_component_ref idref="oc-fe"/>
         </contents>
      </logical_group>
      <logical_group id="lg-b">
         <name>.esysmem</name>
         <run_address>0x0</run_address>
         <size>0x0</size>
         <contents>
         </contents>
      </logical_group>
      <logical_group id="lg-c">
         <name>IQmath</name>
         <run_address>0x0</run_address>
         <size>0x0</size>
         <contents>
         </contents>
      </logical_group>
      <logical_group id="lg-d">
         <name>IQmathTables</name>
         <run_address>0x0</run_address>
         <size>0x0</size>
         <contents>
         </contents>
      </logical_group>
      <logical_group id="lg-e">
         <name>FPUmathTables</name>
         <run_address>0x0</run_address>
         <size>0x0</size>
         <contents>
         </contents>
      </logical_group>
      <logical_group id="lg-f">
         <name>DMARAML4</name>
         <run_address>0x0</run_address>
         <size>0x0</size>
         <contents>
         </contents>
      </logical_group>
      <logical_group id="lg-10">
         <name>DMARAML5</name>
         <run_address>0x0</run_address>
         <size>0x0</size>
         <contents>
         </contents>
      </logical_group>
      <logical_group id="lg-11">
         <name>DMARAML6</name>
         <run_address>0x0</run_address>
         <size>0x0</size>
         <contents>
         </contents>
      </logical_group>
      <logical_group id="lg-12">
         <name>DMARAML7</name>
         <run_address>0x0</run_address>
         <size>0x0</size>
         <contents>
         </contents>
      </logical_group>
      <logical_group id="lg-13">
         <name>ZONE7DATA</name>
         <run_address>0x20fc00</run_address>
         <size>0x3510</size>
         <contents>
            <object_component_ref idref="oc-bb"/>
         </contents>
      </logical_group>
      <logical_group id="lg-14">
         <name>ZONE6DATA</name>
         <run_address>0x0</run_address>
         <size>0x0</size>
         <contents>
         </contents>
      </logical_group>
      <logical_group id="lg-15">
         <name>.reset</name>
         <load_address>0x3fffc0</load_address>
         <run_address>0x3fffc0</run_address>
         <size>0x2</size>
         <contents>
            <object_component_ref idref="oc-d6"/>
         </contents>
      </logical_group>
      <logical_group id="lg-16">
         <name>csm_rsvd</name>
         <load_address>0x33ff80</load_address>
         <run_address>0x33ff80</run_address>
         <size>0x76</size>
         <contents>
            <object_component_ref idref="oc-51"/>
         </contents>
      </logical_group>
      <logical_group id="lg-17">
         <name>csmpasswds</name>
         <load_address>0x33fff8</load_address>
         <run_address>0x33fff8</run_address>
         <size>0x8</size>
         <contents>
            <object_component_ref idref="oc-50"/>
         </contents>
      </logical_group>
      <logical_group id="lg-18">
         <name>.adc_cal</name>
         <load_address>0x380080</load_address>
         <run_address>0x380080</run_address>
         <size>0x7</size>
         <contents>
            <object_component_ref idref="oc-4c"/>
         </contents>
      </logical_group>
      <logical_group id="lg-19">
         <name>PieVectTableFile</name>
         <run_address>0xd00</run_address>
         <size>0x100</size>
         <contents>
            <object_component_ref idref="oc-97"/>
         </contents>
      </logical_group>
      <logical_group id="lg-1a">
         <name>DevEmuRegsFile</name>
         <run_address>0x880</run_address>
         <size>0xd0</size>
         <contents>
            <object_component_ref idref="oc-93"/>
         </contents>
      </logical_group>
      <logical_group id="lg-1b">
         <name>FlashRegsFile</name>
         <run_address>0xa80</run_address>
         <size>0x8</size>
         <contents>
            <object_component_ref idref="oc-69"/>
         </contents>
      </logical_group>
      <logical_group id="lg-1c">
         <name>CsmRegsFile</name>
         <run_address>0xae0</run_address>
         <size>0x10</size>
         <contents>
            <object_component_ref idref="oc-71"/>
         </contents>
      </logical_group>
      <logical_group id="lg-1d">
         <name>AdcMirrorFile</name>
         <run_address>0xb00</run_address>
         <size>0x10</size>
         <contents>
            <object_component_ref idref="oc-72"/>
         </contents>
      </logical_group>
      <logical_group id="lg-1e">
         <name>XintfRegsFile</name>
         <run_address>0xb20</run_address>
         <size>0x1e</size>
         <contents>
            <object_component_ref idref="oc-76"/>
         </contents>
      </logical_group>
      <logical_group id="lg-1f">
         <name>CpuTimer0RegsFile</name>
         <run_address>0xc00</run_address>
         <size>0x8</size>
         <contents>
            <object_component_ref idref="oc-6a"/>
         </contents>
      </logical_group>
      <logical_group id="lg-20">
         <name>CpuTimer1RegsFile</name>
         <run_address>0xc08</run_address>
         <size>0x8</size>
         <contents>
            <object_component_ref idref="oc-6b"/>
         </contents>
      </logical_group>
      <logical_group id="lg-21">
         <name>CpuTimer2RegsFile</name>
         <run_address>0xc10</run_address>
         <size>0x8</size>
         <contents>
            <object_component_ref idref="oc-67"/>
         </contents>
      </logical_group>
      <logical_group id="lg-22">
         <name>PieCtrlRegsFile</name>
         <run_address>0xce0</run_address>
         <size>0x1a</size>
         <contents>
            <object_component_ref idref="oc-74"/>
         </contents>
      </logical_group>
      <logical_group id="lg-23">
         <name>DmaRegsFile</name>
         <run_address>0x1000</run_address>
         <size>0xe0</size>
         <contents>
            <object_component_ref idref="oc-94"/>
         </contents>
      </logical_group>
      <logical_group id="lg-24">
         <name>McbspaRegsFile</name>
         <run_address>0x5000</run_address>
         <size>0x25</size>
         <contents>
            <object_component_ref idref="oc-87"/>
         </contents>
      </logical_group>
      <logical_group id="lg-25">
         <name>McbspbRegsFile</name>
         <run_address>0x5040</run_address>
         <size>0x25</size>
         <contents>
            <object_component_ref idref="oc-86"/>
         </contents>
      </logical_group>
      <logical_group id="lg-26">
         <name>ECanaRegsFile</name>
         <run_address>0x6000</run_address>
         <size>0x34</size>
         <contents>
            <object_component_ref idref="oc-89"/>
         </contents>
      </logical_group>
      <logical_group id="lg-27">
         <name>ECanaLAMRegsFile</name>
         <run_address>0x6040</run_address>
         <size>0x40</size>
         <contents>
            <object_component_ref idref="oc-8d"/>
         </contents>
      </logical_group>
      <logical_group id="lg-28">
         <name>ECanaMboxesFile</name>
         <run_address>0x6100</run_address>
         <size>0x100</size>
         <contents>
            <object_component_ref idref="oc-96"/>
         </contents>
      </logical_group>
      <logical_group id="lg-29">
         <name>ECanaMOTSRegsFile</name>
         <run_address>0x6080</run_address>
         <size>0x40</size>
         <contents>
            <object_component_ref idref="oc-8e"/>
         </contents>
      </logical_group>
      <logical_group id="lg-2a">
         <name>ECanaMOTORegsFile</name>
         <run_address>0x60c0</run_address>
         <size>0x40</size>
         <contents>
            <object_component_ref idref="oc-8b"/>
         </contents>
      </logical_group>
      <logical_group id="lg-2b">
         <name>ECanbRegsFile</name>
         <run_address>0x6200</run_address>
         <size>0x34</size>
         <contents>
            <object_component_ref idref="oc-8a"/>
         </contents>
      </logical_group>
      <logical_group id="lg-2c">
         <name>ECanbLAMRegsFile</name>
         <run_address>0x6240</run_address>
         <size>0x40</size>
         <contents>
            <object_component_ref idref="oc-92"/>
         </contents>
      </logical_group>
      <logical_group id="lg-2d">
         <name>ECanbMboxesFile</name>
         <run_address>0x6300</run_address>
         <size>0x100</size>
         <contents>
            <object_component_ref idref="oc-95"/>
         </contents>
      </logical_group>
      <logical_group id="lg-2e">
         <name>ECanbMOTSRegsFile</name>
         <run_address>0x6280</run_address>
         <size>0x40</size>
         <contents>
            <object_component_ref idref="oc-8c"/>
         </contents>
      </logical_group>
      <logical_group id="lg-2f">
         <name>ECanbMOTORegsFile</name>
         <run_address>0x62c0</run_address>
         <size>0x40</size>
         <contents>
            <object_component_ref idref="oc-8f"/>
         </contents>
      </logical_group>
      <logical_group id="lg-30">
         <name>EPwm1RegsFile</name>
         <run_address>0x6800</run_address>
         <size>0x22</size>
         <contents>
            <object_component_ref idref="oc-84"/>
         </contents>
      </logical_group>
      <logical_group id="lg-31">
         <name>EPwm2RegsFile</name>
         <run_address>0x6840</run_address>
         <size>0x22</size>
         <contents>
            <object_component_ref idref="oc-7f"/>
         </contents>
      </logical_group>
      <logical_group id="lg-32">
         <name>EPwm3RegsFile</name>
         <run_address>0x6880</run_address>
         <size>0x22</size>
         <contents>
            <object_component_ref idref="oc-80"/>
         </contents>
      </logical_group>
      <logical_group id="lg-33">
         <name>EPwm4RegsFile</name>
         <run_address>0x68c0</run_address>
         <size>0x22</size>
         <contents>
            <object_component_ref idref="oc-85"/>
         </contents>
      </logical_group>
      <logical_group id="lg-34">
         <name>EPwm5RegsFile</name>
         <run_address>0x6900</run_address>
         <size>0x22</size>
         <contents>
            <object_component_ref idref="oc-82"/>
         </contents>
      </logical_group>
      <logical_group id="lg-35">
         <name>EPwm6RegsFile</name>
         <run_address>0x6940</run_address>
         <size>0x22</size>
         <contents>
            <object_component_ref idref="oc-83"/>
         </contents>
      </logical_group>
      <logical_group id="lg-36">
         <name>ECap1RegsFile</name>
         <run_address>0x6a00</run_address>
         <size>0x20</size>
         <contents>
            <object_component_ref idref="oc-79"/>
         </contents>
      </logical_group>
      <logical_group id="lg-37">
         <name>ECap2RegsFile</name>
         <run_address>0x6a20</run_address>
         <size>0x20</size>
         <contents>
            <object_component_ref idref="oc-7a"/>
         </contents>
      </logical_group>
      <logical_group id="lg-38">
         <name>ECap3RegsFile</name>
         <run_address>0x6a40</run_address>
         <size>0x20</size>
         <contents>
            <object_component_ref idref="oc-77"/>
         </contents>
      </logical_group>
      <logical_group id="lg-39">
         <name>ECap4RegsFile</name>
         <run_address>0x6a60</run_address>
         <size>0x20</size>
         <contents>
            <object_component_ref idref="oc-78"/>
         </contents>
      </logical_group>
      <logical_group id="lg-3a">
         <name>ECap5RegsFile</name>
         <run_address>0x6a80</run_address>
         <size>0x20</size>
         <contents>
            <object_component_ref idref="oc-7d"/>
         </contents>
      </logical_group>
      <logical_group id="lg-3b">
         <name>ECap6RegsFile</name>
         <run_address>0x6aa0</run_address>
         <size>0x20</size>
         <contents>
            <object_component_ref idref="oc-7e"/>
         </contents>
      </logical_group>
      <logical_group id="lg-3c">
         <name>EQep1RegsFile</name>
         <run_address>0x6b00</run_address>
         <size>0x40</size>
         <contents>
            <object_component_ref idref="oc-90"/>
         </contents>
      </logical_group>
      <logical_group id="lg-3d">
         <name>EQep2RegsFile</name>
         <run_address>0x6b40</run_address>
         <size>0x40</size>
         <contents>
            <object_component_ref idref="oc-91"/>
         </contents>
      </logical_group>
      <logical_group id="lg-3e">
         <name>GpioCtrlRegsFile</name>
         <run_address>0x6f80</run_address>
         <size>0x2e</size>
         <contents>
            <object_component_ref idref="oc-88"/>
         </contents>
      </logical_group>
      <logical_group id="lg-3f">
         <name>GpioDataRegsFile</name>
         <run_address>0x6fc0</run_address>
         <size>0x20</size>
         <contents>
            <object_component_ref idref="oc-7b"/>
         </contents>
      </logical_group>
      <logical_group id="lg-40">
         <name>GpioIntRegsFile</name>
         <run_address>0x6fe0</run_address>
         <size>0xa</size>
         <contents>
            <object_component_ref idref="oc-6c"/>
         </contents>
      </logical_group>
      <logical_group id="lg-41">
         <name>SysCtrlRegsFile</name>
         <run_address>0x7010</run_address>
         <size>0x20</size>
         <contents>
            <object_component_ref idref="oc-7c"/>
         </contents>
      </logical_group>
      <logical_group id="lg-42">
         <name>SpiaRegsFile</name>
         <run_address>0x7040</run_address>
         <size>0x10</size>
         <contents>
            <object_component_ref idref="oc-6d"/>
         </contents>
      </logical_group>
      <logical_group id="lg-43">
         <name>SciaRegsFile</name>
         <run_address>0x7050</run_address>
         <size>0x10</size>
         <contents>
            <object_component_ref idref="oc-70"/>
         </contents>
      </logical_group>
      <logical_group id="lg-44">
         <name>XIntruptRegsFile</name>
         <run_address>0x7070</run_address>
         <size>0x10</size>
         <contents>
            <object_component_ref idref="oc-73"/>
         </contents>
      </logical_group>
      <logical_group id="lg-45">
         <name>AdcRegsFile</name>
         <run_address>0x7100</run_address>
         <size>0x1e</size>
         <contents>
            <object_component_ref idref="oc-75"/>
         </contents>
      </logical_group>
      <logical_group id="lg-46">
         <name>ScibRegsFile</name>
         <run_address>0x7750</run_address>
         <size>0x10</size>
         <contents>
            <object_component_ref idref="oc-6e"/>
         </contents>
      </logical_group>
      <logical_group id="lg-47">
         <name>ScicRegsFile</name>
         <run_address>0x7770</run_address>
         <size>0x10</size>
         <contents>
            <object_component_ref idref="oc-6f"/>
         </contents>
      </logical_group>
      <logical_group id="lg-48">
         <name>I2caRegsFile</name>
         <run_address>0x7900</run_address>
         <size>0x22</size>
         <contents>
            <object_component_ref idref="oc-81"/>
         </contents>
      </logical_group>
      <logical_group id="lg-49">
         <name>CsmPwlFile</name>
         <run_address>0x33fff8</run_address>
         <size>0x8</size>
         <contents>
            <object_component_ref idref="oc-68"/>
         </contents>
      </logical_group>
      <logical_group id="lg-4a">
         <name>PartIdRegsFile</name>
         <run_address>0x380090</run_address>
         <size>0x1</size>
         <contents>
            <object_component_ref idref="oc-66"/>
         </contents>
      </logical_group>
      <logical_group id="lg-152">
         <name>.debug_info</name>
         <load_address>0x0</load_address>
         <run_address>0x0</run_address>
         <size>0x321bf</size>
         <contents>
            <object_component_ref idref="oc-4d"/>
            <object_component_ref idref="oc-54"/>
            <object_component_ref idref="oc-58"/>
            <object_component_ref idref="oc-5b"/>
            <object_component_ref idref="oc-62"/>
            <object_component_ref idref="oc-65"/>
            <object_component_ref idref="oc-9a"/>
            <object_component_ref idref="oc-9f"/>
            <object_component_ref idref="oc-a4"/>
            <object_component_ref idref="oc-aa"/>
            <object_component_ref idref="oc-b0"/>
            <object_component_ref idref="oc-b5"/>
            <object_component_ref idref="oc-b9"/>
            <object_component_ref idref="oc-c1"/>
            <object_component_ref idref="oc-c6"/>
            <object_component_ref idref="oc-cb"/>
            <object_component_ref idref="oc-d1"/>
            <object_component_ref idref="oc-d7"/>
            <object_component_ref idref="oc-db"/>
            <object_component_ref idref="oc-e1"/>
            <object_component_ref idref="oc-e5"/>
            <object_component_ref idref="oc-e9"/>
            <object_component_ref idref="oc-ef"/>
            <object_component_ref idref="oc-15c"/>
         </contents>
      </logical_group>
      <logical_group id="lg-154">
         <name>.debug_line</name>
         <load_address>0x0</load_address>
         <run_address>0x0</run_address>
         <size>0x22e0</size>
         <contents>
            <object_component_ref idref="oc-4e"/>
            <object_component_ref idref="oc-55"/>
            <object_component_ref idref="oc-59"/>
            <object_component_ref idref="oc-5f"/>
            <object_component_ref idref="oc-63"/>
            <object_component_ref idref="oc-9c"/>
            <object_component_ref idref="oc-a1"/>
            <object_component_ref idref="oc-a7"/>
            <object_component_ref idref="oc-ad"/>
            <object_component_ref idref="oc-b2"/>
            <object_component_ref idref="oc-b6"/>
            <object_component_ref idref="oc-be"/>
            <object_component_ref idref="oc-c3"/>
            <object_component_ref idref="oc-c8"/>
            <object_component_ref idref="oc-ce"/>
            <object_component_ref idref="oc-d3"/>
            <object_component_ref idref="oc-d8"/>
            <object_component_ref idref="oc-de"/>
            <object_component_ref idref="oc-e2"/>
            <object_component_ref idref="oc-e6"/>
            <object_component_ref idref="oc-ec"/>
            <object_component_ref idref="oc-f0"/>
         </contents>
      </logical_group>
      <logical_group id="lg-156">
         <name>.debug_abbrev</name>
         <load_address>0x0</load_address>
         <run_address>0x0</run_address>
         <size>0x12c3</size>
         <contents>
            <object_component_ref idref="oc-4f"/>
            <object_component_ref idref="oc-56"/>
            <object_component_ref idref="oc-5a"/>
            <object_component_ref idref="oc-60"/>
            <object_component_ref idref="oc-64"/>
            <object_component_ref idref="oc-98"/>
            <object_component_ref idref="oc-9d"/>
            <object_component_ref idref="oc-a2"/>
            <object_component_ref idref="oc-a8"/>
            <object_component_ref idref="oc-ae"/>
[...]
         <object_component_ref idref="oc-bb"/>
      </symbol>
      <symbol id="sm-45e">
         <name>_SCIA_Tx_Message</name>
         <value>0x20fc32</value>
         <object_component_ref idref="oc-bb"/>
      </symbol>
      <symbol id="sm-45f">
         <name>_AbsX_Encoder5_ADD</name>
         <value>0xf4c8</value>
         <object_component_ref idref="oc-bc"/>
      </symbol>
      <symbol id="sm-460">
         <name>_AbsB_Encoder8_ADD</name>
         <value>0xf48e</value>
         <object_component_ref idref="oc-bc"/>
      </symbol>
      <symbol id="sm-461">
         <name>_AbsT_Encoder3_ADD</name>
         <value>0xf46a</value>
         <object_component_ref idref="oc-bc"/>
      </symbol>
      <symbol id="sm-462">
         <name>_AbsZ_Encoder4_ADD</name>
         <value>0xf440</value>
         <object_component_ref idref="oc-bc"/>
      </symbol>
      <symbol id="sm-463">
         <name>_Robot_Run_Reg</name>
         <value>0x20fc4b</value>
         <object_component_ref idref="oc-bb"/>
      </symbol>
      <symbol id="sm-464">
         <name>_User_Range</name>
         <value>0x20fc0c</value>
         <object_component_ref idref="oc-bb"/>
      </symbol>
      <symbol id="sm-465">
         <name>_FreqZ_ADD</name>
         <value>0xf432</value>
         <object_component_ref idref="oc-bc"/>
      </symbol>
      <symbol id="sm-466">
         <name>_Get_Check_Num</name>
         <value>0x8475</value>
         <object_component_ref idref="oc-b8"/>
      </symbol>
      <symbol id="sm-467">
         <name>_AbsB_Encoder2_ADD</name>
         <value>0xf494</value>
         <object_component_ref idref="oc-bc"/>
      </symbol>
      <symbol id="sm-468">
         <name>_DirY_ADD</name>
         <value>0xf4c0</value>
         <object_component_ref idref="oc-bc"/>
      </symbol>
      <symbol id="sm-469">
         <name>_Answer_Flag</name>
         <value>0x20fc01</value>
         <object_component_ref idref="oc-bb"/>
      </symbol>
      <symbol id="sm-46a">
         <name>_AbsY_Encoder1_ADD</name>
         <value>0xf4b4</value>
         <object_component_ref idref="oc-bc"/>
      </symbol>
      <symbol id="sm-46b">
         <name>_Encoder_X_Origin</name>
         <value>0x20fc1c</value>
         <object_component_ref idref="oc-bb"/>
      </symbol>
      <symbol id="sm-46c">
         <name>_Encoder_R_Origin</name>
         <value>0x20fc20</value>
         <object_component_ref idref="oc-bb"/>
      </symbol>
      <symbol id="sm-46d">
         <name>_Execute_Flag</name>
         <value>0x20fc00</value>
         <object_component_ref idref="oc-bb"/>
      </symbol>
      <symbol id="sm-46e">
         <name>_Auxiliary_Fun</name>
         <value>0x20fc04</value>
         <object_component_ref idref="oc-bb"/>
      </symbol>
      <symbol id="sm-46f">
         <name>_NumY_ADD</name>
         <value>0xf4ba</value>
         <object_component_ref idref="oc-bc"/>
      </symbol>
      <symbol id="sm-470">
         <name>_Num_Num</name>
         <value>0x20fc02</value>
         <object_component_ref idref="oc-bb"/>
      </symbol>
      <symbol id="sm-471">
         <name>_AbsX_Encoder6_ADD</name>
         <value>0xf4d6</value>
         <object_component_ref idref="oc-bc"/>
      </symbol>
      <symbol id="sm-472">
         <name>_AbsR_Encoder3_ADD</name>
         <value>0xf416</value>
         <object_component_ref idref="oc-bc"/>
      </symbol>
      <symbol id="sm-473">
         <name>_AbsZ_Encoder7_ADD</name>
         <value>0xf40a</value>
         <object_component_ref idref="oc-bc"/>
      </symbol>
      <symbol id="sm-474">
         <name>_BJ456</name>
         <value>0xf4a4</value>
         <object_component_ref idref="oc-bc"/>
      </symbol>
      <symbol id="sm-475">
         <name>_Motor_R_AbsReset_Set</name>
         <value>0x8d4a</value>
         <object_component_ref idref="oc-b8"/>
      </symbol>
      <symbol id="sm-476">
         <name>_Check_Int_To_Char</name>
         <value>0x84c2</value>
         <object_component_ref idref="oc-b8"/>
      </symbol>
      <symbol id="sm-477">
         <name>_NumX_ADD1</name>
         <value>0xf49e</value>
         <object_component_ref idref="oc-bc"/>
      </symbol>
      <symbol id="sm-478">
         <name>_NumY_ADD1</name>
         <value>0xf4be</value>
         <object_component_ref idref="oc-bc"/>
      </symbol>
      <symbol id="sm-479">
         <name>_NumZ_ADD1</name>
         <value>0xf43a</value>
         <object_component_ref idref="oc-bc"/>
      </symbol>
      <symbol id="sm-47a">
         <name>_Motor_Z_Set</name>
         <value>0x85a5</value>
         <object_component_ref idref="oc-b8"/>
      </symbol>
      <symbol id="sm-47b">
         <name>_NumT_ADD1</name>
         <value>0xf45c</value>
         <object_component_ref idref="oc-bc"/>
      </symbol>
      <symbol id="sm-47c">
         <name>_DirX_ADD</name>
         <value>0xf4b0</value>
         <object_component_ref idref="oc-bc"/>
      </symbol>
      <symbol id="sm-47d">
         <name>_NumR_ADD1</name>
         <value>0xf400</value>
         <object_component_ref idref="oc-bc"/>
      </symbol>
      <symbol id="sm-47e">
         <name>_AbsY_Encoder2_ADD</name>
         <value>0xf422</value>
         <object_component_ref idref="oc-bc"/>
      </symbol>
      <symbol id="sm-47f">
         <name>_PulsY_Warn_ADD</name>
         <value>0xf4c2</value>
         <object_component_ref idref="oc-bc"/>
      </symbol>
      <symbol id="sm-480">
         <name>_Motor_Y_Abs_Read</name>
         <value>0x8790</value>
         <object_component_ref idref="oc-b8"/>
      </symbol>
      <symbol id="sm-481">
         <name>_Motor_Y_AbsReset_Set</name>
         <value>0x8d30</value>
         <object_component_ref idref="oc-b8"/>
      </symbol>
      <symbol id="sm-482">
         <name>_NumB_ADD1</name>
         <value>0xf474</value>
         <object_component_ref idref="oc-bc"/>
      </symbol>
      <symbol id="sm-483">
         <name>_NumX_ADD</name>
         <value>0xf49c</value>
         <object_component_ref idref="oc-bc"/>
      </symbol>
      <symbol id="sm-484">
         <name>_Speed_Percent_Str</name>
         <value>0x20fc14</value>
         <object_component_ref idref="oc-bb"/>
      </symbol>
      <symbol id="sm-485">
         <name>_Cmd_Tx_Long</name>
         <value>0x20fc05</value>
         <object_component_ref idref="oc-bb"/>
      </symbol>
      <symbol id="sm-486">
         <name>_AbsB_Reset_ADD</name>
         <value>0xf492</value>
         <object_component_ref idref="oc-bc"/>
      </symbol>
      <symbol id="sm-487">
         <name>_AbsX_Encoder7_ADD</name>
         <value>0xf4d4</value>
         <object_component_ref idref="oc-bc"/>
      </symbol>
      <symbol id="sm-488">
         <name>_AbsT_Encoder1_ADD</name>
         <value>0xf456</value>
         <object_component_ref idref="oc-bc"/>
      </symbol>
      <symbol id="sm-489">
         <name>_AbsR_Encoder2_ADD</name>
         <value>0xf426</value>
         <object_component_ref idref="oc-bc"/>
      </symbol>
      <symbol id="sm-48a">
         <name>_AbsZ_Encoder6_ADD</name>
         <value>0xf40c</value>
         <object_component_ref idref="oc-bc"/>
      </symbol>
      <symbol id="sm-48b">
         <name>_Delay_ms</name>
         <value>0x8db5</value>
         <object_component_ref idref="oc-b8"/>
      </symbol>
      <symbol id="sm-48c">
         <name>_FreqT_ADD</name>
         <value>0xf48c</value>
         <object_component_ref idref="oc-bc"/>
      </symbol>
      <symbol id="sm-48d">
         <name>_SCIA_Tx</name>
         <value>0x8519</value>
         <object_component_ref idref="oc-b8"/>
      </symbol>
      <symbol id="sm-48e">
         <name>_Motor_Y_Set</name>
         <value>0x8586</value>
         <object_component_ref idref="oc-b8"/>
      </symbol>
      <symbol id="sm-48f">
         <name>_Encoder_Y_Origin</name>
         <value>0x20fc18</value>
         <object_component_ref idref="oc-bb"/>
      </symbol>
      <symbol id="sm-490">
         <name>_Now_Point</name>
         <value>0x20fc56</value>
         <object_component_ref idref="oc-bb"/>
      </symbol>
      <symbol id="sm-491">
         <name>_AbsY_Encoder3_ADD</name>
         <value>0xf43c</value>
         <object_component_ref idref="oc-bc"/>
      </symbol>
      <symbol id="sm-492">
         <name>_SCIC_Tx_Message</name>
         <value>0x20fc40</value>
         <object_component_ref idref="oc-bb"/>
      </symbol>
      <symbol id="sm-493">
         <name>_User_Range_Str</name>
         <value>0x20fd40</value>
         <object_component_ref idref="oc-bb"/>
      </symbol>
      <symbol id="sm-494">
         <name>_delay_loop</name>
         <value>0x8d82</value>
         <object_component_ref idref="oc-b8"/>
      </symbol>
      <symbol id="sm-495">
         <name>_SCI_CMD_Message1</name>
         <value>0xf500</value>
         <object_component_ref idref="oc-bc"/>
      </symbol>
      <symbol id="sm-496">
         <name>_Robot_DH_Str</name>
         <value>0x20fd00</value>
         <object_component_ref idref="oc-bb"/>
      </symbol>
      <symbol id="sm-497">
         <name>_PulsT_Bias_ADD</name>
         <value>0xf44e</value>
         <object_component_ref idref="oc-bc"/>
      </symbol>
      <symbol id="sm-498">
         <name>_PulsR_Bias_ADD</name>
         <value>0xf420</value>
         <object_component_ref idref="oc-bc"/>
      </symbol>
      <symbol id="sm-499">
         <name>_PulsX_Bias_ADD</name>
         <value>0xf4a6</value>
         <object_component_ref idref="oc-bc"/>
      </symbol>
      <symbol id="sm-49a">
         <name>_PulsZ_Bias_ADD</name>
         <value>0xf42c</value>
         <object_component_ref idref="oc-bc"/>
      </symbol>
      <symbol id="sm-49b">
         <name>_PulsB_Bias_ADD</name>
         <value>0xf478</value>
         <object_component_ref idref="oc-bc"/>
      </symbol>
      <symbol id="sm-49c">
         <name>_RAMCS</name>
         <value>0x20fc28</value>
         <object_component_ref idref="oc-bb"/>
      </symbol>
      <symbol id="sm-49d">
         <name>_AbsZ_Reset_ADD</name>
         <value>0xf430</value>
         <object_component_ref idref="oc-bc"/>
      </symbol>
      <symbol id="sm-49e">
         <name>_Motor_Run_points</name>
         <value>0x20fcda</value>
         <object_component_ref idref="oc-bb"/>
      </symbol>
      <symbol id="sm-49f">
         <name>_Motor_B_AbsReset_Set</name>
         <value>0x8d57</value>
         <object_component_ref idref="oc-b8"/>
      </symbol>
      <symbol id="sm-4d5">
         <name>_w25q256_set_4addr</name>
         <value>0x9c24</value>
         <object_component_ref idref="oc-c0"/>
      </symbol>
      <symbol id="sm-4d6">
         <name>_w25q256_read_reg2</name>
         <value>0x9c02</value>
         <object_component_ref idref="oc-c0"/>
      </symbol>
      <symbol id="sm-4d7">
         <name>_w25q256_read_reg3</name>
         <value>0x9c13</value>
         <object_component_ref idref="oc-c0"/>
      </symbol>
      <symbol id="sm-4d8">
         <name>_w25q256_read_reg1</name>
         <value>0x9bf1</value>
         <object_component_ref idref="oc-c0"/>
      </symbol>
      <symbol id="sm-4d9">
         <name>_w25q256_init</name>
         <value>0x9c30</value>
         <object_component_ref idref="oc-c0"/>
      </symbol>
      <symbol id="sm-4da">
         <name>_w25q256_write</name>
         <value>0x9d0e</value>
         <object_component_ref idref="oc-c0"/>
      </symbol>
      <symbol id="sm-4db">
         <name>_w25q256_reset</name>
         <value>0x9bdf</value>
         <object_component_ref idref="oc-c0"/>
      </symbol>
      <symbol id="sm-4dc">
         <name>_w25q256_erase_chip</name>
         <value>0x9c85</value>
         <object_component_ref idref="oc-c0"/>
      </symbol>
      <symbol id="sm-4dd">
         <name>_w25q256_erase_sector</name>
         <value>0x9ca1</value>
         <object_component_ref idref="oc-c0"/>
      </symbol>
      <symbol id="sm-4de">
         <name>_w25q256_test_busy</name>
         <value>0x9c72</value>
         <object_component_ref idref="oc-c0"/>
      </symbol>
      <symbol id="sm-4df">
         <name>_Spi_Rece</name>
         <value>0x9bd1</value>
         <object_component_ref idref="oc-c0"/>
      </symbol>
      <symbol id="sm-4e0">
         <name>_w25q256_readid</name>
         <value>0x9c3c</value>
         <object_component_ref idref="oc-c0"/>
      </symbol>
      <symbol id="sm-4e1">
         <name>_w25q256_read</name>
         <value>0x9cd2</value>
         <object_component_ref idref="oc-c0"/>
      </symbol>
      <symbol id="sm-4e2">
         <name>_w25q256_write_enable</name>
         <value>0x9c66</value>
         <object_component_ref idref="oc-c0"/>
      </symbol>
      <symbol id="sm-4e3">
         <name>_Spi_Send</name>
         <value>0x9bc2</value>
         <object_component_ref idref="oc-c0"/>
      </symbol>
      <symbol id="sm-54b">
         <name>_SCI_Command_Execute</name>
         <value>0x9972</value>
         <object_component_ref idref="oc-c5"/>
      </symbol>
      <symbol id="sm-54c">
         <name>_Connection_Test</name>
         <value>0x9baa</value>
         <object_component_ref idref="oc-c5"/>
      </symbol>
      <symbol id="sm-54d">
         <name>_SCIA_Command_Execute</name>
         <value>0x9af4</value>
         <object_component_ref idref="oc-c5"/>
      </symbol>
      <symbol id="sm-54e">
         <name>_Information_Flash_Erase</name>
         <value>0x9b90</value>
         <object_component_ref idref="oc-c5"/>
      </symbol>
      <symbol id="sm-54f">
         <name>_SCI_RX_Message_Process</name>
         <value>0x988d</value>
         <object_component_ref idref="oc-c5"/>
      </symbol>
      <symbol id="sm-550">
         <name>_SCIA_RX_Message_Process</name>
         <value>0x9a0e</value>
         <object_component_ref idref="oc-c5"/>
      </symbol>
      <symbol id="sm-5ed">
         <name>_FLASH_R</name>
         <value>0x8fb4</value>
         <object_component_ref idref="oc-ca"/>
      </symbol>
      <symbol id="sm-5ee">
         <name>_FLASH_Q</name>
         <value>0x8f47</value>
         <object_component_ref idref="oc-ca"/>
      </symbol>
      <symbol id="sm-5ef">
         <name>_FLASH_W</name>
         <value>0x8f79</value>
         <object_component_ref idref="oc-ca"/>
      </symbol>
      <symbol id="sm-5f0">
         <name>_GPIO_I</name>
         <value>0x8e50</value>
         <object_component_ref idref="oc-ca"/>
      </symbol>
      <symbol id="sm-5f1">
         <name>_GPIO_O</name>
         <value>0x8e04</value>
         <object_component_ref idref="oc-ca"/>
      </symbol>
      <symbol id="sm-5f2">
         <name>_A_R</name>
         <value>0x93b7</value>
         <object_component_ref idref="oc-ca"/>
      </symbol>
      <symbol id="sm-5f3">
         <name>_BMQ_R</name>
         <value>0x9370</value>
         <object_component_ref idref="oc-ca"/>
      </symbol>
      <symbol id="sm-5f4">
         <name>_BMQ_QL</name>
         <value>0x9297</value>
         <object_component_ref idref="oc-ca"/>
      </symbol>
      <symbol id="sm-5f5">
         <name>_CPU_LED</name>
         <value>0x8dcf</value>
         <object_component_ref idref="oc-ca"/>
      </symbol>
      <symbol id="sm-5f6">
         <name>_DJ_KZ</name>
         <value>0x90ea</value>
         <object_component_ref idref="oc-ca"/>
      </symbol>
      <symbol id="sm-5f7">
         <name>_C_R</name>
         <value>0x93a5</value>
         <object_component_ref idref="oc-ca"/>
      </symbol>
      <symbol id="sm-5f8">
         <name>_SF_SG</name>
         <value>0x9019</value>
         <object_component_ref idref="oc-ca"/>
      </symbol>
      <symbol id="sm-5f9">
         <name>_CGQ_ZT</name>
         <value>0x905a</value>
         <object_component_ref idref="oc-ca"/>
      </symbol>
      <symbol id="sm-5fa">
         <name>_RAM_WR</name>
         <value>0x8ee3</value>
         <object_component_ref idref="oc-ca"/>
      </symbol>
      <symbol id="sm-5fb">
         <name>_i</name>
         <value>0xf56d</value>
         <object_component_ref idref="oc-cc"/>
      </symbol>
      <symbol id="sm-5fc">
         <name>_QDQ_BJ</name>
         <value>0x92eb</value>
         <object_component_ref idref="oc-ca"/>
      </symbol>
      <symbol id="sm-610">
         <name>_main</name>
         <value>0x9f62</value>
         <object_component_ref idref="oc-d0"/>
      </symbol>
      <symbol id="sm-61c">
         <name>_c_int00</name>
         <value>0x9f1c</value>
         <object_component_ref idref="oc-4b"/>
      </symbol>
      <symbol id="sm-61d">
         <name>__stack</name>
         <value>0x400</value>
         <object_component_ref idref="oc-d5"/>
      </symbol>
      <symbol id="sm-62b">
         <name>C$$EXIT</name>
         <value>0xa00d</value>
         <object_component_ref idref="oc-da"/>
      </symbol>
      <symbol id="sm-62c">
         <name>_exit</name>
         <value>0xa00f</value>
         <object_component_ref idref="oc-da"/>
      </symbol>
      <symbol id="sm-62d">
         <name>_abort</name>
         <value>0xa00d</value>
         <object_component_ref idref="oc-da"/>
      </symbol>
      <symbol id="sm-62e">
         <name>__cleanup_ptr</name>
         <value>0xf572</value>
         <object_component_ref idref="oc-dd"/>
      </symbol>
      <symbol id="sm-62f">
         <name>__dtors_ptr</name>
         <value>0xf574</value>
         <object_component_ref idref="oc-dd"/>
      </symbol>
      <symbol id="sm-637">
         <name>LL$$AND</name>
         <value>0xa026</value>
         <object_component_ref idref="oc-e0"/>
      </symbol>
      <symbol id="sm-638">
         <name>LL$$OR</name>
         <value>0xa02e</value>
         <object_component_ref idref="oc-e0"/>
      </symbol>
      <symbol id="sm-639">
         <name>LL$$XOR</name>
         <value>0xa036</value>
         <object_component_ref idref="oc-e0"/>
      </symbol>
      <symbol id="sm-641">
         <name>ULL$$CMP</name>
         <value>0x9fe8</value>
         <object_component_ref idref="oc-e4"/>
      </symbol>
      <symbol id="sm-642">
         <name>LL$$CMP</name>
         <value>0x9fd6</value>
         <object_component_ref idref="oc-e4"/>
      </symbol>
      <symbol id="sm-650">
         <name>__unlock</name>
         <value>0xf56e</value>
         <object_component_ref idref="oc-eb"/>
      </symbol>
      <symbol id="sm-651">
         <name>__lock</name>
         <value>0xf570</value>
         <object_component_ref idref="oc-eb"/>
      </symbol>
      <symbol id="sm-652">
         <name>__register_lock</name>
         <value>0xa057</value>
         <object_component_ref idref="oc-e8"/>
      </symbol>
      <symbol id="sm-653">
         <name>__nop</name>
         <value>0xa05b</value>
         <object_component_ref idref="oc-e8"/>
      </symbol>
      <symbol id="sm-654">
         <name>__register_unlock</name>
         <value>0xa053</value>
         <object_component_ref idref="oc-e8"/>
      </symbol>
      <symbol id="sm-65e">
         <name>__args_main</name>
         <value>0x9ff4</value>
         <object_component_ref idref="oc-ee"/>
      </symbol>
      <symbol id="sm-65f">
         <name>__TI_args_main</name>
         <value>0x1</value>
      </symbol>
   </symbol_table>
</link_info>
