******************************************************************************
             TMS320C2000 Linker PC v6.1.0                      
******************************************************************************
>> Linked Mon Jan 25 14:52:50 2016

OUTPUT FILE NAME:   <Frame07.out>
ENTRY POINT SYMBOL: "_c_int00"  address: 00009e3b


MEMORY CONFIGURATION

         name            origin    length      used     unused   attr    fill
----------------------  --------  ---------  --------  --------  ----  --------
PAGE 0:
  BEGIN                 00000000   00000002  00000002  00000000  RWIX
  RAMM0                 00000050   000003b0  00000000  000003b0  RWIX
  RAML0                 00008000   00001000  00000096  00000f6a  RWIX
  RAML1                 00009000   00001800  00000f63  0000089d  RWIX
  RAML2                 0000a800   00000800  00000000  00000800  RWIX
  RAML3                 0000b000   00001000  00000000  00001000  RWIX
  ZONE7A                00200000   0000fc00  00000000  0000fc00  RWIX
  CSM_RSVD              0033ff80   00000076  00000000  00000076  RWIX
  CSM_PWL               0033fff8   00000008  00000000  00000008  RWIX
  ADC_CAL               00380080   00000009  00000007  00000002  RWIX
  IQTABLES              003fe000   00000b50  00000000  00000b50  RWIX
  IQTABLES2             003feb50   0000008c  00000000  0000008c  RWIX
  FPUTABLES             003febdc   000006a0  00000000  000006a0  RWIX
  BOOTROM               003ff27c   00000d44  00000000  00000d44  RWIX
  RESET                 003fffc0   00000002  00000000  00000002  RWIX

PAGE 1:
  BOOT_RSVD             00000002   0000004e  00000000  0000004e  RWIX
  RAMM1                 00000400   00000400  00000300  00000100  RWIX
  DEV_EMU               00000880   00000180  000000d0  000000b0  RWIX
  FLASH_REGS            00000a80   00000060  00000008  00000058  RWIX
  CSM                   00000ae0   00000010  00000010  00000000  RWIX
  ADC_MIRROR            00000b00   00000010  00000010  00000000  RWIX
  XINTF                 00000b20   00000020  0000001e  00000002  RWIX
  CPU_TIMER0            00000c00   00000008  00000008  00000000  RWIX
  CPU_TIMER1            00000c08   00000008  00000008  00000000  RWIX
  CPU_TIMER2            00000c10   00000008  00000008  00000000  RWIX
  PIE_CTRL              00000ce0   00000020  0000001a  00000006  RWIX
  PIE_VECT              00000d00   00000100  00000100  00000000  RWIX
  DMA                   00001000   00000200  000000e0  00000120  RWIX
  MCBSPA                00005000   00000040  00000025  0000001b  RWIX
  MCBSPB                00005040   00000040  00000025  0000001b  RWIX
  ECANA                 00006000   00000040  00000034  0000000c  RWIX
  ECANA_LAM             00006040   00000040  00000040  00000000  RWIX
  ECANA_MOTS            00006080   00000040  00000040  00000000  RWIX
  ECANA_MOTO            000060c0   00000040  00000040  00000000  RWIX
  ECANA_MBOX            00006100   00000100  00000100  00000000  RWIX
  ECANB                 00006200   00000040  00000034  0000000c  RWIX
  ECANB_LAM             00006240   00000040  00000040  00000000  RWIX
  ECANB_MOTS            00006280   00000040  00000040  00000000  RWIX
  ECANB_MOTO            000062c0   00000040  00000040  00000000  RWIX
  ECANB_MBOX            00006300   00000100  00000100  00000000  RWIX
  EPWM1                 00006800   00000022  00000022  00000000  RWIX
  EPWM2                 00006840   00000022  00000022  00000000  RWIX
  EPWM3                 00006880   00000022  00000022  00000000  RWIX
  EPWM4                 000068c0   00000022  00000022  00000000  RWIX
  EPWM5                 00006900   00000022  00000022  00000000  RWIX
  EPWM6                 00006940   00000022  00000022  00000000  RWIX
  ECAP1                 00006a00   00000020  00000020  00000000  RWIX
  ECAP2                 00006a20   00000020  00000020  00000000  RWIX
  ECAP3                 00006a40   00000020  00000020  00000000  RWIX
  ECAP4                 00006a60   00000020  00000020  00000000  RWIX
  ECAP5                 00006a80   00000020  00000020  00000000  RWIX
  ECAP6                 00006aa0   00000020  00000020  00000000  RWIX
  EQEP1                 00006b00   00000040  00000040  00000000  RWIX
  EQEP2                 00006b40   00000040  00000040  00000000  RWIX
  GPIOCTRL              00006f80   00000040  00000030  00000010  RWIX
  GPIODAT               00006fc0   00000020  00000020  00000000  RWIX
  GPIOINT               00006fe0   00000020  0000000a  00000016  RWIX
  SYSTEM                00007010   00000020  00000020  00000000  RWIX
  SPIA                  00007040   00000010  00000010  00000000  RWIX
  SCIA                  00007050   00000010  00000010  00000000  RWIX
  XINTRUPT              00007070   00000010  00000010  00000000  RWIX
  ADC                   00007100   00000020  0000001e  00000002  RWIX
  SCIB                  00007750   00000010  00000010  00000000  RWIX
  SCIC                  00007770   00000010  00000010  00000000  RWIX
  I2CA                  00007900   00000040  00000022  0000001e  RWIX
  RAML4                 0000c000   00001000  00000016  00000fea  RWIX
  RAML5                 0000d000   00001000  0000015a  00000ea6  RWIX
  RAML6                 0000e000   00001000  00000000  00001000  RWIX
  RAML7                 0000f000   00001000  00000000  00001000  RWIX
  ZONE7B                0020fc00   00003400  00000502  00002efe  RWIX
  CSM_PWL               0033fff8   00000008  00000008  00000000  RWIX
  PARTID                00380090   00000001  00000001  00000000  RWIX


SECTION ALLOCATION MAP

 output                                  attributes/
section   page    origin      length       input sections
--------  ----  ----------  ----------   ----------------
codestart 
*          0    00000000    00000002     
                  00000000    00000002     DSP2833x_CodeStartBranch.obj (codestart)

.pinit     0    00008000    00000000     UNINITIALIZED

.cinit     0    00008000    00000077     
                  00008000    00000059     PlatForm.obj (.cinit)
                  00008059    0000000a     rts2800_fpu32.lib : _lock.obj (.cinit)
                  00008063    0000000a                       : exit.obj (.cinit)
                  0000806d    00000008     control.obj (.cinit)
                  00008075    00000002     --HOLE-- [fill = 0]

ramfuncs   0    00008077    0000001f     
                  00008077    0000001b     DSP2833x_SysCtrl.obj (ramfuncs)
                  00008092    00000004     DSP2833x_usDelay.obj (ramfuncs)

.text      0    00009000    00000f63     
                  00009000    000004d6     DSP2833x_DefaultIsr.obj (.text:retain)
                  000094d6    000004b0     PlatForm.obj (.text)
                  00009986    000002ef     control.obj (.text)
                  00009c75    000000f3     DSP2833x_SysCtrl.obj (.text)
                  00009d68    000000d3     DSP2833x_Xintf.obj (.text)
                  00009e3b    00000046     rts2800_fpu32.lib : boot.obj (.text)
                  00009e81    00000038     main.obj (.text)
                  00009eb9    00000028     DSP2833x_PieCtrl.obj (.text)
                  00009ee1    00000020     DSP2833x_PieVect.obj (.text)
                  00009f01    00000019     rts2800_fpu32.lib : args_main.obj (.text)
                  00009f1a    00000019                       : exit.obj (.text)
                  00009f33    00000015     DSP2833x_MemCopy.obj (.text)
                  00009f48    00000009     rts2800_fpu32.lib : _lock.obj (.text)
                  00009f51    00000008     DSP2833x_CodeStartBranch.obj (.text)
                  00009f59    00000007     DSP2833x_DisInt.obj (.text)
                  00009f60    00000003     DSP2833x_DBGIER.obj (.text)

csm_rsvd   0    0033ff80    00000076     DSECT
                  0033ff80    00000076     DSP2833x_CSMPasswords.obj (csm_rsvd)

csmpasswds 
*          0    0033fff8    00000008     DSECT
                  0033fff8    00000008     DSP2833x_CSMPasswords.obj (csmpasswds)

.adc_cal   0    00380080    00000007     NOLOAD SECTION
                  00380080    00000007     DSP2833x_ADC_cal.obj (.adc_cal)

.reset     0    003fffc0    00000002     DSECT
                  003fffc0    00000002     rts2800_fpu32.lib : boot.obj (.reset)

.stack     1    00000400    00000300     UNINITIALIZED
                  00000400    00000300     --HOLE--

DevEmuRegsFile 
*          1    00000880    000000d0     UNINITIALIZED
                  00000880    000000d0     DSP2833x_GlobalVariableDefs.obj (DevEmuRegsFile)

FlashRegsFile 
*          1    00000a80    00000008     UNINITIALIZED
                  00000a80    00000008     DSP2833x_GlobalVariableDefs.obj (FlashRegsFile)

CsmRegsFile 
*          1    00000ae0    00000010     UNINITIALIZED
                  00000ae0    00000010     DSP2833x_GlobalVariableDefs.obj (CsmRegsFile)

AdcMirrorFile 
*          1    00000b00    00000010     UNINITIALIZED
                  00000b00    00000010     DSP2833x_GlobalVariableDefs.obj (AdcMirrorFile)

XintfRegsFile 
*          1    00000b20    0000001e     UNINITIALIZED
                  00000b20    0000001e     DSP2833x_GlobalVariableDefs.obj (XintfRegsFile)

CpuTimer0RegsFile 
*          1    00000c00    00000008     UNINITIALIZED
                  00000c00    00000008     DSP2833x_GlobalVariableDefs.obj (CpuTimer0RegsFile)

CpuTimer1RegsFile 
*          1    00000c08    00000008     UNINITIALIZED
                  00000c08    00000008     DSP2833x_GlobalVariableDefs.obj (CpuTimer1RegsFile)

CpuTimer2RegsFile 
*          1    00000c10    00000008     UNINITIALIZED
                  00000c10    00000008     DSP2833x_GlobalVariableDefs.obj (CpuTimer2RegsFile)

PieCtrlRegsFile 
*          1    00000ce0    0000001a     UNINITIALIZED
                  00000ce0    0000001a     DSP2833x_GlobalVariableDefs.obj (PieCtrlRegsFile)

PieVectTableFile 
*          1    00000d00    00000100     UNINITIALIZED
                  00000d00    00000100     DSP2833x_GlobalVariableDefs.obj (PieVectTableFile)

DmaRegsFile 
*          1    00001000    000000e0     UNINITIALIZED
                  00001000    000000e0     DSP2833x_GlobalVariableDefs.obj (DmaRegsFile)

McbspaRegsFile 
*          1    00005000    00000025     UNINITIALIZED
                  00005000    00000025     DSP2833x_GlobalVariableDefs.obj (McbspaRegsFile)

McbspbRegsFile 
*          1    00005040    00000025     UNINITIALIZED
                  00005040    00000025     DSP2833x_GlobalVariableDefs.obj (McbspbRegsFile)

ECanaRegsFile 
*          1    00006000    00000034     UNINITIALIZED
                  00006000    00000034     DSP2833x_GlobalVariableDefs.obj (ECanaRegsFile)

ECanaLAMRegsFile 
*          1    00006040    00000040     UNINITIALIZED
                  00006040    00000040     DSP2833x_GlobalVariableDefs.obj (ECanaLAMRegsFile)

ECanaMOTSRegsFile 
*          1    00006080    00000040     UNINITIALIZED
                  00006080    00000040     DSP2833x_GlobalVariableDefs.obj (ECanaMOTSRegsFile)

ECanaMOTORegsFile 
*          1    000060c0    00000040     UNINITIALIZED
                  000060c0    00000040     DSP2833x_GlobalVariableDefs.obj (ECanaMOTORegsFile)

ECanaMboxesFile 
*          1    00006100    00000100     UNINITIALIZED
                  00006100    00000100     DSP2833x_GlobalVariableDefs.obj (ECanaMboxesFile)

ECanbRegsFile 
*          1    00006200    00000034     UNINITIALIZED
                  00006200    00000034     DSP2833x_GlobalVariableDefs.obj (ECanbRegsFile)

ECanbLAMRegsFile 
*          1    00006240    00000040     UNINITIALIZED
                  00006240    00000040     DSP2833x_GlobalVariableDefs.obj (ECanbLAMRegsFile)

ECanbMOTSRegsFile 
*          1    00006280    00000040     UNINITIALIZED
                  00006280    00000040     DSP2833x_GlobalVariableDefs.obj (ECanbMOTSRegsFile)

ECanbMOTORegsFile 
*          1    000062c0    00000040     UNINITIALIZED
                  000062c0    00000040     DSP2833x_GlobalVariableDefs.obj (ECanbMOTORegsFile)

ECanbMboxesFile 
*          1    00006300    00000100     UNINITIALIZED
                  00006300    00000100     DSP2833x_GlobalVariableDefs.obj (ECanbMboxesFile)

EPwm1RegsFile 
*          1    00006800    00000022     UNINITIALIZED
                  00006800    00000022     DSP2833x_GlobalVariableDefs.obj (EPwm1RegsFile)

EPwm2RegsFile 
*          1    00006840    00000022     UNINITIALIZED
                  00006840    00000022     DSP2833x_GlobalVariableDefs.obj (EPwm2RegsFile)

EPwm3RegsFile 
*          1    00006880    00000022     UNINITIALIZED
                  00006880    00000022     DSP2833x_GlobalVariableDefs.obj (EPwm3RegsFile)

EPwm4RegsFile 
*          1    000068c0    00000022     UNINITIALIZED
                  000068c0    00000022     DSP2833x_GlobalVariableDefs.obj (EPwm4RegsFile)

EPwm5RegsFile 
*          1    00006900    00000022     UNINITIALIZED
                  00006900    00000022     DSP2833x_GlobalVariableDefs.obj (EPwm5RegsFile)

EPwm6RegsFile 
*          1    00006940    00000022     UNINITIALIZED
                  00006940    00000022     DSP2833x_GlobalVariableDefs.obj (EPwm6RegsFile)

ECap1RegsFile 
*          1    00006a00    00000020     UNINITIALIZED
                  00006a00    00000020     DSP2833x_GlobalVariableDefs.obj (ECap1RegsFile)

ECap2RegsFile 
*          1    00006a20    00000020     UNINITIALIZED
                  00006a20    00000020     DSP2833x_GlobalVariableDefs.obj (ECap2RegsFile)

ECap3RegsFile 
*          1    00006a40    00000020     UNINITIALIZED
                  00006a40    00000020     DSP2833x_GlobalVariableDefs.obj (ECap3RegsFile)

ECap4RegsFile 
*          1    00006a60    00000020     UNINITIALIZED
                  00006a60    00000020     DSP2833x_GlobalVariableDefs.obj (ECap4RegsFile)

ECap5RegsFile 
*          1    00006a80    00000020     UNINITIALIZED
                  00006a80    00000020     DSP2833x_GlobalVariableDefs.obj (ECap5RegsFile)

ECap6RegsFile 
*          1    00006aa0    00000020     UNINITIALIZED
                  00006aa0    00000020     DSP2833x_GlobalVariableDefs.obj (ECap6RegsFile)

EQep1RegsFile 
*          1    00006b00    00000040     UNINITIALIZED
                  00006b00    00000040     DSP2833x_GlobalVariableDefs.obj (EQep1RegsFile)

EQep2RegsFile 
*          1    00006b40    00000040     UNINITIALIZED
                  00006b40    00000040     DSP2833x_GlobalVariableDefs.obj (EQep2RegsFile)

GpioCtrlRegsFile 
*          1    00006f80    00000030     UNINITIALIZED
                  00006f80    00000030     DSP2833x_GlobalVariableDefs.obj (GpioCtrlRegsFile)

GpioDataRegsFile 
*          1    00006fc0    00000020     UNINITIALIZED
                  00006fc0    00000020     DSP2833x_GlobalVariableDefs.obj (GpioDataRegsFile)

GpioIntRegsFile 
*          1    00006fe0    0000000a     UNINITIALIZED
                  00006fe0    0000000a     DSP2833x_GlobalVariableDefs.obj (GpioIntRegsFile)

SysCtrlRegsFile 
*          1    00007010    00000020     UNINITIALIZED
                  00007010    00000020     DSP2833x_GlobalVariableDefs.obj (SysCtrlRegsFile)

SpiaRegsFile 
*          1    00007040    00000010     UNINITIALIZED
                  00007040    00000010     DSP2833x_GlobalVariableDefs.obj (SpiaRegsFile)

SciaRegsFile 
*          1    00007050    00000010     UNINITIALIZED
                  00007050    00000010     DSP2833x_GlobalVariableDefs.obj (SciaRegsFile)

XIntruptRegsFile 
*          1    00007070    00000010     UNINITIALIZED
                  00007070    00000010     DSP2833x_GlobalVariableDefs.obj (XIntruptRegsFile)

AdcRegsFile 
*          1    00007100    0000001e     UNINITIALIZED
                  00007100    0000001e     DSP2833x_GlobalVariableDefs.obj (AdcRegsFile)

ScibRegsFile 
*          1    00007750    00000010     UNINITIALIZED
                  00007750    00000010     DSP2833x_GlobalVariableDefs.obj (ScibRegsFile)

ScicRegsFile 
*          1    00007770    00000010     UNINITIALIZED
                  00007770    00000010     DSP2833x_GlobalVariableDefs.obj (ScicRegsFile)

I2caRegsFile 
*          1    00007900    00000022     UNINITIALIZED
                  00007900    00000022     DSP2833x_GlobalVariableDefs.obj (I2caRegsFile)

.ebss      1    0000c000    00000016     UNINITIALIZED
                  0000c000    0000000b     PlatForm.obj (.ebss)
                  0000c00b    00000001     --HOLE--
                  0000c00c    00000004     rts2800_fpu32.lib : _lock.obj (.ebss)
                  0000c010    00000004                       : exit.obj (.ebss)
                  0000c014    00000002     DSP2833x_DefaultIsr.obj (.ebss)

.econst    1    0000d000    0000015a     
                  0000d000    00000100     DSP2833x_PieVect.obj (.econst)
                  0000d100    00000011     PlatForm.obj (.econst:_$P$T0$1)
                  0000d111    00000011     PlatForm.obj (.econst:_$P$T1$2)
                  0000d122    00000011     control.obj (.econst:_$P$T1$2)
                  0000d133    00000011     PlatForm.obj (.econst:_$P$T2$3)
                  0000d144    0000000b     control.obj (.econst:_$P$T0$1)
                  0000d14f    0000000b     control.obj (.econst:_$P$T2$3)

ZONE7DATA 
*          1    0020fc00    00000502     UNINITIALIZED
                  0020fc00    00000500     PlatForm.obj (ZONE7DATA)
                  00210100    00000002     control.obj (ZONE7DATA)

CsmPwlFile 
*          1    0033fff8    00000008     UNINITIALIZED
                  0033fff8    00000008     DSP2833x_GlobalVariableDefs.obj (CsmPwlFile)

PartIdRegsFile 
*          1    00380090    00000001     UNINITIALIZED
                  00380090    00000001     DSP2833x_GlobalVariableDefs.obj (PartIdRegsFile)


GLOBAL SYMBOLS: SORTED ALPHABETICALLY BY Name 

address    name
--------   ----
00009000   .text
00009f1a   C$$EXIT
0000c014   _ACK_SCI_Cmd
000092ce   _ADCINT_ISR
00380080   _ADC_cal
00000b00   _AdcMirror
00007100   _AdcRegs
0000966f   _Asc2_To_Char
00009681   _Char_To_Asc2
000095b4   _Check_Char_To_Int
000095f0   _Check_Int_To_Char
0020fc05   _Cmd_Reg
00000c00   _CpuTimer0Regs
00000c08   _CpuTimer1Regs
00000c10   _CpuTimer2Regs
0033fff8   _CsmPwl
00000ae0   _CsmRegs
00009d37   _CsmUnlock
000091fc   _DATALOG_ISR
000093f0   _DINTCH1_ISR
000093fa   _DINTCH2_ISR
00009404   _DINTCH3_ISR
0000940e   _DINTCH4_ISR
00009418   _DINTCH5_ISR
00009422   _DINTCH6_ISR
00009f59   _DSP28x_DisableInt
00009f5d   _DSP28x_RestoreInt
00008092   _DSP28x_usDelay
00009850   _Data_Read
00009832   _Data_Write
0020fc28   _Decare_Origal
00009944   _Delay
00210100   _Delay_Temp
0000996c   _Delay_ms
00009958   _Delay_s
00000880   _DevEmuRegs
00009c88   _DisableDog
00001000   _DmaRegs
00009454   _ECAN0INTA_ISR
00009468   _ECAN0INTB_ISR
0000945e   _ECAN1INTA_ISR
00009472   _ECAN1INTB_ISR
00009364   _ECAP1_INT_ISR
0000936e   _ECAP2_INT_ISR
00009378   _ECAP3_INT_ISR
00009382   _ECAP4_INT_ISR
0000938c   _ECAP5_INT_ISR
00009396   _ECAP6_INT_ISR
00006040   _ECanaLAMRegs
000060c0   _ECanaMOTORegs
00006080   _ECanaMOTSRegs
00006100   _ECanaMboxes
00006000   _ECanaRegs
00006240   _ECanbLAMRegs
000062c0   _ECanbMOTORegs
00006280   _ECanbMOTSRegs
00006300   _ECanbMboxes
00006200   _ECanbRegs
00006a00   _ECap1Regs
00006a20   _ECap2Regs
00006a40   _ECap3Regs
00006a60   _ECap4Regs
00006a80   _ECap5Regs
00006aa0   _ECap6Regs
00009210   _EMUINT_ISR
00009328   _EPWM1_INT_ISR
000092ec   _EPWM1_TZINT_ISR
00009332   _EPWM2_INT_ISR
000092f6   _EPWM2_TZINT_ISR
0000933c   _EPWM3_INT_ISR
00009300   _EPWM3_TZINT_ISR
00009346   _EPWM4_INT_ISR
0000930a   _EPWM4_TZINT_ISR
00009350   _EPWM5_INT_ISR
00009314   _EPWM5_TZINT_ISR
0000935a   _EPWM6_INT_ISR
0000931e   _EPWM6_TZINT_ISR
00006800   _EPwm1Regs
00006840   _EPwm2Regs
00006880   _EPwm3Regs
000068c0   _EPwm4Regs
00006900   _EPwm5Regs
00006940   _EPwm6Regs
000093a0   _EQEP1_INT_ISR
000093aa   _EQEP2_INT_ISR
00006b00   _EQep1Regs
00006b40   _EQep2Regs
00009ed8   _EnableInterrupts
00000a80   _FlashRegs
00009924   _GPIO_Level_Init
000095a3   _Get_Check_Num
00009b6a   _Get_Point
0020fc00   _Get_X_Run_Counter
0020fc03   _Get_Y_Run_Counter
00009829   _GpioA_In
0000981e   _GpioA_Out
00006f80   _GpioCtrlRegs
00006fc0   _GpioDataRegs
00006fe0   _GpioIntRegs
0000942c   _I2CINT1A_ISR
00009436   _I2CINT2A_ISR
00007900   _I2caRegs
00009224   _ILLEGAL_ISR
000091e8   _INT13_ISR
000091f2   _INT14_ISR
00008077   _InitFlash
00009cdc   _InitPeripheralClocks
00009eb9   _InitPieCtrl
00009ee1   _InitPieVectTable
00009c90   _InitPll
00009c75   _InitSysCtrl
00009d68   _InitXintf
00009ded   _InitXintf16Gpio
00009da6   _InitXintf32Gpio
000094b8   _LUF_ISR
000094ae   _LVF_ISR
000093dc   _MRINTA_ISR
000093c8   _MRINTB_ISR
000093e6   _MXINTA_ISR
000093d2   _MXINTB_ISR
00005000   _McbspaRegs
00005040   _McbspbRegs
00009f33   _MemCopy
00009a3a   _Motor_Init
000098f8   _Motor_R_Set
0020fc66   _Motor_Run_Theta
0020fc01   _Motor_Status
00009874   _Motor_X_Set
000098a0   _Motor_Y_Set
000098cc   _Motor_Z_Set
00009691   _Motor_on
0000994e   _My_Nop
0000921a   _NMI_ISR
000094c2   _PIE_RESERVED
00009544   _P_Board_Init
000094d6   _P_Gpio_Init
00009509   _P_Led_Init
00009515   _P_UartA_Init
00009530   _P_UartC_Init
00380090   _PartIdRegs
00000ce0   _PieCtrlRegs
00000d00   _PieVectTable
0000d000   _PieVectTableInit
0020fc0c   _Point_Data_Rx
00210101   _Point_Run_Status_Reg
0020fc30   _Pre_Point
0020fc04   _Query_Flag
00009206   _RTOSINT_ISR
0020fc06   _R_Rotate
0020fc40   _Robot_Run_Reg
0020fc02   _Run_Flag
00009986   _Run_Point
0020fc0a   _Rx_Point
0020ff00   _Rx_Point_Buff
0020fc08   _Rx_Point_Place
0020fd80   _SCIA_Data
0000961f   _SCIA_Data_Int
00009647   _SCIA_Tx
0020fc4b   _SCIA_Tx_Message
0020fe40   _SCIC_Data
00009633   _SCIC_Data_Int
0000c000   _SCIC_Tx_Message
00009000   _SCIRXINTA_ISR
00009440   _SCIRXINTB_ISR
000090f4   _SCIRXINTC_ISR
000090c7   _SCITXINTA_ISR
0000944a   _SCITXINTB_ISR
000091bb   _SCITXINTC_ISR
00009b19   _SCI_Command_Execute
00009c05   _SCI_RX_Message_Process
000092a6   _SEQ1INT_ISR
000092b0   _SEQ2INT_ISR
000093b4   _SPIRXINTA_ISR
000093be   _SPITXINTA_ISR
00007050   _SciaRegs
00007750   _ScibRegs
00007770   _ScicRegs
00009c7e   _ServiceDog
00009f60   _SetDBGIER
00007040   _SpiaRegs
00009573   _Str_To_Int
00007010   _SysCtrlRegs
00009adb   _System_Quick_ACK
000092d8   _TINT0_ISR
0020fcc0   _Trajetory_points_Now
00009288   _USER10_ISR
00009292   _USER11_ISR
0000929c   _USER12_ISR
0000922e   _USER1_ISR
00009238   _USER2_ISR
00009242   _USER3_ISR
0000924c   _USER4_ISR
00009256   _USER5_ISR
00009260   _USER6_ISR
0000926a   _USER7_ISR
00009274   _USER8_ISR
0000927e   _USER9_ISR
000092e2   _WAKEINT_ISR
000092ba   _XINT1_ISR
000092c4   _XINT2_ISR
0000947c   _XINT3_ISR
00009486   _XINT4_ISR
00009490   _XINT5_ISR
0000949a   _XINT6_ISR
000094a4   _XINT7_ISR
00007070   _XIntruptRegs
00000b20   _XintfRegs
00000700   __STACK_END
00000300   __STACK_SIZE
00000001   __TI_args_main
ffffffff   ___binit__
ffffffff   ___c_args__
00008000   ___cinit__
00009f63   ___etext__
ffffffff   ___pinit__
00009000   ___text__
00009f01   __args_main
0000c010   __cleanup_ptr
0000c012   __dtors_ptr
0000c00e   __lock
00009f50   __nop
00009f4c   __register_lock
00009f48   __register_unlock
00000400   __stack
0000c00c   __unlock
00009f1a   _abort
0020fc16   _axis_r
0020fc56   _axis_range
0020fc1c   _axis_x
0020fc22   _axis_y
0020fc10   _axis_z
00009e3b   _c_int00
00009939   _delay_loop
00009f1c   _exit
00009e81   _main
000094cc   _rsvd_ISR
0020fc80   _t_in
ffffffff   binit
00008000   cinit
00000000   code_start
00009f63   etext
ffffffff   pinit


GLOBAL SYMBOLS: SORTED BY Symbol Address 

address    name
--------   ----
00000000   code_start
00000001   __TI_args_main
00000300   __STACK_SIZE
00000400   __stack
00000700   __STACK_END
00000880   _DevEmuRegs
00000a80   _FlashRegs
00000ae0   _CsmRegs
00000b00   _AdcMirror
00000b20   _XintfRegs
00000c00   _CpuTimer0Regs
00000c08   _CpuTimer1Regs
00000c10   _CpuTimer2Regs
00000ce0   _PieCtrlRegs
00000d00   _PieVectTable
00001000   _DmaRegs
00005000   _McbspaRegs
00005040   _McbspbRegs
00006000   _ECanaRegs
00006040   _ECanaLAMRegs
00006080   _ECanaMOTSRegs
000060c0   _ECanaMOTORegs
00006100   _ECanaMboxes
00006200   _ECanbRegs
00006240   _ECanbLAMRegs
00006280   _ECanbMOTSRegs
000062c0   _ECanbMOTORegs
00006300   _ECanbMboxes
00006800   _EPwm1Regs
00006840   _EPwm2Regs
00006880   _EPwm3Regs
000068c0   _EPwm4Regs
00006900   _EPwm5Regs
00006940   _EPwm6Regs
00006a00   _ECap1Regs
00006a20   _ECap2Regs
00006a40   _ECap3Regs
00006a60   _ECap4Regs
00006a80   _ECap5Regs
00006aa0   _ECap6Regs
00006b00   _EQep1Regs
00006b40   _EQep2Regs
00006f80   _GpioCtrlRegs
00006fc0   _GpioDataRegs
00006fe0   _GpioIntRegs
00007010   _SysCtrlRegs
00007040   _SpiaRegs
00007050   _SciaRegs
00007070   _XIntruptRegs
00007100   _AdcRegs
00007750   _ScibRegs
00007770   _ScicRegs
00007900   _I2caRegs
00008000   ___cinit__
00008000   cinit
00008077   _InitFlash
00008092   _DSP28x_usDelay
00009000   .text
00009000   _SCIRXINTA_ISR
00009000   ___text__
000090c7   _SCITXINTA_ISR
000090f4   _SCIRXINTC_ISR
000091bb   _SCITXINTC_ISR
000091e8   _INT13_ISR
000091f2   _INT14_ISR
000091fc   _DATALOG_ISR
00009206   _RTOSINT_ISR
00009210   _EMUINT_ISR
0000921a   _NMI_ISR
00009224   _ILLEGAL_ISR
0000922e   _USER1_ISR
00009238   _USER2_ISR
00009242   _USER3_ISR
0000924c   _USER4_ISR
00009256   _USER5_ISR
00009260   _USER6_ISR
0000926a   _USER7_ISR
00009274   _USER8_ISR
0000927e   _USER9_ISR
00009288   _USER10_ISR
00009292   _USER11_ISR
0000929c   _USER12_ISR
000092a6   _SEQ1INT_ISR
000092b0   _SEQ2INT_ISR
000092ba   _XINT1_ISR
000092c4   _XINT2_ISR
000092ce   _ADCINT_ISR
000092d8   _TINT0_ISR
000092e2   _WAKEINT_ISR
000092ec   _EPWM1_TZINT_ISR
000092f6   _EPWM2_TZINT_ISR
00009300   _EPWM3_TZINT_ISR
0000930a   _EPWM4_TZINT_ISR
00009314   _EPWM5_TZINT_ISR
0000931e   _EPWM6_TZINT_ISR
00009328   _EPWM1_INT_ISR
00009332   _EPWM2_INT_ISR
0000933c   _EPWM3_INT_ISR
00009346   _EPWM4_INT_ISR
00009350   _EPWM5_INT_ISR
0000935a   _EPWM6_INT_ISR
00009364   _ECAP1_INT_ISR
0000936e   _ECAP2_INT_ISR
00009378   _ECAP3_INT_ISR
00009382   _ECAP4_INT_ISR
0000938c   _ECAP5_INT_ISR
00009396   _ECAP6_INT_ISR
000093a0   _EQEP1_INT_ISR
000093aa   _EQEP2_INT_ISR
000093b4   _SPIRXINTA_ISR
000093be   _SPITXINTA_ISR
000093c8   _MRINTB_ISR
000093d2   _MXINTB_ISR
000093dc   _MRINTA_ISR
000093e6   _MXINTA_ISR
000093f0   _DINTCH1_ISR
000093fa   _DINTCH2_ISR
00009404   _DINTCH3_ISR
0000940e   _DINTCH4_ISR
00009418   _DINTCH5_ISR
00009422   _DINTCH6_ISR
0000942c   _I2CINT1A_ISR
00009436   _I2CINT2A_ISR
00009440   _SCIRXINTB_ISR
0000944a   _SCITXINTB_ISR
00009454   _ECAN0INTA_ISR
0000945e   _ECAN1INTA_ISR
00009468   _ECAN0INTB_ISR
00009472   _ECAN1INTB_ISR
0000947c   _XINT3_ISR
00009486   _XINT4_ISR
00009490   _XINT5_ISR
0000949a   _XINT6_ISR
000094a4   _XINT7_ISR
000094ae   _LVF_ISR
000094b8   _LUF_ISR
000094c2   _PIE_RESERVED
000094cc   _rsvd_ISR
000094d6   _P_Gpio_Init
00009509   _P_Led_Init
00009515   _P_UartA_Init
00009530   _P_UartC_Init
00009544   _P_Board_Init
00009573   _Str_To_Int
000095a3   _Get_Check_Num
000095b4   _Check_Char_To_Int
000095f0   _Check_Int_To_Char
0000961f   _SCIA_Data_Int
00009633   _SCIC_Data_Int
00009647   _SCIA_Tx
0000966f   _Asc2_To_Char
00009681   _Char_To_Asc2
00009691   _Motor_on
0000981e   _GpioA_Out
00009829   _GpioA_In
00009832   _Data_Write
00009850   _Data_Read
00009874   _Motor_X_Set
000098a0   _Motor_Y_Set
000098cc   _Motor_Z_Set
000098f8   _Motor_R_Set
00009924   _GPIO_Level_Init
00009939   _delay_loop
00009944   _Delay
0000994e   _My_Nop
00009958   _Delay_s
0000996c   _Delay_ms
00009986   _Run_Point
00009a3a   _Motor_Init
00009adb   _System_Quick_ACK
00009b19   _SCI_Command_Execute
00009b6a   _Get_Point
00009c05   _SCI_RX_Message_Process
00009c75   _InitSysCtrl
00009c7e   _ServiceDog
00009c88   _DisableDog
00009c90   _InitPll
00009cdc   _InitPeripheralClocks
00009d37   _CsmUnlock
00009d68   _InitXintf
00009da6   _InitXintf32Gpio
00009ded   _InitXintf16Gpio
00009e3b   _c_int00
00009e81   _main
00009eb9   _InitPieCtrl
00009ed8   _EnableInterrupts
00009ee1   _InitPieVectTable
00009f01   __args_main
00009f1a   C$$EXIT
00009f1a   _abort
00009f1c   _exit
00009f33   _MemCopy
00009f48   __register_unlock
00009f4c   __register_lock
00009f50   __nop
00009f59   _DSP28x_DisableInt
00009f5d   _DSP28x_RestoreInt
00009f60   _SetDBGIER
00009f63   ___etext__
00009f63   etext
0000c000   _SCIC_Tx_Message
0000c00c   __unlock
0000c00e   __lock
0000c010   __cleanup_ptr
0000c012   __dtors_ptr
0000c014   _ACK_SCI_Cmd
0000d000   _PieVectTableInit
0020fc00   _Get_X_Run_Counter
0020fc01   _Motor_Status
0020fc02   _Run_Flag
0020fc03   _Get_Y_Run_Counter
0020fc04   _Query_Flag
0020fc05   _Cmd_Reg
0020fc06   _R_Rotate
0020fc08   _Rx_Point_Place
0020fc0a   _Rx_Point
0020fc0c   _Point_Data_Rx
0020fc10   _axis_z
0020fc16   _axis_r
0020fc1c   _axis_x
0020fc22   _axis_y
0020fc28   _Decare_Origal
0020fc30   _Pre_Point
0020fc40   _Robot_Run_Reg
0020fc4b   _SCIA_Tx_Message
0020fc56   _axis_range
0020fc66   _Motor_Run_Theta
0020fc80   _t_in
0020fcc0   _Trajetory_points_Now
0020fd80   _SCIA_Data
0020fe40   _SCIC_Data
0020ff00   _Rx_Point_Buff
00210100   _Delay_Temp
00210101   _Point_Run_Status_Reg
0033fff8   _CsmPwl
00380080   _ADC_cal
00380090   _PartIdRegs
ffffffff   ___binit__
ffffffff   ___c_args__
ffffffff   ___pinit__
ffffffff   binit
ffffffff   pinit

[242 symbols]
