******************************************************************************
             TMS320C2000 Linker PC v6.1.0                      
******************************************************************************
>> Linked Tue Jun 07 17:48:52 2016

OUTPUT FILE NAME:   <Qixin01.out>
ENTRY POINT SYMBOL: "_c_int00"  address: 00009903


MEMORY CONFIGURATION

         name            origin    length      used     unused   attr    fill
----------------------  --------  ---------  --------  --------  ----  --------
PAGE 0:
  BEGIN                 00000000   00000002  00000002  00000000  RWIX
  RAMM0                 00000050   000003b0  00000000  000003b0  RWIX
  RAML0                 00008000   00000700  00000052  000006ae  RWIX
  RAML1                 00008700   00001900  00001321  000005df  RWIX
  RAML2                 0000a000   00001000  00000000  00001000  RWIX
  RAML3                 0000b000   00001000  00000000  00001000  RWIX
  ZONE7A                00200000   0000fc00  00000000  0000fc00  RWIX
  CSM_RSVD              0033ff80   00000076  00000000  00000076  RWIX
  CSM_PWL               0033fff8   00000008  00000000  00000008  RWIX
  ADC_CAL               00380080   00000009  00000007  00000002  RWIX
  IQTABLES              003fe000   00000b50  00000000  00000b50  RWIX
  IQTABLES2             003feb50   0000008c  00000000  0000008c  RWIX
  FPUTABLES             003febdc   000006a0  00000000  000006a0  RWIX
  BOOTROM               003ff27c   00000d44  00000000  00000d44  RWIX
  RESET                 003fffc0   00000002  00000000  00000002  RWIX

PAGE 1:
  BOOT_RSVD             00000002   0000004e  00000000  0000004e  RWIX
  RAMM1                 00000400   00000400  00000300  00000100  RWIX
  DEV_EMU               00000880   00000180  000000d0  000000b0  RWIX
  FLASH_REGS            00000a80   00000060  00000008  00000058  RWIX
  CSM                   00000ae0   00000010  00000010  00000000  RWIX
  ADC_MIRROR            00000b00   00000010  00000010  00000000  RWIX
  XINTF                 00000b20   00000020  0000001e  00000002  RWIX
  CPU_TIMER0            00000c00   00000008  00000008  00000000  RWIX
  CPU_TIMER1            00000c08   00000008  00000008  00000000  RWIX
  CPU_TIMER2            00000c10   00000008  00000008  00000000  RWIX
  PIE_CTRL              00000ce0   00000020  0000001a  00000006  RWIX
  PIE_VECT              00000d00   00000100  00000100  00000000  RWIX
  DMA                   00001000   00000200  000000e0  00000120  RWIX
  MCBSPA                00005000   00000040  00000025  0000001b  RWIX
  MCBSPB                00005040   00000040  00000025  0000001b  RWIX
  ECANA                 00006000   00000040  00000034  0000000c  RWIX
  ECANA_LAM             00006040   00000040  00000040  00000000  RWIX
  ECANA_MOTS            00006080   00000040  00000040  00000000  RWIX
  ECANA_MOTO            000060c0   00000040  00000040  00000000  RWIX
  ECANA_MBOX            00006100   00000100  00000100  00000000  RWIX
  ECANB                 00006200   00000040  00000034  0000000c  RWIX
  ECANB_LAM             00006240   00000040  00000040  00000000  RWIX
  ECANB_MOTS            00006280   00000040  00000040  00000000  RWIX
  ECANB_MOTO            000062c0   00000040  00000040  00000000  RWIX
  ECANB_MBOX            00006300   00000100  00000100  00000000  RWIX
  EPWM1                 00006800   00000022  00000022  00000000  RWIX
  EPWM2                 00006840   00000022  00000022  00000000  RWIX
  EPWM3                 00006880   00000022  00000022  00000000  RWIX
  EPWM4                 000068c0   00000022  00000022  00000000  RWIX
  EPWM5                 00006900   00000022  00000022  00000000  RWIX
  EPWM6                 00006940   00000022  00000022  00000000  RWIX
  ECAP1                 00006a00   00000020  00000020  00000000  RWIX
  ECAP2                 00006a20   00000020  00000020  00000000  RWIX
  ECAP3                 00006a40   00000020  00000020  00000000  RWIX
  ECAP4                 00006a60   00000020  00000020  00000000  RWIX
  ECAP5                 00006a80   00000020  00000020  00000000  RWIX
  ECAP6                 00006aa0   00000020  00000020  00000000  RWIX
  EQEP1                 00006b00   00000040  00000040  00000000  RWIX
  EQEP2                 00006b40   00000040  00000040  00000000  RWIX
  GPIOCTRL              00006f80   00000040  0000002e  00000012  RWIX
  GPIODAT               00006fc0   00000020  00000020  00000000  RWIX
  GPIOINT               00006fe0   00000020  0000000a  00000016  RWIX
  SYSTEM                00007010   00000020  00000020  00000000  RWIX
  SPIA                  00007040   00000010  00000010  00000000  RWIX
  SCIA                  00007050   00000010  00000010  00000000  RWIX
  XINTRUPT              00007070   00000010  00000010  00000000  RWIX
  ADC                   00007100   00000020  0000001e  00000002  RWIX
  SCIB                  00007750   00000010  00000010  00000000  RWIX
  SCIC                  00007770   00000010  00000010  00000000  RWIX
  I2CA                  00007900   00000040  00000022  0000001e  RWIX
  RAML4                 0000c000   00001000  0000000a  00000ff6  RWIX
  RAML5                 0000d000   00001000  0000016b  00000e95  RWIX
  RAML6                 0000e000   00001000  00000000  00001000  RWIX
  RAML7                 0000f000   00001000  00000000  00001000  RWIX
  ZONE7B                0020fc00   00001400  00000bc0  00000840  RWIX
  CSM_PWL               0033fff8   00000008  00000008  00000000  RWIX
  PARTID                00380090   00000001  00000001  00000000  RWIX


SECTION ALLOCATION MAP

 output                                  attributes/
section   page    origin      length       input sections
--------  ----  ----------  ----------   ----------------
codestart 
*          0    00000000    00000002     
                  00000000    00000002     DSP2833x_CodeStartBranch.obj (codestart)

.pinit     0    00008000    00000000     UNINITIALIZED

.cinit     0    00008000    00000033     
                  00008000    0000001d     PlatForm.obj (.cinit)
                  0000801d    0000000a     rts2800_fpu32.lib : _lock.obj (.cinit)
                  00008027    0000000a                       : exit.obj (.cinit)
                  00008031    00000002     --HOLE-- [fill = 0]

ramfuncs   0    00008033    0000001f     
                  00008033    0000001b     DSP2833x_SysCtrl.obj (ramfuncs)
                  0000804e    00000004     DSP2833x_usDelay.obj (ramfuncs)

.text      0    00008700    00001321     
                  00008700    000007bd     control.obj (.text)
                  00008ebd    000004d6     DSP2833x_DefaultIsr.obj (.text:retain)
                  00009393    00000361     PlatForm.obj (.text)
                  000096f4    000000f3     DSP2833x_SysCtrl.obj (.text)
                  000097e7    000000d3     DSP2833x_Xintf.obj (.text)
                  000098ba    00000049     Bus.obj (.text)
                  00009903    00000046     rts2800_fpu32.lib : boot.obj (.text)
                  00009949    0000002e     main.obj (.text)
                  00009977    00000028     DSP2833x_PieCtrl.obj (.text)
                  0000999f    00000020     DSP2833x_PieVect.obj (.text)
                  000099bf    00000019     rts2800_fpu32.lib : args_main.obj (.text)
                  000099d8    00000019                       : exit.obj (.text)
                  000099f1    00000015     DSP2833x_MemCopy.obj (.text)
                  00009a06    00000009     rts2800_fpu32.lib : _lock.obj (.text)
                  00009a0f    00000008     DSP2833x_CodeStartBranch.obj (.text)
                  00009a17    00000007     DSP2833x_DisInt.obj (.text)
                  00009a1e    00000003     DSP2833x_DBGIER.obj (.text)

csm_rsvd   0    0033ff80    00000076     DSECT
                  0033ff80    00000076     DSP2833x_CSMPasswords.obj (csm_rsvd)

csmpasswds 
*          0    0033fff8    00000008     DSECT
                  0033fff8    00000008     DSP2833x_CSMPasswords.obj (csmpasswds)

.adc_cal   0    00380080    00000007     NOLOAD SECTION
                  00380080    00000007     DSP2833x_ADC_cal.obj (.adc_cal)

.reset     0    003fffc0    00000002     DSECT
                  003fffc0    00000002     rts2800_fpu32.lib : boot.obj (.reset)

.stack     1    00000400    00000300     UNINITIALIZED
                  00000400    00000300     --HOLE--

DevEmuRegsFile 
*          1    00000880    000000d0     UNINITIALIZED
                  00000880    000000d0     DSP2833x_GlobalVariableDefs.obj (DevEmuRegsFile)

FlashRegsFile 
*          1    00000a80    00000008     UNINITIALIZED
                  00000a80    00000008     DSP2833x_GlobalVariableDefs.obj (FlashRegsFile)

CsmRegsFile 
*          1    00000ae0    00000010     UNINITIALIZED
                  00000ae0    00000010     DSP2833x_GlobalVariableDefs.obj (CsmRegsFile)

AdcMirrorFile 
*          1    00000b00    00000010     UNINITIALIZED
                  00000b00    00000010     DSP2833x_GlobalVariableDefs.obj (AdcMirrorFile)

XintfRegsFile 
*          1    00000b20    0000001e     UNINITIALIZED
                  00000b20    0000001e     DSP2833x_GlobalVariableDefs.obj (XintfRegsFile)

CpuTimer0RegsFile 
*          1    00000c00    00000008     UNINITIALIZED
                  00000c00    00000008     DSP2833x_GlobalVariableDefs.obj (CpuTimer0RegsFile)

CpuTimer1RegsFile 
*          1    00000c08    00000008     UNINITIALIZED
                  00000c08    00000008     DSP2833x_GlobalVariableDefs.obj (CpuTimer1RegsFile)

CpuTimer2RegsFile 
*          1    00000c10    00000008     UNINITIALIZED
                  00000c10    00000008     DSP2833x_GlobalVariableDefs.obj (CpuTimer2RegsFile)

PieCtrlRegsFile 
*          1    00000ce0    0000001a     UNINITIALIZED
                  00000ce0    0000001a     DSP2833x_GlobalVariableDefs.obj (PieCtrlRegsFile)

PieVectTableFile 
*          1    00000d00    00000100     UNINITIALIZED
                  00000d00    00000100     DSP2833x_GlobalVariableDefs.obj (PieVectTableFile)

DmaRegsFile 
*          1    00001000    000000e0     UNINITIALIZED
                  00001000    000000e0     DSP2833x_GlobalVariableDefs.obj (DmaRegsFile)

McbspaRegsFile 
*          1    00005000    00000025     UNINITIALIZED
                  00005000    00000025     DSP2833x_GlobalVariableDefs.obj (McbspaRegsFile)

McbspbRegsFile 
*          1    00005040    00000025     UNINITIALIZED
                  00005040    00000025     DSP2833x_GlobalVariableDefs.obj (McbspbRegsFile)

ECanaRegsFile 
*          1    00006000    00000034     UNINITIALIZED
                  00006000    00000034     DSP2833x_GlobalVariableDefs.obj (ECanaRegsFile)

ECanaLAMRegsFile 
*          1    00006040    00000040     UNINITIALIZED
                  00006040    00000040     DSP2833x_GlobalVariableDefs.obj (ECanaLAMRegsFile)

ECanaMOTSRegsFile 
*          1    00006080    00000040     UNINITIALIZED
                  00006080    00000040     DSP2833x_GlobalVariableDefs.obj (ECanaMOTSRegsFile)

ECanaMOTORegsFile 
*          1    000060c0    00000040     UNINITIALIZED
                  000060c0    00000040     DSP2833x_GlobalVariableDefs.obj (ECanaMOTORegsFile)

ECanaMboxesFile 
*          1    00006100    00000100     UNINITIALIZED
                  00006100    00000100     DSP2833x_GlobalVariableDefs.obj (ECanaMboxesFile)

ECanbRegsFile 
*          1    00006200    00000034     UNINITIALIZED
                  00006200    00000034     DSP2833x_GlobalVariableDefs.obj (ECanbRegsFile)

ECanbLAMRegsFile 
*          1    00006240    00000040     UNINITIALIZED
                  00006240    00000040     DSP2833x_GlobalVariableDefs.obj (ECanbLAMRegsFile)

ECanbMOTSRegsFile 
*          1    00006280    00000040     UNINITIALIZED
                  00006280    00000040     DSP2833x_GlobalVariableDefs.obj (ECanbMOTSRegsFile)

ECanbMOTORegsFile 
*          1    000062c0    00000040     UNINITIALIZED
                  000062c0    00000040     DSP2833x_GlobalVariableDefs.obj (ECanbMOTORegsFile)

ECanbMboxesFile 
*          1    00006300    00000100     UNINITIALIZED
                  00006300    00000100     DSP2833x_GlobalVariableDefs.obj (ECanbMboxesFile)

EPwm1RegsFile 
*          1    00006800    00000022     UNINITIALIZED
                  00006800    00000022     DSP2833x_GlobalVariableDefs.obj (EPwm1RegsFile)

EPwm2RegsFile 
*          1    00006840    00000022     UNINITIALIZED
                  00006840    00000022     DSP2833x_GlobalVariableDefs.obj (EPwm2RegsFile)

EPwm3RegsFile 
*          1    00006880    00000022     UNINITIALIZED
                  00006880    00000022     DSP2833x_GlobalVariableDefs.obj (EPwm3RegsFile)

EPwm4RegsFile 
*          1    000068c0    00000022     UNINITIALIZED
                  000068c0    00000022     DSP2833x_GlobalVariableDefs.obj (EPwm4RegsFile)

EPwm5RegsFile 
*          1    00006900    00000022     UNINITIALIZED
                  00006900    00000022     DSP2833x_GlobalVariableDefs.obj (EPwm5RegsFile)

EPwm6RegsFile 
*          1    00006940    00000022     UNINITIALIZED
                  00006940    00000022     DSP2833x_GlobalVariableDefs.obj (EPwm6RegsFile)

ECap1RegsFile 
*          1    00006a00    00000020     UNINITIALIZED
                  00006a00    00000020     DSP2833x_GlobalVariableDefs.obj (ECap1RegsFile)

ECap2RegsFile 
*          1    00006a20    00000020     UNINITIALIZED
                  00006a20    00000020     DSP2833x_GlobalVariableDefs.obj (ECap2RegsFile)

ECap3RegsFile 
*          1    00006a40    00000020     UNINITIALIZED
                  00006a40    00000020     DSP2833x_GlobalVariableDefs.obj (ECap3RegsFile)

ECap4RegsFile 
*          1    00006a60    00000020     UNINITIALIZED
                  00006a60    00000020     DSP2833x_GlobalVariableDefs.obj (ECap4RegsFile)

ECap5RegsFile 
*          1    00006a80    00000020     UNINITIALIZED
                  00006a80    00000020     DSP2833x_GlobalVariableDefs.obj (ECap5RegsFile)

ECap6RegsFile 
*          1    00006aa0    00000020     UNINITIALIZED
                  00006aa0    00000020     DSP2833x_GlobalVariableDefs.obj (ECap6RegsFile)

EQep1RegsFile 
*          1    00006b00    00000040     UNINITIALIZED
                  00006b00    00000040     DSP2833x_GlobalVariableDefs.obj (EQep1RegsFile)

EQep2RegsFile 
*          1    00006b40    00000040     UNINITIALIZED
                  00006b40    00000040     DSP2833x_GlobalVariableDefs.obj (EQep2RegsFile)

GpioCtrlRegsFile 
*          1    00006f80    0000002e     UNINITIALIZED
                  00006f80    0000002e     DSP2833x_GlobalVariableDefs.obj (GpioCtrlRegsFile)

GpioDataRegsFile 
*          1    00006fc0    00000020     UNINITIALIZED
                  00006fc0    00000020     DSP2833x_GlobalVariableDefs.obj (GpioDataRegsFile)

GpioIntRegsFile 
*          1    00006fe0    0000000a     UNINITIALIZED
                  00006fe0    0000000a     DSP2833x_GlobalVariableDefs.obj (GpioIntRegsFile)

SysCtrlRegsFile 
*          1    00007010    00000020     UNINITIALIZED
                  00007010    00000020     DSP2833x_GlobalVariableDefs.obj (SysCtrlRegsFile)

SpiaRegsFile 
*          1    00007040    00000010     UNINITIALIZED
                  00007040    00000010     DSP2833x_GlobalVariableDefs.obj (SpiaRegsFile)

SciaRegsFile 
*          1    00007050    00000010     UNINITIALIZED
                  00007050    00000010     DSP2833x_GlobalVariableDefs.obj (SciaRegsFile)

XIntruptRegsFile 
*          1    00007070    00000010     UNINITIALIZED
                  00007070    00000010     DSP2833x_GlobalVariableDefs.obj (XIntruptRegsFile)

AdcRegsFile 
*          1    00007100    0000001e     UNINITIALIZED
                  00007100    0000001e     DSP2833x_GlobalVariableDefs.obj (AdcRegsFile)

ScibRegsFile 
*          1    00007750    00000010     UNINITIALIZED
                  00007750    00000010     DSP2833x_GlobalVariableDefs.obj (ScibRegsFile)

ScicRegsFile 
*          1    00007770    00000010     UNINITIALIZED
                  00007770    00000010     DSP2833x_GlobalVariableDefs.obj (ScicRegsFile)

I2caRegsFile 
*          1    00007900    00000022     UNINITIALIZED
                  00007900    00000022     DSP2833x_GlobalVariableDefs.obj (I2caRegsFile)

.ebss      1    0000c000    0000000a     UNINITIALIZED
                  0000c000    00000004     rts2800_fpu32.lib : _lock.obj (.ebss)
                  0000c004    00000004                       : exit.obj (.ebss)
                  0000c008    00000002     DSP2833x_DefaultIsr.obj (.ebss)

.econst    1    0000d000    0000016b     
                  0000d000    00000100     DSP2833x_PieVect.obj (.econst)
                  0000d100    00000011     PlatForm.obj (.econst:_$P$T0$1)
                  0000d111    00000011     PlatForm.obj (.econst:_$P$T1$2)
                  0000d122    00000011     PlatForm.obj (.econst:_$P$T2$3)
                  0000d133    00000011     control.obj (.econst:_$P$T2$3)
                  0000d144    00000011     control.obj (.econst:_$P$T3$4)
                  0000d155    0000000b     control.obj (.econst:_$P$T0$1)
                  0000d160    0000000b     control.obj (.econst:_$P$T1$2)

ZONE7DATA 
*          1    0020fc00    00000bc0     UNINITIALIZED
                  0020fc00    00000bc0     PlatForm.obj (ZONE7DATA)

CsmPwlFile 
*          1    0033fff8    00000008     UNINITIALIZED
                  0033fff8    00000008     DSP2833x_GlobalVariableDefs.obj (CsmPwlFile)

PartIdRegsFile 
*          1    00380090    00000001     UNINITIALIZED
                  00380090    00000001     DSP2833x_GlobalVariableDefs.obj (PartIdRegsFile)


GLOBAL SYMBOLS: SORTED ALPHABETICALLY BY Name 

address    name
--------   ----
00008700   .text
000099d8   C$$EXIT
0000c008   _ACK_SCI_Cmd
0000918b   _ADCINT_ISR
00380080   _ADC_cal
00000b00   _AdcMirror
00007100   _AdcRegs
000098ba   _Add_Bus
00008ae6   _Axis_Coordinate
0020fc02   _Axis_R
0020fc00   _Axis_X
0020fc04   _Axis_Y
0020fc03   _Axis_Z
00008b3d   _Basic_Motion
0000886d   _Body_Parameter_Set
00009487   _Check_Char_To_Int
000094c3   _Check_Int_To_Char
000088c2   _Configuration_Information_Save
00000c00   _CpuTimer0Regs
00000c08   _CpuTimer1Regs
00000c10   _CpuTimer2Regs
0033fff8   _CsmPwl
00000ae0   _CsmRegs
000097b6   _CsmUnlock
000090b9   _DATALOG_ISR
000098dd   _DATA_Bus_Read
000098cc   _DATA_Bus_Write
000092ad   _DINTCH1_ISR
000092b7   _DINTCH2_ISR
000092c1   _DINTCH3_ISR
000092cb   _DINTCH4_ISR
000092d5   _DINTCH5_ISR
000092df   _DINTCH6_ISR
00009a17   _DSP28x_DisableInt
00009a1b   _DSP28x_RestoreInt
0000804e   _DSP28x_usDelay
000098f6   _Data_Bus_In
000098e4   _Data_Bus_Out
000095a2   _Data_Read
00009580   _Data_Write
00009683   _Delay
000096ab   _Delay_ms
00009697   _Delay_s
00000880   _DevEmuRegs
00009707   _DisableDog
00001000   _DmaRegs
00009311   _ECAN0INTA_ISR
00009325   _ECAN0INTB_ISR
0000931b   _ECAN1INTA_ISR
0000932f   _ECAN1INTB_ISR
00009221   _ECAP1_INT_ISR
0000922b   _ECAP2_INT_ISR
00009235   _ECAP3_INT_ISR
0000923f   _ECAP4_INT_ISR
00009249   _ECAP5_INT_ISR
00009253   _ECAP6_INT_ISR
00006040   _ECanaLAMRegs
000060c0   _ECanaMOTORegs
00006080   _ECanaMOTSRegs
00006100   _ECanaMboxes
00006000   _ECanaRegs
00006240   _ECanbLAMRegs
000062c0   _ECanbMOTORegs
00006280   _ECanbMOTSRegs
00006300   _ECanbMboxes
00006200   _ECanbRegs
00006a00   _ECap1Regs
00006a20   _ECap2Regs
00006a40   _ECap3Regs
00006a60   _ECap4Regs
00006a80   _ECap5Regs
00006aa0   _ECap6Regs
000090cd   _EMUINT_ISR
000091e5   _EPWM1_INT_ISR
000091a9   _EPWM1_TZINT_ISR
000091ef   _EPWM2_INT_ISR
000091b3   _EPWM2_TZINT_ISR
000091f9   _EPWM3_INT_ISR
000091bd   _EPWM3_TZINT_ISR
00009203   _EPWM4_INT_ISR
000091c7   _EPWM4_TZINT_ISR
0000920d   _EPWM5_INT_ISR
000091d1   _EPWM5_TZINT_ISR
00009217   _EPWM6_INT_ISR
000091db   _EPWM6_TZINT_ISR
00006800   _EPwm1Regs
00006840   _EPwm2Regs
00006880   _EPwm3Regs
000068c0   _EPwm4Regs
00006900   _EPwm5Regs
00006940   _EPwm6Regs
0000925d   _EQEP1_INT_ISR
00009267   _EQEP2_INT_ISR
00006b00   _EQep1Regs
00006b40   _EQep2Regs
00009996   _EnableInterrupts
00000a80   _FlashRegs
00009476   _Get_Check_Num
00009575   _GpioA_In
0000956a   _GpioA_Out
00006f80   _GpioCtrlRegs
00006fc0   _GpioDataRegs
00006fe0   _GpioIntRegs
000092e9   _I2CINT1A_ISR
000092f3   _I2CINT2A_ISR
00007900   _I2caRegs
000090e1   _ILLEGAL_ISR
000090a5   _INT13_ISR
000090af   _INT14_ISR
000096c5   _Information_Int
0020fc0c   _Information_Num
00008033   _InitFlash
0000975b   _InitPeripheralClocks
00009977   _InitPieCtrl
0000999f   _InitPieVectTable
0000970f   _InitPll
000096f4   _InitSysCtrl
000097e7   _InitXintf
0000986c   _InitXintf16Gpio
00009825   _InitXintf32Gpio
00009375   _LUF_ISR
0000936b   _LVF_ISR
00009299   _MRINTA_ISR
00009285   _MRINTB_ISR
000092a3   _MXINTA_ISR
0000928f   _MXINTB_ISR
00005000   _McbspaRegs
00005040   _McbspbRegs
000099f1   _MemCopy
00008a58   _Motion_Information_Save
000087a0   _Motion_Range_Set
00008e2f   _Motor_Init
0000964c   _Motor_R_Set
000095c8   _Motor_X_Set
000095f4   _Motor_Y_Set
00009620   _Motor_Z_Set
0000968d   _My_Nop
000090d7   _NMI_ISR
0000937f   _PIE_RESERVED
00009417   _P_Board_Init
00009393   _P_Gpio_Init
000093dc   _P_Led_Init
000093e8   _P_UartA_Init
00009403   _P_UartC_Init
00380090   _PartIdRegs
00000ce0   _PieCtrlRegs
00000d00   _PieVectTable
0000d000   _PieVectTableInit
000090c3   _RTOSINT_ISR
0020fc10   _Robot_Run_Reg
0020fc05   _Run_Flag
0020fe00   _Rx_Configuration
002103c0   _Rx_Configuration_Buff
0020fc08   _Rx_Long
002105c0   _Rx_Long_Buff
0020fc40   _Rx_Motion
002101c0   _Rx_Motion_Buff
0020fc06   _Rx_Range
0020ffc0   _Rx_Range_Buff
0020fd40   _SCIA_Data
000094f2   _SCIA_Data_Int
0000951a   _SCIA_Tx
0020fc15   _SCIA_Tx_Message
0020fc80   _SCIC_Data
00009506   _SCIC_Data_Int
00009542   _SCIC_Tx
0020fc20   _SCIC_Tx_Message
00008ebd   _SCIRXINTA_ISR
000092fd   _SCIRXINTB_ISR
00008fb1   _SCIRXINTC_ISR
00008f84   _SCITXINTA_ISR
00009307   _SCITXINTB_ISR
00009078   _SCITXINTC_ISR
00008754   _SCI_Command_Execute
00008700   _SCI_RX_Message_Process
00009163   _SEQ1INT_ISR
0000916d   _SEQ2INT_ISR
00009271   _SPIRXINTA_ISR
0000927b   _SPITXINTA_ISR
00007050   _SciaRegs
00007750   _ScibRegs
00007770   _ScicRegs
000096fd   _ServiceDog
00009a1e   _SetDBGIER
0020fc0a   _Speed_Percent
00007040   _SpiaRegs
00009446   _Str_To_Int
00007010   _SysCtrlRegs
00008762   _System_Quick_ACK
00009195   _TINT0_ISR
0020fc01   _Top_Speed
00009145   _USER10_ISR
0000914f   _USER11_ISR
00009159   _USER12_ISR
000090eb   _USER1_ISR
000090f5   _USER2_ISR
000090ff   _USER3_ISR
00009109   _USER4_ISR
00009113   _USER5_ISR
0000911d   _USER6_ISR
00009127   _USER7_ISR
00009131   _USER8_ISR
0000913b   _USER9_ISR
0000919f   _WAKEINT_ISR
00009177   _XINT1_ISR
00009181   _XINT2_ISR
00009339   _XINT3_ISR
00009343   _XINT4_ISR
0000934d   _XINT5_ISR
00009357   _XINT6_ISR
00009361   _XINT7_ISR
00007070   _XIntruptRegs
00000b20   _XintfRegs
00000700   __STACK_END
00000300   __STACK_SIZE
00000001   __TI_args_main
ffffffff   ___binit__
ffffffff   ___c_args__
00008000   ___cinit__
00009a21   ___etext__
ffffffff   ___pinit__
00008700   ___text__
000099bf   __args_main
0000c004   __cleanup_ptr
0000c006   __dtors_ptr
0000c002   __lock
00009a0e   __nop
00009a0a   __register_lock
00009a06   __register_unlock
00000400   __stack
0000c000   __unlock
000099d8   _abort
00009903   _c_int00
00009678   _delay_loop
000099da   _exit
00009949   _main
00009389   _rsvd_ISR
ffffffff   binit
00008000   cinit
00000000   code_start
00009a21   etext
ffffffff   pinit


GLOBAL SYMBOLS: SORTED BY Symbol Address 

address    name
--------   ----
00000000   code_start
00000001   __TI_args_main
00000300   __STACK_SIZE
00000400   __stack
00000700   __STACK_END
00000880   _DevEmuRegs
00000a80   _FlashRegs
00000ae0   _CsmRegs
00000b00   _AdcMirror
00000b20   _XintfRegs
00000c00   _CpuTimer0Regs
00000c08   _CpuTimer1Regs
00000c10   _CpuTimer2Regs
00000ce0   _PieCtrlRegs
00000d00   _PieVectTable
00001000   _DmaRegs
00005000   _McbspaRegs
00005040   _McbspbRegs
00006000   _ECanaRegs
00006040   _ECanaLAMRegs
00006080   _ECanaMOTSRegs
000060c0   _ECanaMOTORegs
00006100   _ECanaMboxes
00006200   _ECanbRegs
00006240   _ECanbLAMRegs
00006280   _ECanbMOTSRegs
000062c0   _ECanbMOTORegs
00006300   _ECanbMboxes
00006800   _EPwm1Regs
00006840   _EPwm2Regs
00006880   _EPwm3Regs
000068c0   _EPwm4Regs
00006900   _EPwm5Regs
00006940   _EPwm6Regs
00006a00   _ECap1Regs
00006a20   _ECap2Regs
00006a40   _ECap3Regs
00006a60   _ECap4Regs
00006a80   _ECap5Regs
00006aa0   _ECap6Regs
00006b00   _EQep1Regs
00006b40   _EQep2Regs
00006f80   _GpioCtrlRegs
00006fc0   _GpioDataRegs
00006fe0   _GpioIntRegs
00007010   _SysCtrlRegs
00007040   _SpiaRegs
00007050   _SciaRegs
00007070   _XIntruptRegs
00007100   _AdcRegs
00007750   _ScibRegs
00007770   _ScicRegs
00007900   _I2caRegs
00008000   ___cinit__
00008000   cinit
00008033   _InitFlash
0000804e   _DSP28x_usDelay
00008700   .text
00008700   _SCI_RX_Message_Process
00008700   ___text__
00008754   _SCI_Command_Execute
00008762   _System_Quick_ACK
000087a0   _Motion_Range_Set
0000886d   _Body_Parameter_Set
000088c2   _Configuration_Information_Save
00008a58   _Motion_Information_Save
00008ae6   _Axis_Coordinate
00008b3d   _Basic_Motion
00008e2f   _Motor_Init
00008ebd   _SCIRXINTA_ISR
00008f84   _SCITXINTA_ISR
00008fb1   _SCIRXINTC_ISR
00009078   _SCITXINTC_ISR
000090a5   _INT13_ISR
000090af   _INT14_ISR
000090b9   _DATALOG_ISR
000090c3   _RTOSINT_ISR
000090cd   _EMUINT_ISR
000090d7   _NMI_ISR
000090e1   _ILLEGAL_ISR
000090eb   _USER1_ISR
000090f5   _USER2_ISR
000090ff   _USER3_ISR
00009109   _USER4_ISR
00009113   _USER5_ISR
0000911d   _USER6_ISR
00009127   _USER7_ISR
00009131   _USER8_ISR
0000913b   _USER9_ISR
00009145   _USER10_ISR
0000914f   _USER11_ISR
00009159   _USER12_ISR
00009163   _SEQ1INT_ISR
0000916d   _SEQ2INT_ISR
00009177   _XINT1_ISR
00009181   _XINT2_ISR
0000918b   _ADCINT_ISR
00009195   _TINT0_ISR
0000919f   _WAKEINT_ISR
000091a9   _EPWM1_TZINT_ISR
000091b3   _EPWM2_TZINT_ISR
000091bd   _EPWM3_TZINT_ISR
000091c7   _EPWM4_TZINT_ISR
000091d1   _EPWM5_TZINT_ISR
000091db   _EPWM6_TZINT_ISR
000091e5   _EPWM1_INT_ISR
000091ef   _EPWM2_INT_ISR
000091f9   _EPWM3_INT_ISR
00009203   _EPWM4_INT_ISR
0000920d   _EPWM5_INT_ISR
00009217   _EPWM6_INT_ISR
00009221   _ECAP1_INT_ISR
0000922b   _ECAP2_INT_ISR
00009235   _ECAP3_INT_ISR
0000923f   _ECAP4_INT_ISR
00009249   _ECAP5_INT_ISR
00009253   _ECAP6_INT_ISR
0000925d   _EQEP1_INT_ISR
00009267   _EQEP2_INT_ISR
00009271   _SPIRXINTA_ISR
0000927b   _SPITXINTA_ISR
00009285   _MRINTB_ISR
0000928f   _MXINTB_ISR
00009299   _MRINTA_ISR
000092a3   _MXINTA_ISR
000092ad   _DINTCH1_ISR
000092b7   _DINTCH2_ISR
000092c1   _DINTCH3_ISR
000092cb   _DINTCH4_ISR
000092d5   _DINTCH5_ISR
000092df   _DINTCH6_ISR
000092e9   _I2CINT1A_ISR
000092f3   _I2CINT2A_ISR
000092fd   _SCIRXINTB_ISR
00009307   _SCITXINTB_ISR
00009311   _ECAN0INTA_ISR
0000931b   _ECAN1INTA_ISR
00009325   _ECAN0INTB_ISR
0000932f   _ECAN1INTB_ISR
00009339   _XINT3_ISR
00009343   _XINT4_ISR
0000934d   _XINT5_ISR
00009357   _XINT6_ISR
00009361   _XINT7_ISR
0000936b   _LVF_ISR
00009375   _LUF_ISR
0000937f   _PIE_RESERVED
00009389   _rsvd_ISR
00009393   _P_Gpio_Init
000093dc   _P_Led_Init
000093e8   _P_UartA_Init
00009403   _P_UartC_Init
00009417   _P_Board_Init
00009446   _Str_To_Int
00009476   _Get_Check_Num
00009487   _Check_Char_To_Int
000094c3   _Check_Int_To_Char
000094f2   _SCIA_Data_Int
00009506   _SCIC_Data_Int
0000951a   _SCIA_Tx
00009542   _SCIC_Tx
0000956a   _GpioA_Out
00009575   _GpioA_In
00009580   _Data_Write
000095a2   _Data_Read
000095c8   _Motor_X_Set
000095f4   _Motor_Y_Set
00009620   _Motor_Z_Set
0000964c   _Motor_R_Set
00009678   _delay_loop
00009683   _Delay
0000968d   _My_Nop
00009697   _Delay_s
000096ab   _Delay_ms
000096c5   _Information_Int
000096f4   _InitSysCtrl
000096fd   _ServiceDog
00009707   _DisableDog
0000970f   _InitPll
0000975b   _InitPeripheralClocks
000097b6   _CsmUnlock
000097e7   _InitXintf
00009825   _InitXintf32Gpio
0000986c   _InitXintf16Gpio
000098ba   _Add_Bus
000098cc   _DATA_Bus_Write
000098dd   _DATA_Bus_Read
000098e4   _Data_Bus_Out
000098f6   _Data_Bus_In
00009903   _c_int00
00009949   _main
00009977   _InitPieCtrl
00009996   _EnableInterrupts
0000999f   _InitPieVectTable
000099bf   __args_main
000099d8   C$$EXIT
000099d8   _abort
000099da   _exit
000099f1   _MemCopy
00009a06   __register_unlock
00009a0a   __register_lock
00009a0e   __nop
00009a17   _DSP28x_DisableInt
00009a1b   _DSP28x_RestoreInt
00009a1e   _SetDBGIER
00009a21   ___etext__
00009a21   etext
0000c000   __unlock
0000c002   __lock
0000c004   __cleanup_ptr
0000c006   __dtors_ptr
0000c008   _ACK_SCI_Cmd
0000d000   _PieVectTableInit
0020fc00   _Axis_X
0020fc01   _Top_Speed
0020fc02   _Axis_R
0020fc03   _Axis_Z
0020fc04   _Axis_Y
0020fc05   _Run_Flag
0020fc06   _Rx_Range
0020fc08   _Rx_Long
0020fc0a   _Speed_Percent
0020fc0c   _Information_Num
0020fc10   _Robot_Run_Reg
0020fc15   _SCIA_Tx_Message
0020fc20   _SCIC_Tx_Message
0020fc40   _Rx_Motion
0020fc80   _SCIC_Data
0020fd40   _SCIA_Data
0020fe00   _Rx_Configuration
0020ffc0   _Rx_Range_Buff
002101c0   _Rx_Motion_Buff
002103c0   _Rx_Configuration_Buff
002105c0   _Rx_Long_Buff
0033fff8   _CsmPwl
00380080   _ADC_cal
00380090   _PartIdRegs
ffffffff   ___binit__
ffffffff   ___c_args__
ffffffff   ___pinit__
ffffffff   binit
ffffffff   pinit

[242 symbols]
