<?xml version="1.0"?>
<link_info>
   <banner>TMS320C2000 Linker PC v6.1.0</banner>
   <copyright>Copyright (c) 1996-2012 Texas Instruments Incorporated</copyright>
   <link_time>0x57a2de82</link_time>
   <output_file>Qixin2.out</output_file>
   <entry_point>
      <name>_c_int00</name>
      <address>0xb9bb</address>
   </entry_point>
   <input_file_list>
      <input_file id="fl-2">
         <path>.\souce\</path>
         <kind>object</kind>
         <file>Bus.obj</file>
         <name>Bus.obj</name>
      </input_file>
      <input_file id="fl-3">
         <path>.\souce\</path>
         <kind>object</kind>
         <file>DSP2833x_ADC_cal.obj</file>
         <name>DSP2833x_ADC_cal.obj</name>
      </input_file>
      <input_file id="fl-4">
         <path>.\souce\</path>
         <kind>object</kind>
         <file>DSP2833x_CSMPasswords.obj</file>
         <name>DSP2833x_CSMPasswords.obj</name>
      </input_file>
      <input_file id="fl-5">
         <path>.\souce\</path>
         <kind>object</kind>
         <file>DSP2833x_CodeStartBranch.obj</file>
         <name>DSP2833x_CodeStartBranch.obj</name>
      </input_file>
      <input_file id="fl-6">
         <path>.\souce\</path>
         <kind>object</kind>
         <file>DSP2833x_DBGIER.obj</file>
         <name>DSP2833x_DBGIER.obj</name>
      </input_file>
      <input_file id="fl-7">
         <path>.\souce\</path>
         <kind>object</kind>
         <file>DSP2833x_DefaultIsr.obj</file>
         <name>DSP2833x_DefaultIsr.obj</name>
      </input_file>
      <input_file id="fl-8">
         <path>.\souce\</path>
         <kind>object</kind>
         <file>DSP2833x_DisInt.obj</file>
         <name>DSP2833x_DisInt.obj</name>
      </input_file>
      <input_file id="fl-9">
         <path>.\souce\</path>
         <kind>object</kind>
         <file>DSP2833x_GlobalVariableDefs.obj</file>
         <name>DSP2833x_GlobalVariableDefs.obj</name>
      </input_file>
      <input_file id="fl-a">
         <path>.\souce\</path>
         <kind>object</kind>
         <file>DSP2833x_MemCopy.obj</file>
         <name>DSP2833x_MemCopy.obj</name>
      </input_file>
      <input_file id="fl-b">
         <path>.\souce\</path>
         <kind>object</kind>
         <file>DSP2833x_PieCtrl.obj</file>
         <name>DSP2833x_PieCtrl.obj</name>
      </input_file>
      <input_file id="fl-c">
         <path>.\souce\</path>
         <kind>object</kind>
         <file>DSP2833x_PieVect.obj</file>
         <name>DSP2833x_PieVect.obj</name>
      </input_file>
      <input_file id="fl-d">
         <path>.\souce\</path>
         <kind>object</kind>
         <file>DSP2833x_SysCtrl.obj</file>
         <name>DSP2833x_SysCtrl.obj</name>
      </input_file>
      <input_file id="fl-e">
         <path>.\souce\</path>
         <kind>object</kind>
         <file>DSP2833x_Xintf.obj</file>
         <name>DSP2833x_Xintf.obj</name>
      </input_file>
      <input_file id="fl-f">
         <path>.\souce\</path>
         <kind>object</kind>
         <file>DSP2833x_usDelay.obj</file>
         <name>DSP2833x_usDelay.obj</name>
      </input_file>
      <input_file id="fl-10">
         <path>.\souce\</path>
         <kind>object</kind>
         <file>PlatForm.obj</file>
         <name>PlatForm.obj</name>
      </input_file>
      <input_file id="fl-11">
         <path>.\souce\</path>
         <kind>object</kind>
         <file>Reply.obj</file>
         <name>Reply.obj</name>
      </input_file>
      <input_file id="fl-12">
         <path>.\souce\</path>
         <kind>object</kind>
         <file>SPI_Flash.obj</file>
         <name>SPI_Flash.obj</name>
      </input_file>
      <input_file id="fl-13">
         <path>.\souce\</path>
         <kind>object</kind>
         <file>Save.obj</file>
         <name>Save.obj</name>
      </input_file>
      <input_file id="fl-14">
         <path>.\souce\</path>
         <kind>object</kind>
         <file>command_processing.obj</file>
         <name>command_processing.obj</name>
      </input_file>
      <input_file id="fl-15">
         <path>.\souce\</path>
         <kind>object</kind>
         <file>control.obj</file>
         <name>control.obj</name>
      </input_file>
      <input_file id="fl-16">
         <path>.\souce\</path>
         <kind>object</kind>
         <file>main.obj</file>
         <name>main.obj</name>
      </input_file>
      <input_file id="fl-1e">
         <path>..\lib\</path>
         <kind>archive</kind>
         <file>rts2800_fpu32.lib</file>
         <name>boot.obj</name>
      </input_file>
      <input_file id="fl-1f">
         <path>..\lib\</path>
         <kind>archive</kind>
         <file>rts2800_fpu32.lib</file>
         <name>exit.obj</name>
      </input_file>
      <input_file id="fl-20">
         <path>..\lib\</path>
         <kind>archive</kind>
         <file>rts2800_fpu32.lib</file>
         <name>fs_div.obj</name>
      </input_file>
      <input_file id="fl-21">
         <path>..\lib\</path>
         <kind>archive</kind>
         <file>rts2800_fpu32.lib</file>
         <name>l_div.obj</name>
      </input_file>
      <input_file id="fl-22">
         <path>..\lib\</path>
         <kind>archive</kind>
         <file>rts2800_fpu32.lib</file>
         <name>u_div.obj</name>
      </input_file>
      <input_file id="fl-23">
         <path>..\lib\</path>
         <kind>archive</kind>
         <file>rts2800_fpu32.lib</file>
         <name>_lock.obj</name>
      </input_file>
      <input_file id="fl-24">
         <path>..\lib\</path>
         <kind>archive</kind>
         <file>rts2800_fpu32.lib</file>
         <name>args_main.obj</name>
      </input_file>
      <input_file id="fl-25">
         <path>..\lib\</path>
         <kind>archive</kind>
         <file>scara_lib.lib</file>
         <name>scara_math.obj</name>
      </input_file>
      <input_file id="fl-26">
         <path>..\lib\</path>
         <kind>archive</kind>
         <file>rts2800_fpu32.lib</file>
         <name>atan2.obj</name>
      </input_file>
      <input_file id="fl-27">
         <path>..\lib\</path>
         <kind>archive</kind>
         <file>rts2800_fpu32.lib</file>
         <name>errno.obj</name>
      </input_file>
      <input_file id="fl-28">
         <path>..\lib\</path>
         <kind>archive</kind>
         <file>rts2800_fpu32.lib</file>
         <name>frexp.obj</name>
      </input_file>
      <input_file id="fl-29">
         <path>..\lib\</path>
         <kind>archive</kind>
         <file>rts2800_fpu32.lib</file>
         <name>pow.obj</name>
      </input_file>
      <input_file id="fl-2a">
         <path>..\lib\</path>
         <kind>archive</kind>
         <file>rts2800_fpu32.lib</file>
         <name>sqrt.obj</name>
      </input_file>
      <input_file id="fl-2b">
         <path>..\lib\</path>
         <kind>archive</kind>
         <file>rts2800_fpu32.lib</file>
         <name>_log.obj</name>
      </input_file>
      <input_file id="fl-2c">
         <path>..\lib\</path>
         <kind>archive</kind>
         <file>rts2800_fpu32.lib</file>
         <name>exp.obj</name>
      </input_file>
      <input_file id="fl-2d">
         <path>..\lib\</path>
         <kind>archive</kind>
         <file>rts2800_fpu32.lib</file>
         <name>i_div.obj</name>
      </input_file>
      <input_file id="fl-2e">
         <path>..\lib\</path>
         <kind>archive</kind>
         <file>rts2800_fpu32.lib</file>
         <name>ldexp.obj</name>
      </input_file>
   </input_file_list>
   <object_component_list>
      <object_component id="oc-57">
         <name>codestart</name>
         <load_address>0x0</load_address>
         <run_address>0x0</run_address>
         <size>0x2</size>
         <input_file_ref idref="fl-5"/>
      </object_component>
      <object_component id="oc-af">
         <name>ramfuncs</name>
         <load_address>0x8000</load_address>
         <run_address>0x8000</run_address>
         <size>0x1b</size>
         <input_file_ref idref="fl-d"/>
      </object_component>
      <object_component id="oc-b8">
         <name>ramfuncs</name>
         <load_address>0x801b</load_address>
         <run_address>0x801b</run_address>
         <size>0x4</size>
         <input_file_ref idref="fl-f"/>
      </object_component>
      <object_component id="oc-c3">
         <name>.text</name>
         <load_address>0x8700</load_address>
         <run_address>0x8700</run_address>
         <size>0xb4b</size>
         <input_file_ref idref="fl-11"/>
      </object_component>
      <object_component id="oc-141">
         <name>.text</name>
         <load_address>0x924b</load_address>
         <run_address>0x924b</run_address>
         <size>0x934</size>
         <input_file_ref idref="fl-25"/>
      </object_component>
      <object_component id="oc-d7">
         <name>.text</name>
         <load_address>0x9b7f</load_address>
         <run_address>0x9b7f</run_address>
         <size>0x7f0</size>
         <input_file_ref idref="fl-15"/>
      </object_component>
      <object_component id="oc-61">
         <name>.text:retain</name>
         <load_address>0xa36f</load_address>
         <run_address>0xa36f</run_address>
         <size>0x538</size>
         <input_file_ref idref="fl-7"/>
      </object_component>
      <object_component id="oc-bc">
         <name>.text</name>
         <load_address>0xa8a7</load_address>
         <run_address>0xa8a7</run_address>
         <size>0x4cb</size>
         <input_file_ref idref="fl-10"/>
      </object_component>
      <object_component id="oc-cd">
         <name>.text</name>
         <load_address>0xad72</load_address>
         <run_address>0xad72</run_address>
         <size>0x4af</size>
         <input_file_ref idref="fl-13"/>
      </object_component>
      <object_component id="oc-d2">
         <name>.text</name>
         <load_address>0xb221</load_address>
         <run_address>0xb221</run_address>
         <size>0x19b</size>
         <input_file_ref idref="fl-14"/>
      </object_component>
      <object_component id="oc-c8">
         <name>.text</name>
         <load_address>0xb3bc</load_address>
         <run_address>0xb3bc</run_address>
         <size>0x18c</size>
         <input_file_ref idref="fl-12"/>
      </object_component>
      <object_component id="oc-ad">
         <name>.text</name>
         <load_address>0xb548</load_address>
         <run_address>0xb548</run_address>
         <size>0xf3</size>
         <input_file_ref idref="fl-d"/>
      </object_component>
      <object_component id="oc-b3">
         <name>.text</name>
         <load_address>0xb63b</load_address>
         <run_address>0xb63b</run_address>
         <size>0xd3</size>
         <input_file_ref idref="fl-e"/>
      </object_component>
      <object_component id="oc-108">
         <name>.text</name>
         <load_address>0xb70e</load_address>
         <run_address>0xb70e</run_address>
         <size>0xc4</size>
         <input_file_ref idref="fl-26"/>
      </object_component>
      <object_component id="oc-ed">
         <name>.text</name>
         <load_address>0xb7d2</load_address>
         <run_address>0xb7d2</run_address>
         <size>0x88</size>
         <input_file_ref idref="fl-20"/>
      </object_component>
      <object_component id="oc-120">
         <name>.text</name>
         <load_address>0xb85a</load_address>
         <run_address>0xb85a</run_address>
         <size>0x6a</size>
         <input_file_ref idref="fl-2c"/>
      </object_component>
      <object_component id="oc-114">
         <name>.text</name>
         <load_address>0xb8c4</load_address>
         <run_address>0xb8c4</run_address>
         <size>0x5a</size>
         <input_file_ref idref="fl-29"/>
      </object_component>
      <object_component id="oc-11c">
         <name>.text</name>
         <load_address>0xb91e</load_address>
         <run_address>0xb91e</run_address>
         <size>0x54</size>
         <input_file_ref idref="fl-2b"/>
      </object_component>
      <object_component id="oc-4b">
         <name>.text</name>
         <load_address>0xb972</load_address>
         <run_address>0xb972</run_address>
         <size>0x49</size>
         <input_file_ref idref="fl-2"/>
      </object_component>
      <object_component id="oc-4a">
         <name>.text</name>
         <load_address>0xb9bb</load_address>
         <run_address>0xb9bb</run_address>
         <size>0x46</size>
         <input_file_ref idref="fl-1e"/>
      </object_component>
      <object_component id="oc-128">
         <name>.text</name>
         <load_address>0xba01</load_address>
         <run_address>0xba01</run_address>
         <size>0x35</size>
         <input_file_ref idref="fl-2e"/>
      </object_component>
      <object_component id="oc-dd">
         <name>.text</name>
         <load_address>0xba36</load_address>
         <run_address>0xba36</run_address>
         <size>0x34</size>
         <input_file_ref idref="fl-16"/>
      </object_component>
      <object_component id="oc-f1">
         <name>.text</name>
         <load_address>0xba6a</load_address>
         <run_address>0xba6a</run_address>
         <size>0x2a</size>
         <input_file_ref idref="fl-21"/>
      </object_component>
      <object_component id="oc-a2">
         <name>.text</name>
         <load_address>0xba94</load_address>
         <run_address>0xba94</run_address>
         <size>0x28</size>
         <input_file_ref idref="fl-b"/>
      </object_component>
      <object_component id="oc-118">
         <name>.text</name>
         <load_address>0xbabc</load_address>
         <run_address>0xbabc</run_address>
         <size>0x23</size>
         <input_file_ref idref="fl-2a"/>
      </object_component>
      <object_component id="oc-124">
         <name>.text</name>
         <load_address>0xbadf</load_address>
         <run_address>0xbadf</run_address>
         <size>0x22</size>
         <input_file_ref idref="fl-2d"/>
      </object_component>
      <object_component id="oc-a7">
         <name>.text</name>
         <load_address>0xbb01</load_address>
         <run_address>0xbb01</run_address>
         <size>0x20</size>
         <input_file_ref idref="fl-c"/>
      </object_component>
      <object_component id="oc-ff">
         <name>.text</name>
         <load_address>0xbb21</load_address>
         <run_address>0xbb21</run_address>
         <size>0x19</size>
         <input_file_ref idref="fl-24"/>
      </object_component>
      <object_component id="oc-e7">
         <name>.text</name>
         <load_address>0xbb3a</load_address>
         <run_address>0xbb3a</run_address>
         <size>0x19</size>
         <input_file_ref idref="fl-1f"/>
      </object_component>
      <object_component id="oc-110">
         <name>.text</name>
         <load_address>0xbb53</load_address>
         <run_address>0xbb53</run_address>
         <size>0x16</size>
         <input_file_ref idref="fl-28"/>
      </object_component>
      <object_component id="oc-9d">
         <name>.text</name>
         <load_address>0xbb69</load_address>
         <run_address>0xbb69</run_address>
         <size>0x15</size>
         <input_file_ref idref="fl-a"/>
      </object_component>
      <object_component id="oc-f5">
         <name>.text</name>
         <load_address>0xbb7e</load_address>
         <run_address>0xbb7e</run_address>
         <size>0xb</size>
         <input_file_ref idref="fl-22"/>
      </object_component>
      <object_component id="oc-f9">
         <name>.text</name>
         <load_address>0xbb89</load_address>
         <run_address>0xbb89</run_address>
         <size>0x9</size>
         <input_file_ref idref="fl-23"/>
      </object_component>
      <object_component id="oc-56">
         <name>.text</name>
         <load_address>0xbb92</load_address>
         <run_address>0xbb92</run_address>
         <size>0x8</size>
         <input_file_ref idref="fl-5"/>
      </object_component>
      <object_component id="oc-65">
         <name>.text</name>
         <load_address>0xbb9a</load_address>
         <run_address>0xbb9a</run_address>
         <size>0x7</size>
         <input_file_ref idref="fl-8"/>
      </object_component>
      <object_component id="oc-5b">
         <name>.text</name>
         <load_address>0xbba1</load_address>
         <run_address>0xbba1</run_address>
         <size>0x3</size>
         <input_file_ref idref="fl-6"/>
      </object_component>
      <object_component id="oc-fb">
         <name>.cinit</name>
         <load_address>0x801f</load_address>
         <run_address>0x801f</run_address>
         <size>0xa</size>
         <input_file_ref idref="fl-23"/>
      </object_component>
      <object_component id="oc-e9">
         <name>.cinit</name>
         <load_address>0x8029</load_address>
         <run_address>0x8029</run_address>
         <size>0xa</size>
         <input_file_ref idref="fl-1f"/>
      </object_component>
      <object_component id="oc-10d">
         <name>.cinit</name>
         <load_address>0x8033</load_address>
         <run_address>0x8033</run_address>
         <size>0x4</size>
         <input_file_ref idref="fl-27"/>
      </object_component>
      <object_component id="oc-e2">
         <name>.stack</name>
         <uninitialized>true</uninitialized>
         <run_address>0x400</run_address>
         <size>0x0</size>
         <input_file_ref idref="fl-1e"/>
      </object_component>
      <object_component id="oc-19d">
         <name>.stack</name>
         <uninitialized>true</uninitialized>
         <run_address>0x400</run_address>
         <size>0x0</size>
      </object_component>
      <object_component id="oc-60">
         <name>.ebss</name>
         <uninitialized>true</uninitialized>
         <run_address>0xc094</run_address>
         <size>0x2</size>
         <input_file_ref idref="fl-7"/>
      </object_component>
      <object_component id="oc-bf">
         <name>.ebss</name>
         <uninitialized>true</uninitialized>
         <run_address>0xc000</run_address>
         <size>0x80</size>
         <input_file_ref idref="fl-10"/>
      </object_component>
      <object_component id="oc-ea">
         <name>.ebss</name>
         <uninitialized>true</uninitialized>
         <run_address>0xc090</run_address>
         <size>0x4</size>
         <input_file_ref idref="fl-1f"/>
      </object_component>
      <object_component id="oc-fc">
         <name>.ebss</name>
         <uninitialized>true</uninitialized>
         <run_address>0xc08c</run_address>
         <size>0x4</size>
         <input_file_ref idref="fl-23"/>
      </object_component>
      <object_component id="oc-104">
         <name>.ebss</name>
         <uninitialized>true</uninitialized>
         <run_address>0xc080</run_address>
         <size>0xb</size>
         <input_file_ref idref="fl-25"/>
      </object_component>
      <object_component id="oc-10e">
         <name>.ebss</name>
         <uninitialized>true</uninitialized>
         <run_address>0xc08b</run_address>
         <size>0x1</size>
         <input_file_ref idref="fl-27"/>
      </object_component>
      <object_component id="oc-a9">
         <name>.econst</name>
         <load_address>0xd000</load_address>
         <run_address>0xd000</run_address>
         <size>0x100</size>
         <input_file_ref idref="fl-c"/>
      </object_component>
      <object_component id="oc-132">
         <name>.econst:_$P$T1$2</name>
         <load_address>0xd100</load_address>
         <run_address>0xd100</run_address>
         <size>0x3b</size>
         <input_file_ref idref="fl-11"/>
      </object_component>
      <object_component id="oc-137">
         <name>.econst:_$P$T6$7</name>
         <load_address>0xd13b</load_address>
         <run_address>0xd13b</run_address>
         <size>0x2c</size>
         <input_file_ref idref="fl-11"/>
      </object_component>
      <object_component id="oc-131">
         <name>.econst:_$P$T0$1</name>
         <load_address>0xd167</load_address>
         <run_address>0xd167</run_address>
         <size>0x23</size>
         <input_file_ref idref="fl-11"/>
      </object_component>
      <object_component id="oc-133">
         <name>.econst:_$P$T2$3</name>
         <load_address>0xd18a</load_address>
         <run_address>0xd18a</run_address>
         <size>0x1f</size>
         <input_file_ref idref="fl-11"/>
      </object_component>
      <object_component id="oc-12f">
         <name>.econst:_$P$T3$4</name>
         <load_address>0xd1a9</load_address>
         <run_address>0xd1a9</run_address>
         <size>0x1c</size>
         <input_file_ref idref="fl-10"/>
      </object_component>
      <object_component id="oc-134">
         <name>.econst:_$P$T3$4</name>
         <load_address>0xd1c5</load_address>
         <run_address>0xd1c5</run_address>
         <size>0x17</size>
         <input_file_ref idref="fl-11"/>
      </object_component>
      <object_component id="oc-12c">
         <name>.econst:_$P$T0$1</name>
         <load_address>0xd1dc</load_address>
         <run_address>0xd1dc</run_address>
         <size>0x11</size>
         <input_file_ref idref="fl-10"/>
      </object_component>
      <object_component id="oc-12d">
         <name>.econst:_$P$T1$2</name>
         <load_address>0xd1ed</load_address>
         <run_address>0xd1ed</run_address>
         <size>0x11</size>
         <input_file_ref idref="fl-10"/>
      </object_component>
      <object_component id="oc-12e">
         <name>.econst:_$P$T2$3</name>
         <load_address>0xd1fe</load_address>
         <run_address>0xd1fe</run_address>
         <size>0x11</size>
         <input_file_ref idref="fl-10"/>
      </object_component>
      <object_component id="oc-13a">
         <name>.econst:_$P$T2$3</name>
         <load_address>0xd20f</load_address>
         <run_address>0xd20f</run_address>
         <size>0x11</size>
         <input_file_ref idref="fl-13"/>
      </object_component>
      <object_component id="oc-13c">
         <name>.econst:_$P$T4$5</name>
         <load_address>0xd220</load_address>
         <run_address>0xd220</run_address>
         <size>0x11</size>
         <input_file_ref idref="fl-13"/>
      </object_component>
      <object_component id="oc-140">
         <name>.econst:_$P$T8$9</name>
         <load_address>0xd231</load_address>
         <run_address>0xd231</run_address>
         <size>0x11</size>
         <input_file_ref idref="fl-13"/>
      </object_component>
      <object_component id="oc-136">
         <name>.econst:_$P$T5$6</name>
         <load_address>0xd242</load_address>
         <run_address>0xd242</run_address>
         <size>0x10</size>
         <input_file_ref idref="fl-11"/>
      </object_component>
      <object_component id="oc-138">
         <name>.econst:_$P$T0$1</name>
         <load_address>0xd252</load_address>
         <run_address>0xd252</run_address>
         <size>0xc</size>
         <input_file_ref idref="fl-13"/>
      </object_component>
      <object_component id="oc-139">
         <name>.econst:_$P$T1$2</name>
         <load_address>0xd25e</load_address>
         <run_address>0xd25e</run_address>
         <size>0xc</size>
         <input_file_ref idref="fl-13"/>
      </object_component>
      <object_component id="oc-143">
         <name>.econst:_$P$T10$11</name>
         <load_address>0xd26a</load_address>
         <run_address>0xd26a</run_address>
         <size>0xc</size>
         <input_file_ref idref="fl-13"/>
      </object_component>
      <object_component id="oc-13b">
         <name>.econst:_$P$T3$4</name>
         <load_address>0xd276</load_address>
         <run_address>0xd276</run_address>
         <size>0xc</size>
         <input_file_ref idref="fl-13"/>
      </object_component>
      <object_component id="oc-130">
         <name>.econst:_$P$T4$5</name>
         <load_address>0xd282</load_address>
         <run_address>0xd282</run_address>
         <size>0xc</size>
         <input_file_ref idref="fl-10"/>
      </object_component>
      <object_component id="oc-13d">
         <name>.econst:_$P$T5$6</name>
         <load_address>0xd28e</load_address>
         <run_address>0xd28e</run_address>
         <size>0xc</size>
         <input_file_ref idref="fl-13"/>
      </object_component>
      <object_component id="oc-13e">
         <name>.econst:_$P$T6$7</name>
         <load_address>0xd29a</load_address>
         <run_address>0xd29a</run_address>
         <size>0xc</size>
         <input_file_ref idref="fl-13"/>
      </object_component>
      <object_component id="oc-13f">
         <name>.econst:_$P$T7$8</name>
         <load_address>0xd2a6</load_address>
         <run_address>0xd2a6</run_address>
         <size>0xc</size>
         <input_file_ref idref="fl-13"/>
      </object_component>
      <object_component id="oc-142">
         <name>.econst:_$P$T9$10</name>
         <load_address>0xd2b2</load_address>
         <run_address>0xd2b2</run_address>
         <size>0xc</size>
         <input_file_ref idref="fl-13"/>
      </object_component>
      <object_component id="oc-144">
         <name>.econst:_$P$T0$1</name>
         <load_address>0xd2be</load_address>
         <run_address>0xd2be</run_address>
         <size>0xb</size>
         <input_file_ref idref="fl-14"/>
      </object_component>
      <object_component id="oc-147">
         <name>.econst:_$P$T0$1</name>
         <load_address>0xd2c9</load_address>
         <run_address>0xd2c9</run_address>
         <size>0xb</size>
         <input_file_ref idref="fl-15"/>
      </object_component>
      <object_component id="oc-145">
         <name>.econst:_$P$T1$2</name>
         <load_address>0xd2d4</load_address>
         <run_address>0xd2d4</run_address>
         <size>0xb</size>
         <input_file_ref idref="fl-14"/>
      </object_component>
      <object_component id="oc-146">
         <name>.econst:_$P$T2$3</name>
         <load_address>0xd2df</load_address>
         <run_address>0xd2df</run_address>
         <size>0xb</size>
         <input_file_ref idref="fl-14"/>
      </object_component>
      <object_component id="oc-135">
         <name>.econst:_$P$T4$5</name>
         <load_address>0xd2ea</load_address>
         <run_address>0xd2ea</run_address>
         <size>0xb</size>
         <input_file_ref idref="fl-11"/>
      </object_component>
      <object_component id="oc-149">
         <name>.econst:_$P$T0$1</name>
         <load_address>0xd2f6</load_address>
         <run_address>0xd2f6</run_address>
         <size>0x8</size>
         <input_file_ref idref="fl-25"/>
      </object_component>
      <object_component id="oc-14a">
         <name>.econst:_$P$T1$2</name>
         <load_address>0xd2fe</load_address>
         <run_address>0xd2fe</run_address>
         <size>0x8</size>
         <input_file_ref idref="fl-25"/>
      </object_component>
      <object_component id="oc-14b">
         <name>.econst:_$P$T2$3</name>
         <load_address>0xd306</load_address>
         <run_address>0xd306</run_address>
         <size>0x8</size>
         <input_file_ref idref="fl-25"/>
      </object_component>
      <object_component id="oc-148">
         <name>.econst:_a$1</name>
         <load_address>0xd30e</load_address>
         <run_address>0xd30e</run_address>
         <size>0x8</size>
         <input_file_ref idref="fl-26"/>
      </object_component>
      <object_component id="oc-d9">
         <name>.econst</name>
         <load_address>0xd316</load_address>
         <run_address>0xd316</run_address>
         <size>0x8</size>
         <input_file_ref idref="fl-15"/>
      </object_component>
      <object_component id="oc-be">
         <name>ZONE7DATA</name>
         <uninitialized>true</uninitialized>
         <run_address>0x20fc00</run_address>
         <size>0xc60</size>
         <input_file_ref idref="fl-10"/>
      </object_component>
      <object_component id="oc-e3">
         <name>.reset</name>
         <load_address>0x3fffc0</load_address>
         <run_address>0x3fffc0</run_address>
         <size>0x2</size>
         <input_file_ref idref="fl-1e"/>
      </object_component>
      <object_component id="oc-55">
         <name>csm_rsvd</name>
         <load_address>0x33ff80</load_address>
         <run_address>0x33ff80</run_address>
         <size>0x76</size>
         <input_file_ref idref="fl-4"/>
      </object_component>
      <object_component id="oc-54">
         <name>csmpasswds</name>
         <load_address>0x33fff8</load_address>
         <run_address>0x33fff8</run_address>
         <size>0x8</size>
         <input_file_ref idref="fl-4"/>
      </object_component>
      <object_component id="oc-50">
         <name>.adc_cal</name>
         <load_address>0x380080</load_address>
         <run_address>0x380080</run_address>
         <size>0x7</size>
         <input_file_ref idref="fl-3"/>
      </object_component>
      <object_component id="oc-9b">
         <name>PieVectTableFile</name>
         <uninitialized>true</uninitialized>
         <run_address>0xd00</run_address>
         <size>0x100</size>
         <input_file_ref idref="fl-9"/>
      </object_component>
      <object_component id="oc-97">
         <name>DevEmuRegsFile</name>
         <uninitialized>true</uninitialized>
         <run_address>0x880</run_address>
         <size>0xd0</size>
         <input_file_ref idref="fl-9"/>
      </object_component>
      <object_component id="oc-6d">
         <name>FlashRegsFile</name>
         <uninitialized>true</uninitialized>
         <run_address>0xa80</run_address>
         <size>0x8</size>
         <input_file_ref idref="fl-9"/>
      </object_component>
      <object_component id="oc-75">
         <name>CsmRegsFile</name>
         <uninitialized>true</uninitialized>
         <run_address>0xae0</run_address>
         <size>0x10</size>
         <input_file_ref idref="fl-9"/>
      </object_component>
      <object_component id="oc-76">
         <name>AdcMirrorFile</name>
         <uninitialized>true</uninitialized>
         <run_address>0xb00</run_address>
         <size>0x10</size>
         <input_file_ref idref="fl-9"/>
      </object_component>
      <object_component id="oc-7a">
         <name>XintfRegsFile</name>
         <uninitialized>true</uninitialized>
         <run_address>0xb20</run_address>
         <size>0x1e</size>
         <input_file_ref idref="fl-9"/>
      </object_component>
      <object_component id="oc-6e">
         <name>CpuTimer0RegsFile</name>
         <uninitialized>true</uninitialized>
         <run_address>0xc00</run_address>
         <size>0x8</size>
         <input_file_ref idref="fl-9"/>
      </object_component>
      <object_component id="oc-6f">
         <name>CpuTimer1RegsFile</name>
         <uninitialized>true</uninitialized>
         <run_address>0xc08</run_address>
         <size>0x8</size>
         <input_file_ref idref="fl-9"/>
      </object_component>
      <object_component id="oc-6b">
         <name>CpuTimer2RegsFile</name>
         <uninitialized>true</uninitialized>
         <run_address>0xc10</run_address>
         <size>0x8</size>
         <input_file_ref idref="fl-9"/>
      </object_component>
      <object_component id="oc-78">
         <name>PieCtrlRegsFile</name>
         <uninitialized>true</uninitialized>
         <run_address>0xce0</run_address>
         <size>0x1a</size>
         <input_file_ref idref="fl-9"/>
      </object_component>
      <object_component id="oc-98">
         <name>DmaRegsFile</name>
         <uninitialized>true</uninitialized>
         <run_address>0x1000</run_address>
         <size>0xe0</size>
         <input_file_ref idref="fl-9"/>
      </object_component>
      <object_component id="oc-8b">
         <name>McbspaRegsFile</name>
         <uninitialized>true</uninitialized>
         <run_address>0x5000</run_address>
         <size>0x25</size>
         <input_file_ref idref="fl-9"/>
      </object_component>
      <object_component id="oc-8a">
         <name>McbspbRegsFile</name>
         <uninitialized>true</uninitialized>
         <run_address>0x5040</run_address>
         <size>0x25</size>
         <input_file_ref idref="fl-9"/>
      </object_component>
      <object_component id="oc-8d">
         <name>ECanaRegsFile</name>
         <uninitialized>true</uninitialized>
         <run_address>0x6000</run_address>
         <size>0x34</size>
         <input_file_ref idref="fl-9"/>
      </object_component>
      <object_component id="oc-91">
         <name>ECanaLAMRegsFile</name>
         <uninitialized>true</uninitialized>
         <run_address>0x6040</run_address>
         <size>0x40</size>
         <input_file_ref idref="fl-9"/>
      </object_component>
      <object_component id="oc-9a">
         <name>ECanaMboxesFile</name>
         <uninitialized>true</uninitialized>
         <run_address>0x6100</run_address>
         <size>0x100</size>
         <input_file_ref idref="fl-9"/>
      </object_component>
      <object_component id="oc-92">
         <name>ECanaMOTSRegsFile</name>
         <uninitialized>true</uninitialized>
         <run_address>0x6080</run_address>
         <size>0x40</size>
         <input_file_ref idref="fl-9"/>
      </object_component>
      <object_component id="oc-8f">
         <name>ECanaMOTORegsFile</name>
         <uninitialized>true</uninitialized>
         <run_address>0x60c0</run_address>
         <size>0x40</size>
         <input_file_ref idref="fl-9"/>
      </object_component>
      <object_component id="oc-8e">
         <name>ECanbRegsFile</name>
         <uninitialized>true</uninitialized>
         <run_address>0x6200</run_address>
         <size>0x34</size>
         <input_file_ref idref="fl-9"/>
      </object_component>
      <object_component id="oc-96">
         <name>ECanbLAMRegsFile</name>
         <uninitialized>true</uninitialized>
         <run_address>0x6240</run_address>
         <size>0x40</size>
         <input_file_ref idref="fl-9"/>
      </object_component>
      <object_component id="oc-99">
         <name>ECanbMboxesFile</name>
         <uninitialized>true</uninitialized>
         <run_address>0x6300</run_address>
         <size>0x100</size>
         <input_file_ref idref="fl-9"/>
      </object_component>
      <object_component id="oc-90">
         <name>ECanbMOTSRegsFile</name>
         <uninitialized>true</uninitialized>
         <run_address>0x6280</run_address>
         <size>0x40</size>
         <input_file_ref idref="fl-9"/>
      </object_component>
      <object_component id="oc-93">
         <name>ECanbMOTORegsFile</name>
         <uninitialized>true</uninitialized>
         <run_address>0x62c0</run_address>
         <size>0x40</size>
         <input_file_ref idref="fl-9"/>
      </object_component>
      <object_component id="oc-88">
         <name>EPwm1RegsFile</name>
         <uninitialized>true</uninitialized>
         <run_address>0x6800</run_address>
         <size>0x22</size>
         <input_file_ref idref="fl-9"/>
      </object_component>
      <object_component id="oc-83">
         <name>EPwm2RegsFile</name>
         <uninitialized>true</uninitialized>
         <run_address>0x6840</run_address>
         <size>0x22</size>
         <input_file_ref idref="fl-9"/>
      </object_component>
      <object_component id="oc-84">
         <name>EPwm3RegsFile</name>
         <uninitialized>true</uninitialized>
         <run_address>0x6880</run_address>
         <size>0x22</size>
         <input_file_ref idref="fl-9"/>
      </object_component>
      <object_component id="oc-89">
         <name>EPwm4RegsFile</name>
         <uninitialized>true</uninitialized>
         <run_address>0x68c0</run_address>
         <size>0x22</size>
         <input_file_ref idref="fl-9"/>
      </object_component>
      <object_component id="oc-86">
         <name>EPwm5RegsFile</name>
         <uninitialized>true</uninitialized>
         <run_address>0x6900</run_address>
         <size>0x22</size>
         <input_file_ref idref="fl-9"/>
      </object_component>
      <object_component id="oc-87">
         <name>EPwm6RegsFile</name>
         <uninitialized>true</uninitialized>
         <run_address>0x6940</run_address>
         <size>0x22</size>
         <input_file_ref idref="fl-9"/>
      </object_component>
      <object_component id="oc-7d">
         <name>ECap1RegsFile</name>
         <uninitialized>true</uninitialized>
         <run_address>0x6a00</run_address>
         <size>0x20</size>
         <input_file_ref idref="fl-9"/>
      </object_component>
      <object_component id="oc-7e">
         <name>ECap2RegsFile</name>
         <uninitialized>true</uninitialized>
         <run_address>0x6a20</run_address>
         <size>0x20</size>
         <input_file_ref idref="fl-9"/>
      </object_component>
      <object_component id="oc-7b">
         <name>ECap3RegsFile</name>
         <uninitialized>true</uninitialized>
         <run_address>0x6a40</run_address>
         <size>0x20</size>
         <input_file_ref idref="fl-9"/>
      </object_component>
      <object_component id="oc-7c">
         <name>ECap4RegsFile</name>
         <uninitialized>true</uninitialized>
         <run_address>0x6a60</run_address>
         <size>0x20</size>
         <input_file_ref idref="fl-9"/>
      </object_component>
      <object_component id="oc-81">
         <name>ECap5RegsFile</name>
         <uninitialized>true</uninitialized>
         <run_address>0x6a80</run_address>
         <size>0x20</size>
         <input_file_ref idref="fl-9"/>
      </object_component>
      <object_component id="oc-82">
         <name>ECap6RegsFile</name>
         <uninitialized>true</uninitialized>
         <run_address>0x6aa0</run_address>
         <size>0x20</size>
         <input_file_ref idref="fl-9"/>
      </object_component>
      <object_component id="oc-94">
         <name>EQep1RegsFile</name>
         <uninitialized>true</uninitialized>
         <run_address>0x6b00</run_address>
         <size>0x40</size>
         <input_file_ref idref="fl-9"/>
      </object_component>
      <object_component id="oc-95">
         <name>EQep2RegsFile</name>
         <uninitialized>true</uninitialized>
         <run_address>0x6b40</run_address>
         <size>0x40</size>
         <input_file_ref idref="fl-9"/>
      </object_component>
      <object_component id="oc-8c">
         <name>GpioCtrlRegsFile</name>
         <uninitialized>true</uninitialized>
         <run_address>0x6f80</run_address>
         <size>0x2e</size>
         <input_file_ref idref="fl-9"/>
      </object_component>
      <object_component id="oc-7f">
         <name>GpioDataRegsFile</name>
         <uninitialized>true</uninitialized>
         <run_address>0x6fc0</run_address>
         <size>0x20</size>
         <input_file_ref idref="fl-9"/>
      </object_component>
      <object_component id="oc-70">
         <name>GpioIntRegsFile</name>
         <uninitialized>true</uninitialized>
         <run_address>0x6fe0</run_address>
         <size>0xa</size>
         <input_file_ref idref="fl-9"/>
      </object_component>
      <object_component id="oc-80">
         <name>SysCtrlRegsFile</name>
         <uninitialized>true</uninitialized>
         <run_address>0x7010</run_address>
         <size>0x20</size>
         <input_file_ref idref="fl-9"/>
      </object_component>
      <object_component id="oc-71">
         <name>SpiaRegsFile</name>
         <uninitialized>true</uninitialized>
         <run_address>0x7040</run_address>
         <size>0x10</size>
         <input_file_ref idref="fl-9"/>
      </object_component>
      <object_component id="oc-74">
         <name>SciaRegsFile</name>
         <uninitialized>true</uninitialized>
         <run_address>0x7050</run_address>
         <size>0x10</size>
         <input_file_ref idref="fl-9"/>
      </object_component>
      <object_component id="oc-77">
         <name>XIntruptRegsFile</name>
         <uninitialized>true</uninitialized>
         <run_address>0x7070</run_address>
         <size>0x10</size>
         <input_file_ref idref="fl-9"/>
      </object_component>
      <object_component id="oc-79">
         <name>AdcRegsFile</name>
         <uninitialized>true</uninitialized>
         <run_address>0x7100</run_address>
         <size>0x1e</size>
         <input_file_ref idref="fl-9"/>
      </object_component>
      <object_component id="oc-72">
         <name>ScibRegsFile</name>
         <uninitialized>true</uninitialized>
         <run_address>0x7750</run_address>
         <size>0x10</size>
         <input_file_ref idref="fl-9"/>
      </object_component>
      <object_component id="oc-73">
         <name>ScicRegsFile</name>
         <uninitialized>true</uninitialized>
         <run_address>0x7770</run_address>
         <size>0x10</size>
         <input_file_ref idref="fl-9"/>
      </object_component>
      <object_component id="oc-85">
         <name>I2caRegsFile</name>
         <uninitialized>true</uninitialized>
         <run_address>0x7900</run_address>
         <size>0x22</size>
         <input_file_ref idref="fl-9"/>
      </object_component>
      <object_component id="oc-6c">
         <name>CsmPwlFile</name>
         <uninitialized>true</uninitialized>
         <run_address>0x33fff8</run_address>
         <size>0x8</size>
         <input_file_ref idref="fl-9"/>
      </object_component>
      <object_component id="oc-6a">
         <name>PartIdRegsFile</name>
         <uninitialized>true</uninitialized>
         <run_address>0x380090</run_address>
         <size>0x1</size>
         <input_file_ref idref="fl-9"/>
      </object_component>
      <object_component id="oc-4c">
         <name>.debug_info</name>
         <load_address>0x0</load_address>
         <run_address>0x0</run_address>
         <size>0x1f0f</size>
         <input_file_ref idref="fl-2"/>
      </object_component>
      <object_component id="oc-51">
         <name>.debug_info</name>
         <load_address>0x1f0f</load_address>
         <run_address>0x1f0f</run_address>
         <size>0xfa</size>
         <input_file_ref idref="fl-3"/>
      </object_component>
      <object_component id="oc-58">
         <name>.debug_info</name>
         <load_address>0x2009</load_address>
         <run_address>0x2009</run_address>
         <size>0x13d</size>
         <input_file_ref idref="fl-5"/>
      </object_component>
      <object_component id="oc-5c">
         <name>.debug_info</name>
         <load_address>0x2146</load_address>
         <run_address>0x2146</run_address>
         <size>0xf8</size>
         <input_file_ref idref="fl-6"/>
      </object_component>
      <object_component id="oc-5f">
         <name>.debug_info</name>
         <load_address>0x223e</load_address>
         <run_address>0x223e</run_address>
         <size>0x60d7</size>
         <input_file_ref idref="fl-7"/>
      </object_component>
      <object_component id="oc-66">
         <name>.debug_info</name>
         <load_address>0x8315</load_address>
         <run_address>0x8315</run_address>
         <size>0xfe</size>
         <input_file_ref idref="fl-8"/>
      </object_component>
      <object_component id="oc-69">
         <name>.debug_info</name>
         <load_address>0x8413</load_address>
         <run_address>0x8413</run_address>
         <size>0x12ef4</size>
         <input_file_ref idref="fl-9"/>
      </object_component>
      <object_component id="oc-9e">
         <name>.debug_info</name>
         <load_address>0x1b307</load_address>
         <run_address>0x1b307</run_address>
         <size>0x4e5</size>
         <input_file_ref idref="fl-a"/>
      </object_component>
      <object_component id="oc-a3">
         <name>.debug_info</name>
         <load_address>0x1b7ec</load_address>
         <run_address>0x1b7ec</run_address>
         <size>0xb3b</size>
         <input_file_ref idref="fl-b"/>
      </object_component>
      <object_component id="oc-a8">
         <name>.debug_info</name>
         <load_address>0x1c327</load_address>
         <run_address>0x1c327</run_address>
         <size>0x2310</size>
         <input_file_ref idref="fl-c"/>
      </object_component>
      <object_component id="oc-ae">
         <name>.debug_info</name>
         <load_address>0x1e637</load_address>
         <run_address>0x1e637</run_address>
         <size>0x208e</size>
         <input_file_ref idref="fl-d"/>
      </object_component>
      <object_component id="oc-b4">
         <name>.debug_info</name>
         <load_address>0x206c5</load_address>
         <run_address>0x206c5</run_address>
         <size>0x221e</size>
         <input_file_ref idref="fl-e"/>
      </object_component>
      <object_component id="oc-b9">
         <name>.debug_info</name>
         <load_address>0x228e3</load_address>
         <run_address>0x228e3</run_address>
         <size>0xfa</size>
         <input_file_ref idref="fl-f"/>
      </object_component>
      <object_component id="oc-bd">
         <name>.debug_info</name>
         <load_address>0x229dd</load_address>
         <run_address>0x229dd</run_address>
         <size>0x74be</size>
         <input_file_ref idref="fl-10"/>
      </object_component>
      <object_component id="oc-c4">
         <name>.debug_info</name>
         <load_address>0x29e9b</load_address>
         <run_address>0x29e9b</run_address>
         <size>0x2fb5</size>
         <input_file_ref idref="fl-11"/>
      </object_component>
      <object_component id="oc-c9">
         <name>.debug_info</name>
         <load_address>0x2ce50</load_address>
         <run_address>0x2ce50</run_address>
         <size>0x2775</size>
         <input_file_ref idref="fl-12"/>
      </object_component>
      <object_component id="oc-ce">
         <name>.debug_info</name>
         <load_address>0x2f5c5</load_address>
         <run_address>0x2f5c5</run_address>
         <size>0x1c48</size>
         <input_file_ref idref="fl-13"/>
      </object_component>
      <object_component id="oc-d3">
         <name>.debug_info</name>
         <load_address>0x3120d</load_address>
         <run_address>0x3120d</run_address>
         <size>0x28f5</size>
         <input_file_ref idref="fl-14"/>
      </object_component>
      <object_component id="oc-d8">
         <name>.debug_info</name>
         <load_address>0x33b02</load_address>
         <run_address>0x33b02</run_address>
         <size>0x36fe</size>
         <input_file_ref idref="fl-15"/>
      </object_component>
      <object_component id="oc-de">
         <name>.debug_info</name>
         <load_address>0x37200</load_address>
         <run_address>0x37200</run_address>
         <size>0x152d</size>
         <input_file_ref idref="fl-16"/>
      </object_component>
      <object_component id="oc-e4">
         <name>.debug_info</name>
         <load_address>0x3872d</load_address>
         <run_address>0x3872d</run_address>
         <size>0xdf</size>
         <input_file_ref idref="fl-1e"/>
      </object_component>
      <object_component id="oc-e8">
         <name>.debug_info</name>
         <load_address>0x3880c</load_address>
         <run_address>0x3880c</run_address>
         <size>0x4a2</size>
         <input_file_ref idref="fl-1f"/>
      </object_component>
      <object_component id="oc-ee">
         <name>.debug_info</name>
         <load_address>0x38cae</load_address>
         <run_address>0x38cae</run_address>
         <size>0xc1</size>
         <input_file_ref idref="fl-20"/>
      </object_component>
      <object_component id="oc-f2">
         <name>.debug_info</name>
         <load_address>0x38d6f</load_address>
         <run_address>0x38d6f</run_address>
         <size>0x14f</size>
         <input_file_ref idref="fl-21"/>
      </object_component>
      <object_component id="oc-f6">
         <name>.debug_info</name>
         <load_address>0x38ebe</load_address>
         <run_address>0x38ebe</run_address>
         <size>0xed</size>
         <input_file_ref idref="fl-22"/>
      </object_component>
      <object_component id="oc-fa">
         <name>.debug_info</name>
         <load_address>0x38fab</load_address>
         <run_address>0x38fab</run_address>
         <size>0x481</size>
         <input_file_ref idref="fl-23"/>
      </object_component>
      <object_component id="oc-100">
         <name>.debug_info</name>
         <load_address>0x3942c</load_address>
         <run_address>0x3942c</run_address>
         <size>0x44d</size>
         <input_file_ref idref="fl-24"/>
      </object_component>
      <object_component id="oc-103">
         <name>.debug_info</name>
         <load_address>0x39879</load_address>
         <run_address>0x39879</run_address>
         <size>0x1561</size>
         <input_file_ref idref="fl-25"/>
      </object_component>
      <object_component id="oc-109">
         <name>.debug_info</name>
         <load_address>0x3adda</load_address>
         <run_address>0x3adda</run_address>
         <size>0x432</size>
         <input_file_ref idref="fl-26"/>
      </object_component>
      <object_component id="oc-10c">
         <name>.debug_info</name>
         <load_address>0x3b20c</load_address>
         <run_address>0x3b20c</run_address>
         <size>0x34e</size>
         <input_file_ref idref="fl-27"/>
      </object_component>
      <object_component id="oc-111">
         <name>.debug_info</name>
         <load_address>0x3b55a</load_address>
         <run_address>0x3b55a</run_address>
         <size>0x3a0</size>
         <input_file_ref idref="fl-28"/>
      </object_component>
      <object_component id="oc-115">
         <name>.debug_info</name>
         <load_address>0x3b8fa</load_address>
         <run_address>0x3b8fa</run_address>
         <size>0x3eb</size>
         <input_file_ref idref="fl-29"/>
      </object_component>
      <object_component id="oc-119">
         <name>.debug_info</name>
         <load_address>0x3bce5</load_address>
         <run_address>0x3bce5</run_address>
         <size>0x3ff</size>
         <input_file_ref idref="fl-2a"/>
      </object_component>
      <object_component id="oc-11d">
         <name>.debug_info</name>
         <load_address>0x3c0e4</load_address>
         <run_address>0x3c0e4</run_address>
         <size>0x3cb</size>
         <input_file_ref idref="fl-2b"/>
      </object_component>
      <object_component id="oc-121">
         <name>.debug_info</name>
         <load_address>0x3c4af</load_address>
         <run_address>0x3c4af</run_address>
         <size>0x3c6</size>
         <input_file_ref idref="fl-2c"/>
      </object_component>
      <object_component id="oc-125">
         <name>.debug_info</name>
         <load_address>0x3c875</load_address>
         <run_address>0x3c875</run_address>
         <size>0xed</size>
         <input_file_ref idref="fl-2d"/>
      </object_component>
      <object_component id="oc-129">
         <name>.debug_info</name>
         <load_address>0x3c962</load_address>
         <run_address>0x3c962</run_address>
         <size>0x3a6</size>
         <input_file_ref idref="fl-2e"/>
      </object_component>
      <object_component id="oc-19e">
         <name>.debug_info</name>
         <load_address>0x3cd08</load_address>
         <run_address>0x3cd08</run_address>
         <size>0x6f</size>
      </object_component>
      <object_component id="oc-4d">
         <name>.debug_frame</name>
         <load_address>0x0</load_address>
         <run_address>0x0</run_address>
         <size>0x122</size>
         <input_file_ref idref="fl-2"/>
      </object_component>
      <object_component id="oc-62">
         <name>.debug_frame</name>
         <load_address>0x122</load_address>
         <run_address>0x122</run_address>
         <size>0xe8a</size>
         <input_file_ref idref="fl-7"/>
      </object_component>
      <object_component id="oc-9f">
         <name>.debug_frame</name>
         <load_address>0xfac</load_address>
         <run_address>0xfac</run_address>
         <size>0xaa</size>
         <input_file_ref idref="fl-a"/>
      </object_component>
      <object_component id="oc-a4">
         <name>.debug_frame</name>
         <load_address>0x1056</load_address>
         <run_address>0x1056</run_address>
         <size>0xbc</size>
         <input_file_ref idref="fl-b"/>
      </object_component>
      <object_component id="oc-aa">
         <name>.debug_frame</name>
         <load_address>0x1112</load_address>
         <run_address>0x1112</run_address>
         <size>0xaa</size>
         <input_file_ref idref="fl-c"/>
      </object_component>
      <object_component id="oc-b0">
         <name>.debug_frame</name>
         <load_address>0x11bc</load_address>
         <run_address>0x11bc</run_address>
         <size>0x142</size>
         <input_file_ref idref="fl-d"/>
      </object_component>
      <object_component id="oc-b5">
         <name>.debug_frame</name>
         <load_address>0x12fe</load_address>
         <run_address>0x12fe</run_address>
         <size>0xd4</size>
         <input_file_ref idref="fl-e"/>
      </object_component>
      <object_component id="oc-c0">
         <name>.debug_frame</name>
         <load_address>0x13d2</load_address>
         <run_address>0x13d2</run_address>
         <size>0x3fc</size>
         <input_file_ref idref="fl-10"/>
      </object_component>
      <object_component id="oc-c5">
         <name>.debug_frame</name>
         <load_address>0x17ce</load_address>
         <run_address>0x17ce</run_address>
         <size>0x17b</size>
         <input_file_ref idref="fl-11"/>
      </object_component>
      <object_component id="oc-ca">
         <name>.debug_frame</name>
         <load_address>0x1949</load_address>
         <run_address>0x1949</run_address>
         <size>0x236</size>
         <input_file_ref idref="fl-12"/>
      </object_component>
      <object_component id="oc-cf">
         <name>.debug_frame</name>
         <load_address>0x1b7f</load_address>
         <run_address>0x1b7f</run_address>
         <size>0x13b</size>
         <input_file_ref idref="fl-13"/>
      </object_component>
      <object_component id="oc-d4">
         <name>.debug_frame</name>
         <load_address>0x1cba</load_address>
         <run_address>0x1cba</run_address>
         <size>0x106</size>
         <input_file_ref idref="fl-14"/>
      </object_component>
      <object_component id="oc-da">
         <name>.debug_frame</name>
         <load_address>0x1dc0</load_address>
         <run_address>0x1dc0</run_address>
         <size>0x14b</size>
         <input_file_ref idref="fl-15"/>
      </object_component>
      <object_component id="oc-df">
         <name>.debug_frame</name>
         <load_address>0x1f0b</load_address>
         <run_address>0x1f0b</run_address>
         <size>0xa7</size>
         <input_file_ref idref="fl-16"/>
      </object_component>
      <object_component id="oc-105">
         <name>.debug_frame</name>
         <load_address>0x1fb2</load_address>
         <run_address>0x1fb2</run_address>
         <size>0x161</size>
         <input_file_ref idref="fl-25"/>
      </object_component>
      <object_component id="oc-4e">
         <name>.debug_line</name>
         <load_address>0x0</load_address>
         <run_address>0x0</run_address>
         <size>0xb6</size>
         <input_file_ref idref="fl-2"/>
      </object_component>
      <object_component id="oc-52">
         <name>.debug_line</name>
         <load_address>0xb6</load_address>
         <run_address>0xb6</run_address>
         <size>0x4c</size>
         <input_file_ref idref="fl-3"/>
      </object_component>
      <object_component id="oc-59">
         <name>.debug_line</name>
         <load_address>0x102</load_address>
         <run_address>0x102</run_address>
         <size>0x64</size>
         <input_file_ref idref="fl-5"/>
      </object_component>
      <object_component id="oc-5d">
         <name>.debug_line</name>
         <load_address>0x166</load_address>
         <run_address>0x166</run_address>
         <size>0x4a</size>
         <input_file_ref idref="fl-6"/>
      </object_component>
      <object_component id="oc-63">
         <name>.debug_line</name>
         <load_address>0x1b0</load_address>
         <run_address>0x1b0</run_address>
         <size>0x889</size>
         <input_file_ref idref="fl-7"/>
      </object_component>
      <object_component id="oc-67">
         <name>.debug_line</name>
         <load_address>0xa39</load_address>
         <run_address>0xa39</run_address>
         <size>0x4e</size>
         <input_file_ref idref="fl-8"/>
      </object_component>
      <object_component id="oc-a0">
         <name>.debug_line</name>
         <load_address>0xa87</load_address>
         <run_address>0xa87</run_address>
         <size>0x5a</size>
         <input_file_ref idref="fl-a"/>
      </object_component>
      <object_component id="oc-a5">
         <name>.debug_line</name>
         <load_address>0xae1</load_address>
         <run_address>0xae1</run_address>
         <size>0x89</size>
         <input_file_ref idref="fl-b"/>
      </object_component>
      <object_component id="oc-ab">
         <name>.debug_line</name>
         <load_address>0xb6a</load_address>
         <run_address>0xb6a</run_address>
         <size>0x69</size>
         <input_file_ref idref="fl-c"/>
      </object_component>
      <object_component id="oc-b1">
         <name>.debug_line</name>
         <load_address>0xbd3</load_address>
         <run_address>0xbd3</run_address>
         <size>0x168</size>
         <input_file_ref idref="fl-d"/>
      </object_component>
      <object_component id="oc-b6">
         <name>.debug_line</name>
         <load_address>0xd3b</load_address>
         <run_address>0xd3b</run_address>
         <size>0xe3</size>
         <input_file_ref idref="fl-e"/>
      </object_component>
      <object_component id="oc-ba">
         <name>.debug_line</name>
         <load_address>0xe1e</load_address>
         <run_address>0xe1e</run_address>
         <size>0x4b</size>
         <input_file_ref idref="fl-f"/>
      </object_component>
      <object_component id="oc-c1">
         <name>.debug_line</name>
         <load_address>0xe69</load_address>
         <run_address>0xe69</run_address>
         <size>0x600</size>
         <input_file_ref idref="fl-10"/>
      </object_component>
      <object_component id="oc-c6">
         <name>.debug_line</name>
         <load_address>0x1469</load_address>
         <run_address>0x1469</run_address>
         <size>0x38f</size>
         <input_file_ref idref="fl-11"/>
      </object_component>
      <object_component id="oc-cb">
         <name>.debug_line</name>
         <load_address>0x17f8</load_address>
         <run_address>0x17f8</run_address>
         <size>0x244</size>
         <input_file_ref idref="fl-12"/>
      </object_component>
      <object_component id="oc-d0">
         <name>.debug_line</name>
         <load_address>0x1a3c</load_address>
         <run_address>0x1a3c</run_address>
         <size>0x23f</size>
         <input_file_ref idref="fl-13"/>
      </object_component>
      <object_component id="oc-d5">
         <name>.debug_line</name>
         <load_address>0x1c7b</load_address>
         <run_address>0x1c7b</run_address>
         <size>0x1fd</size>
         <input_file_ref idref="fl-14"/>
      </object_component>
      <object_component id="oc-db">
         <name>.debug_line</name>
         <load_address>0x1e78</load_address>
         <run_address>0x1e78</run_address>
         <size>0x590</size>
         <input_file_ref idref="fl-15"/>
      </object_component>
      <object_component id="oc-e0">
         <name>.debug_line</name>
         <load_address>0x2408</load_address>
         <run_address>0x2408</run_address>
         <size>0x66</size>
         <input_file_ref idref="fl-16"/>
      </object_component>
      <object_component id="oc-e5">
         <name>.debug_line</name>
         <load_address>0x246e</load_address>
         <run_address>0x246e</run_address>
         <size>0x71</size>
         <input_file_ref idref="fl-1e"/>
      </object_component>
      <object_component id="oc-eb">
         <name>.debug_line</name>
         <load_address>0x24df</load_address>
         <run_address>0x24df</run_address>
         <size>0x4f</size>
         <input_file_ref idref="fl-1f"/>
      </object_component>
      <object_component id="oc-ef">
         <name>.debug_line</name>
         <load_address>0x252e</load_address>
         <run_address>0x252e</run_address>
         <size>0xaa</size>
         <input_file_ref idref="fl-20"/>
      </object_component>
      <object_component id="oc-f3">
         <name>.debug_line</name>
         <load_address>0x25d8</load_address>
         <run_address>0x25d8</run_address>
         <size>0x8b</size>
         <input_file_ref idref="fl-21"/>
      </object_component>
      <object_component id="oc-f7">
         <name>.debug_line</name>
         <load_address>0x2663</load_address>
         <run_address>0x2663</run_address>
         <size>0x4c</size>
         <input_file_ref idref="fl-22"/>
      </object_component>
      <object_component id="oc-fd">
         <name>.debug_line</name>
         <load_address>0x26af</load_address>
         <run_address>0x26af</run_address>
         <size>0x57</size>
         <input_file_ref idref="fl-23"/>
      </object_component>
      <object_component id="oc-101">
         <name>.debug_line</name>
         <load_address>0x2706</load_address>
         <run_address>0x2706</run_address>
         <size>0x41</size>
         <input_file_ref idref="fl-24"/>
      </object_component>
      <object_component id="oc-106">
         <name>.debug_line</name>
         <load_address>0x2747</load_address>
         <run_address>0x2747</run_address>
         <size>0x34a</size>
         <input_file_ref idref="fl-25"/>
      </object_component>
      <object_component id="oc-10a">
         <name>.debug_line</name>
         <load_address>0x2a91</load_address>
         <run_address>0x2a91</run_address>
         <size>0x3e</size>
         <input_file_ref idref="fl-26"/>
      </object_component>
      <object_component id="oc-112">
         <name>.debug_line</name>
         <load_address>0x2acf</load_address>
         <run_address>0x2acf</run_address>
         <size>0x3c</size>
         <input_file_ref idref="fl-28"/>
      </object_component>
      <object_component id="oc-116">
         <name>.debug_line</name>
         <load_address>0x2b0b</load_address>
         <run_address>0x2b0b</run_address>
         <size>0x3a</size>
         <input_file_ref idref="fl-29"/>
      </object_component>
      <object_component id="oc-11a">
         <name>.debug_line</name>
         <load_address>0x2b45</load_address>
         <run_address>0x2b45</run_address>
         <size>0x43</size>
         <input_file_ref idref="fl-2a"/>
      </object_component>
      <object_component id="oc-11e">
         <name>.debug_line</name>
         <load_address>0x2b88</load_address>
         <run_address>0x2b88</run_address>
         <size>0x3b</size>
         <input_file_ref idref="fl-2b"/>
      </object_component>
      <object_component id="oc-122">
         <name>.debug_line</name>
         <load_address>0x2bc3</load_address>
         <run_address>0x2bc3</run_address>
         <size>0x3a</size>
         <input_file_ref idref="fl-2c"/>
      </object_component>
      <object_component id="oc-126">
         <name>.debug_line</name>
         <load_address>0x2bfd</load_address>
         <run_address>0x2bfd</run_address>
         <size>0x66</size>
         <input_file_ref idref="fl-2d"/>
      </object_component>
      <object_component id="oc-12a">
         <name>.debug_line</name>
         <load_address>0x2c63</load_address>
         <run_address>0x2c63</run_address>
         <size>0x3c</size>
         <input_file_ref idref="fl-2e"/>
      </object_component>
      <object_component id="oc-4f">
         <name>.debug_abbrev</name>
         <load_address>0x0</load_address>
         <run_address>0x0</run_address>
         <size>0x110</size>
         <input_file_ref idref="fl-2"/>
      </object_component>
      <object_component id="oc-53">
         <name>.debug_abbrev</name>
         <load_address>0x110</load_address>
         <run_address>0x110</run_address>
         <size>0x2c</size>
         <input_file_ref idref="fl-3"/>
      </object_component>
      <object_component id="oc-5a">
         <name>.debug_abbrev</name>
         <load_address>0x13c</load_address>
         <run_address>0x13c</run_address>
         <size>0x20</size>
         <input_file_ref idref="fl-5"/>
      </object_component>
      <object_component id="oc-5e">
         <name>.debug_abbrev</name>
         <load_address>0x15c</load_address>
         <run_address>0x15c</run_address>
         <size>0x2c</size>
         <input_file_ref idref="fl-6"/>
      </object_component>
      <object_component id="oc-64">
         <name>.debug_abbrev</name>
         <load_address>0x188</load_address>
         <run_address>0x188</run_address>
         <size>0x176</size>
         <input_file_ref idref="fl-7"/>
      </object_component>
      <object_component id="oc-68">
         <name>.debug_abbrev</name>
         <load_address>0x2fe</load_address>
         <run_address>0x2fe</run_address>
         <size>0x2c</size>
         <input_file_ref idref="fl-8"/>
      </object_component>
      <object_component id="oc-9c">
         <name>.debug_abbrev</name>
         <load_address>0x32a</load_address>
         <run_address>0x32a</run_address>
         <size>0xb3</size>
         <input_file_ref idref="fl-9"/>
      </object_component>
      <object_component id="oc-a1">
         <name>.debug_abbrev</name>
         <load_address>0x3dd</load_address>
         <run_address>0x3dd</run_address>
         <size>0xa7</size>
         <input_file_ref idref="fl-a"/>
      </object_component>
      <object_component id="oc-a6">
         <name>.debug_abbrev</name>
         <load_address>0x484</load_address>
         <run_address>0x484</run_address>
         <size>0xbb</size>
         <input_file_ref idref="fl-b"/>
      </object_component>
      <object_component id="oc-ac">
         <name>.debug_abbrev</name>
         <load_address>0x53f</load_address>
         <run_address>0x53f</run_address>
         <size>0x124</size>
         <input_file_ref idref="fl-c"/>
      </object_component>
      <object_component id="oc-b2">
         <name>.debug_abbrev</name>
         <load_address>0x663</load_address>
         <run_address>0x663</run_address>
         <size>0x183</size>
         <input_file_ref idref="fl-d"/>
      </object_component>
      <object_component id="oc-b7">
         <name>.debug_abbrev</name>
         <load_address>0x7e6</load_address>
         <run_address>0x7e6</run_address>
         <size>0xdb</size>
         <input_file_ref idref="fl-e"/>
      </object_component>
      <object_component id="oc-bb">
         <name>.debug_abbrev</name>
         <load_address>0x8c1</load_address>
         <run_address>0x8c1</run_address>
         <size>0x2c</size>
         <input_file_ref idref="fl-f"/>
      </object_component>
      <object_component id="oc-c2">
         <name>.debug_abbrev</name>
         <load_address>0x8ed</load_address>
         <run_address>0x8ed</run_address>
         <size>0x1cc</size>
         <input_file_ref idref="fl-10"/>
      </object_component>
      <object_component id="oc-c7">
         <name>.debug_abbrev</name>
         <load_address>0xab9</load_address>
         <run_address>0xab9</run_address>
         <size>0x1ba</size>
         <input_file_ref idref="fl-11"/>
      </object_component>
      <object_component id="oc-cc">
         <name>.debug_abbrev</name>
         <load_address>0xc73</load_address>
         <run_address>0xc73</run_address>
         <size>0x1b5</size>
         <input_file_ref idref="fl-12"/>
      </object_component>
      <object_component id="oc-d1">
         <name>.debug_abbrev</name>
         <load_address>0xe28</load_address>
         <run_address>0xe28</run_address>
         <size>0x1ab</size>
         <input_file_ref idref="fl-13"/>
      </object_component>
      <object_component id="oc-d6">
         <name>.debug_abbrev</name>
         <load_address>0xfd3</load_address>
         <run_address>0xfd3</run_address>
         <size>0x16c</size>
         <input_file_ref idref="fl-14"/>
      </object_component>
      <object_component id="oc-dc">
         <name>.debug_abbrev</name>
         <load_address>0x113f</load_address>
         <run_address>0x113f</run_address>
         <size>0x1fc</size>
         <input_file_ref idref="fl-15"/>
      </object_component>
      <object_component id="oc-e1">
         <name>.debug_abbrev</name>
         <load_address>0x133b</load_address>
         <run_address>0x133b</run_address>
         <size>0x11f</size>
         <input_file_ref idref="fl-16"/>
      </object_component>
      <object_component id="oc-e6">
         <name>.debug_abbrev</name>
         <load_address>0x145a</load_address>
         <run_address>0x145a</run_address>
         <size>0x46</size>
         <input_file_ref idref="fl-1e"/>
      </object_component>
      <object_component id="oc-ec">
         <name>.debug_abbrev</name>
         <load_address>0x14a0</load_address>
         <run_address>0x14a0</run_address>
         <size>0xe8</size>
         <input_file_ref idref="fl-1f"/>
      </object_component>
      <object_component id="oc-f0">
         <name>.debug_abbrev</name>
         <load_address>0x1588</load_address>
         <run_address>0x1588</run_address>
         <size>0x38</size>
         <input_file_ref idref="fl-20"/>
      </object_component>
      <object_component id="oc-f4">
         <name>.debug_abbrev</name>
         <load_address>0x15c0</load_address>
         <run_address>0x15c0</run_address>
         <size>0x38</size>
         <input_file_ref idref="fl-21"/>
      </object_component>
      <object_component id="oc-f8">
         <name>.debug_abbrev</name>
         <load_address>0x15f8</load_address>
         <run_address>0x15f8</run_address>
         <size>0x38</size>
         <input_file_ref idref="fl-22"/>
      </object_component>
      <object_component id="oc-fe">
         <name>.debug_abbrev</name>
         <load_address>0x1630</load_address>
         <run_address>0x1630</run_address>
         <size>0x90</size>
         <input_file_ref idref="fl-23"/>
      </object_component>
      <object_component id="oc-102">
         <name>.debug_abbrev</name>
         <load_address>0x16c0</load_address>
         <run_address>0x16c0</run_address>
         <size>0xdd</size>
         <input_file_ref idref="fl-24"/>
      </object_component>
      <object_component id="oc-107">
         <name>.debug_abbrev</name>
         <load_address>0x179d</load_address>
         <run_address>0x179d</run_address>
         <size>0x17d</size>
         <input_file_ref idref="fl-25"/>
      </object_component>
      <object_component id="oc-10b">
         <name>.debug_abbrev</name>
         <load_address>0x191a</load_address>
         <run_address>0x191a</run_address>
         <size>0xb0</size>
         <input_file_ref idref="fl-26"/>
      </object_component>
      <object_component id="oc-10f">
         <name>.debug_abbrev</name>
         <load_address>0x19ca</load_address>
         <run_address>0x19ca</run_address>
         <size>0x35</size>
         <input_file_ref idref="fl-27"/>
      </object_component>
      <object_component id="oc-113">
         <name>.debug_abbrev</name>
         <load_address>0x19ff</load_address>
         <run_address>0x19ff</run_address>
         <size>0x7b</size>
         <input_file_ref idref="fl-28"/>
      </object_component>
      <object_component id="oc-117">
         <name>.debug_abbrev</name>
         <load_address>0x1a7a</load_address>
         <run_address>0x1a7a</run_address>
         <size>0xa7</size>
         <input_file_ref idref="fl-29"/>
      </object_component>
      <object_component id="oc-11b">
         <name>.debug_abbrev</name>
         <load_address>0x1b21</load_address>
         <run_address>0x1b21</run_address>
         <size>0xb6</size>
         <input_file_ref idref="fl-2a"/>
      </object_component>
      <object_component id="oc-11f">
         <name>.debug_abbrev</name>
         <load_address>0x1bd7</load_address>
         <run_address>0x1bd7</run_address>
         <size>0xa0</size>
         <input_file_ref idref="fl-2b"/>
      </object_component>
      <object_component id="oc-123">
         <name>.debug_abbrev</name>
         <load_address>0x1c77</load_address>
         <run_address>0x1c77</run_address>
         <size>0xa7</size>
         <input_file_ref idref="fl-2c"/>
      </object_component>
      <object_component id="oc-127">
         <name>.debug_abbrev</name>
         <load_address>0x1d1e</load_address>
         <run_address>0x1d1e</run_address>
         <size>0x38</size>
         <input_file_ref idref="fl-2d"/>
      </object_component>
      <object_component id="oc-12b">
         <name>.debug_abbrev</name>
         <load_address>0x1d56</load_address>
         <run_address>0x1d56</run_address>
         <size>0x82</size>
         <input_file_ref idref="fl-2e"/>
      </object_component>
      <object_component id="oc-19f">
         <name>.debug_abbrev</name>
         <load_address>0x1dd8</load_address>
         <run_address>0x1dd8</run_address>
         <size>0xd</size>
      </object_component>
   </object_component_list>
   <logical_group_list>
      <logical_group id="lg-2">
         <name>codestart</name>
         <load_address>0x0</load_address>
         <run_address>0x0</run_address>
         <size>0x2</size>
         <contents>
            <object_component_ref idref="oc-57"/>
         </contents>
      </logical_group>
      <logical_group id="lg-3">
         <name>ramfuncs</name>
         <load_address>0x8000</load_address>
         <run_address>0x8000</run_address>
         <size>0x1f</size>
         <contents>
            <object_component_ref idref="oc-af"/>
            <object_component_ref idref="oc-b8"/>
         </contents>
      </logical_group>
      <logical_group id="lg-4">
         <name>.text</name>
         <load_address>0x8700</load_address>
         <run_address>0x8700</run_address>
         <size>0x34a4</size>
         <contents>
            <object_component_ref idref="oc-c3"/>
            <object_component_ref idref="oc-141"/>
            <object_component_ref idref="oc-d7"/>
            <object_component_ref idref="oc-61"/>
            <object_component_ref idref="oc-bc"/>
            <object_component_ref idref="oc-cd"/>
            <object_component_ref idref="oc-d2"/>
            <object_component_ref idref="oc-c8"/>
            <object_component_ref idref="oc-ad"/>
            <object_component_ref idref="oc-b3"/>
            <object_component_ref idref="oc-108"/>
            <object_component_ref idref="oc-ed"/>
            <object_component_ref idref="oc-120"/>
            <object_component_ref idref="oc-114"/>
            <object_component_ref idref="oc-11c"/>
            <object_component_ref idref="oc-4b"/>
            <object_component_ref idref="oc-4a"/>
            <object_component_ref idref="oc-128"/>
            <object_component_ref idref="oc-dd"/>
            <object_component_ref idref="oc-f1"/>
            <object_component_ref idref="oc-a2"/>
            <object_component_ref idref="oc-118"/>
            <object_component_ref idref="oc-124"/>
            <object_component_ref idref="oc-a7"/>
            <object_component_ref idref="oc-ff"/>
            <object_component_ref idref="oc-e7"/>
            <object_component_ref idref="oc-110"/>
            <object_component_ref idref="oc-9d"/>
            <object_component_ref idref="oc-f5"/>
            <object_component_ref idref="oc-f9"/>
            <object_component_ref idref="oc-56"/>
            <object_component_ref idref="oc-65"/>
            <object_component_ref idref="oc-5b"/>
         </contents>
      </logical_group>
      <logical_group id="lg-5">
         <name>.cinit</name>
         <load_address>0x801f</load_address>
         <run_address>0x801f</run_address>
         <size>0x1a</size>
         <contents>
            <object_component_ref idref="oc-fb"/>
            <object_component_ref idref="oc-e9"/>
            <object_component_ref idref="oc-10d"/>
         </contents>
      </logical_group>
      <logical_group id="lg-6">
         <name>.pinit</name>
         <run_address>0x0</run_address>
         <size>0x0</size>
         <contents>
         </contents>
      </logical_group>
      <logical_group id="lg-7">
         <name>.switch</name>
         <run_address>0x0</run_address>
         <size>0x0</size>
         <contents>
         </contents>
      </logical_group>
      <logical_group id="lg-8">
         <name>.stack</name>
         <run_address>0x400</run_address>
         <size>0x300</size>
         <contents>
            <object_component_ref idref="oc-e2"/>
            <object_component_ref idref="oc-19d"/>
         </contents>
      </logical_group>
      <logical_group id="lg-9">
         <name>.ebss</name>
         <run_address>0xc000</run_address>
         <size>0x96</size>
         <contents>
            <object_component_ref idref="oc-60"/>
            <object_component_ref idref="oc-bf"/>
            <object_component_ref idref="oc-ea"/>
            <object_component_ref idref="oc-fc"/>
            <object_component_ref idref="oc-104"/>
            <object_component_ref idref="oc-10e"/>
         </contents>
      </logical_group>
      <logical_group id="lg-a">
         <name>.econst</name>
         <load_address>0xd000</load_address>
         <run_address>0xd000</run_address>
         <size>0x31e</size>
         <contents>
            <object_component_ref idref="oc-a9"/>
            <object_component_ref idref="oc-132"/>
            <object_component_ref idref="oc-137"/>
            <object_component_ref idref="oc-131"/>
[...]
         <name>_Information_RAM_Int</name>
         <value>0xac55</value>
         <object_component_ref idref="oc-bc"/>
      </symbol>
      <symbol id="sm-3e6">
         <name>_Information_Num</name>
         <value>0x20fc11</value>
         <object_component_ref idref="oc-be"/>
      </symbol>
      <symbol id="sm-3e7">
         <name>_Point_Decare</name>
         <value>0x20fcb0</value>
         <object_component_ref idref="oc-be"/>
      </symbol>
      <symbol id="sm-3e8">
         <name>_Single_Step</name>
         <value>0x20ff00</value>
         <object_component_ref idref="oc-be"/>
      </symbol>
      <symbol id="sm-3e9">
         <name>_Trajetory_points</name>
         <value>0x20fc6e</value>
         <object_component_ref idref="oc-be"/>
      </symbol>
      <symbol id="sm-3ea">
         <name>_Axis_Range</name>
         <value>0x20fc0c</value>
         <object_component_ref idref="oc-be"/>
      </symbol>
      <symbol id="sm-3eb">
         <name>_SCIC_Data_Int</name>
         <value>0xaa86</value>
         <object_component_ref idref="oc-bc"/>
      </symbol>
      <symbol id="sm-3ec">
         <name>_SCIA_Data_Int</name>
         <value>0xaa72</value>
         <object_component_ref idref="oc-bc"/>
      </symbol>
      <symbol id="sm-3ed">
         <name>_P_Board_Init</name>
         <value>0xa991</value>
         <object_component_ref idref="oc-bc"/>
      </symbol>
      <symbol id="sm-3ee">
         <name>_Delay</name>
         <value>0xac13</value>
         <object_component_ref idref="oc-bc"/>
      </symbol>
      <symbol id="sm-3ef">
         <name>_Continuity_Position</name>
         <value>0x20fc62</value>
         <object_component_ref idref="oc-be"/>
      </symbol>
      <symbol id="sm-3f0">
         <name>_SCI_CMD_Message</name>
         <value>0x20fc0a</value>
         <object_component_ref idref="oc-be"/>
      </symbol>
      <symbol id="sm-3f1">
         <name>_P_UartA_Init</name>
         <value>0xa92a</value>
         <object_component_ref idref="oc-bc"/>
      </symbol>
      <symbol id="sm-3f2">
         <name>_P_UartC_Init</name>
         <value>0xa948</value>
         <object_component_ref idref="oc-bc"/>
      </symbol>
      <symbol id="sm-3f3">
         <name>_Check_Char_To_Int</name>
         <value>0xaa07</value>
         <object_component_ref idref="oc-bc"/>
      </symbol>
      <symbol id="sm-3f4">
         <name>_SCIC_Tx</name>
         <value>0xaac2</value>
         <object_component_ref idref="oc-bc"/>
      </symbol>
      <symbol id="sm-3f5">
         <name>_Spi_FIFO_Init</name>
         <value>0xa95c</value>
         <object_component_ref idref="oc-bc"/>
      </symbol>
      <symbol id="sm-3f6">
         <name>_Information_Flash_Int</name>
         <value>0xacd6</value>
         <object_component_ref idref="oc-bc"/>
      </symbol>
      <symbol id="sm-3f7">
         <name>_Single_Theta</name>
         <value>0x20fc80</value>
         <object_component_ref idref="oc-be"/>
      </symbol>
      <symbol id="sm-3f8">
         <name>_Rx_Long_Buff</name>
         <value>0x20fc26</value>
         <object_component_ref idref="oc-be"/>
      </symbol>
      <symbol id="sm-3f9">
         <name>_Motor_R_Set</name>
         <value>0xabd8</value>
         <object_component_ref idref="oc-bc"/>
      </symbol>
      <symbol id="sm-3fa">
         <name>_Rx_Single_Position</name>
         <value>0x20fc2e</value>
         <object_component_ref idref="oc-be"/>
      </symbol>
      <symbol id="sm-3fb">
         <name>_SCARA_DH</name>
         <value>0xc000</value>
         <object_component_ref idref="oc-bf"/>
      </symbol>
      <symbol id="sm-3fc">
         <name>_SCIA_Tx_Message</name>
         <value>0x20fc4b</value>
         <object_component_ref idref="oc-be"/>
      </symbol>
      <symbol id="sm-3fd">
         <name>_Robot_Run_Reg</name>
         <value>0x20fc56</value>
         <object_component_ref idref="oc-be"/>
      </symbol>
      <symbol id="sm-3fe">
         <name>_Get_Check_Num</name>
         <value>0xa9f6</value>
         <object_component_ref idref="oc-bc"/>
      </symbol>
      <symbol id="sm-3ff">
         <name>_Answer_Flag</name>
         <value>0x20fc02</value>
         <object_component_ref idref="oc-be"/>
      </symbol>
      <symbol id="sm-400">
         <name>_Information_Flash_Reset</name>
         <value>0xad3d</value>
         <object_component_ref idref="oc-bc"/>
      </symbol>
      <symbol id="sm-401">
         <name>_Execute_Flag</name>
         <value>0x20fc04</value>
         <object_component_ref idref="oc-be"/>
      </symbol>
      <symbol id="sm-402">
         <name>_Auxiliary_Fun</name>
         <value>0x20fc01</value>
         <object_component_ref idref="oc-be"/>
      </symbol>
      <symbol id="sm-403">
         <name>_Check_Int_To_Char</name>
         <value>0xaa43</value>
         <object_component_ref idref="oc-bc"/>
      </symbol>
      <symbol id="sm-404">
         <name>_Motor_Z_Set</name>
         <value>0xaba8</value>
         <object_component_ref idref="oc-bc"/>
      </symbol>
      <symbol id="sm-405">
         <name>_Continuous_Step_Enable</name>
         <value>0x20fc03</value>
         <object_component_ref idref="oc-be"/>
      </symbol>
      <symbol id="sm-406">
         <name>_SCI_Flag</name>
         <value>0x20fc00</value>
         <object_component_ref idref="oc-be"/>
      </symbol>
      <symbol id="sm-407">
         <name>_Finish_Flag</name>
         <value>0x20fc05</value>
         <object_component_ref idref="oc-be"/>
      </symbol>
      <symbol id="sm-408">
         <name>_Cmd_Tx_Long</name>
         <value>0x20fc06</value>
         <object_component_ref idref="oc-be"/>
      </symbol>
      <symbol id="sm-409">
         <name>_Continuity_State</name>
         <value>0x20fc0e</value>
         <object_component_ref idref="oc-be"/>
      </symbol>
      <symbol id="sm-40a">
         <name>_Rx_Long_Buff1</name>
         <value>0x20fc1e</value>
         <object_component_ref idref="oc-be"/>
      </symbol>
      <symbol id="sm-40b">
         <name>_Delay_ms</name>
         <value>0xac3b</value>
         <object_component_ref idref="oc-bc"/>
      </symbol>
      <symbol id="sm-40c">
         <name>_SCIA_Tx</name>
         <value>0xaa9a</value>
         <object_component_ref idref="oc-bc"/>
      </symbol>
      <symbol id="sm-40d">
         <name>_Motor_Y_Set</name>
         <value>0xab78</value>
         <object_component_ref idref="oc-bc"/>
      </symbol>
      <symbol id="sm-40e">
         <name>_GpioA_Out</name>
         <value>0xaaea</value>
         <object_component_ref idref="oc-bc"/>
      </symbol>
      <symbol id="sm-40f">
         <name>_SCIC_Tx_Message</name>
         <value>0x20fc40</value>
         <object_component_ref idref="oc-be"/>
      </symbol>
      <symbol id="sm-410">
         <name>_Single_Decare</name>
         <value>0x20fca0</value>
         <object_component_ref idref="oc-be"/>
      </symbol>
      <symbol id="sm-411">
         <name>_Data_Read</name>
         <value>0xab22</value>
         <object_component_ref idref="oc-bc"/>
      </symbol>
      <symbol id="sm-412">
         <name>_delay_loop</name>
         <value>0xac08</value>
         <object_component_ref idref="oc-bc"/>
      </symbol>
      <symbol id="sm-413">
         <name>_SCI_CMD_Message1</name>
         <value>0xc040</value>
         <object_component_ref idref="oc-bf"/>
      </symbol>
      <symbol id="sm-414">
         <name>_Descartes_Now_Point</name>
         <value>0x20fc16</value>
         <object_component_ref idref="oc-be"/>
      </symbol>
      <symbol id="sm-415">
         <name>_Motor_Run_points</name>
         <value>0x20fce0</value>
         <object_component_ref idref="oc-be"/>
      </symbol>
      <symbol id="sm-416">
         <name>_Rx_Range_Buff</name>
         <value>0x20fc90</value>
         <object_component_ref idref="oc-be"/>
      </symbol>
      <symbol id="sm-469">
         <name>_Reply_Continuity_Position</name>
         <value>0x9010</value>
         <object_component_ref idref="oc-c3"/>
      </symbol>
      <symbol id="sm-46a">
         <name>_Reply_Motion_State</name>
         <value>0x8f65</value>
         <object_component_ref idref="oc-c3"/>
      </symbol>
      <symbol id="sm-46b">
         <name>_Reply_Body_Parameters</name>
         <value>0x8d21</value>
         <object_component_ref idref="oc-c3"/>
      </symbol>
      <symbol id="sm-46c">
         <name>_Reply_Coordinate_Now</name>
         <value>0x8700</value>
         <object_component_ref idref="oc-c3"/>
      </symbol>
      <symbol id="sm-46d">
         <name>_Reply_Total_Num</name>
         <value>0x8ed0</value>
         <object_component_ref idref="oc-c3"/>
      </symbol>
      <symbol id="sm-46e">
         <name>_Reply_Continuity_State</name>
         <value>0x8fa4</value>
         <object_component_ref idref="oc-c3"/>
      </symbol>
      <symbol id="sm-46f">
         <name>_Reply_Axis_Range</name>
         <value>0x88db</value>
         <object_component_ref idref="oc-c3"/>
      </symbol>
      <symbol id="sm-4a5">
         <name>_w25q256_set_4addr</name>
         <value>0xb41e</value>
         <object_component_ref idref="oc-c8"/>
      </symbol>
      <symbol id="sm-4a6">
         <name>_w25q256_read_reg2</name>
         <value>0xb3fc</value>
         <object_component_ref idref="oc-c8"/>
      </symbol>
      <symbol id="sm-4a7">
         <name>_w25q256_read_reg3</name>
         <value>0xb40d</value>
         <object_component_ref idref="oc-c8"/>
      </symbol>
      <symbol id="sm-4a8">
         <name>_w25q256_read_reg1</name>
         <value>0xb3eb</value>
         <object_component_ref idref="oc-c8"/>
      </symbol>
      <symbol id="sm-4a9">
         <name>_w25q256_init</name>
         <value>0xb42a</value>
         <object_component_ref idref="oc-c8"/>
      </symbol>
      <symbol id="sm-4aa">
         <name>_w25q256_write</name>
         <value>0xb508</value>
         <object_component_ref idref="oc-c8"/>
      </symbol>
      <symbol id="sm-4ab">
         <name>_w25q256_reset</name>
         <value>0xb3d9</value>
         <object_component_ref idref="oc-c8"/>
      </symbol>
      <symbol id="sm-4ac">
         <name>_w25q256_erase_chip</name>
         <value>0xb47f</value>
         <object_component_ref idref="oc-c8"/>
      </symbol>
      <symbol id="sm-4ad">
         <name>_w25q256_erase_sector</name>
         <value>0xb49b</value>
         <object_component_ref idref="oc-c8"/>
      </symbol>
      <symbol id="sm-4ae">
         <name>_w25q256_test_busy</name>
         <value>0xb46c</value>
         <object_component_ref idref="oc-c8"/>
      </symbol>
      <symbol id="sm-4af">
         <name>_Spi_Rece</name>
         <value>0xb3cb</value>
         <object_component_ref idref="oc-c8"/>
      </symbol>
      <symbol id="sm-4b0">
         <name>_w25q256_readid</name>
         <value>0xb436</value>
         <object_component_ref idref="oc-c8"/>
      </symbol>
      <symbol id="sm-4b1">
         <name>_w25q256_read</name>
         <value>0xb4cc</value>
         <object_component_ref idref="oc-c8"/>
      </symbol>
      <symbol id="sm-4b2">
         <name>_w25q256_write_enable</name>
         <value>0xb460</value>
         <object_component_ref idref="oc-c8"/>
      </symbol>
      <symbol id="sm-4b3">
         <name>_Spi_Send</name>
         <value>0xb3bc</value>
         <object_component_ref idref="oc-c8"/>
      </symbol>
      <symbol id="sm-537">
         <name>_Axis_Range_Save</name>
         <value>0xad72</value>
         <object_component_ref idref="oc-cd"/>
      </symbol>
      <symbol id="sm-538">
         <name>_Body_Parameters_Save</name>
         <value>0xaeef</value>
         <object_component_ref idref="oc-cd"/>
      </symbol>
      <symbol id="sm-539">
         <name>_Continuous_Step_Save</name>
         <value>0xb170</value>
         <object_component_ref idref="oc-cd"/>
      </symbol>
      <symbol id="sm-53a">
         <name>_Single_Step_Save</name>
         <value>0xafa4</value>
         <object_component_ref idref="oc-cd"/>
      </symbol>
      <symbol id="sm-56b">
         <name>_Motion_Pause</name>
         <value>0xb39c</value>
         <object_component_ref idref="oc-d2"/>
      </symbol>
      <symbol id="sm-56c">
         <name>_SCI_Command_Execute</name>
         <value>0xb2d8</value>
         <object_component_ref idref="oc-d2"/>
      </symbol>
      <symbol id="sm-56d">
         <name>_SCI_RX_Message_Process</name>
         <value>0xb221</value>
         <object_component_ref idref="oc-d2"/>
      </symbol>
      <symbol id="sm-56e">
         <name>_Motion_Start</name>
         <value>0xb37d</value>
         <object_component_ref idref="oc-d2"/>
      </symbol>
      <symbol id="sm-645">
         <name>_Run_Point</name>
         <value>0x9f08</value>
         <object_component_ref idref="oc-d7"/>
      </symbol>
      <symbol id="sm-646">
         <name>_Teach_Motion</name>
         <value>0xa06b</value>
         <object_component_ref idref="oc-d7"/>
      </symbol>
      <symbol id="sm-647">
         <name>_Continuous_Step_Motion</name>
         <value>0xa25e</value>
         <object_component_ref idref="oc-d7"/>
      </symbol>
      <symbol id="sm-648">
         <name>_Run_Info_Conversion</name>
         <value>0x9b7f</value>
         <object_component_ref idref="oc-d7"/>
      </symbol>
      <symbol id="sm-649">
         <name>_Motor_on</name>
         <value>0x9c69</value>
         <object_component_ref idref="oc-d7"/>
      </symbol>
      <symbol id="sm-64a">
         <name>_Robot_Init</name>
         <value>0x9db0</value>
         <object_component_ref idref="oc-d7"/>
      </symbol>
      <symbol id="sm-65e">
         <name>_main</name>
         <value>0xba36</value>
         <object_component_ref idref="oc-dd"/>
      </symbol>
      <symbol id="sm-66a">
         <name>_c_int00</name>
         <value>0xb9bb</value>
         <object_component_ref idref="oc-4a"/>
      </symbol>
      <symbol id="sm-66b">
         <name>__stack</name>
         <value>0x400</value>
         <object_component_ref idref="oc-e2"/>
      </symbol>
      <symbol id="sm-679">
         <name>C$$EXIT</name>
         <value>0xbb3a</value>
         <object_component_ref idref="oc-e7"/>
      </symbol>
      <symbol id="sm-67a">
         <name>_exit</name>
         <value>0xbb3c</value>
         <object_component_ref idref="oc-e7"/>
      </symbol>
      <symbol id="sm-67b">
         <name>_abort</name>
         <value>0xbb3a</value>
         <object_component_ref idref="oc-e7"/>
      </symbol>
      <symbol id="sm-67c">
         <name>__cleanup_ptr</name>
         <value>0xc090</value>
         <object_component_ref idref="oc-ea"/>
      </symbol>
      <symbol id="sm-67d">
         <name>__dtors_ptr</name>
         <value>0xc092</value>
         <object_component_ref idref="oc-ea"/>
      </symbol>
      <symbol id="sm-685">
         <name>FS$$DIV</name>
         <value>0xb7d2</value>
         <object_component_ref idref="oc-ed"/>
      </symbol>
      <symbol id="sm-68d">
         <name>UL$$MOD</name>
         <value>0xba8e</value>
         <object_component_ref idref="oc-f1"/>
      </symbol>
      <symbol id="sm-68e">
         <name>L$$MOD</name>
         <value>0xba79</value>
         <object_component_ref idref="oc-f1"/>
      </symbol>
      <symbol id="sm-68f">
         <name>L$$DIV</name>
         <value>0xba6a</value>
         <object_component_ref idref="oc-f1"/>
      </symbol>
      <symbol id="sm-690">
         <name>UL$$DIV</name>
         <value>0xba87</value>
         <object_component_ref idref="oc-f1"/>
      </symbol>
      <symbol id="sm-698">
         <name>U$$MOD</name>
         <value>0xbb83</value>
         <object_component_ref idref="oc-f5"/>
      </symbol>
      <symbol id="sm-699">
         <name>U$$DIV</name>
         <value>0xbb7e</value>
         <object_component_ref idref="oc-f5"/>
      </symbol>
      <symbol id="sm-6a7">
         <name>__unlock</name>
         <value>0xc08c</value>
         <object_component_ref idref="oc-fc"/>
      </symbol>
      <symbol id="sm-6a8">
         <name>__lock</name>
         <value>0xc08e</value>
         <object_component_ref idref="oc-fc"/>
      </symbol>
      <symbol id="sm-6a9">
         <name>__register_lock</name>
         <value>0xbb8d</value>
         <object_component_ref idref="oc-f9"/>
      </symbol>
      <symbol id="sm-6aa">
         <name>__nop</name>
         <value>0xbb91</value>
         <object_component_ref idref="oc-f9"/>
      </symbol>
      <symbol id="sm-6ab">
         <name>__register_unlock</name>
         <value>0xbb89</value>
         <object_component_ref idref="oc-f9"/>
      </symbol>
      <symbol id="sm-6b5">
         <name>__args_main</name>
         <value>0xbb21</value>
         <object_component_ref idref="oc-ff"/>
      </symbol>
      <symbol id="sm-6b6">
         <name>__TI_args_main</name>
         <value>0x1</value>
      </symbol>
      <symbol id="sm-703">
         <name>_Robot_Reg</name>
         <value>0xc080</value>
         <object_component_ref idref="oc-104"/>
      </symbol>
      <symbol id="sm-704">
         <name>_PTP</name>
         <value>0x955e</value>
         <object_component_ref idref="oc-141"/>
      </symbol>
      <symbol id="sm-705">
         <name>_Inverse_Kinematics_SCARA</name>
         <value>0x924b</value>
         <object_component_ref idref="oc-141"/>
      </symbol>
      <symbol id="sm-706">
         <name>_joint_trajetory</name>
         <value>0x9661</value>
         <object_component_ref idref="oc-141"/>
      </symbol>
      <symbol id="sm-707">
         <name>_joint_time_cal</name>
         <value>0x9ada</value>
         <object_component_ref idref="oc-141"/>
      </symbol>
      <symbol id="sm-713">
         <name>_atan2</name>
         <value>0xb70e</value>
         <object_component_ref idref="oc-108"/>
      </symbol>
      <symbol id="sm-71d">
         <name>_errno</name>
         <value>0xc08b</value>
         <object_component_ref idref="oc-10e"/>
      </symbol>
      <symbol id="sm-727">
         <name>_frexp</name>
         <value>0xbb53</value>
         <object_component_ref idref="oc-110"/>
      </symbol>
      <symbol id="sm-731">
         <name>_pow</name>
         <value>0xb8c4</value>
         <object_component_ref idref="oc-114"/>
      </symbol>
      <symbol id="sm-73b">
         <name>_sqrt</name>
         <value>0xbabc</value>
         <object_component_ref idref="oc-118"/>
      </symbol>
      <symbol id="sm-745">
         <name>__log</name>
         <value>0xb91e</value>
         <object_component_ref idref="oc-11c"/>
      </symbol>
      <symbol id="sm-74f">
         <name>_exp</name>
         <value>0xb85a</value>
         <object_component_ref idref="oc-120"/>
      </symbol>
      <symbol id="sm-757">
         <name>I$$MOD</name>
         <value>0xbaf0</value>
         <object_component_ref idref="oc-124"/>
      </symbol>
      <symbol id="sm-758">
         <name>I$$DIV</name>
         <value>0xbadf</value>
         <object_component_ref idref="oc-124"/>
      </symbol>
      <symbol id="sm-762">
         <name>_ldexp</name>
         <value>0xba01</value>
         <object_component_ref idref="oc-128"/>
      </symbol>
   </symbol_table>
</link_info>
