******************************************************************************
             TMS320C2000 Linker PC v6.1.0                      
******************************************************************************
>> Linked Thu Jun 30 15:11:13 2016

OUTPUT FILE NAME:   <Qixin1.out>
ENTRY POINT SYMBOL: "_c_int00"  address: 0000b3ed


MEMORY CONFIGURATION

         name            origin    length      used     unused   attr    fill
----------------------  --------  ---------  --------  --------  ----  --------
PAGE 0:
  BEGIN                 00000000   00000002  00000002  00000000  RWIX
  RAMM0                 00000050   000003b0  00000000  000003b0  RWIX
  RAML0                 00008000   00000700  00000039  000006c7  RWIX
  RAML1                 00008700   00003100  00002ec6  0000023a  RWIX
  RAML2                 0000b800   00000400  00000000  00000400  RWIX
  RAML3                 0000bc00   00000400  00000000  00000400  RWIX
  ZONE7A                00200000   0000fc00  00000000  0000fc00  RWIX
  CSM_RSVD              0033ff80   00000076  00000000  00000076  RWIX
  CSM_PWL               0033fff8   00000008  00000000  00000008  RWIX
  ADC_CAL               00380080   00000009  00000007  00000002  RWIX
  IQTABLES              003fe000   00000b50  00000000  00000b50  RWIX
  IQTABLES2             003feb50   0000008c  00000000  0000008c  RWIX
  FPUTABLES             003febdc   000006a0  00000000  000006a0  RWIX
  BOOTROM               003ff27c   00000d44  00000000  00000d44  RWIX
  RESET                 003fffc0   00000002  00000000  00000002  RWIX

PAGE 1:
  BOOT_RSVD             00000002   0000004e  00000000  0000004e  RWIX
  RAMM1                 00000400   00000400  00000300  00000100  RWIX
  DEV_EMU               00000880   00000180  000000d0  000000b0  RWIX
  FLASH_REGS            00000a80   00000060  00000008  00000058  RWIX
  CSM                   00000ae0   00000010  00000010  00000000  RWIX
  ADC_MIRROR            00000b00   00000010  00000010  00000000  RWIX
  XINTF                 00000b20   00000020  0000001e  00000002  RWIX
  CPU_TIMER0            00000c00   00000008  00000008  00000000  RWIX
  CPU_TIMER1            00000c08   00000008  00000008  00000000  RWIX
  CPU_TIMER2            00000c10   00000008  00000008  00000000  RWIX
  PIE_CTRL              00000ce0   00000020  0000001a  00000006  RWIX
  PIE_VECT              00000d00   00000100  00000100  00000000  RWIX
  DMA                   00001000   00000200  000000e0  00000120  RWIX
  MCBSPA                00005000   00000040  00000025  0000001b  RWIX
  MCBSPB                00005040   00000040  00000025  0000001b  RWIX
  ECANA                 00006000   00000040  00000034  0000000c  RWIX
  ECANA_LAM             00006040   00000040  00000040  00000000  RWIX
  ECANA_MOTS            00006080   00000040  00000040  00000000  RWIX
  ECANA_MOTO            000060c0   00000040  00000040  00000000  RWIX
  ECANA_MBOX            00006100   00000100  00000100  00000000  RWIX
  ECANB                 00006200   00000040  00000034  0000000c  RWIX
  ECANB_LAM             00006240   00000040  00000040  00000000  RWIX
  ECANB_MOTS            00006280   00000040  00000040  00000000  RWIX
  ECANB_MOTO            000062c0   00000040  00000040  00000000  RWIX
  ECANB_MBOX            00006300   00000100  00000100  00000000  RWIX
  EPWM1                 00006800   00000022  00000022  00000000  RWIX
  EPWM2                 00006840   00000022  00000022  00000000  RWIX
  EPWM3                 00006880   00000022  00000022  00000000  RWIX
  EPWM4                 000068c0   00000022  00000022  00000000  RWIX
  EPWM5                 00006900   00000022  00000022  00000000  RWIX
  EPWM6                 00006940   00000022  00000022  00000000  RWIX
  ECAP1                 00006a00   00000020  00000020  00000000  RWIX
  ECAP2                 00006a20   00000020  00000020  00000000  RWIX
  ECAP3                 00006a40   00000020  00000020  00000000  RWIX
  ECAP4                 00006a60   00000020  00000020  00000000  RWIX
  ECAP5                 00006a80   00000020  00000020  00000000  RWIX
  ECAP6                 00006aa0   00000020  00000020  00000000  RWIX
  EQEP1                 00006b00   00000040  00000040  00000000  RWIX
  EQEP2                 00006b40   00000040  00000040  00000000  RWIX
  GPIOCTRL              00006f80   00000040  0000002e  00000012  RWIX
  GPIODAT               00006fc0   00000020  00000020  00000000  RWIX
  GPIOINT               00006fe0   00000020  0000000a  00000016  RWIX
  SYSTEM                00007010   00000020  00000020  00000000  RWIX
  SPIA                  00007040   00000010  00000010  00000000  RWIX
  SCIA                  00007050   00000010  00000010  00000000  RWIX
  XINTRUPT              00007070   00000010  00000010  00000000  RWIX
  ADC                   00007100   00000020  0000001e  00000002  RWIX
  SCIB                  00007750   00000010  00000010  00000000  RWIX
  SCIC                  00007770   00000010  00000010  00000000  RWIX
  I2CA                  00007900   00000040  00000022  0000001e  RWIX
  RAML4                 0000c000   00001000  00000096  00000f6a  RWIX
  RAML5                 0000d000   00001000  000002f6  00000d0a  RWIX
  RAML6                 0000e000   00001000  00000000  00001000  RWIX
  RAML7                 0000f000   00001000  00000000  00001000  RWIX
  ZONE7B                0020fc00   00001400  00000d20  000006e0  RWIX
  CSM_PWL               0033fff8   00000008  00000008  00000000  RWIX
  PARTID                00380090   00000001  00000001  00000000  RWIX


SECTION ALLOCATION MAP

 output                                  attributes/
section   page    origin      length       input sections
--------  ----  ----------  ----------   ----------------
codestart 
*          0    00000000    00000002     
                  00000000    00000002     DSP2833x_CodeStartBranch.obj (codestart)

.pinit     0    00008000    00000000     UNINITIALIZED

ramfuncs   0    00008000    0000001f     
                  00008000    0000001b     DSP2833x_SysCtrl.obj (ramfuncs)
                  0000801b    00000004     DSP2833x_usDelay.obj (ramfuncs)

.cinit     0    0000801f    0000001a     
                  0000801f    0000000a     rts2800_fpu32.lib : _lock.obj (.cinit)
                  00008029    0000000a                       : exit.obj (.cinit)
                  00008033    00000004                       : errno.obj (.cinit)
                  00008037    00000002     --HOLE-- [fill = 0]

.text      0    00008700    00002ec6     
                  00008700    00000b61     Reply.obj (.text)
                  00009261    0000086d     control.obj (.text)
                  00009ace    0000078f     scara_lib.lib : scara_math.obj (.text)
                  0000a25d    00000538     DSP2833x_DefaultIsr.obj (.text:retain)
                  0000a795    0000041a     Save.obj (.text)
                  0000abaf    000003cb     PlatForm.obj (.text)
                  0000af7a    000000f3     DSP2833x_SysCtrl.obj (.text)
                  0000b06d    000000d3     DSP2833x_Xintf.obj (.text)
                  0000b140    000000c4     rts2800_fpu32.lib : atan2.obj (.text)
                  0000b204    00000088                       : fs_div.obj (.text)
                  0000b28c    0000006a                       : exp.obj (.text)
                  0000b2f6    0000005a                       : pow.obj (.text)
                  0000b350    00000054                       : _log.obj (.text)
                  0000b3a4    00000049     Bus.obj (.text)
                  0000b3ed    00000046     rts2800_fpu32.lib : boot.obj (.text)
                  0000b433    00000035                       : ldexp.obj (.text)
                  0000b468    0000002a                       : l_div.obj (.text)
                  0000b492    00000028     DSP2833x_PieCtrl.obj (.text)
                  0000b4ba    00000024     main.obj (.text)
                  0000b4de    00000023     rts2800_fpu32.lib : sqrt.obj (.text)
                  0000b501    00000022                       : i_div.obj (.text)
                  0000b523    00000020     DSP2833x_PieVect.obj (.text)
                  0000b543    00000019     rts2800_fpu32.lib : args_main.obj (.text)
                  0000b55c    00000019                       : exit.obj (.text)
                  0000b575    00000016                       : frexp.obj (.text)
                  0000b58b    00000015     DSP2833x_MemCopy.obj (.text)
                  0000b5a0    0000000b     rts2800_fpu32.lib : u_div.obj (.text)
                  0000b5ab    00000009                       : _lock.obj (.text)
                  0000b5b4    00000008     DSP2833x_CodeStartBranch.obj (.text)
                  0000b5bc    00000007     DSP2833x_DisInt.obj (.text)
                  0000b5c3    00000003     DSP2833x_DBGIER.obj (.text)

csm_rsvd   0    0033ff80    00000076     DSECT
                  0033ff80    00000076     DSP2833x_CSMPasswords.obj (csm_rsvd)

csmpasswds 
*          0    0033fff8    00000008     DSECT
                  0033fff8    00000008     DSP2833x_CSMPasswords.obj (csmpasswds)

.adc_cal   0    00380080    00000007     NOLOAD SECTION
                  00380080    00000007     DSP2833x_ADC_cal.obj (.adc_cal)

.reset     0    003fffc0    00000002     DSECT
                  003fffc0    00000002     rts2800_fpu32.lib : boot.obj (.reset)

.stack     1    00000400    00000300     UNINITIALIZED
                  00000400    00000300     --HOLE--

DevEmuRegsFile 
*          1    00000880    000000d0     UNINITIALIZED
                  00000880    000000d0     DSP2833x_GlobalVariableDefs.obj (DevEmuRegsFile)

FlashRegsFile 
*          1    00000a80    00000008     UNINITIALIZED
                  00000a80    00000008     DSP2833x_GlobalVariableDefs.obj (FlashRegsFile)

CsmRegsFile 
*          1    00000ae0    00000010     UNINITIALIZED
                  00000ae0    00000010     DSP2833x_GlobalVariableDefs.obj (CsmRegsFile)

AdcMirrorFile 
*          1    00000b00    00000010     UNINITIALIZED
                  00000b00    00000010     DSP2833x_GlobalVariableDefs.obj (AdcMirrorFile)

XintfRegsFile 
*          1    00000b20    0000001e     UNINITIALIZED
                  00000b20    0000001e     DSP2833x_GlobalVariableDefs.obj (XintfRegsFile)

CpuTimer0RegsFile 
*          1    00000c00    00000008     UNINITIALIZED
                  00000c00    00000008     DSP2833x_GlobalVariableDefs.obj (CpuTimer0RegsFile)

CpuTimer1RegsFile 
*          1    00000c08    00000008     UNINITIALIZED
                  00000c08    00000008     DSP2833x_GlobalVariableDefs.obj (CpuTimer1RegsFile)

CpuTimer2RegsFile 
*          1    00000c10    00000008     UNINITIALIZED
                  00000c10    00000008     DSP2833x_GlobalVariableDefs.obj (CpuTimer2RegsFile)

PieCtrlRegsFile 
*          1    00000ce0    0000001a     UNINITIALIZED
                  00000ce0    0000001a     DSP2833x_GlobalVariableDefs.obj (PieCtrlRegsFile)

PieVectTableFile 
*          1    00000d00    00000100     UNINITIALIZED
                  00000d00    00000100     DSP2833x_GlobalVariableDefs.obj (PieVectTableFile)

DmaRegsFile 
*          1    00001000    000000e0     UNINITIALIZED
                  00001000    000000e0     DSP2833x_GlobalVariableDefs.obj (DmaRegsFile)

McbspaRegsFile 
*          1    00005000    00000025     UNINITIALIZED
                  00005000    00000025     DSP2833x_GlobalVariableDefs.obj (McbspaRegsFile)

McbspbRegsFile 
*          1    00005040    00000025     UNINITIALIZED
                  00005040    00000025     DSP2833x_GlobalVariableDefs.obj (McbspbRegsFile)

ECanaRegsFile 
*          1    00006000    00000034     UNINITIALIZED
                  00006000    00000034     DSP2833x_GlobalVariableDefs.obj (ECanaRegsFile)

ECanaLAMRegsFile 
*          1    00006040    00000040     UNINITIALIZED
                  00006040    00000040     DSP2833x_GlobalVariableDefs.obj (ECanaLAMRegsFile)

ECanaMOTSRegsFile 
*          1    00006080    00000040     UNINITIALIZED
                  00006080    00000040     DSP2833x_GlobalVariableDefs.obj (ECanaMOTSRegsFile)

ECanaMOTORegsFile 
*          1    000060c0    00000040     UNINITIALIZED
                  000060c0    00000040     DSP2833x_GlobalVariableDefs.obj (ECanaMOTORegsFile)

ECanaMboxesFile 
*          1    00006100    00000100     UNINITIALIZED
                  00006100    00000100     DSP2833x_GlobalVariableDefs.obj (ECanaMboxesFile)

ECanbRegsFile 
*          1    00006200    00000034     UNINITIALIZED
                  00006200    00000034     DSP2833x_GlobalVariableDefs.obj (ECanbRegsFile)

ECanbLAMRegsFile 
*          1    00006240    00000040     UNINITIALIZED
                  00006240    00000040     DSP2833x_GlobalVariableDefs.obj (ECanbLAMRegsFile)

ECanbMOTSRegsFile 
*          1    00006280    00000040     UNINITIALIZED
                  00006280    00000040     DSP2833x_GlobalVariableDefs.obj (ECanbMOTSRegsFile)

ECanbMOTORegsFile 
*          1    000062c0    00000040     UNINITIALIZED
                  000062c0    00000040     DSP2833x_GlobalVariableDefs.obj (ECanbMOTORegsFile)

ECanbMboxesFile 
*          1    00006300    00000100     UNINITIALIZED
                  00006300    00000100     DSP2833x_GlobalVariableDefs.obj (ECanbMboxesFile)

EPwm1RegsFile 
*          1    00006800    00000022     UNINITIALIZED
                  00006800    00000022     DSP2833x_GlobalVariableDefs.obj (EPwm1RegsFile)

EPwm2RegsFile 
*          1    00006840    00000022     UNINITIALIZED
                  00006840    00000022     DSP2833x_GlobalVariableDefs.obj (EPwm2RegsFile)

EPwm3RegsFile 
*          1    00006880    00000022     UNINITIALIZED
                  00006880    00000022     DSP2833x_GlobalVariableDefs.obj (EPwm3RegsFile)

EPwm4RegsFile 
*          1    000068c0    00000022     UNINITIALIZED
                  000068c0    00000022     DSP2833x_GlobalVariableDefs.obj (EPwm4RegsFile)

EPwm5RegsFile 
*          1    00006900    00000022     UNINITIALIZED
                  00006900    00000022     DSP2833x_GlobalVariableDefs.obj (EPwm5RegsFile)

EPwm6RegsFile 
*          1    00006940    00000022     UNINITIALIZED
                  00006940    00000022     DSP2833x_GlobalVariableDefs.obj (EPwm6RegsFile)

ECap1RegsFile 
*          1    00006a00    00000020     UNINITIALIZED
                  00006a00    00000020     DSP2833x_GlobalVariableDefs.obj (ECap1RegsFile)

ECap2RegsFile 
*          1    00006a20    00000020     UNINITIALIZED
                  00006a20    00000020     DSP2833x_GlobalVariableDefs.obj (ECap2RegsFile)

ECap3RegsFile 
*          1    00006a40    00000020     UNINITIALIZED
                  00006a40    00000020     DSP2833x_GlobalVariableDefs.obj (ECap3RegsFile)

ECap4RegsFile 
*          1    00006a60    00000020     UNINITIALIZED
                  00006a60    00000020     DSP2833x_GlobalVariableDefs.obj (ECap4RegsFile)

ECap5RegsFile 
*          1    00006a80    00000020     UNINITIALIZED
                  00006a80    00000020     DSP2833x_GlobalVariableDefs.obj (ECap5RegsFile)

ECap6RegsFile 
*          1    00006aa0    00000020     UNINITIALIZED
                  00006aa0    00000020     DSP2833x_GlobalVariableDefs.obj (ECap6RegsFile)

EQep1RegsFile 
*          1    00006b00    00000040     UNINITIALIZED
                  00006b00    00000040     DSP2833x_GlobalVariableDefs.obj (EQep1RegsFile)

EQep2RegsFile 
*          1    00006b40    00000040     UNINITIALIZED
                  00006b40    00000040     DSP2833x_GlobalVariableDefs.obj (EQep2RegsFile)

GpioCtrlRegsFile 
*          1    00006f80    0000002e     UNINITIALIZED
                  00006f80    0000002e     DSP2833x_GlobalVariableDefs.obj (GpioCtrlRegsFile)

GpioDataRegsFile 
*          1    00006fc0    00000020     UNINITIALIZED
                  00006fc0    00000020     DSP2833x_GlobalVariableDefs.obj (GpioDataRegsFile)

GpioIntRegsFile 
*          1    00006fe0    0000000a     UNINITIALIZED
                  00006fe0    0000000a     DSP2833x_GlobalVariableDefs.obj (GpioIntRegsFile)

SysCtrlRegsFile 
*          1    00007010    00000020     UNINITIALIZED
                  00007010    00000020     DSP2833x_GlobalVariableDefs.obj (SysCtrlRegsFile)

SpiaRegsFile 
*          1    00007040    00000010     UNINITIALIZED
                  00007040    00000010     DSP2833x_GlobalVariableDefs.obj (SpiaRegsFile)

SciaRegsFile 
*          1    00007050    00000010     UNINITIALIZED
                  00007050    00000010     DSP2833x_GlobalVariableDefs.obj (SciaRegsFile)

XIntruptRegsFile 
*          1    00007070    00000010     UNINITIALIZED
                  00007070    00000010     DSP2833x_GlobalVariableDefs.obj (XIntruptRegsFile)

AdcRegsFile 
*          1    00007100    0000001e     UNINITIALIZED
                  00007100    0000001e     DSP2833x_GlobalVariableDefs.obj (AdcRegsFile)

ScibRegsFile 
*          1    00007750    00000010     UNINITIALIZED
                  00007750    00000010     DSP2833x_GlobalVariableDefs.obj (ScibRegsFile)

ScicRegsFile 
*          1    00007770    00000010     UNINITIALIZED
                  00007770    00000010     DSP2833x_GlobalVariableDefs.obj (ScicRegsFile)

I2caRegsFile 
*          1    00007900    00000022     UNINITIALIZED
                  00007900    00000022     DSP2833x_GlobalVariableDefs.obj (I2caRegsFile)

.ebss      1    0000c000    00000096     UNINITIALIZED
                  0000c000    00000080     PlatForm.obj (.ebss)
                  0000c080    0000000b     scara_lib.lib : scara_math.obj (.ebss)
                  0000c08b    00000001     rts2800_fpu32.lib : errno.obj (.ebss)
                  0000c08c    00000004                       : _lock.obj (.ebss)
                  0000c090    00000004                       : exit.obj (.ebss)
                  0000c094    00000002     DSP2833x_DefaultIsr.obj (.ebss)

.econst    1    0000d000    000002f6     
                  0000d000    00000100     DSP2833x_PieVect.obj (.econst)
                  0000d100    0000003b     Reply.obj (.econst:_$P$T1$2)
                  0000d13b    0000002c     Reply.obj (.econst:_$P$T6$7)
                  0000d167    00000023     Reply.obj (.econst:_$P$T0$1)
                  0000d18a    0000001f     Reply.obj (.econst:_$P$T2$3)
                  0000d1a9    00000017     Reply.obj (.econst:_$P$T3$4)
                  0000d1c0    00000011     PlatForm.obj (.econst:_$P$T0$1)
                  0000d1d1    00000011     PlatForm.obj (.econst:_$P$T1$2)
                  0000d1e2    00000011     PlatForm.obj (.econst:_$P$T2$3)
                  0000d1f3    00000011     Save.obj (.econst:_$P$T2$3)
                  0000d204    00000011     Save.obj (.econst:_$P$T4$5)
                  0000d215    00000011     Save.obj (.econst:_$P$T8$9)
                  0000d226    00000010     Reply.obj (.econst:_$P$T5$6)
                  0000d236    0000000c     Save.obj (.econst:_$P$T0$1)
                  0000d242    0000000c     Save.obj (.econst:_$P$T1$2)
                  0000d24e    0000000c     Save.obj (.econst:_$P$T10$11)
                  0000d25a    0000000c     Save.obj (.econst:_$P$T3$4)
                  0000d266    0000000c     Save.obj (.econst:_$P$T5$6)
                  0000d272    0000000c     Save.obj (.econst:_$P$T6$7)
                  0000d27e    0000000c     Save.obj (.econst:_$P$T7$8)
                  0000d28a    0000000c     Save.obj (.econst:_$P$T9$10)
                  0000d296    0000000b     control.obj (.econst:_$P$T0$1)
                  0000d2a1    0000000b     control.obj (.econst:_$P$T2$3)
                  0000d2ac    0000000b     Reply.obj (.econst:_$P$T4$5)
                  0000d2b7    0000000b     Reply.obj (.econst:_$P$T7$8)
                  0000d2c2    0000000b     Reply.obj (.econst:_$P$T8$9)
                  0000d2cd    00000001     --HOLE-- [fill = 0]
                  0000d2ce    00000008     scara_lib.lib : scara_math.obj (.econst:_$P$T0$1)
                  0000d2d6    00000008                   : scara_math.obj (.econst:_$P$T1$2)
                  0000d2de    00000008                   : scara_math.obj (.econst:_$P$T2$3)
                  0000d2e6    00000008     rts2800_fpu32.lib : atan2.obj (.econst:_a$1)
                  0000d2ee    00000008     control.obj (.econst)

ZONE7DATA 
*          1    0020fc00    00000d20     UNINITIALIZED
                  0020fc00    00000d20     PlatForm.obj (ZONE7DATA)

CsmPwlFile 
*          1    0033fff8    00000008     UNINITIALIZED
                  0033fff8    00000008     DSP2833x_GlobalVariableDefs.obj (CsmPwlFile)

PartIdRegsFile 
*          1    00380090    00000001     UNINITIALIZED
                  00380090    00000001     DSP2833x_GlobalVariableDefs.obj (PartIdRegsFile)


GLOBAL SYMBOLS: SORTED ALPHABETICALLY BY Name 

address    name
--------   ----
00008700   .text
0000b55c   C$$EXIT
0000b204   FS$$DIV
0000b501   I$$DIV
0000b512   I$$MOD
0000b468   L$$DIV
0000b477   L$$MOD
0000b5a0   U$$DIV
0000b5a5   U$$MOD
0000b485   UL$$DIV
0000b48c   UL$$MOD
0000c094   _ACK_SCI_Cmd
0000a58d   _ADCINT_ISR
00380080   _ADC_cal
00000b00   _AdcMirror
00007100   _AdcRegs
0000b3a4   _Add_Bus
0020fc03   _Auxiliary_Fun
0020fc08   _Axis_Range
0000a795   _Axis_Range_Save
0000a8cd   _Body_Parameters_Save
0000aca5   _Check_Char_To_Int
0000ace1   _Check_Int_To_Char
0020fc02   _Cmd_Tx_Long
0020fc56   _Continuity_Position
0020fc0c   _Continuity_State
0020fd00   _Continuous_Step
0020fc04   _Continuous_Step_Enable
00009867   _Continuous_Step_Motion
0000ab16   _Continuous_Step_Save
00000c00   _CpuTimer0Regs
00000c08   _CpuTimer1Regs
00000c10   _CpuTimer2Regs
0033fff8   _CsmPwl
00000ae0   _CsmRegs
0000b03c   _CsmUnlock
0000a4bb   _DATALOG_ISR
0000b3c7   _DATA_Bus_Read
0000b3b6   _DATA_Bus_Write
0000a6af   _DINTCH1_ISR
0000a6b9   _DINTCH2_ISR
0000a6c3   _DINTCH3_ISR
0000a6cd   _DINTCH4_ISR
0000a6d7   _DINTCH5_ISR
0000a6e1   _DINTCH6_ISR
0000b5bc   _DSP28x_DisableInt
0000b5c0   _DSP28x_RestoreInt
0000801b   _DSP28x_usDelay
0000b3e0   _Data_Bus_In
0000b3ce   _Data_Bus_Out
0000adc0   _Data_Read
0000ad9e   _Data_Write
0000aeb1   _Delay
0000aed9   _Delay_ms
0000aec5   _Delay_s
0020fc1c   _Descartes_Now_Point
00000880   _DevEmuRegs
0000af8d   _DisableDog
00001000   _DmaRegs
0000a713   _ECAN0INTA_ISR
0000a727   _ECAN0INTB_ISR
0000a71d   _ECAN1INTA_ISR
0000a731   _ECAN1INTB_ISR
0000a623   _ECAP1_INT_ISR
0000a62d   _ECAP2_INT_ISR
0000a637   _ECAP3_INT_ISR
0000a641   _ECAP4_INT_ISR
0000a64b   _ECAP5_INT_ISR
0000a655   _ECAP6_INT_ISR
00006040   _ECanaLAMRegs
000060c0   _ECanaMOTORegs
00006080   _ECanaMOTSRegs
00006100   _ECanaMboxes
00006000   _ECanaRegs
00006240   _ECanbLAMRegs
000062c0   _ECanbMOTORegs
00006280   _ECanbMOTSRegs
00006300   _ECanbMboxes
00006200   _ECanbRegs
00006a00   _ECap1Regs
00006a20   _ECap2Regs
00006a40   _ECap3Regs
00006a60   _ECap4Regs
00006a80   _ECap5Regs
00006aa0   _ECap6Regs
0000a4cf   _EMUINT_ISR
0000a5e7   _EPWM1_INT_ISR
0000a5ab   _EPWM1_TZINT_ISR
0000a5f1   _EPWM2_INT_ISR
0000a5b5   _EPWM2_TZINT_ISR
0000a5fb   _EPWM3_INT_ISR
0000a5bf   _EPWM3_TZINT_ISR
0000a605   _EPWM4_INT_ISR
0000a5c9   _EPWM4_TZINT_ISR
0000a60f   _EPWM5_INT_ISR
0000a5d3   _EPWM5_TZINT_ISR
0000a619   _EPWM6_INT_ISR
0000a5dd   _EPWM6_TZINT_ISR
00006800   _EPwm1Regs
00006840   _EPwm2Regs
00006880   _EPwm3Regs
000068c0   _EPwm4Regs
00006900   _EPwm5Regs
00006940   _EPwm6Regs
0000a65f   _EQEP1_INT_ISR
0000a669   _EQEP2_INT_ISR
00006b00   _EQep1Regs
00006b40   _EQep2Regs
0000b4b1   _EnableInterrupts
0020fc01   _Execute_Flag
00000a80   _FlashRegs
0000ac94   _Get_Check_Num
0000ad93   _GpioA_In
0000ad88   _GpioA_Out
00006f80   _GpioCtrlRegs
00006fc0   _GpioDataRegs
00006fe0   _GpioIntRegs
0000a6eb   _I2CINT1A_ISR
0000a6f5   _I2CINT2A_ISR
00007900   _I2caRegs
0000a4e3   _ILLEGAL_ISR
0000a4a7   _INT13_ISR
0000a4b1   _INT14_ISR
0000aef3   _Information_Int
0020fc0f   _Information_Num
00008000   _InitFlash
0000afe1   _InitPeripheralClocks
0000b492   _InitPieCtrl
0000b523   _InitPieVectTable
0000af95   _InitPll
0000af7a   _InitSysCtrl
0000b06d   _InitXintf
0000b0f2   _InitXintf16Gpio
0000b0ab   _InitXintf32Gpio
00009ace   _Inverse_Kinematics_SCARA
0000a777   _LUF_ISR
0000a76d   _LVF_ISR
0000a69b   _MRINTA_ISR
0000a687   _MRINTB_ISR
0000a6a5   _MXINTA_ISR
0000a691   _MXINTB_ISR
00005000   _McbspaRegs
00005040   _McbspbRegs
0000b58b   _MemCopy
00009241   _Motion_Pause
00009222   _Motion_Start
0000ae76   _Motor_R_Set
0020fcc0   _Motor_Run_Theta
0000ade6   _Motor_X_Set
0000ae16   _Motor_Y_Set
0000ae46   _Motor_Z_Set
00009261   _Motor_on
0000aebb   _My_Nop
0000a4d9   _NMI_ISR
0000a781   _PIE_RESERVED
0000ac35   _P_Board_Init
0000abaf   _P_Gpio_Init
0000abfa   _P_Led_Init
0000ac06   _P_UartA_Init
0000ac21   _P_UartC_Init
00380090   _PartIdRegs
00000ce0   _PieCtrlRegs
00000d00   _PieVectTable
0000d000   _PieVectTableInit
0020fc90   _Point_Decare
0000a4c5   _RTOSINT_ISR
000088d2   _Reply_Axis_Range
00008d18   _Reply_Body_Parameters
00008ff8   _Reply_Continuity_Position
00008f9b   _Reply_Continuity_State
00008700   _Reply_Coordinate_Now
00008f5c   _Reply_Motion_State
00008ec7   _Reply_Total_Num
000093c7   _Robot_Init
0020fc06   _Robot_Length
0000c080   _Robot_Reg
0020fc40   _Robot_Run_Reg
000094fc   _Run_Point
0020fc2c   _Rx_Long_Buff
0020fc24   _Rx_Long_Buff1
0020fca0   _Rx_Range_Buff
0020fcb0   _Rx_Range_Buff1
0020fc14   _Rx_Single_Position
0000c000   _SCARA_DH
0020fe40   _SCIA_Data
0000ad10   _SCIA_Data_Int
0000ad38   _SCIA_Tx
0020fc34   _SCIA_Tx_Message
0020ff00   _SCIC_Data
0000ad24   _SCIC_Data_Int
0000ad60   _SCIC_Tx
0020fc4b   _SCIC_Tx_Message
0000a25d   _SCIRXINTA_ISR
0000a6ff   _SCIRXINTB_ISR
0000a3b9   _SCIRXINTC_ISR
0000a38a   _SCITXINTA_ISR
0000a709   _SCITXINTB_ISR
0000a478   _SCITXINTC_ISR
0020fc0a   _SCI_CMD_Message
0000c040   _SCI_CMD_Message1
00009a29   _SCI_Command_Execute
0020fc00   _SCI_Flag
00009972   _SCI_RX_Message_Process
0000a565   _SEQ1INT_ISR
0000a56f   _SEQ2INT_ISR
0000a673   _SPIRXINTA_ISR
0000a67d   _SPITXINTA_ISR
00007050   _SciaRegs
00007750   _ScibRegs
00007770   _ScicRegs
0000af83   _ServiceDog
0000b5c3   _SetDBGIER
0020fc62   _Single_Decare
0020ffc0   _Single_Step
0000a973   _Single_Step_Save
0020fc80   _Single_Theta
00007040   _SpiaRegs
0000ac64   _Str_To_Int
00007010   _SysCtrlRegs
0000a597   _TINT0_ISR
00009674   _Teach_Motion
0020fd80   _Trajetory_points_Now
0000a547   _USER10_ISR
0000a551   _USER11_ISR
0000a55b   _USER12_ISR
0000a4ed   _USER1_ISR
0000a4f7   _USER2_ISR
0000a501   _USER3_ISR
0000a50b   _USER4_ISR
0000a515   _USER5_ISR
0000a51f   _USER6_ISR
0000a529   _USER7_ISR
0000a533   _USER8_ISR
0000a53d   _USER9_ISR
0000a5a1   _WAKEINT_ISR
0000a579   _XINT1_ISR
0000a583   _XINT2_ISR
0000a73b   _XINT3_ISR
0000a745   _XINT4_ISR
0000a74f   _XINT5_ISR
0000a759   _XINT6_ISR
0000a763   _XINT7_ISR
00007070   _XIntruptRegs
00000b20   _XintfRegs
00000700   __STACK_END
00000300   __STACK_SIZE
00000001   __TI_args_main
ffffffff   ___binit__
ffffffff   ___c_args__
0000801f   ___cinit__
0000b5c6   ___etext__
ffffffff   ___pinit__
00008700   ___text__
0000b543   __args_main
0000c090   __cleanup_ptr
0000c092   __dtors_ptr
0000c08e   __lock
0000b350   __log
0000b5b3   __nop
0000b5af   __register_lock
0000b5ab   __register_unlock
00000400   __stack
0000c08c   __unlock
0000b55c   _abort
0000b140   _atan2
0000b3ed   _c_int00
0000aea6   _delay_loop
0000c08b   _errno
0000b55e   _exit
0000b28c   _exp
0000b575   _frexp
0000a20c   _joint_time_cal
00009d93   _joint_trajetory
0000b433   _ldexp
0000b4ba   _main
0000b2f6   _pow
0000a78b   _rsvd_ISR
0000b4de   _sqrt
ffffffff   binit
0000801f   cinit
00000000   code_start
0000b5c6   etext
ffffffff   pinit


GLOBAL SYMBOLS: SORTED BY Symbol Address 

address    name
--------   ----
00000000   code_start
00000001   __TI_args_main
00000300   __STACK_SIZE
00000400   __stack
00000700   __STACK_END
00000880   _DevEmuRegs
00000a80   _FlashRegs
00000ae0   _CsmRegs
00000b00   _AdcMirror
00000b20   _XintfRegs
00000c00   _CpuTimer0Regs
00000c08   _CpuTimer1Regs
00000c10   _CpuTimer2Regs
00000ce0   _PieCtrlRegs
00000d00   _PieVectTable
00001000   _DmaRegs
00005000   _McbspaRegs
00005040   _McbspbRegs
00006000   _ECanaRegs
00006040   _ECanaLAMRegs
00006080   _ECanaMOTSRegs
000060c0   _ECanaMOTORegs
00006100   _ECanaMboxes
00006200   _ECanbRegs
00006240   _ECanbLAMRegs
00006280   _ECanbMOTSRegs
000062c0   _ECanbMOTORegs
00006300   _ECanbMboxes
00006800   _EPwm1Regs
00006840   _EPwm2Regs
00006880   _EPwm3Regs
000068c0   _EPwm4Regs
00006900   _EPwm5Regs
00006940   _EPwm6Regs
00006a00   _ECap1Regs
00006a20   _ECap2Regs
00006a40   _ECap3Regs
00006a60   _ECap4Regs
00006a80   _ECap5Regs
00006aa0   _ECap6Regs
00006b00   _EQep1Regs
00006b40   _EQep2Regs
00006f80   _GpioCtrlRegs
00006fc0   _GpioDataRegs
00006fe0   _GpioIntRegs
00007010   _SysCtrlRegs
00007040   _SpiaRegs
00007050   _SciaRegs
00007070   _XIntruptRegs
00007100   _AdcRegs
00007750   _ScibRegs
00007770   _ScicRegs
00007900   _I2caRegs
00008000   _InitFlash
0000801b   _DSP28x_usDelay
0000801f   ___cinit__
0000801f   cinit
00008700   .text
00008700   _Reply_Coordinate_Now
00008700   ___text__
000088d2   _Reply_Axis_Range
00008d18   _Reply_Body_Parameters
00008ec7   _Reply_Total_Num
00008f5c   _Reply_Motion_State
00008f9b   _Reply_Continuity_State
00008ff8   _Reply_Continuity_Position
00009222   _Motion_Start
00009241   _Motion_Pause
00009261   _Motor_on
000093c7   _Robot_Init
000094fc   _Run_Point
00009674   _Teach_Motion
00009867   _Continuous_Step_Motion
00009972   _SCI_RX_Message_Process
00009a29   _SCI_Command_Execute
00009ace   _Inverse_Kinematics_SCARA
00009d93   _joint_trajetory
0000a20c   _joint_time_cal
0000a25d   _SCIRXINTA_ISR
0000a38a   _SCITXINTA_ISR
0000a3b9   _SCIRXINTC_ISR
0000a478   _SCITXINTC_ISR
0000a4a7   _INT13_ISR
0000a4b1   _INT14_ISR
0000a4bb   _DATALOG_ISR
0000a4c5   _RTOSINT_ISR
0000a4cf   _EMUINT_ISR
0000a4d9   _NMI_ISR
0000a4e3   _ILLEGAL_ISR
0000a4ed   _USER1_ISR
0000a4f7   _USER2_ISR
0000a501   _USER3_ISR
0000a50b   _USER4_ISR
0000a515   _USER5_ISR
0000a51f   _USER6_ISR
0000a529   _USER7_ISR
0000a533   _USER8_ISR
0000a53d   _USER9_ISR
0000a547   _USER10_ISR
0000a551   _USER11_ISR
0000a55b   _USER12_ISR
0000a565   _SEQ1INT_ISR
0000a56f   _SEQ2INT_ISR
0000a579   _XINT1_ISR
0000a583   _XINT2_ISR
0000a58d   _ADCINT_ISR
0000a597   _TINT0_ISR
0000a5a1   _WAKEINT_ISR
0000a5ab   _EPWM1_TZINT_ISR
0000a5b5   _EPWM2_TZINT_ISR
0000a5bf   _EPWM3_TZINT_ISR
0000a5c9   _EPWM4_TZINT_ISR
0000a5d3   _EPWM5_TZINT_ISR
0000a5dd   _EPWM6_TZINT_ISR
0000a5e7   _EPWM1_INT_ISR
0000a5f1   _EPWM2_INT_ISR
0000a5fb   _EPWM3_INT_ISR
0000a605   _EPWM4_INT_ISR
0000a60f   _EPWM5_INT_ISR
0000a619   _EPWM6_INT_ISR
0000a623   _ECAP1_INT_ISR
0000a62d   _ECAP2_INT_ISR
0000a637   _ECAP3_INT_ISR
0000a641   _ECAP4_INT_ISR
0000a64b   _ECAP5_INT_ISR
0000a655   _ECAP6_INT_ISR
0000a65f   _EQEP1_INT_ISR
0000a669   _EQEP2_INT_ISR
0000a673   _SPIRXINTA_ISR
0000a67d   _SPITXINTA_ISR
0000a687   _MRINTB_ISR
0000a691   _MXINTB_ISR
0000a69b   _MRINTA_ISR
0000a6a5   _MXINTA_ISR
0000a6af   _DINTCH1_ISR
0000a6b9   _DINTCH2_ISR
0000a6c3   _DINTCH3_ISR
0000a6cd   _DINTCH4_ISR
0000a6d7   _DINTCH5_ISR
0000a6e1   _DINTCH6_ISR
0000a6eb   _I2CINT1A_ISR
0000a6f5   _I2CINT2A_ISR
0000a6ff   _SCIRXINTB_ISR
0000a709   _SCITXINTB_ISR
0000a713   _ECAN0INTA_ISR
0000a71d   _ECAN1INTA_ISR
0000a727   _ECAN0INTB_ISR
0000a731   _ECAN1INTB_ISR
0000a73b   _XINT3_ISR
0000a745   _XINT4_ISR
0000a74f   _XINT5_ISR
0000a759   _XINT6_ISR
0000a763   _XINT7_ISR
0000a76d   _LVF_ISR
0000a777   _LUF_ISR
0000a781   _PIE_RESERVED
0000a78b   _rsvd_ISR
0000a795   _Axis_Range_Save
0000a8cd   _Body_Parameters_Save
0000a973   _Single_Step_Save
0000ab16   _Continuous_Step_Save
0000abaf   _P_Gpio_Init
0000abfa   _P_Led_Init
0000ac06   _P_UartA_Init
0000ac21   _P_UartC_Init
0000ac35   _P_Board_Init
0000ac64   _Str_To_Int
0000ac94   _Get_Check_Num
0000aca5   _Check_Char_To_Int
0000ace1   _Check_Int_To_Char
0000ad10   _SCIA_Data_Int
0000ad24   _SCIC_Data_Int
0000ad38   _SCIA_Tx
0000ad60   _SCIC_Tx
0000ad88   _GpioA_Out
0000ad93   _GpioA_In
0000ad9e   _Data_Write
0000adc0   _Data_Read
0000ade6   _Motor_X_Set
0000ae16   _Motor_Y_Set
0000ae46   _Motor_Z_Set
0000ae76   _Motor_R_Set
0000aea6   _delay_loop
0000aeb1   _Delay
0000aebb   _My_Nop
0000aec5   _Delay_s
0000aed9   _Delay_ms
0000aef3   _Information_Int
0000af7a   _InitSysCtrl
0000af83   _ServiceDog
0000af8d   _DisableDog
0000af95   _InitPll
0000afe1   _InitPeripheralClocks
0000b03c   _CsmUnlock
0000b06d   _InitXintf
0000b0ab   _InitXintf32Gpio
0000b0f2   _InitXintf16Gpio
0000b140   _atan2
0000b204   FS$$DIV
0000b28c   _exp
0000b2f6   _pow
0000b350   __log
0000b3a4   _Add_Bus
0000b3b6   _DATA_Bus_Write
0000b3c7   _DATA_Bus_Read
0000b3ce   _Data_Bus_Out
0000b3e0   _Data_Bus_In
0000b3ed   _c_int00
0000b433   _ldexp
0000b468   L$$DIV
0000b477   L$$MOD
0000b485   UL$$DIV
0000b48c   UL$$MOD
0000b492   _InitPieCtrl
0000b4b1   _EnableInterrupts
0000b4ba   _main
0000b4de   _sqrt
0000b501   I$$DIV
0000b512   I$$MOD
0000b523   _InitPieVectTable
0000b543   __args_main
0000b55c   C$$EXIT
0000b55c   _abort
0000b55e   _exit
0000b575   _frexp
0000b58b   _MemCopy
0000b5a0   U$$DIV
0000b5a5   U$$MOD
0000b5ab   __register_unlock
0000b5af   __register_lock
0000b5b3   __nop
0000b5bc   _DSP28x_DisableInt
0000b5c0   _DSP28x_RestoreInt
0000b5c3   _SetDBGIER
0000b5c6   ___etext__
0000b5c6   etext
0000c000   _SCARA_DH
0000c040   _SCI_CMD_Message1
0000c080   _Robot_Reg
0000c08b   _errno
0000c08c   __unlock
0000c08e   __lock
0000c090   __cleanup_ptr
0000c092   __dtors_ptr
0000c094   _ACK_SCI_Cmd
0000d000   _PieVectTableInit
0020fc00   _SCI_Flag
0020fc01   _Execute_Flag
0020fc02   _Cmd_Tx_Long
0020fc03   _Auxiliary_Fun
0020fc04   _Continuous_Step_Enable
0020fc06   _Robot_Length
0020fc08   _Axis_Range
0020fc0a   _SCI_CMD_Message
0020fc0c   _Continuity_State
0020fc0f   _Information_Num
0020fc14   _Rx_Single_Position
0020fc1c   _Descartes_Now_Point
0020fc24   _Rx_Long_Buff1
0020fc2c   _Rx_Long_Buff
0020fc34   _SCIA_Tx_Message
0020fc40   _Robot_Run_Reg
0020fc4b   _SCIC_Tx_Message
0020fc56   _Continuity_Position
0020fc62   _Single_Decare
0020fc80   _Single_Theta
0020fc90   _Point_Decare
0020fca0   _Rx_Range_Buff
0020fcb0   _Rx_Range_Buff1
0020fcc0   _Motor_Run_Theta
0020fd00   _Continuous_Step
0020fd80   _Trajetory_points_Now
0020fe40   _SCIA_Data
0020ff00   _SCIC_Data
0020ffc0   _Single_Step
0033fff8   _CsmPwl
00380080   _ADC_cal
00380090   _PartIdRegs
ffffffff   ___binit__
ffffffff   ___c_args__
ffffffff   ___pinit__
ffffffff   binit
ffffffff   pinit

[283 symbols]
