******************************************************************************
             TMS320C2000 Linker PC v6.1.0                      
******************************************************************************
>> Linked Wed Sep 07 09:37:14 2016

OUTPUT FILE NAME:   <SCARA7.out>
ENTRY POINT SYMBOL: "_c_int00"  address: 0000bdba


MEMORY CONFIGURATION

         name            origin    length      used     unused   attr    fill
----------------------  --------  ---------  --------  --------  ----  --------
PAGE 0:
  BEGIN                 00000000   00000002  00000002  00000000  RWIX
  RAMM0                 00000050   000003b0  00000000  000003b0  RWIX
  RAML0                 00008000   00000700  00000183  0000057d  RWIX
  RAML1                 00008700   00004100  00003a5d  000006a3  RWIX
  ZONE6                 00100001   000fffff  00000000  000fffff  RWIX
  ZONE7A                00200000   0000fc00  00000000  0000fc00  RWIX
  CSM_RSVD              0033ff80   00000076  00000000  00000076  RWIX
  CSM_PWL               0033fff8   00000008  00000000  00000008  RWIX
  ADC_CAL               00380080   00000009  00000007  00000002  RWIX
  IQTABLES              003fe000   00000b50  00000000  00000b50  RWIX
  IQTABLES2             003feb50   0000008c  00000000  0000008c  RWIX
  FPUTABLES             003febdc   000006a0  00000000  000006a0  RWIX
  BOOTROM               003ff27c   00000d44  00000000  00000d44  RWIX
  RESET                 003fffc0   00000002  00000000  00000002  RWIX

PAGE 1:
  BOOT_RSVD             00000002   0000004e  00000000  0000004e  RWIX
  RAMM1                 00000400   00000400  00000300  00000100  RWIX
  DEV_EMU               00000880   00000180  000000d0  000000b0  RWIX
  FLASH_REGS            00000a80   00000060  00000008  00000058  RWIX
  CSM                   00000ae0   00000010  00000010  00000000  RWIX
  ADC_MIRROR            00000b00   00000010  00000010  00000000  RWIX
  XINTF                 00000b20   00000020  0000001e  00000002  RWIX
  CPU_TIMER0            00000c00   00000008  00000008  00000000  RWIX
  CPU_TIMER1            00000c08   00000008  00000008  00000000  RWIX
  CPU_TIMER2            00000c10   00000008  00000008  00000000  RWIX
  PIE_CTRL              00000ce0   00000020  0000001a  00000006  RWIX
  PIE_VECT              00000d00   00000100  00000100  00000000  RWIX
  DMA                   00001000   00000200  000000e0  00000120  RWIX
  MCBSPA                00005000   00000040  00000025  0000001b  RWIX
  MCBSPB                00005040   00000040  00000025  0000001b  RWIX
  ECANA                 00006000   00000040  00000034  0000000c  RWIX
  ECANA_LAM             00006040   00000040  00000040  00000000  RWIX
  ECANA_MOTS            00006080   00000040  00000040  00000000  RWIX
  ECANA_MOTO            000060c0   00000040  00000040  00000000  RWIX
  ECANA_MBOX            00006100   00000100  00000100  00000000  RWIX
  ECANB                 00006200   00000040  00000034  0000000c  RWIX
  ECANB_LAM             00006240   00000040  00000040  00000000  RWIX
  ECANB_MOTS            00006280   00000040  00000040  00000000  RWIX
  ECANB_MOTO            000062c0   00000040  00000040  00000000  RWIX
  ECANB_MBOX            00006300   00000100  00000100  00000000  RWIX
  EPWM1                 00006800   00000022  00000022  00000000  RWIX
  EPWM2                 00006840   00000022  00000022  00000000  RWIX
  EPWM3                 00006880   00000022  00000022  00000000  RWIX
  EPWM4                 000068c0   00000022  00000022  00000000  RWIX
  EPWM5                 00006900   00000022  00000022  00000000  RWIX
  EPWM6                 00006940   00000022  00000022  00000000  RWIX
  ECAP1                 00006a00   00000020  00000020  00000000  RWIX
  ECAP2                 00006a20   00000020  00000020  00000000  RWIX
  ECAP3                 00006a40   00000020  00000020  00000000  RWIX
  ECAP4                 00006a60   00000020  00000020  00000000  RWIX
  ECAP5                 00006a80   00000020  00000020  00000000  RWIX
  ECAP6                 00006aa0   00000020  00000020  00000000  RWIX
  EQEP1                 00006b00   00000040  00000040  00000000  RWIX
  EQEP2                 00006b40   00000040  00000040  00000000  RWIX
  GPIOCTRL              00006f80   00000040  0000002e  00000012  RWIX
  GPIODAT               00006fc0   00000020  00000020  00000000  RWIX
  GPIOINT               00006fe0   00000020  0000000a  00000016  RWIX
  SYSTEM                00007010   00000020  00000020  00000000  RWIX
  SPIA                  00007040   00000010  00000010  00000000  RWIX
  SCIA                  00007050   00000010  00000010  00000000  RWIX
  XINTRUPT              00007070   00000010  00000010  00000000  RWIX
  ADC                   00007100   00000020  0000001e  00000002  RWIX
  SCIB                  00007750   00000010  00000010  00000000  RWIX
  SCIC                  00007770   00000010  00000010  00000000  RWIX
  I2CA                  00007900   00000040  00000022  0000001e  RWIX
  RAML4                 0000c800   00000800  00000143  000006bd  RWIX
  RAML5                 0000d000   00001000  0000047b  00000b85  RWIX
  RAML6                 0000e000   00001000  00000000  00001000  RWIX
  RAML7                 0000f000   00001000  00000000  00001000  RWIX
  ZONE6B                0010fc00   00001400  00000000  00001400  RWIX
  ZONE7B                0020fc00   00001400  00000393  0000106d  RWIX
  CSM_PWL               0033fff8   00000008  00000008  00000000  RWIX
  PARTID                00380090   00000001  00000001  00000000  RWIX


SECTION ALLOCATION MAP

 output                                  attributes/
section   page    origin      length       input sections
--------  ----  ----------  ----------   ----------------
codestart 
*          0    00000000    00000002     
                  00000000    00000002     DSP2833x_CodeStartBranch.obj (codestart)

.pinit     0    00008000    00000000     UNINITIALIZED

.cinit     0    00008000    00000164     
                  00008000    0000014a     PlatForm.obj (.cinit)
                  0000814a    0000000a     rts2800_fpu32.lib : _lock.obj (.cinit)
                  00008154    0000000a                       : exit.obj (.cinit)
                  0000815e    00000004                       : errno.obj (.cinit)
                  00008162    00000002     --HOLE-- [fill = 0]

ramfuncs   0    00008164    0000001f     
                  00008164    0000001b     DSP2833x_SysCtrl.obj (ramfuncs)
                  0000817f    00000004     DSP2833x_usDelay.obj (ramfuncs)

.text      0    00008700    00003a5d     
                  00008700    00000939     scara_lib.lib : scara_math.obj (.text)
                  00009039    00000911     rts2800_fpu32.lib : _printfi.obj (.text)
                  0000994a    0000082b     control.obj (.text)
                  0000a175    000007c1     PlatForm.obj (.text)
                  0000a936    00000421     DSP2833x_DefaultIsr.obj (.text:retain)
                  0000ad57    000002d3     Reply.obj (.text)
                  0000b02a    000002a3     command_processing.obj (.text)
                  0000b2cd    00000235     Save.obj (.text)
                  0000b502    0000018c     SPI_Flash.obj (.text)
                  0000b68e    00000107     rts2800_fpu32.lib : ll_div.obj (.text)
                  0000b795    000000f3     DSP2833x_SysCtrl.obj (.text)
                  0000b888    000000db     DSP2833x_Xintf.obj (.text)
                  0000b963    000000c4     rts2800_fpu32.lib : atan2.obj (.text)
                  0000ba27    0000009c                       : fd_add.obj (.text)
                  0000bac3    0000008b                       : fd_div.obj (.text)
                  0000bb4e    00000088                       : fs_div.obj (.text)
                  0000bbd6    00000083                       : fd_mpy.obj (.text)
                  0000bc59    0000006a                       : exp.obj (.text)
                  0000bcc3    0000005a                       : pow.obj (.text)
                  0000bd1d    00000054                       : _log.obj (.text)
                  0000bd71    00000049     Bus.obj (.text)
                  0000bdba    00000046     rts2800_fpu32.lib : boot.obj (.text)
                  0000be00    00000035                       : ldexp.obj (.text)
                  0000be35    00000031                       : atoi.obj (.text)
                  0000be66    0000002f                       : sprintf.obj (.text)
                  0000be95    0000002c                       : ltoa.obj (.text)
                  0000bec1    0000002a                       : fd_cmp.obj (.text)
                  0000beeb    0000002a                       : l_div.obj (.text)
                  0000bf15    00000028     DSP2833x_PieCtrl.obj (.text)
                  0000bf3d    00000001     --HOLE-- [fill = 0]
                  0000bf3e    00000023     rts2800_fpu32.lib : sqrt.obj (.text)
                  0000bf61    00000022                       : i_div.obj (.text)
                  0000bf83    00000021                       : fd_toi.obj (.text)
                  0000bfa4    00000021                       : memcpy_ff.obj (.text)
                  0000bfc5    00000020     DSP2833x_PieVect.obj (.text)
                  0000bfe5    0000001f     rts2800_fpu32.lib : fd_tol.obj (.text)
                  0000c004    0000001e                       : ll_cmp.obj (.text)
                  0000c022    0000001c     main.obj (.text)
                  0000c03e    0000001c     rts2800_fpu32.lib : fs_tofd.obj (.text)
                  0000c05a    0000001c                       : l_tofd.obj (.text)
                  0000c076    00000019                       : args_main.obj (.text)
                  0000c08f    00000019                       : exit.obj (.text)
                  0000c0a8    00000018                       : ll_aox.obj (.text)
                  0000c0c0    00000016                       : frexp.obj (.text)
                  0000c0d6    00000015     DSP2833x_MemCopy.obj (.text)
                  0000c0eb    00000014     rts2800_fpu32.lib : ll_mpy.obj (.text)
                  0000c0ff    00000012                       : memccpy.obj (.text)
                  0000c111    0000000e                       : fd_sub.obj (.text)
                  0000c11f    0000000a                       : strlen.obj (.text)
                  0000c129    00000009                       : _lock.obj (.text)
                  0000c132    00000009                       : fd_neg.obj (.text)
                  0000c13b    00000009                       : strcpy.obj (.text)
                  0000c144    00000008     DSP2833x_CodeStartBranch.obj (.text)
                  0000c14c    00000007     DSP2833x_DisInt.obj (.text)
                  0000c153    00000007     rts2800_fpu32.lib : memset.obj (.text)
                  0000c15a    00000003     DSP2833x_DBGIER.obj (.text)

csm_rsvd   0    0033ff80    00000076     DSECT
                  0033ff80    00000076     DSP2833x_CSMPasswords.obj (csm_rsvd)

csmpasswds 
*          0    0033fff8    00000008     DSECT
                  0033fff8    00000008     DSP2833x_CSMPasswords.obj (csmpasswds)

.adc_cal   0    00380080    00000007     NOLOAD SECTION
                  00380080    00000007     DSP2833x_ADC_cal.obj (.adc_cal)

.reset     0    003fffc0    00000002     DSECT
                  003fffc0    00000002     rts2800_fpu32.lib : boot.obj (.reset)

.stack     1    00000400    00000300     UNINITIALIZED
                  00000400    00000300     --HOLE--

DevEmuRegsFile 
*          1    00000880    000000d0     UNINITIALIZED
                  00000880    000000d0     DSP2833x_GlobalVariableDefs.obj (DevEmuRegsFile)

FlashRegsFile 
*          1    00000a80    00000008     UNINITIALIZED
                  00000a80    00000008     DSP2833x_GlobalVariableDefs.obj (FlashRegsFile)

CsmRegsFile 
*          1    00000ae0    00000010     UNINITIALIZED
                  00000ae0    00000010     DSP2833x_GlobalVariableDefs.obj (CsmRegsFile)

AdcMirrorFile 
*          1    00000b00    00000010     UNINITIALIZED
                  00000b00    00000010     DSP2833x_GlobalVariableDefs.obj (AdcMirrorFile)

XintfRegsFile 
*          1    00000b20    0000001e     UNINITIALIZED
                  00000b20    0000001e     DSP2833x_GlobalVariableDefs.obj (XintfRegsFile)

CpuTimer0RegsFile 
*          1    00000c00    00000008     UNINITIALIZED
                  00000c00    00000008     DSP2833x_GlobalVariableDefs.obj (CpuTimer0RegsFile)

CpuTimer1RegsFile 
*          1    00000c08    00000008     UNINITIALIZED
                  00000c08    00000008     DSP2833x_GlobalVariableDefs.obj (CpuTimer1RegsFile)

CpuTimer2RegsFile 
*          1    00000c10    00000008     UNINITIALIZED
                  00000c10    00000008     DSP2833x_GlobalVariableDefs.obj (CpuTimer2RegsFile)

PieCtrlRegsFile 
*          1    00000ce0    0000001a     UNINITIALIZED
                  00000ce0    0000001a     DSP2833x_GlobalVariableDefs.obj (PieCtrlRegsFile)

PieVectTableFile 
*          1    00000d00    00000100     UNINITIALIZED
                  00000d00    00000100     DSP2833x_GlobalVariableDefs.obj (PieVectTableFile)

DmaRegsFile 
*          1    00001000    000000e0     UNINITIALIZED
                  00001000    000000e0     DSP2833x_GlobalVariableDefs.obj (DmaRegsFile)

McbspaRegsFile 
*          1    00005000    00000025     UNINITIALIZED
                  00005000    00000025     DSP2833x_GlobalVariableDefs.obj (McbspaRegsFile)

McbspbRegsFile 
*          1    00005040    00000025     UNINITIALIZED
                  00005040    00000025     DSP2833x_GlobalVariableDefs.obj (McbspbRegsFile)

ECanaRegsFile 
*          1    00006000    00000034     UNINITIALIZED
                  00006000    00000034     DSP2833x_GlobalVariableDefs.obj (ECanaRegsFile)

ECanaLAMRegsFile 
*          1    00006040    00000040     UNINITIALIZED
                  00006040    00000040     DSP2833x_GlobalVariableDefs.obj (ECanaLAMRegsFile)

ECanaMOTSRegsFile 
*          1    00006080    00000040     UNINITIALIZED
                  00006080    00000040     DSP2833x_GlobalVariableDefs.obj (ECanaMOTSRegsFile)

ECanaMOTORegsFile 
*          1    000060c0    00000040     UNINITIALIZED
                  000060c0    00000040     DSP2833x_GlobalVariableDefs.obj (ECanaMOTORegsFile)

ECanaMboxesFile 
*          1    00006100    00000100     UNINITIALIZED
                  00006100    00000100     DSP2833x_GlobalVariableDefs.obj (ECanaMboxesFile)

ECanbRegsFile 
*          1    00006200    00000034     UNINITIALIZED
                  00006200    00000034     DSP2833x_GlobalVariableDefs.obj (ECanbRegsFile)

ECanbLAMRegsFile 
*          1    00006240    00000040     UNINITIALIZED
                  00006240    00000040     DSP2833x_GlobalVariableDefs.obj (ECanbLAMRegsFile)

ECanbMOTSRegsFile 
*          1    00006280    00000040     UNINITIALIZED
                  00006280    00000040     DSP2833x_GlobalVariableDefs.obj (ECanbMOTSRegsFile)

ECanbMOTORegsFile 
*          1    000062c0    00000040     UNINITIALIZED
                  000062c0    00000040     DSP2833x_GlobalVariableDefs.obj (ECanbMOTORegsFile)

ECanbMboxesFile 
*          1    00006300    00000100     UNINITIALIZED
                  00006300    00000100     DSP2833x_GlobalVariableDefs.obj (ECanbMboxesFile)

EPwm1RegsFile 
*          1    00006800    00000022     UNINITIALIZED
                  00006800    00000022     DSP2833x_GlobalVariableDefs.obj (EPwm1RegsFile)

EPwm2RegsFile 
*          1    00006840    00000022     UNINITIALIZED
                  00006840    00000022     DSP2833x_GlobalVariableDefs.obj (EPwm2RegsFile)

EPwm3RegsFile 
*          1    00006880    00000022     UNINITIALIZED
                  00006880    00000022     DSP2833x_GlobalVariableDefs.obj (EPwm3RegsFile)

EPwm4RegsFile 
*          1    000068c0    00000022     UNINITIALIZED
                  000068c0    00000022     DSP2833x_GlobalVariableDefs.obj (EPwm4RegsFile)

EPwm5RegsFile 
*          1    00006900    00000022     UNINITIALIZED
                  00006900    00000022     DSP2833x_GlobalVariableDefs.obj (EPwm5RegsFile)

EPwm6RegsFile 
*          1    00006940    00000022     UNINITIALIZED
                  00006940    00000022     DSP2833x_GlobalVariableDefs.obj (EPwm6RegsFile)

ECap1RegsFile 
*          1    00006a00    00000020     UNINITIALIZED
                  00006a00    00000020     DSP2833x_GlobalVariableDefs.obj (ECap1RegsFile)

ECap2RegsFile 
*          1    00006a20    00000020     UNINITIALIZED
                  00006a20    00000020     DSP2833x_GlobalVariableDefs.obj (ECap2RegsFile)

ECap3RegsFile 
*          1    00006a40    00000020     UNINITIALIZED
                  00006a40    00000020     DSP2833x_GlobalVariableDefs.obj (ECap3RegsFile)

ECap4RegsFile 
*          1    00006a60    00000020     UNINITIALIZED
                  00006a60    00000020     DSP2833x_GlobalVariableDefs.obj (ECap4RegsFile)

ECap5RegsFile 
*          1    00006a80    00000020     UNINITIALIZED
                  00006a80    00000020     DSP2833x_GlobalVariableDefs.obj (ECap5RegsFile)

ECap6RegsFile 
*          1    00006aa0    00000020     UNINITIALIZED
                  00006aa0    00000020     DSP2833x_GlobalVariableDefs.obj (ECap6RegsFile)

EQep1RegsFile 
*          1    00006b00    00000040     UNINITIALIZED
                  00006b00    00000040     DSP2833x_GlobalVariableDefs.obj (EQep1RegsFile)

EQep2RegsFile 
*          1    00006b40    00000040     UNINITIALIZED
                  00006b40    00000040     DSP2833x_GlobalVariableDefs.obj (EQep2RegsFile)

GpioCtrlRegsFile 
*          1    00006f80    0000002e     UNINITIALIZED
                  00006f80    0000002e     DSP2833x_GlobalVariableDefs.obj (GpioCtrlRegsFile)

GpioDataRegsFile 
*          1    00006fc0    00000020     UNINITIALIZED
                  00006fc0    00000020     DSP2833x_GlobalVariableDefs.obj (GpioDataRegsFile)

GpioIntRegsFile 
*          1    00006fe0    0000000a     UNINITIALIZED
                  00006fe0    0000000a     DSP2833x_GlobalVariableDefs.obj (GpioIntRegsFile)

SysCtrlRegsFile 
*          1    00007010    00000020     UNINITIALIZED
                  00007010    00000020     DSP2833x_GlobalVariableDefs.obj (SysCtrlRegsFile)

SpiaRegsFile 
*          1    00007040    00000010     UNINITIALIZED
                  00007040    00000010     DSP2833x_GlobalVariableDefs.obj (SpiaRegsFile)

SciaRegsFile 
*          1    00007050    00000010     UNINITIALIZED
                  00007050    00000010     DSP2833x_GlobalVariableDefs.obj (SciaRegsFile)

XIntruptRegsFile 
*          1    00007070    00000010     UNINITIALIZED
                  00007070    00000010     DSP2833x_GlobalVariableDefs.obj (XIntruptRegsFile)

AdcRegsFile 
*          1    00007100    0000001e     UNINITIALIZED
                  00007100    0000001e     DSP2833x_GlobalVariableDefs.obj (AdcRegsFile)

ScibRegsFile 
*          1    00007750    00000010     UNINITIALIZED
                  00007750    00000010     DSP2833x_GlobalVariableDefs.obj (ScibRegsFile)

ScicRegsFile 
*          1    00007770    00000010     UNINITIALIZED
                  00007770    00000010     DSP2833x_GlobalVariableDefs.obj (ScicRegsFile)

I2caRegsFile 
*          1    00007900    00000022     UNINITIALIZED
                  00007900    00000022     DSP2833x_GlobalVariableDefs.obj (I2caRegsFile)

.ebss      1    0000c800    00000143     UNINITIALIZED
                  0000c800    0000012d     PlatForm.obj (.ebss)
                  0000c92d    0000000b     scara_lib.lib : scara_math.obj (.ebss)
                  0000c938    00000004     rts2800_fpu32.lib : _lock.obj (.ebss)
                  0000c93c    00000004                       : exit.obj (.ebss)
                  0000c940    00000002     DSP2833x_DefaultIsr.obj (.ebss)
                  0000c942    00000001     rts2800_fpu32.lib : errno.obj (.ebss)

.econst    1    0000d000    0000047b     
                  0000d000    00000101     rts2800_fpu32.lib : ctype.obj (.econst:__ctypes_)
                  0000d101    00000001     --HOLE-- [fill = 0]
                  0000d102    00000100     DSP2833x_PieVect.obj (.econst)
                  0000d202    00000053     Reply.obj (.econst:_$P$T1$2)
                  0000d255    00000048     command_processing.obj (.econst:_$P$T2$3)
                  0000d29d    0000002f     Reply.obj (.econst:_$P$T0$1)
                  0000d2cc    00000029     Reply.obj (.econst:_$P$T2$3)
                  0000d2f5    00000001     --HOLE-- [fill = 0]
                  0000d2f6    00000024     rts2800_fpu32.lib : _printfi.obj (.econst:.string)
                  0000d31a    0000001e     command_processing.obj (.econst:_$P$T3$4)
                  0000d338    00000018     rts2800_fpu32.lib : _printfi.obj (.econst)
                  0000d350    00000011     PlatForm.obj (.econst:_$P$T0$1)
                  0000d361    00000011     PlatForm.obj (.econst:_$P$T1$2)
                  0000d372    00000011     Save.obj (.econst:_$P$T1$2)
                  0000d383    00000011     PlatForm.obj (.econst:_$P$T2$3)
                  0000d394    00000011     Save.obj (.econst:_$P$T3$4)
                  0000d3a5    00000011     control.obj (.econst:_$P$T3$4)
                  0000d3b6    00000011     control.obj (.econst:_$P$T4$5)
                  0000d3c7    0000000e     Reply.obj (.econst:_$P$T3$4)
                  0000d3d5    0000000c     Save.obj (.econst:_$P$T0$1)
                  0000d3e1    0000000c     control.obj (.econst:_$P$T0$1)
                  0000d3ed    0000000c     command_processing.obj (.econst:_$P$T1$2)
                  0000d3f9    0000000c     control.obj (.econst:_$P$T1$2)
                  0000d405    0000000c     Save.obj (.econst:_$P$T2$3)
                  0000d411    0000000c     control.obj (.econst:_$P$T2$3)
                  0000d41d    0000000c     Save.obj (.econst:_$P$T4$5)
                  0000d429    0000000b     command_processing.obj (.econst:_$P$T0$1)
                  0000d434    0000000b     Reply.obj (.econst:_$P$T4$5)
                  0000d43f    0000000b     command_processing.obj (.econst:_$P$T4$5)
                  0000d44a    0000000b     command_processing.obj (.econst:_$P$T5$6)
                  0000d455    00000001     --HOLE-- [fill = 0]
                  0000d456    00000008     scara_lib.lib : scara_math.obj (.econst:_$P$T0$1)
                  0000d45e    00000008                   : scara_math.obj (.econst:_$P$T1$2)
                  0000d466    00000008                   : scara_math.obj (.econst:_$P$T2$3)
                  0000d46e    00000008     rts2800_fpu32.lib : atan2.obj (.econst:_a$1)
                  0000d476    00000005     Reply.obj (.econst:.string)

ZONE7DATA 
*          1    0020fc00    00000393     UNINITIALIZED
                  0020fc00    00000393     PlatForm.obj (ZONE7DATA)

CsmPwlFile 
*          1    0033fff8    00000008     UNINITIALIZED
                  0033fff8    00000008     DSP2833x_GlobalVariableDefs.obj (CsmPwlFile)

PartIdRegsFile 
*          1    00380090    00000001     UNINITIALIZED
                  00380090    00000001     DSP2833x_GlobalVariableDefs.obj (PartIdRegsFile)


GLOBAL SYMBOLS: SORTED ALPHABETICALLY BY Name 

address    name
--------   ----
00008700   .text
0000c08f   C$$EXIT
0000ba27   FD$$ADD
0000bec1   FD$$CMP
0000bac3   FD$$DIV
0000bbd6   FD$$MPY
0000c132   FD$$NEG
0000c111   FD$$SUB
0000bf83   FD$$TOI
0000bfe5   FD$$TOL
0000bb4e   FS$$DIV
0000c03e   FS$$TOFD
0000bf61   I$$DIV
0000bf72   I$$MOD
0000beeb   L$$DIV
0000befa   L$$MOD
0000c05a   L$$TOFD
0000c0a8   LL$$AND
0000c004   LL$$CMP
0000b68e   LL$$DIV
0000b6ca   LL$$MOD
0000c0eb   LL$$MPY
0000c0b0   LL$$OR
0000c0b8   LL$$XOR
0000bf08   UL$$DIV
0000bf0f   UL$$MOD
0000c016   ULL$$CMP
0000b704   ULL$$DIV
0000b733   ULL$$MOD
0000c940   _ACK_SCI_Cmd
0000ab4f   _ADCINT_ISR
00380080   _ADC_cal
0000c852   _AbsR_Encoder1_ADD
0000c850   _AbsR_Encoder2_ADD
0000c854   _AbsR_Encoder3_ADD
0000c862   _AbsR_Encoder4_ADD
0000c866   _AbsR_Encoder5_ADD
0000c864   _AbsR_Encoder6_ADD
0000c868   _AbsR_Encoder7_ADD
0000c85e   _AbsR_Encoder8_ADD
0000c84c   _AbsR_Reset_ADD
0000c822   _AbsX_Encoder1_ADD
0000c81e   _AbsX_Encoder2_ADD
0000c81a   _AbsX_Encoder3_ADD
0000c804   _AbsX_Encoder4_ADD
0000c806   _AbsX_Encoder5_ADD
0000c800   _AbsX_Encoder6_ADD
0000c802   _AbsX_Encoder7_ADD
0000c80c   _AbsX_Encoder8_ADD
0000c820   _AbsX_Reset_ADD
0000c84a   _AbsY_Encoder1_ADD
0000c846   _AbsY_Encoder2_ADD
0000c848   _AbsY_Encoder3_ADD
0000c842   _AbsY_Encoder4_ADD
0000c82e   _AbsY_Encoder5_ADD
0000c82a   _AbsY_Encoder6_ADD
0000c82c   _AbsY_Encoder7_ADD
0000c826   _AbsY_Encoder8_ADD
0000c83a   _AbsY_Reset_ADD
0000c86c   _AbsZ_Encoder1_ADD
0000c86a   _AbsZ_Encoder2_ADD
0000c870   _AbsZ_Encoder3_ADD
0000c86e   _AbsZ_Encoder4_ADD
0000c872   _AbsZ_Encoder5_ADD
0000c87c   _AbsZ_Encoder6_ADD
0000c882   _AbsZ_Encoder7_ADD
0000c880   _AbsZ_Encoder8_ADD
0000c87e   _AbsZ_Reset_ADD
00000b00   _AdcMirror
00007100   _AdcRegs
0000bd71   _Add_Bus
0020fc00   _Answer_Flag
0020fc02   _Auxiliary_Fun
0000a2e7   _Check_Char_To_Int
0000a323   _Check_Int_To_Char
0020fc01   _Cmd_Tx_Long
0000b2b5   _Connection_Test
00000c00   _CpuTimer0Regs
00000c08   _CpuTimer1Regs
00000c10   _CpuTimer2Regs
0033fff8   _CsmPwl
00000ae0   _CsmRegs
0000b857   _CsmUnlock
0000aa7d   _DATALOG_ISR
0000bd94   _DATA_Bus_Read
0000bd83   _DATA_Bus_Write
0000b3f8   _DH_Parameters_Save
0000ac71   _DINTCH1_ISR
0000ac7b   _DINTCH2_ISR
0000ac85   _DINTCH3_ISR
0000ac8f   _DINTCH4_ISR
0000ac99   _DINTCH5_ISR
0000aca3   _DINTCH6_ISR
0000c856   _DIRVER_ENR_ADD
0000c80e   _DIRVER_ENX_ADD
0000c83c   _DIRVER_ENY_ADD
0000c830   _DIRVER_ENZ_ADD
0000c14c   _DSP28x_DisableInt
0000c150   _DSP28x_RestoreInt
0000817f   _DSP28x_usDelay
0000bdad   _Data_Bus_In
0000bd9b   _Data_Bus_Out
0000a8f4   _Delay
0000a91c   _Delay_ms
0000a908   _Delay_s
00000880   _DevEmuRegs
0000c858   _DirR_ADD
0000c812   _DirX_ADD
0000c840   _DirY_ADD
0000c836   _DirZ_ADD
0000b7a8   _DisableDog
00001000   _DmaRegs
0000acd5   _ECAN0INTA_ISR
0000ace9   _ECAN0INTB_ISR
0000acdf   _ECAN1INTA_ISR
0000acf3   _ECAN1INTB_ISR
0000abe5   _ECAP1_INT_ISR
0000abef   _ECAP2_INT_ISR
0000abf9   _ECAP3_INT_ISR
0000ac03   _ECAP4_INT_ISR
0000ac0d   _ECAP5_INT_ISR
0000ac17   _ECAP6_INT_ISR
00006040   _ECanaLAMRegs
000060c0   _ECanaMOTORegs
00006080   _ECanaMOTSRegs
00006100   _ECanaMboxes
00006000   _ECanaRegs
00006240   _ECanbLAMRegs
000062c0   _ECanbMOTORegs
00006280   _ECanbMOTSRegs
00006300   _ECanbMboxes
00006200   _ECanbRegs
00006a00   _ECap1Regs
00006a20   _ECap2Regs
00006a40   _ECap3Regs
00006a60   _ECap4Regs
00006a80   _ECap5Regs
00006aa0   _ECap6Regs
0000aa91   _EMUINT_ISR
0000c85c   _EN_ADD
0000aba9   _EPWM1_INT_ISR
0000ab6d   _EPWM1_TZINT_ISR
0000abb3   _EPWM2_INT_ISR
0000ab77   _EPWM2_TZINT_ISR
0000abbd   _EPWM3_INT_ISR
0000ab81   _EPWM3_TZINT_ISR
0000abc7   _EPWM4_INT_ISR
0000ab8b   _EPWM4_TZINT_ISR
0000abd1   _EPWM5_INT_ISR
0000ab95   _EPWM5_TZINT_ISR
0000abdb   _EPWM6_INT_ISR
0000ab9f   _EPWM6_TZINT_ISR
00006800   _EPwm1Regs
00006840   _EPwm2Regs
00006880   _EPwm3Regs
000068c0   _EPwm4Regs
00006900   _EPwm5Regs
00006940   _EPwm6Regs
0000ac21   _EQEP1_INT_ISR
0000ac2b   _EQEP2_INT_ISR
00006b00   _EQep1Regs
00006b40   _EQep2Regs
0000bf34   _EnableInterrupts
0020fc1a   _Encoder_R_Origin
0020fc1e   _Encoder_X_Origin
0020fc22   _Encoder_Y_Origin
0020fc16   _Encoder_Z_Origin
0020fc03   _Execute_Flag
00000a80   _FlashRegs
0000c876   _FreqR_ADD
0000c818   _FreqX_ADD
0000c80a   _FreqY_ADD
0000c828   _FreqZ_ADD
0000a2d6   _Get_Check_Num
00006f80   _GpioCtrlRegs
00006fc0   _GpioDataRegs
00006fe0   _GpioIntRegs
0000acad   _I2CINT1A_ISR
0000acb7   _I2CINT2A_ISR
00007900   _I2caRegs
0000aaa5   _ILLEGAL_ISR
0000aa69   _INT13_ISR
0000aa73   _INT14_ISR
00009f49   _IO_Out_Set
0000b29b   _Information_Flash_Erase
0000b26e   _Information_Flash_Int
0000b1c3   _Information_RAM_Int
00008164   _InitFlash
0000b7fc   _InitPeripheralClocks
0000bf15   _InitPieCtrl
0000bfc5   _InitPieVectTable
0000b7b0   _InitPll
0000b795   _InitSysCtrl
0000b888   _InitXintf
0000b90d   _InitXintf16Gpio
0000b8c6   _InitXintf32Gpio
00008700   _Inverse_Kinematics_SCARA
0000ad39   _LUF_ISR
0000ad2f   _LVF_ISR
0000ac5d   _MRINTA_ISR
0000ac49   _MRINTB_ISR
0000ac67   _MXINTA_ISR
0000ac53   _MXINTB_ISR
00005000   _McbspaRegs
00005040   _McbspbRegs
0000c0d6   _MemCopy
0000a8cb   _Motor_R_AbsReset_Set
0000a78b   _Motor_R_Abs_Read
0000a420   _Motor_R_Set
0000a8d8   _Motor_Return_State
0020fcda   _Motor_Run_points
0000a8e1   _Motor_Set_EN
0000a8a4   _Motor_X_AbsReset_Set
0000a438   _Motor_X_Abs_Read
0000a3ca   _Motor_X_Set
0000a8b1   _Motor_Y_AbsReset_Set
0000a551   _Motor_Y_Abs_Read
0000a3e4   _Motor_Y_Set
0000a8be   _Motor_Z_AbsReset_Set
0000a66e   _Motor_Z_Abs_Read
0000a402   _Motor_Z_Set
00009b33   _Motor_on
0000a8fe   _My_Nop
0000aa9b   _NMI_ISR
0020fc4c   _Now_Point
0000c87a   _NumR_ADD
0000c878   _NumR_ADD1
0000c814   _NumX_ADD
0000c816   _NumX_ADD1
0000c808   _NumY_ADD
0000c81c   _NumY_ADD1
0000c844   _NumZ_ADD
0000c834   _NumZ_ADD1
0020fc0a   _Num_Decimal_R
0020fc0c   _Num_Decimal_X
0020fc08   _Num_Decimal_Y
0000ad43   _PIE_RESERVED
00008a13   _PTP
0000a0a7   _PTP_Run
0000a271   _P_Board_Init
0000a175   _P_Gpio_Init
0000a1f8   _P_Led_Init
0000a20a   _P_UartA_Init
0000a228   _P_UartC_Init
00380090   _PartIdRegs
00000ce0   _PieCtrlRegs
00000d00   _PieVectTable
0000d102   _PieVectTableInit
00009f97   _Point_Test
0000c84e   _PulsR_Bias_ADD
0000c85a   _PulsR_Warn_ADD
0000c824   _PulsX_Bias_ADD
0000c810   _PulsX_Warn_ADD
0000c838   _PulsY_Bias_ADD
0000c83e   _PulsY_Warn_ADD
0000c874   _PulsZ_Bias_ADD
0000c832   _PulsZ_Warn_ADD
0000aa87   _RTOSINT_ISR
0000ad57   _Reply_Coordinate_Now
0000af5f   _Reply_DH_Parameters
0000afeb   _Reply_Motion_State
0000afa5   _Reply_Speed_Percent
0000af01   _Reply_User_Range
0020fc10   _Robot_DH
0020fc58   _Robot_DH_Buff
0020fd00   _Robot_DH_Str
00009cba   _Robot_Init
0000c92d   _Robot_Reg
0020fc40   _Robot_Run_Reg
0000994a   _Run_Info_Conversion
0020fc90   _SCARA_DH
0020fc64   _SCARA_Decare
00009df3   _SCARA_Run
0020fc80   _SCARA_Run_Theta
0020fec0   _SCIA_Data
0000a352   _SCIA_Data_Int
0000a37a   _SCIA_Tx
0020fc31   _SCIA_Tx_Message
0020fdc0   _SCIC_Data
0000a366   _SCIC_Data_Int
0000a3a2   _SCIC_Tx
0020fc26   _SCIC_Tx_Message
0000a936   _SCIRXINTA_ISR
0000acc1   _SCIRXINTB_ISR
0000aa28   _SCIRXINTC_ISR
0000a9f9   _SCITXINTA_ISR
0000accb   _SCITXINTB_ISR
0000aa3a   _SCITXINTC_ISR
0020fc06   _SCI_CMD_Message
0000c8c0   _SCI_CMD_Message1
0000b127   _SCI_Command_Execute
0000b02a   _SCI_RX_Message_Process
0000ab27   _SEQ1INT_ISR
0000ab31   _SEQ2INT_ISR
0000ac35   _SPIRXINTA_ISR
0000ac3f   _SPITXINTA_ISR
00007050   _SciaRegs
00007750   _ScibRegs
00007770   _ScicRegs
0000b79e   _ServiceDog
0000c15a   _SetDBGIER
0020fc0e   _Speed_Percent
0000b4ad   _Speed_Percent_Save
0020fc12   _Speed_Percent_Str
0000a23c   _Spi_FIFO_Init
0000a247   _Spi_Init
0000b511   _Spi_Rece
0000b502   _Spi_Send
00007040   _SpiaRegs
0000c860   _State_ADD
0000a2a6   _Str_To_Int
00007010   _SysCtrlRegs
0000ab59   _TINT0_ISR
0020fcc0   _Trajetory_points
0000ab09   _USER10_ISR
0000ab13   _USER11_ISR
0000ab1d   _USER12_ISR
0000aaaf   _USER1_ISR
0000aab9   _USER2_ISR
0000aac3   _USER3_ISR
0000aacd   _USER4_ISR
0000aad7   _USER5_ISR
0000aae1   _USER6_ISR
0000aaeb   _USER7_ISR
0000aaf5   _USER8_ISR
0000aaff   _USER9_ISR
0020fc04   _User_Range
0020fca4   _User_Range_Buff
0000b2cd   _User_Range_Save
0020fd40   _User_Range_Str
0000ab63   _WAKEINT_ISR
0000ab3b   _XINT1_ISR
0000ab45   _XINT2_ISR
0000acfd   _XINT3_ISR
0000ad07   _XINT4_ISR
0000ad11   _XINT5_ISR
0000ad1b   _XINT6_ISR
0000ad25   _XINT7_ISR
00007070   _XIntruptRegs
00000b20   _XintfRegs
00000700   __STACK_END
00000300   __STACK_SIZE
00000001   __TI_args_main
ffffffff   ___binit__
ffffffff   ___c_args__
00008000   ___cinit__
0000c15d   ___etext__
0000bfa4   ___memcpy_ff
ffffffff   ___pinit__
00008700   ___text__
0000c076   __args_main
0000c93c   __cleanup_ptr
0000d000   __ctypes_
0000c93e   __dtors_ptr
0000c93a   __lock
0000bd1d   __log
0000c131   __nop
00009847   __printfi
0000c12d   __register_lock
0000c129   __register_unlock
00000400   __stack
0000c938   __unlock
0000c08f   _abort
0000b963   _atan2
0000be35   _atoi
0000bdba   _c_int00
0000a8e9   _delay_loop
0000c942   _errno
0000c091   _exit
0000bc59   _exp
0000c0c0   _frexp
00008f94   _joint_time_cal
00008b18   _joint_trajetory
0000be00   _ldexp
0000be95   _ltoa
0000c022   _main
0000c0ff   _memccpy
0000c153   _memset
0000bcc3   _pow
0000ad4d   _rsvd_ISR
0000be66   _sprintf
0000bf3e   _sqrt
0000c13b   _strcpy
0000c11f   _strlen
0000b5c5   _w25q256_erase_chip
0000b5e1   _w25q256_erase_sector
0000b570   _w25q256_init
0000b612   _w25q256_read
0000b531   _w25q256_read_reg1
0000b542   _w25q256_read_reg2
0000b553   _w25q256_read_reg3
0000b57c   _w25q256_readid
0000b51f   _w25q256_reset
0000b564   _w25q256_set_4addr
0000b5b2   _w25q256_test_busy
0000b64e   _w25q256_write
0000b5a6   _w25q256_write_enable
ffffffff   binit
00008000   cinit
00000000   code_start
0000c15d   etext
ffffffff   pinit


GLOBAL SYMBOLS: SORTED BY Symbol Address 

address    name
--------   ----
00000000   code_start
00000001   __TI_args_main
00000300   __STACK_SIZE
00000400   __stack
00000700   __STACK_END
00000880   _DevEmuRegs
00000a80   _FlashRegs
00000ae0   _CsmRegs
00000b00   _AdcMirror
00000b20   _XintfRegs
00000c00   _CpuTimer0Regs
00000c08   _CpuTimer1Regs
00000c10   _CpuTimer2Regs
00000ce0   _PieCtrlRegs
00000d00   _PieVectTable
00001000   _DmaRegs
00005000   _McbspaRegs
00005040   _McbspbRegs
00006000   _ECanaRegs
00006040   _ECanaLAMRegs
00006080   _ECanaMOTSRegs
000060c0   _ECanaMOTORegs
00006100   _ECanaMboxes
00006200   _ECanbRegs
00006240   _ECanbLAMRegs
00006280   _ECanbMOTSRegs
000062c0   _ECanbMOTORegs
00006300   _ECanbMboxes
00006800   _EPwm1Regs
00006840   _EPwm2Regs
00006880   _EPwm3Regs
000068c0   _EPwm4Regs
00006900   _EPwm5Regs
00006940   _EPwm6Regs
00006a00   _ECap1Regs
00006a20   _ECap2Regs
00006a40   _ECap3Regs
00006a60   _ECap4Regs
00006a80   _ECap5Regs
00006aa0   _ECap6Regs
00006b00   _EQep1Regs
00006b40   _EQep2Regs
00006f80   _GpioCtrlRegs
00006fc0   _GpioDataRegs
00006fe0   _GpioIntRegs
00007010   _SysCtrlRegs
00007040   _SpiaRegs
00007050   _SciaRegs
00007070   _XIntruptRegs
00007100   _AdcRegs
00007750   _ScibRegs
00007770   _ScicRegs
00007900   _I2caRegs
00008000   ___cinit__
00008000   cinit
00008164   _InitFlash
0000817f   _DSP28x_usDelay
00008700   .text
00008700   _Inverse_Kinematics_SCARA
00008700   ___text__
00008a13   _PTP
00008b18   _joint_trajetory
00008f94   _joint_time_cal
00009847   __printfi
0000994a   _Run_Info_Conversion
00009b33   _Motor_on
00009cba   _Robot_Init
00009df3   _SCARA_Run
00009f49   _IO_Out_Set
00009f97   _Point_Test
0000a0a7   _PTP_Run
0000a175   _P_Gpio_Init
0000a1f8   _P_Led_Init
0000a20a   _P_UartA_Init
0000a228   _P_UartC_Init
0000a23c   _Spi_FIFO_Init
0000a247   _Spi_Init
0000a271   _P_Board_Init
0000a2a6   _Str_To_Int
0000a2d6   _Get_Check_Num
0000a2e7   _Check_Char_To_Int
0000a323   _Check_Int_To_Char
0000a352   _SCIA_Data_Int
0000a366   _SCIC_Data_Int
0000a37a   _SCIA_Tx
0000a3a2   _SCIC_Tx
0000a3ca   _Motor_X_Set
0000a3e4   _Motor_Y_Set
0000a402   _Motor_Z_Set
0000a420   _Motor_R_Set
0000a438   _Motor_X_Abs_Read
0000a551   _Motor_Y_Abs_Read
0000a66e   _Motor_Z_Abs_Read
0000a78b   _Motor_R_Abs_Read
0000a8a4   _Motor_X_AbsReset_Set
0000a8b1   _Motor_Y_AbsReset_Set
0000a8be   _Motor_Z_AbsReset_Set
0000a8cb   _Motor_R_AbsReset_Set
0000a8d8   _Motor_Return_State
0000a8e1   _Motor_Set_EN
0000a8e9   _delay_loop
0000a8f4   _Delay
0000a8fe   _My_Nop
0000a908   _Delay_s
0000a91c   _Delay_ms
0000a936   _SCIRXINTA_ISR
0000a9f9   _SCITXINTA_ISR
0000aa28   _SCIRXINTC_ISR
0000aa3a   _SCITXINTC_ISR
0000aa69   _INT13_ISR
0000aa73   _INT14_ISR
0000aa7d   _DATALOG_ISR
0000aa87   _RTOSINT_ISR
0000aa91   _EMUINT_ISR
0000aa9b   _NMI_ISR
0000aaa5   _ILLEGAL_ISR
0000aaaf   _USER1_ISR
0000aab9   _USER2_ISR
0000aac3   _USER3_ISR
0000aacd   _USER4_ISR
0000aad7   _USER5_ISR
0000aae1   _USER6_ISR
0000aaeb   _USER7_ISR
0000aaf5   _USER8_ISR
0000aaff   _USER9_ISR
0000ab09   _USER10_ISR
0000ab13   _USER11_ISR
0000ab1d   _USER12_ISR
0000ab27   _SEQ1INT_ISR
0000ab31   _SEQ2INT_ISR
0000ab3b   _XINT1_ISR
0000ab45   _XINT2_ISR
0000ab4f   _ADCINT_ISR
0000ab59   _TINT0_ISR
0000ab63   _WAKEINT_ISR
0000ab6d   _EPWM1_TZINT_ISR
0000ab77   _EPWM2_TZINT_ISR
0000ab81   _EPWM3_TZINT_ISR
0000ab8b   _EPWM4_TZINT_ISR
0000ab95   _EPWM5_TZINT_ISR
0000ab9f   _EPWM6_TZINT_ISR
0000aba9   _EPWM1_INT_ISR
0000abb3   _EPWM2_INT_ISR
0000abbd   _EPWM3_INT_ISR
0000abc7   _EPWM4_INT_ISR
0000abd1   _EPWM5_INT_ISR
0000abdb   _EPWM6_INT_ISR
0000abe5   _ECAP1_INT_ISR
0000abef   _ECAP2_INT_ISR
0000abf9   _ECAP3_INT_ISR
0000ac03   _ECAP4_INT_ISR
0000ac0d   _ECAP5_INT_ISR
0000ac17   _ECAP6_INT_ISR
0000ac21   _EQEP1_INT_ISR
0000ac2b   _EQEP2_INT_ISR
0000ac35   _SPIRXINTA_ISR
0000ac3f   _SPITXINTA_ISR
0000ac49   _MRINTB_ISR
0000ac53   _MXINTB_ISR
0000ac5d   _MRINTA_ISR
0000ac67   _MXINTA_ISR
0000ac71   _DINTCH1_ISR
0000ac7b   _DINTCH2_ISR
0000ac85   _DINTCH3_ISR
0000ac8f   _DINTCH4_ISR
0000ac99   _DINTCH5_ISR
0000aca3   _DINTCH6_ISR
0000acad   _I2CINT1A_ISR
0000acb7   _I2CINT2A_ISR
0000acc1   _SCIRXINTB_ISR
0000accb   _SCITXINTB_ISR
0000acd5   _ECAN0INTA_ISR
0000acdf   _ECAN1INTA_ISR
0000ace9   _ECAN0INTB_ISR
0000acf3   _ECAN1INTB_ISR
0000acfd   _XINT3_ISR
0000ad07   _XINT4_ISR
0000ad11   _XINT5_ISR
0000ad1b   _XINT6_ISR
0000ad25   _XINT7_ISR
0000ad2f   _LVF_ISR
0000ad39   _LUF_ISR
0000ad43   _PIE_RESERVED
0000ad4d   _rsvd_ISR
0000ad57   _Reply_Coordinate_Now
0000af01   _Reply_User_Range
0000af5f   _Reply_DH_Parameters
0000afa5   _Reply_Speed_Percent
0000afeb   _Reply_Motion_State
0000b02a   _SCI_RX_Message_Process
0000b127   _SCI_Command_Execute
0000b1c3   _Information_RAM_Int
0000b26e   _Information_Flash_Int
0000b29b   _Information_Flash_Erase
0000b2b5   _Connection_Test
0000b2cd   _User_Range_Save
0000b3f8   _DH_Parameters_Save
0000b4ad   _Speed_Percent_Save
0000b502   _Spi_Send
0000b511   _Spi_Rece
0000b51f   _w25q256_reset
0000b531   _w25q256_read_reg1
0000b542   _w25q256_read_reg2
0000b553   _w25q256_read_reg3
0000b564   _w25q256_set_4addr
0000b570   _w25q256_init
0000b57c   _w25q256_readid
0000b5a6   _w25q256_write_enable
0000b5b2   _w25q256_test_busy
0000b5c5   _w25q256_erase_chip
0000b5e1   _w25q256_erase_sector
0000b612   _w25q256_read
0000b64e   _w25q256_write
0000b68e   LL$$DIV
0000b6ca   LL$$MOD
0000b704   ULL$$DIV
0000b733   ULL$$MOD
0000b795   _InitSysCtrl
0000b79e   _ServiceDog
0000b7a8   _DisableDog
0000b7b0   _InitPll
0000b7fc   _InitPeripheralClocks
0000b857   _CsmUnlock
0000b888   _InitXintf
0000b8c6   _InitXintf32Gpio
0000b90d   _InitXintf16Gpio
0000b963   _atan2
0000ba27   FD$$ADD
0000bac3   FD$$DIV
0000bb4e   FS$$DIV
0000bbd6   FD$$MPY
0000bc59   _exp
0000bcc3   _pow
0000bd1d   __log
0000bd71   _Add_Bus
0000bd83   _DATA_Bus_Write
0000bd94   _DATA_Bus_Read
0000bd9b   _Data_Bus_Out
0000bdad   _Data_Bus_In
0000bdba   _c_int00
0000be00   _ldexp
0000be35   _atoi
0000be66   _sprintf
0000be95   _ltoa
0000bec1   FD$$CMP
0000beeb   L$$DIV
0000befa   L$$MOD
0000bf08   UL$$DIV
0000bf0f   UL$$MOD
0000bf15   _InitPieCtrl
0000bf34   _EnableInterrupts
0000bf3e   _sqrt
0000bf61   I$$DIV
0000bf72   I$$MOD
0000bf83   FD$$TOI
0000bfa4   ___memcpy_ff
0000bfc5   _InitPieVectTable
0000bfe5   FD$$TOL
0000c004   LL$$CMP
0000c016   ULL$$CMP
0000c022   _main
0000c03e   FS$$TOFD
0000c05a   L$$TOFD
0000c076   __args_main
0000c08f   C$$EXIT
0000c08f   _abort
0000c091   _exit
0000c0a8   LL$$AND
0000c0b0   LL$$OR
0000c0b8   LL$$XOR
0000c0c0   _frexp
0000c0d6   _MemCopy
0000c0eb   LL$$MPY
0000c0ff   _memccpy
0000c111   FD$$SUB
0000c11f   _strlen
0000c129   __register_unlock
0000c12d   __register_lock
0000c131   __nop
0000c132   FD$$NEG
0000c13b   _strcpy
0000c14c   _DSP28x_DisableInt
0000c150   _DSP28x_RestoreInt
0000c153   _memset
0000c15a   _SetDBGIER
0000c15d   ___etext__
0000c15d   etext
0000c800   _AbsX_Encoder6_ADD
0000c802   _AbsX_Encoder7_ADD
0000c804   _AbsX_Encoder4_ADD
0000c806   _AbsX_Encoder5_ADD
0000c808   _NumY_ADD
0000c80a   _FreqY_ADD
0000c80c   _AbsX_Encoder8_ADD
0000c80e   _DIRVER_ENX_ADD
0000c810   _PulsX_Warn_ADD
0000c812   _DirX_ADD
0000c814   _NumX_ADD
0000c816   _NumX_ADD1
0000c818   _FreqX_ADD
0000c81a   _AbsX_Encoder3_ADD
0000c81c   _NumY_ADD1
0000c81e   _AbsX_Encoder2_ADD
0000c820   _AbsX_Reset_ADD
0000c822   _AbsX_Encoder1_ADD
0000c824   _PulsX_Bias_ADD
0000c826   _AbsY_Encoder8_ADD
0000c828   _FreqZ_ADD
0000c82a   _AbsY_Encoder6_ADD
0000c82c   _AbsY_Encoder7_ADD
0000c82e   _AbsY_Encoder5_ADD
0000c830   _DIRVER_ENZ_ADD
0000c832   _PulsZ_Warn_ADD
0000c834   _NumZ_ADD1
0000c836   _DirZ_ADD
0000c838   _PulsY_Bias_ADD
0000c83a   _AbsY_Reset_ADD
0000c83c   _DIRVER_ENY_ADD
0000c83e   _PulsY_Warn_ADD
0000c840   _DirY_ADD
0000c842   _AbsY_Encoder4_ADD
0000c844   _NumZ_ADD
0000c846   _AbsY_Encoder2_ADD
0000c848   _AbsY_Encoder3_ADD
0000c84a   _AbsY_Encoder1_ADD
0000c84c   _AbsR_Reset_ADD
0000c84e   _PulsR_Bias_ADD
0000c850   _AbsR_Encoder2_ADD
0000c852   _AbsR_Encoder1_ADD
0000c854   _AbsR_Encoder3_ADD
0000c856   _DIRVER_ENR_ADD
0000c858   _DirR_ADD
0000c85a   _PulsR_Warn_ADD
0000c85c   _EN_ADD
0000c85e   _AbsR_Encoder8_ADD
0000c860   _State_ADD
0000c862   _AbsR_Encoder4_ADD
0000c864   _AbsR_Encoder6_ADD
0000c866   _AbsR_Encoder5_ADD
0000c868   _AbsR_Encoder7_ADD
0000c86a   _AbsZ_Encoder2_ADD
0000c86c   _AbsZ_Encoder1_ADD
0000c86e   _AbsZ_Encoder4_ADD
0000c870   _AbsZ_Encoder3_ADD
0000c872   _AbsZ_Encoder5_ADD
0000c874   _PulsZ_Bias_ADD
0000c876   _FreqR_ADD
0000c878   _NumR_ADD1
0000c87a   _NumR_ADD
0000c87c   _AbsZ_Encoder6_ADD
0000c87e   _AbsZ_Reset_ADD
0000c880   _AbsZ_Encoder8_ADD
0000c882   _AbsZ_Encoder7_ADD
0000c8c0   _SCI_CMD_Message1
0000c92d   _Robot_Reg
0000c938   __unlock
0000c93a   __lock
0000c93c   __cleanup_ptr
0000c93e   __dtors_ptr
0000c940   _ACK_SCI_Cmd
0000c942   _errno
0000d000   __ctypes_
0000d102   _PieVectTableInit
0020fc00   _Answer_Flag
0020fc01   _Cmd_Tx_Long
0020fc02   _Auxiliary_Fun
0020fc03   _Execute_Flag
0020fc04   _User_Range
0020fc06   _SCI_CMD_Message
0020fc08   _Num_Decimal_Y
0020fc0a   _Num_Decimal_R
0020fc0c   _Num_Decimal_X
0020fc0e   _Speed_Percent
0020fc10   _Robot_DH
0020fc12   _Speed_Percent_Str
0020fc16   _Encoder_Z_Origin
0020fc1a   _Encoder_R_Origin
0020fc1e   _Encoder_X_Origin
0020fc22   _Encoder_Y_Origin
0020fc26   _SCIC_Tx_Message
0020fc31   _SCIA_Tx_Message
0020fc40   _Robot_Run_Reg
0020fc4c   _Now_Point
0020fc58   _Robot_DH_Buff
0020fc64   _SCARA_Decare
0020fc80   _SCARA_Run_Theta
0020fc90   _SCARA_DH
0020fca4   _User_Range_Buff
0020fcc0   _Trajetory_points
0020fcda   _Motor_Run_points
0020fd00   _Robot_DH_Str
0020fd40   _User_Range_Str
0020fdc0   _SCIC_Data
0020fec0   _SCIA_Data
0033fff8   _CsmPwl
00380080   _ADC_cal
00380090   _PartIdRegs
ffffffff   ___binit__
ffffffff   ___c_args__
ffffffff   ___pinit__
ffffffff   binit
ffffffff   pinit

[402 symbols]
