******************************************************************************
             TMS320C2000 Linker PC v6.1.0                      
******************************************************************************
>> Linked Wed Aug 31 18:50:58 2016

OUTPUT FILE NAME:   <SCARA2.out>
ENTRY POINT SYMBOL: "_c_int00"  address: 0000ba69


MEMORY CONFIGURATION

         name            origin    length      used     unused   attr    fill
----------------------  --------  ---------  --------  --------  ----  --------
PAGE 0:
  BEGIN                 00000000   00000002  00000002  00000000  RWIX
  RAMM0                 00000050   000003b0  00000000  000003b0  RWIX
  RAML0                 00008000   00000700  00000039  000006c7  RWIX
  RAML1                 00008700   00003900  000036f3  0000020d  RWIX
  ZONE7A                00200000   0000fc00  00000000  0000fc00  RWIX
  CSM_RSVD              0033ff80   00000076  00000000  00000076  RWIX
  CSM_PWL               0033fff8   00000008  00000000  00000008  RWIX
  ADC_CAL               00380080   00000009  00000007  00000002  RWIX
  IQTABLES              003fe000   00000b50  00000000  00000b50  RWIX
  IQTABLES2             003feb50   0000008c  00000000  0000008c  RWIX
  FPUTABLES             003febdc   000006a0  00000000  000006a0  RWIX
  BOOTROM               003ff27c   00000d44  00000000  00000d44  RWIX
  RESET                 003fffc0   00000002  00000000  00000002  RWIX

PAGE 1:
  BOOT_RSVD             00000002   0000004e  00000000  0000004e  RWIX
  RAMM1                 00000400   00000400  00000300  00000100  RWIX
  DEV_EMU               00000880   00000180  000000d0  000000b0  RWIX
  FLASH_REGS            00000a80   00000060  00000008  00000058  RWIX
  CSM                   00000ae0   00000010  00000010  00000000  RWIX
  ADC_MIRROR            00000b00   00000010  00000010  00000000  RWIX
  XINTF                 00000b20   00000020  0000001e  00000002  RWIX
  CPU_TIMER0            00000c00   00000008  00000008  00000000  RWIX
  CPU_TIMER1            00000c08   00000008  00000008  00000000  RWIX
  CPU_TIMER2            00000c10   00000008  00000008  00000000  RWIX
  PIE_CTRL              00000ce0   00000020  0000001a  00000006  RWIX
  PIE_VECT              00000d00   00000100  00000100  00000000  RWIX
  DMA                   00001000   00000200  000000e0  00000120  RWIX
  MCBSPA                00005000   00000040  00000025  0000001b  RWIX
  MCBSPB                00005040   00000040  00000025  0000001b  RWIX
  ECANA                 00006000   00000040  00000034  0000000c  RWIX
  ECANA_LAM             00006040   00000040  00000040  00000000  RWIX
  ECANA_MOTS            00006080   00000040  00000040  00000000  RWIX
  ECANA_MOTO            000060c0   00000040  00000040  00000000  RWIX
  ECANA_MBOX            00006100   00000100  00000100  00000000  RWIX
  ECANB                 00006200   00000040  00000034  0000000c  RWIX
  ECANB_LAM             00006240   00000040  00000040  00000000  RWIX
  ECANB_MOTS            00006280   00000040  00000040  00000000  RWIX
  ECANB_MOTO            000062c0   00000040  00000040  00000000  RWIX
  ECANB_MBOX            00006300   00000100  00000100  00000000  RWIX
  EPWM1                 00006800   00000022  00000022  00000000  RWIX
  EPWM2                 00006840   00000022  00000022  00000000  RWIX
  EPWM3                 00006880   00000022  00000022  00000000  RWIX
  EPWM4                 000068c0   00000022  00000022  00000000  RWIX
  EPWM5                 00006900   00000022  00000022  00000000  RWIX
  EPWM6                 00006940   00000022  00000022  00000000  RWIX
  ECAP1                 00006a00   00000020  00000020  00000000  RWIX
  ECAP2                 00006a20   00000020  00000020  00000000  RWIX
  ECAP3                 00006a40   00000020  00000020  00000000  RWIX
  ECAP4                 00006a60   00000020  00000020  00000000  RWIX
  ECAP5                 00006a80   00000020  00000020  00000000  RWIX
  ECAP6                 00006aa0   00000020  00000020  00000000  RWIX
  EQEP1                 00006b00   00000040  00000040  00000000  RWIX
  EQEP2                 00006b40   00000040  00000040  00000000  RWIX
  GPIOCTRL              00006f80   00000040  0000002e  00000012  RWIX
  GPIODAT               00006fc0   00000020  00000020  00000000  RWIX
  GPIOINT               00006fe0   00000020  0000000a  00000016  RWIX
  SYSTEM                00007010   00000020  00000020  00000000  RWIX
  SPIA                  00007040   00000010  00000010  00000000  RWIX
  SCIA                  00007050   00000010  00000010  00000000  RWIX
  XINTRUPT              00007070   00000010  00000010  00000000  RWIX
  ADC                   00007100   00000020  0000001e  00000002  RWIX
  SCIB                  00007750   00000010  00000010  00000000  RWIX
  SCIC                  00007770   00000010  00000010  00000000  RWIX
  I2CA                  00007900   00000040  00000022  0000001e  RWIX
  RAML4                 0000c000   00001000  00000083  00000f7d  RWIX
  RAML5                 0000d000   00001000  0000047b  00000b85  RWIX
  RAML6                 0000e000   00001000  00000000  00001000  RWIX
  RAML7                 0000f000   00001000  00000000  00001000  RWIX
  ZONE7B                0020fc00   00001400  00000353  000010ad  RWIX
  CSM_PWL               0033fff8   00000008  00000008  00000000  RWIX
  PARTID                00380090   00000001  00000001  00000000  RWIX


SECTION ALLOCATION MAP

 output                                  attributes/
section   page    origin      length       input sections
--------  ----  ----------  ----------   ----------------
codestart 
*          0    00000000    00000002     
                  00000000    00000002     DSP2833x_CodeStartBranch.obj (codestart)

.pinit     0    00008000    00000000     UNINITIALIZED

ramfuncs   0    00008000    0000001f     
                  00008000    0000001b     DSP2833x_SysCtrl.obj (ramfuncs)
                  0000801b    00000004     DSP2833x_usDelay.obj (ramfuncs)

.cinit     0    0000801f    0000001a     
                  0000801f    0000000a     rts2800_fpu32.lib : _lock.obj (.cinit)
                  00008029    0000000a                       : exit.obj (.cinit)
                  00008033    00000004                       : errno.obj (.cinit)
                  00008037    00000002     --HOLE-- [fill = 0]

.text      0    00008700    000036f3     
                  00008700    00000939     scara_lib.lib : scara_math.obj (.text)
                  00009039    00000911     rts2800_fpu32.lib : _printfi.obj (.text)
                  0000994a    000008f1     control.obj (.text)
                  0000a23b    00000421     DSP2833x_DefaultIsr.obj (.text:retain)
                  0000a65c    000003c0     PlatForm.obj (.text)
                  0000aa1c    000002d3     Reply.obj (.text)
                  0000acef    00000295     command_processing.obj (.text)
                  0000af84    00000235     Save.obj (.text)
                  0000b1b9    0000018c     SPI_Flash.obj (.text)
                  0000b345    00000107     rts2800_fpu32.lib : ll_div.obj (.text)
                  0000b44c    000000f3     DSP2833x_SysCtrl.obj (.text)
                  0000b53f    000000d3     DSP2833x_Xintf.obj (.text)
                  0000b612    000000c4     rts2800_fpu32.lib : atan2.obj (.text)
                  0000b6d6    0000009c                       : fd_add.obj (.text)
                  0000b772    0000008b                       : fd_div.obj (.text)
                  0000b7fd    00000088                       : fs_div.obj (.text)
                  0000b885    00000083                       : fd_mpy.obj (.text)
                  0000b908    0000006a                       : exp.obj (.text)
                  0000b972    0000005a                       : pow.obj (.text)
                  0000b9cc    00000054                       : _log.obj (.text)
                  0000ba20    00000049     Bus.obj (.text)
                  0000ba69    00000046     rts2800_fpu32.lib : boot.obj (.text)
                  0000baaf    00000035                       : ldexp.obj (.text)
                  0000bae4    00000031                       : atoi.obj (.text)
                  0000bb15    0000002f                       : sprintf.obj (.text)
                  0000bb44    0000002c                       : ltoa.obj (.text)
                  0000bb70    0000002a                       : fd_cmp.obj (.text)
                  0000bb9a    0000002a                       : l_div.obj (.text)
                  0000bbc4    00000028     DSP2833x_PieCtrl.obj (.text)
                  0000bbec    00000023     rts2800_fpu32.lib : sqrt.obj (.text)
                  0000bc0f    00000022                       : i_div.obj (.text)
                  0000bc31    00000021                       : fd_toi.obj (.text)
                  0000bc52    00000021                       : memcpy_ff.obj (.text)
                  0000bc73    00000020     DSP2833x_PieVect.obj (.text)
                  0000bc93    0000001f     rts2800_fpu32.lib : fd_tol.obj (.text)
                  0000bcb2    0000001e                       : ll_cmp.obj (.text)
                  0000bcd0    0000001c     main.obj (.text)
                  0000bcec    0000001c     rts2800_fpu32.lib : fs_tofd.obj (.text)
                  0000bd08    0000001c                       : l_tofd.obj (.text)
                  0000bd24    00000019                       : args_main.obj (.text)
                  0000bd3d    00000019                       : exit.obj (.text)
                  0000bd56    00000016                       : frexp.obj (.text)
                  0000bd6c    00000015     DSP2833x_MemCopy.obj (.text)
                  0000bd81    00000014     rts2800_fpu32.lib : ll_mpy.obj (.text)
                  0000bd95    00000012                       : memccpy.obj (.text)
                  0000bda7    0000000e                       : fd_sub.obj (.text)
                  0000bdb5    0000000a                       : strlen.obj (.text)
                  0000bdbf    00000009                       : _lock.obj (.text)
                  0000bdc8    00000009                       : fd_neg.obj (.text)
                  0000bdd1    00000009                       : strcpy.obj (.text)
                  0000bdda    00000008     DSP2833x_CodeStartBranch.obj (.text)
                  0000bde2    00000007     DSP2833x_DisInt.obj (.text)
                  0000bde9    00000007     rts2800_fpu32.lib : memset.obj (.text)
                  0000bdf0    00000003     DSP2833x_DBGIER.obj (.text)

csm_rsvd   0    0033ff80    00000076     DSECT
                  0033ff80    00000076     DSP2833x_CSMPasswords.obj (csm_rsvd)

csmpasswds 
*          0    0033fff8    00000008     DSECT
                  0033fff8    00000008     DSP2833x_CSMPasswords.obj (csmpasswds)

.adc_cal   0    00380080    00000007     NOLOAD SECTION
                  00380080    00000007     DSP2833x_ADC_cal.obj (.adc_cal)

.reset     0    003fffc0    00000002     DSECT
                  003fffc0    00000002     rts2800_fpu32.lib : boot.obj (.reset)

.stack     1    00000400    00000300     UNINITIALIZED
                  00000400    00000300     --HOLE--

DevEmuRegsFile 
*          1    00000880    000000d0     UNINITIALIZED
                  00000880    000000d0     DSP2833x_GlobalVariableDefs.obj (DevEmuRegsFile)

FlashRegsFile 
*          1    00000a80    00000008     UNINITIALIZED
                  00000a80    00000008     DSP2833x_GlobalVariableDefs.obj (FlashRegsFile)

CsmRegsFile 
*          1    00000ae0    00000010     UNINITIALIZED
                  00000ae0    00000010     DSP2833x_GlobalVariableDefs.obj (CsmRegsFile)

AdcMirrorFile 
*          1    00000b00    00000010     UNINITIALIZED
                  00000b00    00000010     DSP2833x_GlobalVariableDefs.obj (AdcMirrorFile)

XintfRegsFile 
*          1    00000b20    0000001e     UNINITIALIZED
                  00000b20    0000001e     DSP2833x_GlobalVariableDefs.obj (XintfRegsFile)

CpuTimer0RegsFile 
*          1    00000c00    00000008     UNINITIALIZED
                  00000c00    00000008     DSP2833x_GlobalVariableDefs.obj (CpuTimer0RegsFile)

CpuTimer1RegsFile 
*          1    00000c08    00000008     UNINITIALIZED
                  00000c08    00000008     DSP2833x_GlobalVariableDefs.obj (CpuTimer1RegsFile)

CpuTimer2RegsFile 
*          1    00000c10    00000008     UNINITIALIZED
                  00000c10    00000008     DSP2833x_GlobalVariableDefs.obj (CpuTimer2RegsFile)

PieCtrlRegsFile 
*          1    00000ce0    0000001a     UNINITIALIZED
                  00000ce0    0000001a     DSP2833x_GlobalVariableDefs.obj (PieCtrlRegsFile)

PieVectTableFile 
*          1    00000d00    00000100     UNINITIALIZED
                  00000d00    00000100     DSP2833x_GlobalVariableDefs.obj (PieVectTableFile)

DmaRegsFile 
*          1    00001000    000000e0     UNINITIALIZED
                  00001000    000000e0     DSP2833x_GlobalVariableDefs.obj (DmaRegsFile)

McbspaRegsFile 
*          1    00005000    00000025     UNINITIALIZED
                  00005000    00000025     DSP2833x_GlobalVariableDefs.obj (McbspaRegsFile)

McbspbRegsFile 
*          1    00005040    00000025     UNINITIALIZED
                  00005040    00000025     DSP2833x_GlobalVariableDefs.obj (McbspbRegsFile)

ECanaRegsFile 
*          1    00006000    00000034     UNINITIALIZED
                  00006000    00000034     DSP2833x_GlobalVariableDefs.obj (ECanaRegsFile)

ECanaLAMRegsFile 
*          1    00006040    00000040     UNINITIALIZED
                  00006040    00000040     DSP2833x_GlobalVariableDefs.obj (ECanaLAMRegsFile)

ECanaMOTSRegsFile 
*          1    00006080    00000040     UNINITIALIZED
                  00006080    00000040     DSP2833x_GlobalVariableDefs.obj (ECanaMOTSRegsFile)

ECanaMOTORegsFile 
*          1    000060c0    00000040     UNINITIALIZED
                  000060c0    00000040     DSP2833x_GlobalVariableDefs.obj (ECanaMOTORegsFile)

ECanaMboxesFile 
*          1    00006100    00000100     UNINITIALIZED
                  00006100    00000100     DSP2833x_GlobalVariableDefs.obj (ECanaMboxesFile)

ECanbRegsFile 
*          1    00006200    00000034     UNINITIALIZED
                  00006200    00000034     DSP2833x_GlobalVariableDefs.obj (ECanbRegsFile)

ECanbLAMRegsFile 
*          1    00006240    00000040     UNINITIALIZED
                  00006240    00000040     DSP2833x_GlobalVariableDefs.obj (ECanbLAMRegsFile)

ECanbMOTSRegsFile 
*          1    00006280    00000040     UNINITIALIZED
                  00006280    00000040     DSP2833x_GlobalVariableDefs.obj (ECanbMOTSRegsFile)

ECanbMOTORegsFile 
*          1    000062c0    00000040     UNINITIALIZED
                  000062c0    00000040     DSP2833x_GlobalVariableDefs.obj (ECanbMOTORegsFile)

ECanbMboxesFile 
*          1    00006300    00000100     UNINITIALIZED
                  00006300    00000100     DSP2833x_GlobalVariableDefs.obj (ECanbMboxesFile)

EPwm1RegsFile 
*          1    00006800    00000022     UNINITIALIZED
                  00006800    00000022     DSP2833x_GlobalVariableDefs.obj (EPwm1RegsFile)

EPwm2RegsFile 
*          1    00006840    00000022     UNINITIALIZED
                  00006840    00000022     DSP2833x_GlobalVariableDefs.obj (EPwm2RegsFile)

EPwm3RegsFile 
*          1    00006880    00000022     UNINITIALIZED
                  00006880    00000022     DSP2833x_GlobalVariableDefs.obj (EPwm3RegsFile)

EPwm4RegsFile 
*          1    000068c0    00000022     UNINITIALIZED
                  000068c0    00000022     DSP2833x_GlobalVariableDefs.obj (EPwm4RegsFile)

EPwm5RegsFile 
*          1    00006900    00000022     UNINITIALIZED
                  00006900    00000022     DSP2833x_GlobalVariableDefs.obj (EPwm5RegsFile)

EPwm6RegsFile 
*          1    00006940    00000022     UNINITIALIZED
                  00006940    00000022     DSP2833x_GlobalVariableDefs.obj (EPwm6RegsFile)

ECap1RegsFile 
*          1    00006a00    00000020     UNINITIALIZED
                  00006a00    00000020     DSP2833x_GlobalVariableDefs.obj (ECap1RegsFile)

ECap2RegsFile 
*          1    00006a20    00000020     UNINITIALIZED
                  00006a20    00000020     DSP2833x_GlobalVariableDefs.obj (ECap2RegsFile)

ECap3RegsFile 
*          1    00006a40    00000020     UNINITIALIZED
                  00006a40    00000020     DSP2833x_GlobalVariableDefs.obj (ECap3RegsFile)

ECap4RegsFile 
*          1    00006a60    00000020     UNINITIALIZED
                  00006a60    00000020     DSP2833x_GlobalVariableDefs.obj (ECap4RegsFile)

ECap5RegsFile 
*          1    00006a80    00000020     UNINITIALIZED
                  00006a80    00000020     DSP2833x_GlobalVariableDefs.obj (ECap5RegsFile)

ECap6RegsFile 
*          1    00006aa0    00000020     UNINITIALIZED
                  00006aa0    00000020     DSP2833x_GlobalVariableDefs.obj (ECap6RegsFile)

EQep1RegsFile 
*          1    00006b00    00000040     UNINITIALIZED
                  00006b00    00000040     DSP2833x_GlobalVariableDefs.obj (EQep1RegsFile)

EQep2RegsFile 
*          1    00006b40    00000040     UNINITIALIZED
                  00006b40    00000040     DSP2833x_GlobalVariableDefs.obj (EQep2RegsFile)

GpioCtrlRegsFile 
*          1    00006f80    0000002e     UNINITIALIZED
                  00006f80    0000002e     DSP2833x_GlobalVariableDefs.obj (GpioCtrlRegsFile)

GpioDataRegsFile 
*          1    00006fc0    00000020     UNINITIALIZED
                  00006fc0    00000020     DSP2833x_GlobalVariableDefs.obj (GpioDataRegsFile)

GpioIntRegsFile 
*          1    00006fe0    0000000a     UNINITIALIZED
                  00006fe0    0000000a     DSP2833x_GlobalVariableDefs.obj (GpioIntRegsFile)

SysCtrlRegsFile 
*          1    00007010    00000020     UNINITIALIZED
                  00007010    00000020     DSP2833x_GlobalVariableDefs.obj (SysCtrlRegsFile)

SpiaRegsFile 
*          1    00007040    00000010     UNINITIALIZED
                  00007040    00000010     DSP2833x_GlobalVariableDefs.obj (SpiaRegsFile)

SciaRegsFile 
*          1    00007050    00000010     UNINITIALIZED
                  00007050    00000010     DSP2833x_GlobalVariableDefs.obj (SciaRegsFile)

XIntruptRegsFile 
*          1    00007070    00000010     UNINITIALIZED
                  00007070    00000010     DSP2833x_GlobalVariableDefs.obj (XIntruptRegsFile)

AdcRegsFile 
*          1    00007100    0000001e     UNINITIALIZED
                  00007100    0000001e     DSP2833x_GlobalVariableDefs.obj (AdcRegsFile)

ScibRegsFile 
*          1    00007750    00000010     UNINITIALIZED
                  00007750    00000010     DSP2833x_GlobalVariableDefs.obj (ScibRegsFile)

ScicRegsFile 
*          1    00007770    00000010     UNINITIALIZED
                  00007770    00000010     DSP2833x_GlobalVariableDefs.obj (ScicRegsFile)

I2caRegsFile 
*          1    00007900    00000022     UNINITIALIZED
                  00007900    00000022     DSP2833x_GlobalVariableDefs.obj (I2caRegsFile)

.ebss      1    0000c000    00000083     UNINITIALIZED
                  0000c000    0000006d     PlatForm.obj (.ebss)
                  0000c06d    0000000b     scara_lib.lib : scara_math.obj (.ebss)
                  0000c078    00000004     rts2800_fpu32.lib : _lock.obj (.ebss)
                  0000c07c    00000004                       : exit.obj (.ebss)
                  0000c080    00000002     DSP2833x_DefaultIsr.obj (.ebss)
                  0000c082    00000001     rts2800_fpu32.lib : errno.obj (.ebss)

.econst    1    0000d000    0000047b     
                  0000d000    00000101     rts2800_fpu32.lib : ctype.obj (.econst:__ctypes_)
                  0000d101    00000001     --HOLE-- [fill = 0]
                  0000d102    00000100     DSP2833x_PieVect.obj (.econst)
                  0000d202    00000053     Reply.obj (.econst:_$P$T1$2)
                  0000d255    00000048     command_processing.obj (.econst:_$P$T2$3)
                  0000d29d    0000002f     Reply.obj (.econst:_$P$T0$1)
                  0000d2cc    00000029     Reply.obj (.econst:_$P$T2$3)
                  0000d2f5    00000001     --HOLE-- [fill = 0]
                  0000d2f6    00000024     rts2800_fpu32.lib : _printfi.obj (.econst:.string)
                  0000d31a    0000001e     command_processing.obj (.econst:_$P$T3$4)
                  0000d338    00000018     rts2800_fpu32.lib : _printfi.obj (.econst)
                  0000d350    00000011     PlatForm.obj (.econst:_$P$T0$1)
                  0000d361    00000011     PlatForm.obj (.econst:_$P$T1$2)
                  0000d372    00000011     Save.obj (.econst:_$P$T1$2)
                  0000d383    00000011     PlatForm.obj (.econst:_$P$T2$3)
                  0000d394    00000011     Save.obj (.econst:_$P$T3$4)
                  0000d3a5    00000011     control.obj (.econst:_$P$T3$4)
                  0000d3b6    00000011     control.obj (.econst:_$P$T4$5)
                  0000d3c7    0000000e     Reply.obj (.econst:_$P$T3$4)
                  0000d3d5    0000000c     Save.obj (.econst:_$P$T0$1)
                  0000d3e1    0000000c     control.obj (.econst:_$P$T0$1)
                  0000d3ed    0000000c     command_processing.obj (.econst:_$P$T1$2)
                  0000d3f9    0000000c     control.obj (.econst:_$P$T1$2)
                  0000d405    0000000c     Save.obj (.econst:_$P$T2$3)
                  0000d411    0000000c     control.obj (.econst:_$P$T2$3)
                  0000d41d    0000000c     Save.obj (.econst:_$P$T4$5)
                  0000d429    0000000b     command_processing.obj (.econst:_$P$T0$1)
                  0000d434    0000000b     Reply.obj (.econst:_$P$T4$5)
                  0000d43f    0000000b     command_processing.obj (.econst:_$P$T4$5)
                  0000d44a    0000000b     command_processing.obj (.econst:_$P$T5$6)
                  0000d455    00000001     --HOLE-- [fill = 0]
                  0000d456    00000008     scara_lib.lib : scara_math.obj (.econst:_$P$T0$1)
                  0000d45e    00000008                   : scara_math.obj (.econst:_$P$T1$2)
                  0000d466    00000008                   : scara_math.obj (.econst:_$P$T2$3)
                  0000d46e    00000008     rts2800_fpu32.lib : atan2.obj (.econst:_a$1)
                  0000d476    00000005     Reply.obj (.econst:.string)

ZONE7DATA 
*          1    0020fc00    00000353     UNINITIALIZED
                  0020fc00    00000353     PlatForm.obj (ZONE7DATA)

CsmPwlFile 
*          1    0033fff8    00000008     UNINITIALIZED
                  0033fff8    00000008     DSP2833x_GlobalVariableDefs.obj (CsmPwlFile)

PartIdRegsFile 
*          1    00380090    00000001     UNINITIALIZED
                  00380090    00000001     DSP2833x_GlobalVariableDefs.obj (PartIdRegsFile)


GLOBAL SYMBOLS: SORTED ALPHABETICALLY BY Name 

address    name
--------   ----
00008700   .text
0000bd3d   C$$EXIT
0000b6d6   FD$$ADD
0000bb70   FD$$CMP
0000b772   FD$$DIV
0000b885   FD$$MPY
0000bdc8   FD$$NEG
0000bda7   FD$$SUB
0000bc31   FD$$TOI
0000bc93   FD$$TOL
0000b7fd   FS$$DIV
0000bcec   FS$$TOFD
0000bc0f   I$$DIV
0000bc20   I$$MOD
0000bb9a   L$$DIV
0000bba9   L$$MOD
0000bd08   L$$TOFD
0000bcb2   LL$$CMP
0000b345   LL$$DIV
0000b381   LL$$MOD
0000bd81   LL$$MPY
0000bbb7   UL$$DIV
0000bbbe   UL$$MOD
0000bcc4   ULL$$CMP
0000b3bb   ULL$$DIV
0000b3ea   ULL$$MOD
0000c080   _ACK_SCI_Cmd
0000a454   _ADCINT_ISR
00380080   _ADC_cal
00000b00   _AdcMirror
00007100   _AdcRegs
0000ba20   _Add_Bus
0020fc00   _Answer_Flag
0020fc02   _Auxiliary_Fun
0000a7ce   _Check_Char_To_Int
0000a80a   _Check_Int_To_Char
0020fc03   _Cmd_Tx_Long
0000af6c   _Connection_Test
00000c00   _CpuTimer0Regs
00000c08   _CpuTimer1Regs
00000c10   _CpuTimer2Regs
0033fff8   _CsmPwl
00000ae0   _CsmRegs
0000b50e   _CsmUnlock
0000a382   _DATALOG_ISR
0000ba43   _DATA_Bus_Read
0000ba32   _DATA_Bus_Write
0000b0af   _DH_Parameters_Save
0000a576   _DINTCH1_ISR
0000a580   _DINTCH2_ISR
0000a58a   _DINTCH3_ISR
0000a594   _DINTCH4_ISR
0000a59e   _DINTCH5_ISR
0000a5a8   _DINTCH6_ISR
0000bde2   _DSP28x_DisableInt
0000bde6   _DSP28x_RestoreInt
0000801b   _DSP28x_usDelay
0000ba5c   _Data_Bus_In
0000ba4a   _Data_Bus_Out
0000a8e9   _Data_Read
0000a8c7   _Data_Write
0000a9da   _Delay
0000aa02   _Delay_ms
0000a9ee   _Delay_s
00000880   _DevEmuRegs
0000b45f   _DisableDog
00001000   _DmaRegs
0000a5da   _ECAN0INTA_ISR
0000a5ee   _ECAN0INTB_ISR
0000a5e4   _ECAN1INTA_ISR
0000a5f8   _ECAN1INTB_ISR
0000a4ea   _ECAP1_INT_ISR
0000a4f4   _ECAP2_INT_ISR
0000a4fe   _ECAP3_INT_ISR
0000a508   _ECAP4_INT_ISR
0000a512   _ECAP5_INT_ISR
0000a51c   _ECAP6_INT_ISR
00006040   _ECanaLAMRegs
000060c0   _ECanaMOTORegs
00006080   _ECanaMOTSRegs
00006100   _ECanaMboxes
00006000   _ECanaRegs
00006240   _ECanbLAMRegs
000062c0   _ECanbMOTORegs
00006280   _ECanbMOTSRegs
00006300   _ECanbMboxes
00006200   _ECanbRegs
00006a00   _ECap1Regs
00006a20   _ECap2Regs
00006a40   _ECap3Regs
00006a60   _ECap4Regs
00006a80   _ECap5Regs
00006aa0   _ECap6Regs
0000a396   _EMUINT_ISR
0000a4ae   _EPWM1_INT_ISR
0000a472   _EPWM1_TZINT_ISR
0000a4b8   _EPWM2_INT_ISR
0000a47c   _EPWM2_TZINT_ISR
0000a4c2   _EPWM3_INT_ISR
0000a486   _EPWM3_TZINT_ISR
0000a4cc   _EPWM4_INT_ISR
0000a490   _EPWM4_TZINT_ISR
0000a4d6   _EPWM5_INT_ISR
0000a49a   _EPWM5_TZINT_ISR
0000a4e0   _EPWM6_INT_ISR
0000a4a4   _EPWM6_TZINT_ISR
00006800   _EPwm1Regs
00006840   _EPwm2Regs
00006880   _EPwm3Regs
000068c0   _EPwm4Regs
00006900   _EPwm5Regs
00006940   _EPwm6Regs
0000a526   _EQEP1_INT_ISR
0000a530   _EQEP2_INT_ISR
00006b00   _EQep1Regs
00006b40   _EQep2Regs
0000bbe3   _EnableInterrupts
0020fc01   _Execute_Flag
00000a80   _FlashRegs
0000a7bd   _Get_Check_Num
0000a8bc   _GpioA_In
0000a8b1   _GpioA_Out
00006f80   _GpioCtrlRegs
00006fc0   _GpioDataRegs
00006fe0   _GpioIntRegs
0000a5b2   _I2CINT1A_ISR
0000a5bc   _I2CINT2A_ISR
00007900   _I2caRegs
0000a3aa   _ILLEGAL_ISR
0000a36e   _INT13_ISR
0000a378   _INT14_ISR
0000a00f   _IO_Out_Set
0000af52   _Information_Flash_Erase
0000af25   _Information_Flash_Int
0000ae88   _Information_RAM_Int
00008000   _InitFlash
0000b4b3   _InitPeripheralClocks
0000bbc4   _InitPieCtrl
0000bc73   _InitPieVectTable
0000b467   _InitPll
0000b44c   _InitSysCtrl
0000b53f   _InitXintf
0000b5c4   _InitXintf16Gpio
0000b57d   _InitXintf32Gpio
00008700   _Inverse_Kinematics_SCARA
0000a63e   _LUF_ISR
0000a634   _LVF_ISR
0000a562   _MRINTA_ISR
0000a54e   _MRINTB_ISR
0000a56c   _MXINTA_ISR
0000a558   _MXINTB_ISR
00005000   _McbspaRegs
00005040   _McbspbRegs
0000bd6c   _MemCopy
0000a99f   _Motor_R_Set
0020fcc0   _Motor_Run_points
0000a90f   _Motor_X_Set
0000a93f   _Motor_Y_Set
0000a96f   _Motor_Z_Set
00009b65   _Motor_on
0000a9e4   _My_Nop
0000a3a0   _NMI_ISR
0020fc4c   _Now_Point
0020fc08   _Num_Decimal_R
0020fc0e   _Num_Decimal_X
0020fc06   _Num_Decimal_Y
0000a648   _PIE_RESERVED
00008a13   _PTP
0000a16d   _PTP_Run
0000a758   _P_Board_Init
0000a65c   _P_Gpio_Init
0000a6df   _P_Led_Init
0000a6f1   _P_UartA_Init
0000a70f   _P_UartC_Init
00380090   _PartIdRegs
00000ce0   _PieCtrlRegs
00000d00   _PieVectTable
0000d102   _PieVectTableInit
0000a05d   _Point_Test
0000a38c   _RTOSINT_ISR
0000aa1c   _Reply_Coordinate_Now
0000ac24   _Reply_DH_Parameters
0000acb0   _Reply_Motion_State
0000ac6a   _Reply_Speed_Percent
0000abc6   _Reply_User_Range
0020fc0a   _Robot_DH
0020fc40   _Robot_DH_Buff
0020fcda   _Robot_DH_Str
00009caa   _Robot_Init
0000c06d   _Robot_Reg
0020fc20   _Robot_Run_Reg
0000994a   _Run_Info_Conversion
0020fc90   _SCARA_DH
0020fc80   _SCARA_Decare
00009ea9   _SCARA_Run
0020fc66   _SCARA_Run_Theta
0020fe80   _SCIA_Data
0000a839   _SCIA_Data_Int
0000a861   _SCIA_Tx
0020fc15   _SCIA_Tx_Message
0020fd80   _SCIC_Data
0000a84d   _SCIC_Data_Int
0000a889   _SCIC_Tx
0020fc2b   _SCIC_Tx_Message
0000a23b   _SCIRXINTA_ISR
0000a5c6   _SCIRXINTB_ISR
0000a32d   _SCIRXINTC_ISR
0000a2fe   _SCITXINTA_ISR
0000a5d0   _SCITXINTB_ISR
0000a33f   _SCITXINTC_ISR
0020fc10   _SCI_CMD_Message
0000c000   _SCI_CMD_Message1
0000adec   _SCI_Command_Execute
0000acef   _SCI_RX_Message_Process
0000a42c   _SEQ1INT_ISR
0000a436   _SEQ2INT_ISR
0000a53a   _SPIRXINTA_ISR
0000a544   _SPITXINTA_ISR
00007050   _SciaRegs
00007750   _ScibRegs
00007770   _ScicRegs
0000b455   _ServiceDog
0000bdf0   _SetDBGIER
0020fc0c   _Speed_Percent
0000b164   _Speed_Percent_Save
0020fc12   _Speed_Percent_Str
0000a723   _Spi_FIFO_Init
0000a72e   _Spi_Init
0000b1c8   _Spi_Rece
0000b1b9   _Spi_Send
00007040   _SpiaRegs
0000a78d   _Str_To_Int
00007010   _SysCtrlRegs
0000a45e   _TINT0_ISR
0020fc58   _Trajetory_points
0000a40e   _USER10_ISR
0000a418   _USER11_ISR
0000a422   _USER12_ISR
0000a3b4   _USER1_ISR
0000a3be   _USER2_ISR
0000a3c8   _USER3_ISR
0000a3d2   _USER4_ISR
0000a3dc   _USER5_ISR
0000a3e6   _USER6_ISR
0000a3f0   _USER7_ISR
0000a3fa   _USER8_ISR
0000a404   _USER9_ISR
0020fc04   _User_Range
0020fca4   _User_Range_Buff
0000af84   _User_Range_Save
0020fd00   _User_Range_Str
0000a468   _WAKEINT_ISR
0000a440   _XINT1_ISR
0000a44a   _XINT2_ISR
0000a602   _XINT3_ISR
0000a60c   _XINT4_ISR
0000a616   _XINT5_ISR
0000a620   _XINT6_ISR
0000a62a   _XINT7_ISR
00007070   _XIntruptRegs
00000b20   _XintfRegs
00000700   __STACK_END
00000300   __STACK_SIZE
00000001   __TI_args_main
ffffffff   ___binit__
ffffffff   ___c_args__
0000801f   ___cinit__
0000bdf3   ___etext__
0000bc52   ___memcpy_ff
ffffffff   ___pinit__
00008700   ___text__
0000bd24   __args_main
0000c07c   __cleanup_ptr
0000d000   __ctypes_
0000c07e   __dtors_ptr
0000c07a   __lock
0000b9cc   __log
0000bdc7   __nop
00009847   __printfi
0000bdc3   __register_lock
0000bdbf   __register_unlock
00000400   __stack
0000c078   __unlock
0000bd3d   _abort
0000b612   _atan2
0000bae4   _atoi
0000ba69   _c_int00
0000a9cf   _delay_loop
0000c082   _errno
0000bd3f   _exit
0000b908   _exp
0000bd56   _frexp
00008f94   _joint_time_cal
00008b18   _joint_trajetory
0000baaf   _ldexp
0000bb44   _ltoa
0000bcd0   _main
0000bd95   _memccpy
0000bde9   _memset
0000b972   _pow
0000a652   _rsvd_ISR
0000bb15   _sprintf
0000bbec   _sqrt
0000bdd1   _strcpy
0000bdb5   _strlen
0000b27c   _w25q256_erase_chip
0000b298   _w25q256_erase_sector
0000b227   _w25q256_init
0000b2c9   _w25q256_read
0000b1e8   _w25q256_read_reg1
0000b1f9   _w25q256_read_reg2
0000b20a   _w25q256_read_reg3
0000b233   _w25q256_readid
0000b1d6   _w25q256_reset
0000b21b   _w25q256_set_4addr
0000b269   _w25q256_test_busy
0000b305   _w25q256_write
0000b25d   _w25q256_write_enable
ffffffff   binit
0000801f   cinit
00000000   code_start
0000bdf3   etext
ffffffff   pinit


GLOBAL SYMBOLS: SORTED BY Symbol Address 

address    name
--------   ----
00000000   code_start
00000001   __TI_args_main
00000300   __STACK_SIZE
00000400   __stack
00000700   __STACK_END
00000880   _DevEmuRegs
00000a80   _FlashRegs
00000ae0   _CsmRegs
00000b00   _AdcMirror
00000b20   _XintfRegs
00000c00   _CpuTimer0Regs
00000c08   _CpuTimer1Regs
00000c10   _CpuTimer2Regs
00000ce0   _PieCtrlRegs
00000d00   _PieVectTable
00001000   _DmaRegs
00005000   _McbspaRegs
00005040   _McbspbRegs
00006000   _ECanaRegs
00006040   _ECanaLAMRegs
00006080   _ECanaMOTSRegs
000060c0   _ECanaMOTORegs
00006100   _ECanaMboxes
00006200   _ECanbRegs
00006240   _ECanbLAMRegs
00006280   _ECanbMOTSRegs
000062c0   _ECanbMOTORegs
00006300   _ECanbMboxes
00006800   _EPwm1Regs
00006840   _EPwm2Regs
00006880   _EPwm3Regs
000068c0   _EPwm4Regs
00006900   _EPwm5Regs
00006940   _EPwm6Regs
00006a00   _ECap1Regs
00006a20   _ECap2Regs
00006a40   _ECap3Regs
00006a60   _ECap4Regs
00006a80   _ECap5Regs
00006aa0   _ECap6Regs
00006b00   _EQep1Regs
00006b40   _EQep2Regs
00006f80   _GpioCtrlRegs
00006fc0   _GpioDataRegs
00006fe0   _GpioIntRegs
00007010   _SysCtrlRegs
00007040   _SpiaRegs
00007050   _SciaRegs
00007070   _XIntruptRegs
00007100   _AdcRegs
00007750   _ScibRegs
00007770   _ScicRegs
00007900   _I2caRegs
00008000   _InitFlash
0000801b   _DSP28x_usDelay
0000801f   ___cinit__
0000801f   cinit
00008700   .text
00008700   _Inverse_Kinematics_SCARA
00008700   ___text__
00008a13   _PTP
00008b18   _joint_trajetory
00008f94   _joint_time_cal
00009847   __printfi
0000994a   _Run_Info_Conversion
00009b65   _Motor_on
00009caa   _Robot_Init
00009ea9   _SCARA_Run
0000a00f   _IO_Out_Set
0000a05d   _Point_Test
0000a16d   _PTP_Run
0000a23b   _SCIRXINTA_ISR
0000a2fe   _SCITXINTA_ISR
0000a32d   _SCIRXINTC_ISR
0000a33f   _SCITXINTC_ISR
0000a36e   _INT13_ISR
0000a378   _INT14_ISR
0000a382   _DATALOG_ISR
0000a38c   _RTOSINT_ISR
0000a396   _EMUINT_ISR
0000a3a0   _NMI_ISR
0000a3aa   _ILLEGAL_ISR
0000a3b4   _USER1_ISR
0000a3be   _USER2_ISR
0000a3c8   _USER3_ISR
0000a3d2   _USER4_ISR
0000a3dc   _USER5_ISR
0000a3e6   _USER6_ISR
0000a3f0   _USER7_ISR
0000a3fa   _USER8_ISR
0000a404   _USER9_ISR
0000a40e   _USER10_ISR
0000a418   _USER11_ISR
0000a422   _USER12_ISR
0000a42c   _SEQ1INT_ISR
0000a436   _SEQ2INT_ISR
0000a440   _XINT1_ISR
0000a44a   _XINT2_ISR
0000a454   _ADCINT_ISR
0000a45e   _TINT0_ISR
0000a468   _WAKEINT_ISR
0000a472   _EPWM1_TZINT_ISR
0000a47c   _EPWM2_TZINT_ISR
0000a486   _EPWM3_TZINT_ISR
0000a490   _EPWM4_TZINT_ISR
0000a49a   _EPWM5_TZINT_ISR
0000a4a4   _EPWM6_TZINT_ISR
0000a4ae   _EPWM1_INT_ISR
0000a4b8   _EPWM2_INT_ISR
0000a4c2   _EPWM3_INT_ISR
0000a4cc   _EPWM4_INT_ISR
0000a4d6   _EPWM5_INT_ISR
0000a4e0   _EPWM6_INT_ISR
0000a4ea   _ECAP1_INT_ISR
0000a4f4   _ECAP2_INT_ISR
0000a4fe   _ECAP3_INT_ISR
0000a508   _ECAP4_INT_ISR
0000a512   _ECAP5_INT_ISR
0000a51c   _ECAP6_INT_ISR
0000a526   _EQEP1_INT_ISR
0000a530   _EQEP2_INT_ISR
0000a53a   _SPIRXINTA_ISR
0000a544   _SPITXINTA_ISR
0000a54e   _MRINTB_ISR
0000a558   _MXINTB_ISR
0000a562   _MRINTA_ISR
0000a56c   _MXINTA_ISR
0000a576   _DINTCH1_ISR
0000a580   _DINTCH2_ISR
0000a58a   _DINTCH3_ISR
0000a594   _DINTCH4_ISR
0000a59e   _DINTCH5_ISR
0000a5a8   _DINTCH6_ISR
0000a5b2   _I2CINT1A_ISR
0000a5bc   _I2CINT2A_ISR
0000a5c6   _SCIRXINTB_ISR
0000a5d0   _SCITXINTB_ISR
0000a5da   _ECAN0INTA_ISR
0000a5e4   _ECAN1INTA_ISR
0000a5ee   _ECAN0INTB_ISR
0000a5f8   _ECAN1INTB_ISR
0000a602   _XINT3_ISR
0000a60c   _XINT4_ISR
0000a616   _XINT5_ISR
0000a620   _XINT6_ISR
0000a62a   _XINT7_ISR
0000a634   _LVF_ISR
0000a63e   _LUF_ISR
0000a648   _PIE_RESERVED
0000a652   _rsvd_ISR
0000a65c   _P_Gpio_Init
0000a6df   _P_Led_Init
0000a6f1   _P_UartA_Init
0000a70f   _P_UartC_Init
0000a723   _Spi_FIFO_Init
0000a72e   _Spi_Init
0000a758   _P_Board_Init
0000a78d   _Str_To_Int
0000a7bd   _Get_Check_Num
0000a7ce   _Check_Char_To_Int
0000a80a   _Check_Int_To_Char
0000a839   _SCIA_Data_Int
0000a84d   _SCIC_Data_Int
0000a861   _SCIA_Tx
0000a889   _SCIC_Tx
0000a8b1   _GpioA_Out
0000a8bc   _GpioA_In
0000a8c7   _Data_Write
0000a8e9   _Data_Read
0000a90f   _Motor_X_Set
0000a93f   _Motor_Y_Set
0000a96f   _Motor_Z_Set
0000a99f   _Motor_R_Set
0000a9cf   _delay_loop
0000a9da   _Delay
0000a9e4   _My_Nop
0000a9ee   _Delay_s
0000aa02   _Delay_ms
0000aa1c   _Reply_Coordinate_Now
0000abc6   _Reply_User_Range
0000ac24   _Reply_DH_Parameters
0000ac6a   _Reply_Speed_Percent
0000acb0   _Reply_Motion_State
0000acef   _SCI_RX_Message_Process
0000adec   _SCI_Command_Execute
0000ae88   _Information_RAM_Int
0000af25   _Information_Flash_Int
0000af52   _Information_Flash_Erase
0000af6c   _Connection_Test
0000af84   _User_Range_Save
0000b0af   _DH_Parameters_Save
0000b164   _Speed_Percent_Save
0000b1b9   _Spi_Send
0000b1c8   _Spi_Rece
0000b1d6   _w25q256_reset
0000b1e8   _w25q256_read_reg1
0000b1f9   _w25q256_read_reg2
0000b20a   _w25q256_read_reg3
0000b21b   _w25q256_set_4addr
0000b227   _w25q256_init
0000b233   _w25q256_readid
0000b25d   _w25q256_write_enable
0000b269   _w25q256_test_busy
0000b27c   _w25q256_erase_chip
0000b298   _w25q256_erase_sector
0000b2c9   _w25q256_read
0000b305   _w25q256_write
0000b345   LL$$DIV
0000b381   LL$$MOD
0000b3bb   ULL$$DIV
0000b3ea   ULL$$MOD
0000b44c   _InitSysCtrl
0000b455   _ServiceDog
0000b45f   _DisableDog
0000b467   _InitPll
0000b4b3   _InitPeripheralClocks
0000b50e   _CsmUnlock
0000b53f   _InitXintf
0000b57d   _InitXintf32Gpio
0000b5c4   _InitXintf16Gpio
0000b612   _atan2
0000b6d6   FD$$ADD
0000b772   FD$$DIV
0000b7fd   FS$$DIV
0000b885   FD$$MPY
0000b908   _exp
0000b972   _pow
0000b9cc   __log
0000ba20   _Add_Bus
0000ba32   _DATA_Bus_Write
0000ba43   _DATA_Bus_Read
0000ba4a   _Data_Bus_Out
0000ba5c   _Data_Bus_In
0000ba69   _c_int00
0000baaf   _ldexp
0000bae4   _atoi
0000bb15   _sprintf
0000bb44   _ltoa
0000bb70   FD$$CMP
0000bb9a   L$$DIV
0000bba9   L$$MOD
0000bbb7   UL$$DIV
0000bbbe   UL$$MOD
0000bbc4   _InitPieCtrl
0000bbe3   _EnableInterrupts
0000bbec   _sqrt
0000bc0f   I$$DIV
0000bc20   I$$MOD
0000bc31   FD$$TOI
0000bc52   ___memcpy_ff
0000bc73   _InitPieVectTable
0000bc93   FD$$TOL
0000bcb2   LL$$CMP
0000bcc4   ULL$$CMP
0000bcd0   _main
0000bcec   FS$$TOFD
0000bd08   L$$TOFD
0000bd24   __args_main
0000bd3d   C$$EXIT
0000bd3d   _abort
0000bd3f   _exit
0000bd56   _frexp
0000bd6c   _MemCopy
0000bd81   LL$$MPY
0000bd95   _memccpy
0000bda7   FD$$SUB
0000bdb5   _strlen
0000bdbf   __register_unlock
0000bdc3   __register_lock
0000bdc7   __nop
0000bdc8   FD$$NEG
0000bdd1   _strcpy
0000bde2   _DSP28x_DisableInt
0000bde6   _DSP28x_RestoreInt
0000bde9   _memset
0000bdf0   _SetDBGIER
0000bdf3   ___etext__
0000bdf3   etext
0000c000   _SCI_CMD_Message1
0000c06d   _Robot_Reg
0000c078   __unlock
0000c07a   __lock
0000c07c   __cleanup_ptr
0000c07e   __dtors_ptr
0000c080   _ACK_SCI_Cmd
0000c082   _errno
0000d000   __ctypes_
0000d102   _PieVectTableInit
0020fc00   _Answer_Flag
0020fc01   _Execute_Flag
0020fc02   _Auxiliary_Fun
0020fc03   _Cmd_Tx_Long
0020fc04   _User_Range
0020fc06   _Num_Decimal_Y
0020fc08   _Num_Decimal_R
0020fc0a   _Robot_DH
0020fc0c   _Speed_Percent
0020fc0e   _Num_Decimal_X
0020fc10   _SCI_CMD_Message
0020fc12   _Speed_Percent_Str
0020fc15   _SCIA_Tx_Message
0020fc20   _Robot_Run_Reg
0020fc2b   _SCIC_Tx_Message
0020fc40   _Robot_DH_Buff
0020fc4c   _Now_Point
0020fc58   _Trajetory_points
0020fc66   _SCARA_Run_Theta
0020fc80   _SCARA_Decare
0020fc90   _SCARA_DH
0020fca4   _User_Range_Buff
0020fcc0   _Motor_Run_points
0020fcda   _Robot_DH_Str
0020fd00   _User_Range_Str
0020fd80   _SCIC_Data
0020fe80   _SCIA_Data
0033fff8   _CsmPwl
00380080   _ADC_cal
00380090   _PartIdRegs
ffffffff   ___binit__
ffffffff   ___c_args__
ffffffff   ___pinit__
ffffffff   binit
ffffffff   pinit

[323 symbols]
