<?xml version="1.0"?>
<link_info>
   <banner>TMS320C2000 Linker PC v6.1.0</banner>
   <copyright>Copyright (c) 1996-2012 Texas Instruments Incorporated</copyright>
   <link_time>0x57fb2a7a</link_time>
   <output_file>SCARA8.out</output_file>
   <entry_point>
      <name>_c_int00</name>
      <address>0xbfb9</address>
   </entry_point>
   <input_file_list>
      <input_file id="fl-2">
         <path>.\souce\</path>
         <kind>object</kind>
         <file>DSP2833x_ADC_cal.obj</file>
         <name>DSP2833x_ADC_cal.obj</name>
      </input_file>
      <input_file id="fl-3">
         <path>.\souce\</path>
         <kind>object</kind>
         <file>DSP2833x_CSMPasswords.obj</file>
         <name>DSP2833x_CSMPasswords.obj</name>
      </input_file>
      <input_file id="fl-4">
         <path>.\souce\</path>
         <kind>object</kind>
         <file>DSP2833x_CodeStartBranch.obj</file>
         <name>DSP2833x_CodeStartBranch.obj</name>
      </input_file>
      <input_file id="fl-5">
         <path>.\souce\</path>
         <kind>object</kind>
         <file>DSP2833x_DBGIER.obj</file>
         <name>DSP2833x_DBGIER.obj</name>
      </input_file>
      <input_file id="fl-6">
         <path>.\souce\</path>
         <kind>object</kind>
         <file>DSP2833x_DefaultIsr.obj</file>
         <name>DSP2833x_DefaultIsr.obj</name>
      </input_file>
      <input_file id="fl-7">
         <path>.\souce\</path>
         <kind>object</kind>
         <file>DSP2833x_DisInt.obj</file>
         <name>DSP2833x_DisInt.obj</name>
      </input_file>
      <input_file id="fl-8">
         <path>.\souce\</path>
         <kind>object</kind>
         <file>DSP2833x_GlobalVariableDefs.obj</file>
         <name>DSP2833x_GlobalVariableDefs.obj</name>
      </input_file>
      <input_file id="fl-9">
         <path>.\souce\</path>
         <kind>object</kind>
         <file>DSP2833x_MemCopy.obj</file>
         <name>DSP2833x_MemCopy.obj</name>
      </input_file>
      <input_file id="fl-a">
         <path>.\souce\</path>
         <kind>object</kind>
         <file>DSP2833x_PieCtrl.obj</file>
         <name>DSP2833x_PieCtrl.obj</name>
      </input_file>
      <input_file id="fl-b">
         <path>.\souce\</path>
         <kind>object</kind>
         <file>DSP2833x_PieVect.obj</file>
         <name>DSP2833x_PieVect.obj</name>
      </input_file>
      <input_file id="fl-c">
         <path>.\souce\</path>
         <kind>object</kind>
         <file>DSP2833x_SysCtrl.obj</file>
         <name>DSP2833x_SysCtrl.obj</name>
      </input_file>
      <input_file id="fl-d">
         <path>.\souce\</path>
         <kind>object</kind>
         <file>DSP2833x_Xintf.obj</file>
         <name>DSP2833x_Xintf.obj</name>
      </input_file>
      <input_file id="fl-e">
         <path>.\souce\</path>
         <kind>object</kind>
         <file>DSP2833x_usDelay.obj</file>
         <name>DSP2833x_usDelay.obj</name>
      </input_file>
      <input_file id="fl-f">
         <path>.\souce\</path>
         <kind>object</kind>
         <file>PlatForm.obj</file>
         <name>PlatForm.obj</name>
      </input_file>
      <input_file id="fl-10">
         <path>.\souce\</path>
         <kind>object</kind>
         <file>Reply.obj</file>
         <name>Reply.obj</name>
      </input_file>
      <input_file id="fl-11">
         <path>.\souce\</path>
         <kind>object</kind>
         <file>SPI_Flash.obj</file>
         <name>SPI_Flash.obj</name>
      </input_file>
      <input_file id="fl-12">
         <path>.\souce\</path>
         <kind>object</kind>
         <file>Save.obj</file>
         <name>Save.obj</name>
      </input_file>
      <input_file id="fl-13">
         <path>.\souce\</path>
         <kind>object</kind>
         <file>command_processing.obj</file>
         <name>command_processing.obj</name>
      </input_file>
      <input_file id="fl-14">
         <path>.\souce\</path>
         <kind>object</kind>
         <file>control.obj</file>
         <name>control.obj</name>
      </input_file>
      <input_file id="fl-15">
         <path>.\souce\</path>
         <kind>object</kind>
         <file>main.obj</file>
         <name>main.obj</name>
      </input_file>
      <input_file id="fl-1d">
         <path>..\lib\</path>
         <kind>archive</kind>
         <file>rts2800_fpu32.lib</file>
         <name>boot.obj</name>
      </input_file>
      <input_file id="fl-1e">
         <path>..\lib\</path>
         <kind>archive</kind>
         <file>rts2800_fpu32.lib</file>
         <name>exit.obj</name>
      </input_file>
      <input_file id="fl-1f">
         <path>..\lib\</path>
         <kind>archive</kind>
         <file>rts2800_fpu32.lib</file>
         <name>fs_div.obj</name>
      </input_file>
      <input_file id="fl-20">
         <path>..\lib\</path>
         <kind>archive</kind>
         <file>rts2800_fpu32.lib</file>
         <name>ll_aox.obj</name>
      </input_file>
      <input_file id="fl-21">
         <path>..\lib\</path>
         <kind>archive</kind>
         <file>rts2800_fpu32.lib</file>
         <name>ll_cmp.obj</name>
      </input_file>
      <input_file id="fl-22">
         <path>..\lib\</path>
         <kind>archive</kind>
         <file>rts2800_fpu32.lib</file>
         <name>sprintf.obj</name>
      </input_file>
      <input_file id="fl-23">
         <path>..\lib\</path>
         <kind>archive</kind>
         <file>rts2800_fpu32.lib</file>
         <name>_lock.obj</name>
      </input_file>
      <input_file id="fl-24">
         <path>..\lib\</path>
         <kind>archive</kind>
         <file>rts2800_fpu32.lib</file>
         <name>_printfi.obj</name>
      </input_file>
      <input_file id="fl-25">
         <path>..\lib\</path>
         <kind>archive</kind>
         <file>rts2800_fpu32.lib</file>
         <name>args_main.obj</name>
      </input_file>
      <input_file id="fl-26">
         <path>..\lib\</path>
         <kind>archive</kind>
         <file>rts2800_fpu32.lib</file>
         <name>atoi.obj</name>
      </input_file>
      <input_file id="fl-27">
         <path>..\lib\</path>
         <kind>archive</kind>
         <file>rts2800_fpu32.lib</file>
         <name>ctype.obj</name>
      </input_file>
      <input_file id="fl-28">
         <path>..\lib\</path>
         <kind>archive</kind>
         <file>rts2800_fpu32.lib</file>
         <name>fd_cmp.obj</name>
      </input_file>
      <input_file id="fl-29">
         <path>..\lib\</path>
         <kind>archive</kind>
         <file>rts2800_fpu32.lib</file>
         <name>fd_div.obj</name>
      </input_file>
      <input_file id="fl-2a">
         <path>..\lib\</path>
         <kind>archive</kind>
         <file>rts2800_fpu32.lib</file>
         <name>fd_mpy.obj</name>
      </input_file>
      <input_file id="fl-2b">
         <path>..\lib\</path>
         <kind>archive</kind>
         <file>rts2800_fpu32.lib</file>
         <name>fd_neg.obj</name>
      </input_file>
      <input_file id="fl-2c">
         <path>..\lib\</path>
         <kind>archive</kind>
         <file>rts2800_fpu32.lib</file>
         <name>fd_sub.obj</name>
      </input_file>
      <input_file id="fl-2d">
         <path>..\lib\</path>
         <kind>archive</kind>
         <file>rts2800_fpu32.lib</file>
         <name>fd_toi.obj</name>
      </input_file>
      <input_file id="fl-2e">
         <path>..\lib\</path>
         <kind>archive</kind>
         <file>rts2800_fpu32.lib</file>
         <name>fd_tol.obj</name>
      </input_file>
      <input_file id="fl-2f">
         <path>..\lib\</path>
         <kind>archive</kind>
         <file>rts2800_fpu32.lib</file>
         <name>fs_tofd.obj</name>
      </input_file>
      <input_file id="fl-30">
         <path>..\lib\</path>
         <kind>archive</kind>
         <file>rts2800_fpu32.lib</file>
         <name>l_tofd.obj</name>
      </input_file>
      <input_file id="fl-31">
         <path>..\lib\</path>
         <kind>archive</kind>
         <file>rts2800_fpu32.lib</file>
         <name>ll_div.obj</name>
      </input_file>
      <input_file id="fl-32">
         <path>..\lib\</path>
         <kind>archive</kind>
         <file>rts2800_fpu32.lib</file>
         <name>ll_mpy.obj</name>
      </input_file>
      <input_file id="fl-33">
         <path>..\lib\</path>
         <kind>archive</kind>
         <file>rts2800_fpu32.lib</file>
         <name>ltoa.obj</name>
      </input_file>
      <input_file id="fl-34">
         <path>..\lib\</path>
         <kind>archive</kind>
         <file>rts2800_fpu32.lib</file>
         <name>memccpy.obj</name>
      </input_file>
      <input_file id="fl-35">
         <path>..\lib\</path>
         <kind>archive</kind>
         <file>rts2800_fpu32.lib</file>
         <name>memcpy_ff.obj</name>
      </input_file>
      <input_file id="fl-36">
         <path>..\lib\</path>
         <kind>archive</kind>
         <file>rts2800_fpu32.lib</file>
         <name>memset.obj</name>
      </input_file>
      <input_file id="fl-37">
         <path>..\lib\</path>
         <kind>archive</kind>
         <file>rts2800_fpu32.lib</file>
         <name>strcpy.obj</name>
      </input_file>
      <input_file id="fl-38">
         <path>..\lib\</path>
         <kind>archive</kind>
         <file>rts2800_fpu32.lib</file>
         <name>strlen.obj</name>
      </input_file>
      <input_file id="fl-39">
         <path>..\lib\</path>
         <kind>archive</kind>
         <file>rts2800_fpu32.lib</file>
         <name>fd_add.obj</name>
      </input_file>
      <input_file id="fl-3a">
         <path>..\lib\</path>
         <kind>archive</kind>
         <file>rts2800_fpu32.lib</file>
         <name>l_div.obj</name>
      </input_file>
      <input_file id="fl-3b">
         <path>..\lib\</path>
         <kind>archive</kind>
         <file>scara_lib.lib</file>
         <name>scara_math.obj</name>
      </input_file>
      <input_file id="fl-3c">
         <path>..\lib\</path>
         <kind>archive</kind>
         <file>rts2800_fpu32.lib</file>
         <name>atan2.obj</name>
      </input_file>
      <input_file id="fl-3d">
         <path>..\lib\</path>
         <kind>archive</kind>
         <file>rts2800_fpu32.lib</file>
         <name>errno.obj</name>
      </input_file>
      <input_file id="fl-3e">
         <path>..\lib\</path>
         <kind>archive</kind>
         <file>rts2800_fpu32.lib</file>
         <name>frexp.obj</name>
      </input_file>
      <input_file id="fl-3f">
         <path>..\lib\</path>
         <kind>archive</kind>
         <file>rts2800_fpu32.lib</file>
         <name>pow.obj</name>
      </input_file>
      <input_file id="fl-40">
         <path>..\lib\</path>
         <kind>archive</kind>
         <file>rts2800_fpu32.lib</file>
         <name>sqrt.obj</name>
      </input_file>
      <input_file id="fl-41">
         <path>..\lib\</path>
         <kind>archive</kind>
         <file>rts2800_fpu32.lib</file>
         <name>_log.obj</name>
      </input_file>
      <input_file id="fl-42">
         <path>..\lib\</path>
         <kind>archive</kind>
         <file>rts2800_fpu32.lib</file>
         <name>exp.obj</name>
      </input_file>
      <input_file id="fl-43">
         <path>..\lib\</path>
         <kind>archive</kind>
         <file>rts2800_fpu32.lib</file>
         <name>i_div.obj</name>
      </input_file>
      <input_file id="fl-44">
         <path>..\lib\</path>
         <kind>archive</kind>
         <file>rts2800_fpu32.lib</file>
         <name>ldexp.obj</name>
      </input_file>
   </input_file_list>
   <object_component_list>
      <object_component id="oc-53">
         <name>codestart</name>
         <load_address>0x0</load_address>
         <run_address>0x0</run_address>
         <size>0x2</size>
         <input_file_ref idref="fl-4"/>
      </object_component>
      <object_component id="oc-ab">
         <name>ramfuncs</name>
         <load_address>0x817d</load_address>
         <run_address>0x817d</run_address>
         <size>0x1b</size>
         <input_file_ref idref="fl-c"/>
      </object_component>
      <object_component id="oc-b4">
         <name>ramfuncs</name>
         <load_address>0x8198</load_address>
         <run_address>0x8198</run_address>
         <size>0x4</size>
         <input_file_ref idref="fl-e"/>
      </object_component>
      <object_component id="oc-d5">
         <name>.text</name>
         <load_address>0x8700</load_address>
         <run_address>0x8700</run_address>
         <size>0x971</size>
         <input_file_ref idref="fl-14"/>
      </object_component>
      <object_component id="oc-199">
         <name>.text</name>
         <load_address>0x9071</load_address>
         <run_address>0x9071</run_address>
         <size>0x939</size>
         <input_file_ref idref="fl-3b"/>
      </object_component>
      <object_component id="oc-101">
         <name>.text</name>
         <load_address>0x99aa</load_address>
         <run_address>0x99aa</run_address>
         <size>0x911</size>
         <input_file_ref idref="fl-24"/>
      </object_component>
      <object_component id="oc-b8">
         <name>.text</name>
         <load_address>0xa2bb</load_address>
         <run_address>0xa2bb</run_address>
         <size>0x7cb</size>
         <input_file_ref idref="fl-f"/>
      </object_component>
      <object_component id="oc-5d">
         <name>.text:retain</name>
         <load_address>0xaa86</load_address>
         <run_address>0xaa86</run_address>
         <size>0x404</size>
         <input_file_ref idref="fl-6"/>
      </object_component>
      <object_component id="oc-d0">
         <name>.text</name>
         <load_address>0xae8a</load_address>
         <run_address>0xae8a</run_address>
         <size>0x30c</size>
         <input_file_ref idref="fl-13"/>
      </object_component>
      <object_component id="oc-c0">
         <name>.text</name>
         <load_address>0xb196</load_address>
         <run_address>0xb196</run_address>
         <size>0x2d3</size>
         <input_file_ref idref="fl-10"/>
      </object_component>
      <object_component id="oc-cb">
         <name>.text</name>
         <load_address>0xb469</load_address>
         <run_address>0xb469</run_address>
         <size>0x235</size>
         <input_file_ref idref="fl-12"/>
      </object_component>
      <object_component id="oc-c6">
         <name>.text</name>
         <load_address>0xb69e</load_address>
         <run_address>0xb69e</run_address>
         <size>0x18c</size>
         <input_file_ref idref="fl-11"/>
      </object_component>
      <object_component id="oc-135">
         <name>.text</name>
         <load_address>0xb82a</load_address>
         <run_address>0xb82a</run_address>
         <size>0x107</size>
         <input_file_ref idref="fl-31"/>
      </object_component>
      <object_component id="oc-a9">
         <name>.text</name>
         <load_address>0xb931</load_address>
         <run_address>0xb931</run_address>
         <size>0xf3</size>
         <input_file_ref idref="fl-c"/>
      </object_component>
      <object_component id="oc-af">
         <name>.text</name>
         <load_address>0xba24</load_address>
         <run_address>0xba24</run_address>
         <size>0xdd</size>
         <input_file_ref idref="fl-d"/>
      </object_component>
      <object_component id="oc-162">
         <name>.text</name>
         <load_address>0xbb01</load_address>
         <run_address>0xbb01</run_address>
         <size>0xc4</size>
         <input_file_ref idref="fl-3c"/>
      </object_component>
      <object_component id="oc-db">
         <name>.text</name>
         <load_address>0xbbc5</load_address>
         <run_address>0xbbc5</run_address>
         <size>0xaa</size>
         <input_file_ref idref="fl-15"/>
      </object_component>
      <object_component id="oc-155">
         <name>.text</name>
         <load_address>0xbc6f</load_address>
         <run_address>0xbc6f</run_address>
         <size>0x9c</size>
         <input_file_ref idref="fl-39"/>
      </object_component>
      <object_component id="oc-115">
         <name>.text</name>
         <load_address>0xbd0b</load_address>
         <run_address>0xbd0b</run_address>
         <size>0x8b</size>
         <input_file_ref idref="fl-29"/>
      </object_component>
      <object_component id="oc-eb">
         <name>.text</name>
         <load_address>0xbd96</load_address>
         <run_address>0xbd96</run_address>
         <size>0x88</size>
         <input_file_ref idref="fl-1f"/>
      </object_component>
      <object_component id="oc-119">
         <name>.text</name>
         <load_address>0xbe1e</load_address>
         <run_address>0xbe1e</run_address>
         <size>0x83</size>
         <input_file_ref idref="fl-2a"/>
      </object_component>
      <object_component id="oc-17a">
         <name>.text</name>
         <load_address>0xbea1</load_address>
         <run_address>0xbea1</run_address>
         <size>0x6a</size>
         <input_file_ref idref="fl-42"/>
      </object_component>
      <object_component id="oc-16e">
         <name>.text</name>
         <load_address>0xbf0b</load_address>
         <run_address>0xbf0b</run_address>
         <size>0x5a</size>
         <input_file_ref idref="fl-3f"/>
      </object_component>
      <object_component id="oc-176">
         <name>.text</name>
         <load_address>0xbf65</load_address>
         <run_address>0xbf65</run_address>
         <size>0x54</size>
         <input_file_ref idref="fl-41"/>
      </object_component>
      <object_component id="oc-4b">
         <name>.text</name>
         <load_address>0xbfb9</load_address>
         <run_address>0xbfb9</run_address>
         <size>0x46</size>
         <input_file_ref idref="fl-1d"/>
      </object_component>
      <object_component id="oc-182">
         <name>.text</name>
         <load_address>0xbfff</load_address>
         <run_address>0xbfff</run_address>
         <size>0x35</size>
         <input_file_ref idref="fl-44"/>
      </object_component>
      <object_component id="oc-10b">
         <name>.text</name>
         <load_address>0xc034</load_address>
         <run_address>0xc034</run_address>
         <size>0x31</size>
         <input_file_ref idref="fl-26"/>
      </object_component>
      <object_component id="oc-f7">
         <name>.text</name>
         <load_address>0xc065</load_address>
         <run_address>0xc065</run_address>
         <size>0x2f</size>
         <input_file_ref idref="fl-22"/>
      </object_component>
      <object_component id="oc-13d">
         <name>.text</name>
         <load_address>0xc094</load_address>
         <run_address>0xc094</run_address>
         <size>0x2c</size>
         <input_file_ref idref="fl-33"/>
      </object_component>
      <object_component id="oc-111">
         <name>.text</name>
         <load_address>0xc0c0</load_address>
         <run_address>0xc0c0</run_address>
         <size>0x2a</size>
         <input_file_ref idref="fl-28"/>
      </object_component>
      <object_component id="oc-159">
         <name>.text</name>
         <load_address>0xc0ea</load_address>
         <run_address>0xc0ea</run_address>
         <size>0x2a</size>
         <input_file_ref idref="fl-3a"/>
      </object_component>
      <object_component id="oc-9e">
         <name>.text</name>
         <load_address>0xc114</load_address>
         <run_address>0xc114</run_address>
         <size>0x28</size>
         <input_file_ref idref="fl-a"/>
      </object_component>
      <object_component id="oc-172">
         <name>.text</name>
         <load_address>0xc13c</load_address>
         <run_address>0xc13c</run_address>
         <size>0x23</size>
         <input_file_ref idref="fl-40"/>
      </object_component>
      <object_component id="oc-17e">
         <name>.text</name>
         <load_address>0xc15f</load_address>
         <run_address>0xc15f</run_address>
         <size>0x22</size>
         <input_file_ref idref="fl-43"/>
      </object_component>
      <object_component id="oc-125">
         <name>.text</name>
         <load_address>0xc181</load_address>
         <run_address>0xc181</run_address>
         <size>0x21</size>
         <input_file_ref idref="fl-2d"/>
      </object_component>
      <object_component id="oc-145">
         <name>.text</name>
         <load_address>0xc1a2</load_address>
         <run_address>0xc1a2</run_address>
         <size>0x21</size>
         <input_file_ref idref="fl-35"/>
      </object_component>
      <object_component id="oc-a3">
         <name>.text</name>
         <load_address>0xc1c3</load_address>
         <run_address>0xc1c3</run_address>
         <size>0x20</size>
         <input_file_ref idref="fl-b"/>
      </object_component>
      <object_component id="oc-129">
         <name>.text</name>
         <load_address>0xc1e3</load_address>
         <run_address>0xc1e3</run_address>
         <size>0x1f</size>
         <input_file_ref idref="fl-2e"/>
      </object_component>
      <object_component id="oc-f3">
         <name>.text</name>
         <load_address>0xc202</load_address>
         <run_address>0xc202</run_address>
         <size>0x1e</size>
         <input_file_ref idref="fl-21"/>
      </object_component>
      <object_component id="oc-12d">
         <name>.text</name>
         <load_address>0xc220</load_address>
         <run_address>0xc220</run_address>
         <size>0x1c</size>
         <input_file_ref idref="fl-2f"/>
      </object_component>
      <object_component id="oc-131">
         <name>.text</name>
         <load_address>0xc23c</load_address>
         <run_address>0xc23c</run_address>
         <size>0x1c</size>
         <input_file_ref idref="fl-30"/>
      </object_component>
      <object_component id="oc-107">
         <name>.text</name>
         <load_address>0xc258</load_address>
         <run_address>0xc258</run_address>
         <size>0x19</size>
         <input_file_ref idref="fl-25"/>
      </object_component>
      <object_component id="oc-e5">
         <name>.text</name>
         <load_address>0xc271</load_address>
         <run_address>0xc271</run_address>
         <size>0x19</size>
         <input_file_ref idref="fl-1e"/>
      </object_component>
      <object_component id="oc-ef">
         <name>.text</name>
         <load_address>0xc28a</load_address>
         <run_address>0xc28a</run_address>
         <size>0x18</size>
         <input_file_ref idref="fl-20"/>
      </object_component>
      <object_component id="oc-16a">
         <name>.text</name>
         <load_address>0xc2a2</load_address>
         <run_address>0xc2a2</run_address>
         <size>0x16</size>
         <input_file_ref idref="fl-3e"/>
      </object_component>
      <object_component id="oc-99">
         <name>.text</name>
         <load_address>0xc2b8</load_address>
         <run_address>0xc2b8</run_address>
         <size>0x15</size>
         <input_file_ref idref="fl-9"/>
      </object_component>
      <object_component id="oc-139">
         <name>.text</name>
         <load_address>0xc2cd</load_address>
         <run_address>0xc2cd</run_address>
         <size>0x14</size>
         <input_file_ref idref="fl-32"/>
      </object_component>
      <object_component id="oc-141">
         <name>.text</name>
         <load_address>0xc2e1</load_address>
         <run_address>0xc2e1</run_address>
         <size>0x12</size>
         <input_file_ref idref="fl-34"/>
      </object_component>
      <object_component id="oc-121">
         <name>.text</name>
         <load_address>0xc2f3</load_address>
         <run_address>0xc2f3</run_address>
         <size>0xe</size>
         <input_file_ref idref="fl-2c"/>
      </object_component>
      <object_component id="oc-151">
         <name>.text</name>
         <load_address>0xc301</load_address>
         <run_address>0xc301</run_address>
         <size>0xa</size>
         <input_file_ref idref="fl-38"/>
      </object_component>
      <object_component id="oc-fb">
         <name>.text</name>
         <load_address>0xc30b</load_address>
         <run_address>0xc30b</run_address>
         <size>0x9</size>
         <input_file_ref idref="fl-23"/>
      </object_component>
      <object_component id="oc-11d">
         <name>.text</name>
         <load_address>0xc314</load_address>
         <run_address>0xc314</run_address>
         <size>0x9</size>
         <input_file_ref idref="fl-2b"/>
      </object_component>
      <object_component id="oc-14d">
         <name>.text</name>
         <load_address>0xc31d</load_address>
         <run_address>0xc31d</run_address>
         <size>0x9</size>
         <input_file_ref idref="fl-37"/>
      </object_component>
      <object_component id="oc-52">
         <name>.text</name>
         <load_address>0xc326</load_address>
         <run_address>0xc326</run_address>
         <size>0x8</size>
         <input_file_ref idref="fl-4"/>
      </object_component>
      <object_component id="oc-61">
         <name>.text</name>
         <load_address>0xc32e</load_address>
         <run_address>0xc32e</run_address>
         <size>0x7</size>
         <input_file_ref idref="fl-7"/>
      </object_component>
      <object_component id="oc-149">
         <name>.text</name>
         <load_address>0xc335</load_address>
         <run_address>0xc335</run_address>
         <size>0x7</size>
         <input_file_ref idref="fl-36"/>
      </object_component>
      <object_component id="oc-57">
         <name>.text</name>
         <load_address>0xc33c</load_address>
         <run_address>0xc33c</run_address>
         <size>0x3</size>
         <input_file_ref idref="fl-5"/>
      </object_component>
      <object_component id="oc-ba">
         <name>.cinit</name>
         <load_address>0x8000</load_address>
         <run_address>0x8000</run_address>
         <size>0x163</size>
         <input_file_ref idref="fl-f"/>
      </object_component>
      <object_component id="oc-fd">
         <name>.cinit</name>
         <load_address>0x8163</load_address>
         <run_address>0x8163</run_address>
         <size>0xa</size>
         <input_file_ref idref="fl-23"/>
      </object_component>
      <object_component id="oc-e7">
         <name>.cinit</name>
         <load_address>0x816d</load_address>
         <run_address>0x816d</run_address>
         <size>0xa</size>
         <input_file_ref idref="fl-1e"/>
      </object_component>
      <object_component id="oc-167">
         <name>.cinit</name>
         <load_address>0x8177</load_address>
         <run_address>0x8177</run_address>
         <size>0x4</size>
         <input_file_ref idref="fl-3d"/>
      </object_component>
      <object_component id="oc-e0">
         <name>.stack</name>
         <uninitialized>true</uninitialized>
         <run_address>0x400</run_address>
         <size>0x0</size>
         <input_file_ref idref="fl-1d"/>
      </object_component>
      <object_component id="oc-200">
         <name>.stack</name>
         <uninitialized>true</uninitialized>
         <run_address>0x400</run_address>
         <size>0x0</size>
      </object_component>
      <object_component id="oc-5c">
         <name>.ebss</name>
         <uninitialized>true</uninitialized>
         <run_address>0xc940</run_address>
         <size>0x2</size>
         <input_file_ref idref="fl-6"/>
      </object_component>
      <object_component id="oc-bc">
         <name>.ebss</name>
         <uninitialized>true</uninitialized>
         <run_address>0xc800</run_address>
         <size>0x12d</size>
         <input_file_ref idref="fl-f"/>
      </object_component>
      <object_component id="oc-d7">
         <name>.ebss</name>
         <uninitialized>true</uninitialized>
         <run_address>0xc942</run_address>
         <size>0x1</size>
         <input_file_ref idref="fl-14"/>
      </object_component>
      <object_component id="oc-e8">
         <name>.ebss</name>
         <uninitialized>true</uninitialized>
         <run_address>0xc93c</run_address>
         <size>0x4</size>
         <input_file_ref idref="fl-1e"/>
      </object_component>
      <object_component id="oc-fe">
         <name>.ebss</name>
         <uninitialized>true</uninitialized>
         <run_address>0xc938</run_address>
         <size>0x4</size>
         <input_file_ref idref="fl-23"/>
      </object_component>
      <object_component id="oc-15e">
         <name>.ebss</name>
         <uninitialized>true</uninitialized>
         <run_address>0xc92d</run_address>
         <size>0xb</size>
         <input_file_ref idref="fl-3b"/>
      </object_component>
      <object_component id="oc-168">
         <name>.ebss</name>
         <uninitialized>true</uninitialized>
         <run_address>0xc943</run_address>
         <size>0x1</size>
         <input_file_ref idref="fl-3d"/>
      </object_component>
      <object_component id="oc-1a9">
         <name>.econst:__ctypes_</name>
         <load_address>0xd000</load_address>
         <run_address>0xd000</run_address>
         <size>0x101</size>
         <input_file_ref idref="fl-27"/>
      </object_component>
      <object_component id="oc-a5">
         <name>.econst</name>
         <load_address>0xd102</load_address>
         <run_address>0xd102</run_address>
         <size>0x100</size>
         <input_file_ref idref="fl-b"/>
      </object_component>
      <object_component id="oc-18a">
         <name>.econst:_$P$T1$2</name>
         <load_address>0xd202</load_address>
         <run_address>0xd202</run_address>
         <size>0x53</size>
         <input_file_ref idref="fl-10"/>
      </object_component>
      <object_component id="oc-195">
         <name>.econst:_$P$T2$3</name>
         <load_address>0xd255</load_address>
         <run_address>0xd255</run_address>
         <size>0x48</size>
         <input_file_ref idref="fl-13"/>
      </object_component>
      <object_component id="oc-189">
         <name>.econst:_$P$T0$1</name>
         <load_address>0xd29d</load_address>
         <run_address>0xd29d</run_address>
         <size>0x2f</size>
         <input_file_ref idref="fl-10"/>
      </object_component>
      <object_component id="oc-18b">
         <name>.econst:_$P$T2$3</name>
         <load_address>0xd2cc</load_address>
         <run_address>0xd2cc</run_address>
         <size>0x29</size>
         <input_file_ref idref="fl-10"/>
      </object_component>
      <object_component id="oc-104">
         <name>.econst:.string</name>
         <load_address>0xd2f6</load_address>
         <run_address>0xd2f6</run_address>
         <size>0x24</size>
         <input_file_ref idref="fl-24"/>
      </object_component>
      <object_component id="oc-19f">
         <name>.econst:_$P$T0$1</name>
         <load_address>0xd31a</load_address>
         <run_address>0xd31a</run_address>
         <size>0x24</size>
         <input_file_ref idref="fl-15"/>
      </object_component>
      <object_component id="oc-1a0">
         <name>.econst:_$P$T1$2</name>
         <load_address>0xd33e</load_address>
         <run_address>0xd33e</run_address>
         <size>0x24</size>
         <input_file_ref idref="fl-15"/>
      </object_component>
      <object_component id="oc-1a1">
         <name>.econst:_$P$T2$3</name>
         <load_address>0xd362</load_address>
         <run_address>0xd362</run_address>
         <size>0x24</size>
         <input_file_ref idref="fl-15"/>
      </object_component>
      <object_component id="oc-1a2">
         <name>.econst:_$P$T3$4</name>
         <load_address>0xd386</load_address>
         <run_address>0xd386</run_address>
         <size>0x24</size>
         <input_file_ref idref="fl-15"/>
      </object_component>
      <object_component id="oc-1a3">
         <name>.econst:_$P$T4$5</name>
         <load_address>0xd3aa</load_address>
         <run_address>0xd3aa</run_address>
         <size>0x24</size>
         <input_file_ref idref="fl-15"/>
      </object_component>
      <object_component id="oc-1a4">
         <name>.econst:_$P$T5$6</name>
         <load_address>0xd3ce</load_address>
         <run_address>0xd3ce</run_address>
         <size>0x24</size>
         <input_file_ref idref="fl-15"/>
      </object_component>
      <object_component id="oc-1a5">
         <name>.econst:_$P$T6$7</name>
         <load_address>0xd3f2</load_address>
         <run_address>0xd3f2</run_address>
         <size>0x24</size>
         <input_file_ref idref="fl-15"/>
      </object_component>
      <object_component id="oc-1a6">
         <name>.econst:_$P$T7$8</name>
         <load_address>0xd416</load_address>
         <run_address>0xd416</run_address>
         <size>0x24</size>
         <input_file_ref idref="fl-15"/>
      </object_component>
      <object_component id="oc-1a7">
         <name>.econst:_$P$T8$9</name>
         <load_address>0xd43a</load_address>
         <run_address>0xd43a</run_address>
         <size>0x24</size>
         <input_file_ref idref="fl-15"/>
      </object_component>
      <object_component id="oc-1a8">
         <name>.econst:_$P$T9$10</name>
         <load_address>0xd45e</load_address>
         <run_address>0xd45e</run_address>
         <size>0x24</size>
         <input_file_ref idref="fl-15"/>
      </object_component>
      <object_component id="oc-196">
         <name>.econst:_$P$T3$4</name>
         <load_address>0xd482</load_address>
         <run_address>0xd482</run_address>
         <size>0x1e</size>
         <input_file_ref idref="fl-13"/>
      </object_component>
      <object_component id="oc-103">
         <name>.econst</name>
         <load_address>0xd4a0</load_address>
         <run_address>0xd4a0</run_address>
         <size>0x18</size>
         <input_file_ref idref="fl-24"/>
      </object_component>
      <object_component id="oc-186">
         <name>.econst:_$P$T0$1</name>
         <load_address>0xd4b8</load_address>
         <run_address>0xd4b8</run_address>
         <size>0x11</size>
         <input_file_ref idref="fl-f"/>
      </object_component>
      <object_component id="oc-187">
         <name>.econst:_$P$T1$2</name>
         <load_address>0xd4c9</load_address>
         <run_address>0xd4c9</run_address>
         <size>0x11</size>
         <input_file_ref idref="fl-f"/>
      </object_component>
      <object_component id="oc-18f">
         <name>.econst:_$P$T1$2</name>
         <load_address>0xd4da</load_address>
         <run_address>0xd4da</run_address>
         <size>0x11</size>
         <input_file_ref idref="fl-12"/>
      </object_component>
      <object_component id="oc-188">
         <name>.econst:_$P$T2$3</name>
         <load_address>0xd4eb</load_address>
         <run_address>0xd4eb</run_address>
         <size>0x11</size>
         <input_file_ref idref="fl-f"/>
      </object_component>
      <object_component id="oc-191">
         <name>.econst:_$P$T3$4</name>
         <load_address>0xd4fc</load_address>
         <run_address>0xd4fc</run_address>
         <size>0x11</size>
         <input_file_ref idref="fl-12"/>
      </object_component>
      <object_component id="oc-19d">
         <name>.econst:_$P$T3$4</name>
         <load_address>0xd50d</load_address>
         <run_address>0xd50d</run_address>
         <size>0x11</size>
         <input_file_ref idref="fl-14"/>
      </object_component>
      <object_component id="oc-19e">
         <name>.econst:_$P$T4$5</name>
         <load_address>0xd51e</load_address>
         <run_address>0xd51e</run_address>
         <size>0x11</size>
         <input_file_ref idref="fl-14"/>
      </object_component>
      <object_component id="oc-18c">
         <name>.econst:_$P$T3$4</name>
         <load_address>0xd52f</load_address>
         <run_address>0xd52f</run_address>
         <size>0xe</size>
         <input_file_ref idref="fl-10"/>
      </object_component>
      <object_component id="oc-18e">
         <name>.econst:_$P$T0$1</name>
         <load_address>0xd53d</load_address>
         <run_address>0xd53d</run_address>
         <size>0xc</size>
         <input_file_ref idref="fl-12"/>
      </object_component>
      <object_component id="oc-19a">
         <name>.econst:_$P$T0$1</name>
         <load_address>0xd549</load_address>
         <run_address>0xd549</run_address>
         <size>0xc</size>
         <input_file_ref idref="fl-14"/>
      </object_component>
      <object_component id="oc-194">
         <name>.econst:_$P$T1$2</name>
         <load_address>0xd555</load_address>
         <run_address>0xd555</run_address>
         <size>0xc</size>
         <input_file_ref idref="fl-13"/>
      </object_component>
      <object_component id="oc-19b">
         <name>.econst:_$P$T1$2</name>
         <load_address>0xd561</load_address>
         <run_address>0xd561</run_address>
         <size>0xc</size>
         <input_file_ref idref="fl-14"/>
      </object_component>
      <object_component id="oc-190">
         <name>.econst:_$P$T2$3</name>
         <load_address>0xd56d</load_address>
         <run_address>0xd56d</run_address>
         <size>0xc</size>
         <input_file_ref idref="fl-12"/>
      </object_component>
      <object_component id="oc-19c">
         <name>.econst:_$P$T2$3</name>
         <load_address>0xd579</load_address>
         <run_address>0xd579</run_address>
         <size>0xc</size>
         <input_file_ref idref="fl-14"/>
      </object_component>
      <object_component id="oc-192">
         <name>.econst:_$P$T4$5</name>
         <load_address>0xd585</load_address>
         <run_address>0xd585</run_address>
         <size>0xc</size>
         <input_file_ref idref="fl-12"/>
      </object_component>
      <object_component id="oc-193">
         <name>.econst:_$P$T0$1</name>
         <load_address>0xd591</load_address>
         <run_address>0xd591</run_address>
         <size>0xb</size>
         <input_file_ref idref="fl-13"/>
      </object_component>
      <object_component id="oc-18d">
         <name>.econst:_$P$T4$5</name>
         <load_address>0xd59c</load_address>
         <run_address>0xd59c</run_address>
         <size>0xb</size>
         <input_file_ref idref="fl-10"/>
      </object_component>
      <object_component id="oc-197">
         <name>.econst:_$P$T4$5</name>
         <load_address>0xd5a7</load_address>
         <run_address>0xd5a7</run_address>
         <size>0xb</size>
         <input_file_ref idref="fl-13"/>
      </object_component>
      <object_component id="oc-198">
         <name>.econst:_$P$T5$6</name>
         <load_address>0xd5b2</load_address>
         <run_address>0xd5b2</run_address>
         <size>0xb</size>
         <input_file_ref idref="fl-13"/>
      </object_component>
      <object_component id="oc-1ab">
         <name>.econst:_$P$T0$1</name>
         <load_address>0xd5be</load_address>
         <run_address>0xd5be</run_address>
         <size>0x8</size>
         <input_file_ref idref="fl-3b"/>
      </object_component>
      <object_component id="oc-1ac">
         <name>.econst:_$P$T1$2</name>
         <load_address>0xd5c6</load_address>
         <run_address>0xd5c6</run_address>
         <size>0x8</size>
         <input_file_ref idref="fl-3b"/>
      </object_component>
      <object_component id="oc-1ad">
         <name>.econst:_$P$T2$3</name>
         <load_address>0xd5ce</load_address>
         <run_address>0xd5ce</run_address>
         <size>0x8</size>
         <input_file_ref idref="fl-3b"/>
      </object_component>
      <object_component id="oc-1aa">
         <name>.econst:_a$1</name>
         <load_address>0xd5d6</load_address>
         <run_address>0xd5d6</run_address>
         <size>0x8</size>
         <input_file_ref idref="fl-3c"/>
      </object_component>
      <object_component id="oc-c2">
         <name>.econst:.string</name>
         <load_address>0xd5de</load_address>
         <run_address>0xd5de</run_address>
         <size>0x5</size>
         <input_file_ref idref="fl-10"/>
      </object_component>
      <object_component id="oc-bb">
         <name>ZONE7DATA</name>
         <uninitialized>true</uninitialized>
         <run_address>0x20fc00</run_address>
         <size>0x3390</size>
         <input_file_ref idref="fl-f"/>
      </object_component>
      <object_component id="oc-e1">
         <name>.reset</name>
         <load_address>0x3fffc0</load_address>
         <run_address>0x3fffc0</run_address>
         <size>0x2</size>
         <input_file_ref idref="fl-1d"/>
      </object_component>
      <object_component id="oc-51">
         <name>csm_rsvd</name>
         <load_address>0x33ff80</load_address>
         <run_address>0x33ff80</run_address>
         <size>0x76</size>
         <input_file_ref idref="fl-3"/>
      </object_component>
      <object_component id="oc-50">
         <name>csmpasswds</name>
         <load_address>0x33fff8</load_address>
         <run_address>0x33fff8</run_address>
         <size>0x8</size>
         <input_file_ref idref="fl-3"/>
      </object_component>
      <object_component id="oc-4c">
         <name>.adc_cal</name>
         <load_address>0x380080</load_address>
         <run_address>0x380080</run_address>
         <size>0x7</size>
         <input_file_ref idref="fl-2"/>
      </object_component>
      <object_component id="oc-97">
         <name>PieVectTableFile</name>
         <uninitialized>true</uninitialized>
         <run_address>0xd00</run_address>
         <size>0x100</size>
         <input_file_ref idref="fl-8"/>
      </object_component>
      <object_component id="oc-93">
         <name>DevEmuRegsFile</name>
         <uninitialized>true</uninitialized>
         <run_address>0x880</run_address>
         <size>0xd0</size>
         <input_file_ref idref="fl-8"/>
      </object_component>
      <object_component id="oc-69">
         <name>FlashRegsFile</name>
         <uninitialized>true</uninitialized>
         <run_address>0xa80</run_address>
         <size>0x8</size>
         <input_file_ref idref="fl-8"/>
      </object_component>
      <object_component id="oc-71">
         <name>CsmRegsFile</name>
         <uninitialized>true</uninitialized>
         <run_address>0xae0</run_address>
         <size>0x10</size>
         <input_file_ref idref="fl-8"/>
      </object_component>
      <object_component id="oc-72">
         <name>AdcMirrorFile</name>
         <uninitialized>true</uninitialized>
         <run_address>0xb00</run_address>
         <size>0x10</size>
         <input_file_ref idref="fl-8"/>
      </object_component>
      <object_component id="oc-76">
         <name>XintfRegsFile</name>
         <uninitialized>true</uninitialized>
         <run_address>0xb20</run_address>
         <size>0x1e</size>
         <input_file_ref idref="fl-8"/>
      </object_component>
      <object_component id="oc-6a">
         <name>CpuTimer0RegsFile</name>
         <uninitialized>true</uninitialized>
         <run_address>0xc00</run_address>
         <size>0x8</size>
         <input_file_ref idref="fl-8"/>
      </object_component>
      <object_component id="oc-6b">
         <name>CpuTimer1RegsFile</name>
         <uninitialized>true</uninitialized>
         <run_address>0xc08</run_address>
         <size>0x8</size>
         <input_file_ref idref="fl-8"/>
      </object_component>
      <object_component id="oc-67">
         <name>CpuTimer2RegsFile</name>
         <uninitialized>true</uninitialized>
         <run_address>0xc10</run_address>
         <size>0x8</size>
         <input_file_ref idref="fl-8"/>
      </object_component>
      <object_component id="oc-74">
         <name>PieCtrlRegsFile</name>
         <uninitialized>true</uninitialized>
         <run_address>0xce0</run_address>
         <size>0x1a</size>
         <input_file_ref idref="fl-8"/>
      </object_component>
      <object_component id="oc-94">
         <name>DmaRegsFile</name>
         <uninitialized>true</uninitialized>
         <run_address>0x1000</run_address>
         <size>0xe0</size>
         <input_file_ref idref="fl-8"/>
      </object_component>
      <object_component id="oc-87">
         <name>McbspaRegsFile</name>
         <uninitialized>true</uninitialized>
         <run_address>0x5000</run_address>
         <size>0x25</size>
         <input_file_ref idref="fl-8"/>
      </object_component>
      <object_component id="oc-86">
         <name>McbspbRegsFile</name>
         <uninitialized>true</uninitialized>
         <run_address>0x5040</run_address>
         <size>0x25</size>
         <input_file_ref idref="fl-8"/>
      </object_component>
      <object_component id="oc-89">
         <name>ECanaRegsFile</name>
         <uninitialized>true</uninitialized>
         <run_address>0x6000</run_address>
         <size>0x34</size>
         <input_file_ref idref="fl-8"/>
      </object_component>
      <object_component id="oc-8d">
         <name>ECanaLAMRegsFile</name>
         <uninitialized>true</uninitialized>
         <run_address>0x6040</run_address>
         <size>0x40</size>
         <input_file_ref idref="fl-8"/>
      </object_component>
      <object_component id="oc-96">
         <name>ECanaMboxesFile</name>
         <uninitialized>true</uninitialized>
         <run_address>0x6100</run_address>
         <size>0x100</size>
         <input_file_ref idref="fl-8"/>
      </object_component>
      <object_component id="oc-8e">
         <name>ECanaMOTSRegsFile</name>
         <uninitialized>true</uninitialized>
         <run_address>0x6080</run_address>
         <size>0x40</size>
         <input_file_ref idref="fl-8"/>
      </object_component>
      <object_component id="oc-8b">
         <name>ECanaMOTORegsFile</name>
         <uninitialized>true</uninitialized>
         <run_address>0x60c0</run_address>
         <size>0x40</size>
         <input_file_ref idref="fl-8"/>
      </object_component>
      <object_component id="oc-8a">
         <name>ECanbRegsFile</name>
         <uninitialized>true</uninitialized>
         <run_address>0x6200</run_address>
         <size>0x34</size>
         <input_file_ref idref="fl-8"/>
      </object_component>
      <object_component id="oc-92">
         <name>ECanbLAMRegsFile</name>
         <uninitialized>true</uninitialized>
         <run_address>0x6240</run_address>
         <size>0x40</size>
         <input_file_ref idref="fl-8"/>
      </object_component>
      <object_component id="oc-95">
         <name>ECanbMboxesFile</name>
         <uninitialized>true</uninitialized>
         <run_address>0x6300</run_address>
         <size>0x100</size>
         <input_file_ref idref="fl-8"/>
      </object_component>
      <object_component id="oc-8c">
         <name>ECanbMOTSRegsFile</name>
         <uninitialized>true</uninitialized>
         <run_address>0x6280</run_address>
         <size>0x40</size>
         <input_file_ref idref="fl-8"/>
      </object_component>
      <object_component id="oc-8f">
         <name>ECanbMOTORegsFile</name>
         <uninitialized>true</uninitialized>
         <run_address>0x62c0</run_address>
         <size>0x40</size>
         <input_file_ref idref="fl-8"/>
      </object_component>
      <object_component id="oc-84">
         <name>EPwm1RegsFile</name>
         <uninitialized>true</uninitialized>
         <run_address>0x6800</run_address>
         <size>0x22</size>
         <input_file_ref idref="fl-8"/>
      </object_component>
      <object_component id="oc-7f">
         <name>EPwm2RegsFile</name>
         <uninitialized>true</uninitialized>
         <run_address>0x6840</run_address>
         <size>0x22</size>
         <input_file_ref idref="fl-8"/>
      </object_component>
      <object_component id="oc-80">
         <name>EPwm3RegsFile</name>
         <uninitialized>true</uninitialized>
         <run_address>0x6880</run_address>
         <size>0x22</size>
         <input_file_ref idref="fl-8"/>
      </object_component>
      <object_component id="oc-85">
         <name>EPwm4RegsFile</name>
         <uninitialized>true</uninitialized>
         <run_address>0x68c0</run_address>
         <size>0x22</size>
         <input_file_ref idref="fl-8"/>
      </object_component>
      <object_component id="oc-82">
         <name>EPwm5RegsFile</name>
         <uninitialized>true</uninitialized>
         <run_address>0x6900</run_address>
         <size>0x22</size>
         <input_file_ref idref="fl-8"/>
      </object_component>
      <object_component id="oc-83">
         <name>EPwm6RegsFile</name>
         <uninitialized>true</uninitialized>
         <run_address>0x6940</run_address>
         <size>0x22</size>
         <input_file_ref idref="fl-8"/>
      </object_component>
      <object_component id="oc-79">
         <name>ECap1RegsFile</name>
         <uninitialized>true</uninitialized>
         <run_address>0x6a00</run_address>
         <size>0x20</size>
         <input_file_ref idref="fl-8"/>
      </object_component>
      <object_component id="oc-7a">
         <name>ECap2RegsFile</name>
         <uninitialized>true</uninitialized>
         <run_address>0x6a20</run_address>
         <size>0x20</size>
         <input_file_ref idref="fl-8"/>
      </object_component>
      <object_component id="oc-77">
         <name>ECap3RegsFile</name>
         <uninitialized>true</uninitialized>
         <run_address>0x6a40</run_address>
         <size>0x20</size>
         <input_file_ref idref="fl-8"/>
      </object_component>
      <object_component id="oc-78">
         <name>ECap4RegsFile</name>
         <uninitialized>true</uninitialized>
         <run_address>0x6a60</run_address>
         <size>0x20</size>
         <input_file_ref idref="fl-8"/>
      </object_component>
      <object_component id="oc-7d">
         <name>ECap5RegsFile</name>
         <uninitialized>true</uninitialized>
         <run_address>0x6a80</run_address>
         <size>0x20</size>
         <input_file_ref idref="fl-8"/>
      </object_component>
      <object_component id="oc-7e">
         <name>ECap6RegsFile</name>
         <uninitialized>true</uninitialized>
         <run_address>0x6aa0</run_address>
         <size>0x20</size>
         <input_file_ref idref="fl-8"/>
      </object_component>
      <object_component id="oc-90">
         <name>EQep1RegsFile</name>
         <uninitialized>true</uninitialized>
         <run_address>0x6b00</run_address>
         <size>0x40</size>
         <input_file_ref idref="fl-8"/>
      </object_component>
      <object_component id="oc-91">
         <name>EQep2RegsFile</name>
         <uninitialized>true</uninitialized>
         <run_address>0x6b40</run_address>
         <size>0x40</size>
         <input_file_ref idref="fl-8"/>
      </object_component>
      <object_component id="oc-88">
         <name>GpioCtrlRegsFile</name>
         <uninitialized>true</uninitialized>
         <run_address>0x6f80</run_address>
         <size>0x2e</size>
         <input_file_ref idref="fl-8"/>
      </object_component>
      <object_component id="oc-7b">
         <name>GpioDataRegsFile</name>
         <uninitialized>true</uninitialized>
         <run_address>0x6fc0</run_address>
         <size>0x20</size>
         <input_file_ref idref="fl-8"/>
      </object_component>
      <object_component id="oc-6c">
         <name>GpioIntRegsFile</name>
         <uninitialized>true</uninitialized>
         <run_address>0x6fe0</run_address>
         <size>0xa</size>
         <input_file_ref idref="fl-8"/>
      </object_component>
      <object_component id="oc-7c">
         <name>SysCtrlRegsFile</name>
         <uninitialized>true</uninitialized>
         <run_address>0x7010</run_address>
         <size>0x20</size>
         <input_file_ref idref="fl-8"/>
      </object_component>
      <object_component id="oc-6d">
         <name>SpiaRegsFile</name>
         <uninitialized>true</uninitialized>
         <run_address>0x7040</run_address>
         <size>0x10</size>
         <input_file_ref idref="fl-8"/>
      </object_component>
      <object_component id="oc-70">
         <name>SciaRegsFile</name>
         <uninitialized>true</uninitialized>
         <run_address>0x7050</run_address>
         <size>0x10</size>
         <input_file_ref idref="fl-8"/>
      </object_component>
      <object_component id="oc-73">
         <name>XIntruptRegsFile</name>
         <uninitialized>true</uninitialized>
         <run_address>0x7070</run_address>
         <size>0x10</size>
         <input_file_ref idref="fl-8"/>
      </object_component>
      <object_component id="oc-75">
         <name>AdcRegsFile</name>
         <uninitialized>true</uninitialized>
         <run_address>0x7100</run_address>
         <size>0x1e</size>
         <input_file_ref idref="fl-8"/>
      </object_component>
      <object_component id="oc-6e">
         <name>ScibRegsFile</name>
         <uninitialized>true</uninitialized>
         <run_address>0x7750</run_address>
         <size>0x10</size>
         <input_file_ref idref="fl-8"/>
      </object_component>
      <object_component id="oc-6f">
         <name>ScicRegsFile</name>
         <uninitialized>true</uninitialized>
         <run_address>0x7770</run_address>
         <size>0x10</size>
         <input_file_ref idref="fl-8"/>
      </object_component>
      <object_component id="oc-81">
         <name>I2caRegsFile</name>
         <uninitialized>true</uninitialized>
         <run_address>0x7900</run_address>
         <size>0x22</size>
         <input_file_ref idref="fl-8"/>
      </object_component>
      <object_component id="oc-68">
         <name>CsmPwlFile</name>
         <uninitialized>true</uninitialized>
         <run_address>0x33fff8</run_address>
         <size>0x8</size>
         <input_file_ref idref="fl-8"/>
      </object_component>
      <object_component id="oc-66">
         <name>PartIdRegsFile</name>
         <uninitialized>true</uninitialized>
         <run_address>0x380090</run_address>
         <size>0x1</size>
         <input_file_ref idref="fl-8"/>
      </object_component>
      <object_component id="oc-4d">
         <name>.debug_info</name>
         <load_address>0x0</load_address>
         <run_address>0x0</run_address>
         <size>0xf3</size>
         <input_file_ref idref="fl-2"/>
      </object_component>
      <object_component id="oc-54">
         <name>.debug_info</name>
         <load_address>0xf3</load_address>
         <run_address>0xf3</run_address>
         <size>0x136</size>
         <input_file_ref idref="fl-4"/>
      </object_component>
      <object_component id="oc-58">
         <name>.debug_info</name>
         <load_address>0x229</load_address>
         <run_address>0x229</run_address>
         <size>0xf1</size>
         <input_file_ref idref="fl-5"/>
      </object_component>
      <object_component id="oc-5b">
         <name>.debug_info</name>
         <load_address>0x31a</load_address>
         <run_address>0x31a</run_address>
         <size>0x5ea2</size>
         <input_file_ref idref="fl-6"/>
      </object_component>
      <object_component id="oc-62">
         <name>.debug_info</name>
         <load_address>0x61bc</load_address>
         <run_address>0x61bc</run_address>
         <size>0xf7</size>
         <input_file_ref idref="fl-7"/>
      </object_component>
      <object_component id="oc-65">
         <name>.debug_info</name>
         <load_address>0x62b3</load_address>
         <run_address>0x62b3</run_address>
         <size>0x12eed</size>
         <input_file_ref idref="fl-8"/>
      </object_component>
      <object_component id="oc-9a">
         <name>.debug_info</name>
         <load_address>0x191a0</load_address>
         <run_address>0x191a0</run_address>
         <size>0x4de</size>
         <input_file_ref idref="fl-9"/>
      </object_component>
      <object_component id="oc-9f">
         <name>.debug_info</name>
         <load_address>0x1967e</load_address>
         <run_address>0x1967e</run_address>
         <size>0xb34</size>
         <input_file_ref idref="fl-a"/>
      </object_component>
      <object_component id="oc-a4">
         <name>.debug_info</name>
         <load_address>0x1a1b2</load_address>
         <run_address>0x1a1b2</run_address>
         <size>0x2309</size>
         <input_file_ref idref="fl-b"/>
      </object_component>
      <object_component id="oc-aa">
         <name>.debug_info</name>
         <load_address>0x1c4bb</load_address>
         <run_address>0x1c4bb</run_address>
         <size>0x2087</size>
         <input_file_ref idref="fl-c"/>
      </object_component>
      <object_component id="oc-b0">
         <name>.debug_info</name>
         <load_address>0x1e542</load_address>
         <run_address>0x1e542</run_address>
         <size>0x2217</size>
         <input_file_ref idref="fl-d"/>
      </object_component>
      <object_component id="oc-b5">
         <name>.debug_info</name>
         <load_address>0x20759</load_address>
         <run_address>0x20759</run_address>
         <size>0xf3</size>
         <input_file_ref idref="fl-e"/>
      </object_component>
      <object_component id="oc-b9">
         <name>.debug_info</name>
         <load_address>0x2084c</load_address>
         <run_address>0x2084c</run_address>
         <size>0x7c54</size>
         <input_file_ref idref="fl-f"/>
      </object_component>
      <object_component id="oc-c1">
         <name>.debug_info</name>
         <load_address>0x284a0</load_address>
         <run_address>0x284a0</run_address>
         <size>0x22c5</size>
         <input_file_ref idref="fl-10"/>
      </object_component>
      <object_component id="oc-c7">
         <name>.debug_info</name>
         <load_address>0x2a765</load_address>
         <run_address>0x2a765</run_address>
         <size>0x276e</size>
         <input_file_ref idref="fl-11"/>
      </object_component>
      <object_component id="oc-cc">
         <name>.debug_info</name>
         <load_address>0x2ced3</load_address>
         <run_address>0x2ced3</run_address>
         <size>0x12fe</size>
         <input_file_ref idref="fl-12"/>
      </object_component>
      <object_component id="oc-d1">
         <name>.debug_info</name>
         <load_address>0x2e1d1</load_address>
         <run_address>0x2e1d1</run_address>
         <size>0x20bf</size>
         <input_file_ref idref="fl-13"/>
      </object_component>
      <object_component id="oc-d6">
         <name>.debug_info</name>
         <load_address>0x30290</load_address>
         <run_address>0x30290</run_address>
         <size>0x3d09</size>
         <input_file_ref idref="fl-14"/>
      </object_component>
      <object_component id="oc-dc">
         <name>.debug_info</name>
         <load_address>0x33f99</load_address>
         <run_address>0x33f99</run_address>
         <size>0xab3</size>
         <input_file_ref idref="fl-15"/>
      </object_component>
      <object_component id="oc-e2">
         <name>.debug_info</name>
         <load_address>0x34a4c</load_address>
         <run_address>0x34a4c</run_address>
         <size>0xdf</size>
         <input_file_ref idref="fl-1d"/>
      </object_component>
      <object_component id="oc-e6">
         <name>.debug_info</name>
         <load_address>0x34b2b</load_address>
         <run_address>0x34b2b</run_address>
         <size>0x4a2</size>
         <input_file_ref idref="fl-1e"/>
      </object_component>
      <object_component id="oc-ec">
         <name>.debug_info</name>
         <load_address>0x34fcd</load_address>
         <run_address>0x34fcd</run_address>
         <size>0xc1</size>
         <input_file_ref idref="fl-1f"/>
      </object_component>
      <object_component id="oc-f0">
         <name>.debug_info</name>
         <load_address>0x3508e</load_address>
         <run_address>0x3508e</run_address>
         <size>0x121</size>
         <input_file_ref idref="fl-20"/>
      </object_component>
      <object_component id="oc-f4">
         <name>.debug_info</name>
         <load_address>0x351af</load_address>
         <run_address>0x351af</run_address>
         <size>0xfa</size>
         <input_file_ref idref="fl-21"/>
      </object_component>
      <object_component id="oc-f8">
         <name>.debug_info</name>
         <load_address>0x352a9</load_address>
         <run_address>0x352a9</run_address>
         <size>0x582</size>
         <input_file_ref idref="fl-22"/>
      </object_component>
      <object_component id="oc-fc">
         <name>.debug_info</name>
         <load_address>0x3582b</load_address>
         <run_address>0x3582b</run_address>
         <size>0x481</size>
         <input_file_ref idref="fl-23"/>
      </object_component>
      <object_component id="oc-102">
         <name>.debug_info</name>
         <load_address>0x35cac</load_address>
         <run_address>0x35cac</run_address>
         <size>0x1ff6</size>
         <input_file_ref idref="fl-24"/>
      </object_component>
      <object_component id="oc-108">
         <name>.debug_info</name>
         <load_address>0x37ca2</load_address>
         <run_address>0x37ca2</run_address>
         <size>0x44d</size>
         <input_file_ref idref="fl-25"/>
      </object_component>
      <object_component id="oc-10c">
         <name>.debug_info</name>
         <load_address>0x380ef</load_address>
         <run_address>0x380ef</run_address>
         <size>0x46b</size>
         <input_file_ref idref="fl-26"/>
      </object_component>
      <object_component id="oc-10f">
         <name>.debug_info</name>
         <load_address>0x3855a</load_address>
         <run_address>0x3855a</run_address>
         <size>0x36b</size>
         <input_file_ref idref="fl-27"/>
      </object_component>
      <object_component id="oc-112">
         <name>.debug_info</name>
         <load_address>0x388c5</load_address>
         <run_address>0x388c5</run_address>
         <size>0xcd</size>
         <input_file_ref idref="fl-28"/>
      </object_component>
      <object_component id="oc-116">
         <name>.debug_info</name>
         <load_address>0x38992</load_address>
         <run_address>0x38992</run_address>
         <size>0xc1</size>
         <input_file_ref idref="fl-29"/>
      </object_component>
      <object_component id="oc-11a">
         <name>.debug_info</name>
         <load_address>0x38a53</load_address>
         <run_address>0x38a53</run_address>
         <size>0xc1</size>
         <input_file_ref idref="fl-2a"/>
      </object_component>
      <object_component id="oc-11e">
         <name>.debug_info</name>
         <load_address>0x38b14</load_address>
         <run_address>0x38b14</run_address>
         <size>0xc1</size>
         <input_file_ref idref="fl-2b"/>
      </object_component>
      <object_component id="oc-122">
         <name>.debug_info</name>
         <load_address>0x38bd5</load_address>
         <run_address>0x38bd5</run_address>
         <size>0xcf</size>
         <input_file_ref idref="fl-2c"/>
      </object_component>
      <object_component id="oc-126">
         <name>.debug_info</name>
         <load_address>0x38ca4</load_address>
         <run_address>0x38ca4</run_address>
         <size>0xc1</size>
         <input_file_ref idref="fl-2d"/>
      </object_component>
      <object_component id="oc-12a">
         <name>.debug_info</name>
         <load_address>0x38d65</load_address>
         <run_address>0x38d65</run_address>
         <size>0xc1</size>
         <input_file_ref idref="fl-2e"/>
      </object_component>
      <object_component id="oc-12e">
         <name>.debug_info</name>
         <load_address>0x38e26</load_address>
         <run_address>0x38e26</run_address>
         <size>0xc7</size>
         <input_file_ref idref="fl-2f"/>
      </object_component>
      <object_component id="oc-132">
         <name>.debug_info</name>
         <load_address>0x38eed</load_address>
         <run_address>0x38eed</run_address>
         <size>0xc1</size>
         <input_file_ref idref="fl-30"/>
      </object_component>
      <object_component id="oc-136">
         <name>.debug_info</name>
         <load_address>0x38fae</load_address>
         <run_address>0x38fae</run_address>
         <size>0x1c6</size>
         <input_file_ref idref="fl-31"/>
      </object_component>
      <object_component id="oc-13a">
         <name>.debug_info</name>
         <load_address>0x39174</load_address>
         <run_address>0x39174</run_address>
         <size>0xc1</size>
         <input_file_ref idref="fl-32"/>
      </object_component>
      <object_component id="oc-13e">
         <name>.debug_info</name>
         <load_address>0x39235</load_address>
         <run_address>0x39235</run_address>
         <size>0x46a</size>
         <input_file_ref idref="fl-33"/>
      </object_component>
      <object_component id="oc-142">
         <name>.debug_info</name>
         <load_address>0x3969f</load_address>
         <run_address>0x3969f</run_address>
         <size>0x43b</size>
         <input_file_ref idref="fl-34"/>
      </object_component>
      <object_component id="oc-146">
         <name>.debug_info</name>
         <load_address>0x39ada</load_address>
         <run_address>0x39ada</run_address>
         <size>0x4e7</size>
         <input_file_ref idref="fl-35"/>
      </object_component>
      <object_component id="oc-14a">
         <name>.debug_info</name>
         <load_address>0x39fc1</load_address>
         <run_address>0x39fc1</run_address>
         <size>0x464</size>
         <input_file_ref idref="fl-36"/>
      </object_component>
      <object_component id="oc-14e">
         <name>.debug_info</name>
         <load_address>0x3a425</load_address>
         <run_address>0x3a425</run_address>
         <size>0x455</size>
         <input_file_ref idref="fl-37"/>
      </object_component>
      <object_component id="oc-152">
         <name>.debug_info</name>
         <load_address>0x3a87a</load_address>
         <run_address>0x3a87a</run_address>
         <size>0x450</size>
         <input_file_ref idref="fl-38"/>
      </object_component>
      <object_component id="oc-156">
         <name>.debug_info</name>
         <load_address>0x3acca</load_address>
         <run_address>0x3acca</run_address>
         <size>0xc1</size>
         <input_file_ref idref="fl-39"/>
      </object_component>
      <object_component id="oc-15a">
         <name>.debug_info</name>
         <load_address>0x3ad8b</load_address>
         <run_address>0x3ad8b</run_address>
         <size>0x14f</size>
         <input_file_ref idref="fl-3a"/>
      </object_component>
      <object_component id="oc-15d">
         <name>.debug_info</name>
         <load_address>0x3aeda</load_address>
         <run_address>0x3aeda</run_address>
         <size>0x1561</size>
         <input_file_ref idref="fl-3b"/>
      </object_component>
      <object_component id="oc-163">
         <name>.debug_info</name>
         <load_address>0x3c43b</load_address>
         <run_address>0x3c43b</run_address>
         <size>0x432</size>
         <input_file_ref idref="fl-3c"/>
      </object_component>
      <object_component id="oc-166">
         <name>.debug_info</name>
         <load_address>0x3c86d</load_address>
         <run_address>0x3c86d</run_address>
         <size>0x34e</size>
         <input_file_ref idref="fl-3d"/>
      </object_component>
      <object_component id="oc-16b">
         <name>.debug_info</name>
         <load_address>0x3cbbb</load_address>
         <run_address>0x3cbbb</run_address>
         <size>0x3a0</size>
         <input_file_ref idref="fl-3e"/>
      </object_component>
      <object_component id="oc-16f">
         <name>.debug_info</name>
         <load_address>0x3cf5b</load_address>
         <run_address>0x3cf5b</run_address>
         <size>0x3eb</size>
         <input_file_ref idref="fl-3f"/>
      </object_component>
      <object_component id="oc-173">
         <name>.debug_info</name>
         <load_address>0x3d346</load_address>
         <run_address>0x3d346</run_address>
         <size>0x3ff</size>
         <input_file_ref idref="fl-40"/>
      </object_component>
      <object_component id="oc-177">
         <name>.debug_info</name>
         <load_address>0x3d745</load_address>
         <run_address>0x3d745</run_address>
         <size>0x3cb</size>
         <input_file_ref idref="fl-41"/>
      </object_component>
      <object_component id="oc-17b">
         <name>.debug_info</name>
         <load_address>0x3db10</load_address>
         <run_address>0x3db10</run_address>
         <size>0x3c6</size>
         <input_file_ref idref="fl-42"/>
      </object_component>
      <object_component id="oc-17f">
         <name>.debug_info</name>
         <load_address>0x3ded6</load_address>
         <run_address>0x3ded6</run_address>
         <size>0xed</size>
         <input_file_ref idref="fl-43"/>
      </object_component>
      <object_component id="oc-183">
         <name>.debug_info</name>
         <load_address>0x3dfc3</load_address>
         <run_address>0x3dfc3</run_address>
         <size>0x3a6</size>
         <input_file_ref idref="fl-44"/>
      </object_component>
      <object_component id="oc-201">
         <name>.debug_info</name>
         <load_address>0x3e369</load_address>
         <run_address>0x3e369</run_address>
         <size>0x6f</size>
      </object_component>
      <object_component id="oc-4e">
         <name>.debug_line</name>
         <load_address>0x0</load_address>
         <run_address>0x0</run_address>
         <size>0x4c</size>
         <input_file_ref idref="fl-2"/>
      </object_component>
      <object_component id="oc-55">
         <name>.debug_line</name>
         <load_address>0x4c</load_address>
         <run_address>0x4c</run_address>
         <size>0x64</size>
         <input_file_ref idref="fl-4"/>
      </object_component>
      <object_component id="oc-59">
         <name>.debug_line</name>
         <load_address>0xb0</load_address>
         <run_address>0xb0</run_address>
         <size>0x4a</size>
         <input_file_ref idref="fl-5"/>
      </object_component>
      <object_component id="oc-5f">
         <name>.debug_line</name>
         <load_address>0xfa</load_address>
         <run_address>0xfa</run_address>
         <size>0x7d5</size>
         <input_file_ref idref="fl-6"/>
      </object_component>
      <object_component id="oc-63">
         <name>.debug_line</name>
         <load_address>0x8cf</load_address>
         <run_address>0x8cf</run_address>
         <size>0x4e</size>
         <input_file_ref idref="fl-7"/>
      </object_component>
      <object_component id="oc-9c">
         <name>.debug_line</name>
         <load_address>0x91d</load_address>
         <run_address>0x91d</run_address>
         <size>0x5a</size>
         <input_file_ref idref="fl-9"/>
      </object_component>
      <object_component id="oc-a1">
         <name>.debug_line</name>
         <load_address>0x977</load_address>
         <run_address>0x977</run_address>
         <size>0x89</size>
         <input_file_ref idref="fl-a"/>
      </object_component>
      <object_component id="oc-a7">
         <name>.debug_line</name>
         <load_address>0xa00</load_address>
         <run_address>0xa00</run_address>
         <size>0x69</size>
         <input_file_ref idref="fl-b"/>
      </object_component>
      <object_component id="oc-ad">
         <name>.debug_line</name>
         <load_address>0xa69</load_address>
         <run_address>0xa69</run_address>
         <size>0x168</size>
         <input_file_ref idref="fl-c"/>
      </object_component>
      <object_component id="oc-b2">
         <name>.debug_line</name>
         <load_address>0xbd1</load_address>
         <run_address>0xbd1</run_address>
         <size>0xe7</size>
         <input_file_ref idref="fl-d"/>
      </object_component>
      <object_component id="oc-b6">
         <name>.debug_line</name>
         <load_address>0xcb8</load_address>
         <run_address>0xcb8</run_address>
         <size>0x4b</size>
         <input_file_ref idref="fl-e"/>
      </object_component>
      <object_component id="oc-be">
         <name>.debug_line</name>
         <load_address>0xd03</load_address>
         <run_address>0xd03</run_address>
         <size>0x6c2</size>
         <input_file_ref idref="fl-f"/>
      </object_component>
      <object_component id="oc-c4">
         <name>.debug_line</name>
         <load_address>0x13c5</load_address>
         <run_address>0x13c5</run_address>
         <size>0x240</size>
         <input_file_ref idref="fl-10"/>
      </object_component>
      <object_component id="oc-c9">
         <name>.debug_line</name>
         <load_address>0x1605</load_address>
         <run_address>0x1605</run_address>
         <size>0x244</size>
         <input_file_ref idref="fl-11"/>
      </object_component>
      <object_component id="oc-ce">
         <name>.debug_line</name>
         <load_address>0x1849</load_address>
         <run_address>0x1849</run_address>
         <size>0x138</size>
         <input_file_ref idref="fl-12"/>
      </object_component>
      <object_component id="oc-d3">
         <name>.debug_line</name>
         <load_address>0x1981</load_address>
         <run_address>0x1981</run_address>
         <size>0x3a8</size>
         <input_file_ref idref="fl-13"/>
      </object_component>
      <object_component id="oc-d9">
         <name>.debug_line</name>
         <load_address>0x1d29</load_address>
         <run_address>0x1d29</run_address>
         <size>0x508</size>
         <input_file_ref idref="fl-14"/>
      </object_component>
      <object_component id="oc-de">
         <name>.debug_line</name>
         <load_address>0x2231</load_address>
         <run_address>0x2231</run_address>
         <size>0x75</size>
         <input_file_ref idref="fl-15"/>
      </object_component>
      <object_component id="oc-e3">
         <name>.debug_line</name>
         <load_address>0x22a6</load_address>
         <run_address>0x22a6</run_address>
         <size>0x71</size>
         <input_file_ref idref="fl-1d"/>
      </object_component>
      <object_component id="oc-e9">
         <name>.debug_line</name>
         <load_address>0x2317</load_address>
         <run_address>0x2317</run_address>
         <size>0x4f</size>
         <input_file_ref idref="fl-1e"/>
      </object_component>
      <object_component id="oc-ed">
         <name>.debug_line</name>
         <load_address>0x2366</load_address>
         <run_address>0x2366</run_address>
         <size>0xaa</size>
         <input_file_ref idref="fl-1f"/>
      </object_component>
      <object_component id="oc-f1">
         <name>.debug_line</name>
         <load_address>0x2410</load_address>
         <run_address>0x2410</run_address>
         <size>0x69</size>
         <input_file_ref idref="fl-20"/>
      </object_component>
      <object_component id="oc-f5">
         <name>.debug_line</name>
         <load_address>0x2479</load_address>
         <run_address>0x2479</run_address>
         <size>0x60</size>
         <input_file_ref idref="fl-21"/>
      </object_component>
      <object_component id="oc-f9">
         <name>.debug_line</name>
         <load_address>0x24d9</load_address>
         <run_address>0x24d9</run_address>
         <size>0x66</size>
         <input_file_ref idref="fl-22"/>
      </object_component>
      <object_component id="oc-ff">
         <name>.debug_line</name>
         <load_address>0x253f</load_address>
         <run_address>0x253f</run_address>
         <size>0x57</size>
         <input_file_ref idref="fl-23"/>
      </object_component>
      <object_component id="oc-105">
         <name>.debug_line</name>
         <load_address>0x2596</load_address>
         <run_address>0x2596</run_address>
         <size>0x23d</size>
         <input_file_ref idref="fl-24"/>
      </object_component>
      <object_component id="oc-109">
         <name>.debug_line</name>
         <load_address>0x27d3</load_address>
         <run_address>0x27d3</run_address>
         <size>0x41</size>
         <input_file_ref idref="fl-25"/>
      </object_component>
      <object_component id="oc-10d">
         <name>.debug_line</name>
         <load_address>0x2814</load_address>
         <run_address>0x2814</run_address>
         <size>0x44</size>
         <input_file_ref idref="fl-26"/>
      </object_component>
      <object_component id="oc-113">
         <name>.debug_line</name>
         <load_address>0x2858</load_address>
         <run_address>0x2858</run_address>
         <size>0x5d</size>
         <input_file_ref idref="fl-28"/>
      </object_component>
      <object_component id="oc-117">
         <name>.debug_line</name>
         <load_address>0x28b5</load_address>
         <run_address>0x28b5</run_address>
         <size>0xb0</size>
         <input_file_ref idref="fl-29"/>
      </object_component>
      <object_component id="oc-11b">
         <name>.debug_line</name>
         <load_address>0x2965</load_address>
         <run_address>0x2965</run_address>
         <size>0x9f</size>
         <input_file_ref idref="fl-2a"/>
      </object_component>
      <object_component id="oc-11f">
         <name>.debug_line</name>
         <load_address>0x2a04</load_address>
         <run_address>0x2a04</run_address>
         <size>0x42</size>
         <input_file_ref idref="fl-2b"/>
      </object_component>
      <object_component id="oc-123">
         <name>.debug_line</name>
         <load_address>0x2a46</load_address>
         <run_address>0x2a46</run_address>
         <size>0x46</size>
         <input_file_ref idref="fl-2c"/>
      </object_component>
      <object_component id="oc-127">
         <name>.debug_line</name>
         <load_address>0x2a8c</load_address>
         <run_address>0x2a8c</run_address>
         <size>0x56</size>
         <input_file_ref idref="fl-2d"/>
      </object_component>
      <object_component id="oc-12b">
         <name>.debug_line</name>
         <load_address>0x2ae2</load_address>
         <run_address>0x2ae2</run_address>
         <size>0x55</size>
         <input_file_ref idref="fl-2e"/>
[...]
      </symbol>
      <symbol id="sm-43c">
         <name>_NumX_ADD</name>
         <value>0xc884</value>
         <object_component_ref idref="oc-bc"/>
      </symbol>
      <symbol id="sm-43d">
         <name>_Speed_Percent_Str</name>
         <value>0x20fc14</value>
         <object_component_ref idref="oc-bb"/>
      </symbol>
      <symbol id="sm-43e">
         <name>_Cmd_Tx_Long</name>
         <value>0x20fc03</value>
         <object_component_ref idref="oc-bb"/>
      </symbol>
      <symbol id="sm-43f">
         <name>_AbsZ_Encoder6_ADD</name>
         <value>0xc86a</value>
         <object_component_ref idref="oc-bc"/>
      </symbol>
      <symbol id="sm-440">
         <name>_AbsR_Encoder2_ADD</name>
         <value>0xc83c</value>
         <object_component_ref idref="oc-bc"/>
      </symbol>
      <symbol id="sm-441">
         <name>_AbsX_Encoder7_ADD</name>
         <value>0xc822</value>
         <object_component_ref idref="oc-bc"/>
      </symbol>
      <symbol id="sm-442">
         <name>_Delay_ms</name>
         <value>0xaa6c</value>
         <object_component_ref idref="oc-b8"/>
      </symbol>
      <symbol id="sm-443">
         <name>_SCIA_Tx</name>
         <value>0xa4c0</value>
         <object_component_ref idref="oc-b8"/>
      </symbol>
      <symbol id="sm-444">
         <name>_Motor_Y_Set</name>
         <value>0xa52d</value>
         <object_component_ref idref="oc-b8"/>
      </symbol>
      <symbol id="sm-445">
         <name>_Encoder_Y_Origin</name>
         <value>0x20fc18</value>
         <object_component_ref idref="oc-bb"/>
      </symbol>
      <symbol id="sm-446">
         <name>_Now_Point</name>
         <value>0x20fc58</value>
         <object_component_ref idref="oc-bb"/>
      </symbol>
      <symbol id="sm-447">
         <name>_AbsY_Encoder3_ADD</name>
         <value>0xc802</value>
         <object_component_ref idref="oc-bc"/>
      </symbol>
      <symbol id="sm-448">
         <name>_SCIC_Tx_Message</name>
         <value>0x20fc40</value>
         <object_component_ref idref="oc-bb"/>
      </symbol>
      <symbol id="sm-449">
         <name>_User_Range_Str</name>
         <value>0x20fd40</value>
         <object_component_ref idref="oc-bb"/>
      </symbol>
      <symbol id="sm-44a">
         <name>_delay_loop</name>
         <value>0xaa39</value>
         <object_component_ref idref="oc-b8"/>
      </symbol>
      <symbol id="sm-44b">
         <name>_SCI_CMD_Message1</name>
         <value>0xc8c0</value>
         <object_component_ref idref="oc-bc"/>
      </symbol>
      <symbol id="sm-44c">
         <name>_Robot_DH_Str</name>
         <value>0x20fd00</value>
         <object_component_ref idref="oc-bb"/>
      </symbol>
      <symbol id="sm-44d">
         <name>_PulsR_Bias_ADD</name>
         <value>0xc83a</value>
         <object_component_ref idref="oc-bc"/>
      </symbol>
      <symbol id="sm-44e">
         <name>_PulsX_Bias_ADD</name>
         <value>0xc878</value>
         <object_component_ref idref="oc-bc"/>
      </symbol>
      <symbol id="sm-44f">
         <name>_PulsZ_Bias_ADD</name>
         <value>0xc85c</value>
         <object_component_ref idref="oc-bc"/>
      </symbol>
      <symbol id="sm-450">
         <name>_AbsZ_Reset_ADD</name>
         <value>0xc86c</value>
         <object_component_ref idref="oc-bc"/>
      </symbol>
      <symbol id="sm-451">
         <name>_Motor_Run_points</name>
         <value>0x20fcc0</value>
         <object_component_ref idref="oc-bb"/>
      </symbol>
      <symbol id="sm-4ac">
         <name>_Reply_DH_Parameters</name>
         <value>0xb39e</value>
         <object_component_ref idref="oc-c0"/>
      </symbol>
      <symbol id="sm-4ad">
         <name>_Reply_Motion_State</name>
         <value>0xb42a</value>
         <object_component_ref idref="oc-c0"/>
      </symbol>
      <symbol id="sm-4ae">
         <name>_Reply_Speed_Percent</name>
         <value>0xb3e4</value>
         <object_component_ref idref="oc-c0"/>
      </symbol>
      <symbol id="sm-4af">
         <name>_Reply_User_Range</name>
         <value>0xb340</value>
         <object_component_ref idref="oc-c0"/>
      </symbol>
      <symbol id="sm-4b0">
         <name>_Reply_Coordinate_Now</name>
         <value>0xb196</value>
         <object_component_ref idref="oc-c0"/>
      </symbol>
      <symbol id="sm-4e6">
         <name>_w25q256_set_4addr</name>
         <value>0xb700</value>
         <object_component_ref idref="oc-c6"/>
      </symbol>
      <symbol id="sm-4e7">
         <name>_w25q256_read_reg2</name>
         <value>0xb6de</value>
         <object_component_ref idref="oc-c6"/>
      </symbol>
      <symbol id="sm-4e8">
         <name>_w25q256_read_reg3</name>
         <value>0xb6ef</value>
         <object_component_ref idref="oc-c6"/>
      </symbol>
      <symbol id="sm-4e9">
         <name>_w25q256_read_reg1</name>
         <value>0xb6cd</value>
         <object_component_ref idref="oc-c6"/>
      </symbol>
      <symbol id="sm-4ea">
         <name>_w25q256_init</name>
         <value>0xb70c</value>
         <object_component_ref idref="oc-c6"/>
      </symbol>
      <symbol id="sm-4eb">
         <name>_w25q256_write</name>
         <value>0xb7ea</value>
         <object_component_ref idref="oc-c6"/>
      </symbol>
      <symbol id="sm-4ec">
         <name>_w25q256_reset</name>
         <value>0xb6bb</value>
         <object_component_ref idref="oc-c6"/>
      </symbol>
      <symbol id="sm-4ed">
         <name>_w25q256_erase_chip</name>
         <value>0xb761</value>
         <object_component_ref idref="oc-c6"/>
      </symbol>
      <symbol id="sm-4ee">
         <name>_w25q256_erase_sector</name>
         <value>0xb77d</value>
         <object_component_ref idref="oc-c6"/>
      </symbol>
      <symbol id="sm-4ef">
         <name>_w25q256_test_busy</name>
         <value>0xb74e</value>
         <object_component_ref idref="oc-c6"/>
      </symbol>
      <symbol id="sm-4f0">
         <name>_Spi_Rece</name>
         <value>0xb6ad</value>
         <object_component_ref idref="oc-c6"/>
      </symbol>
      <symbol id="sm-4f1">
         <name>_w25q256_readid</name>
         <value>0xb718</value>
         <object_component_ref idref="oc-c6"/>
      </symbol>
      <symbol id="sm-4f2">
         <name>_w25q256_read</name>
         <value>0xb7ae</value>
         <object_component_ref idref="oc-c6"/>
      </symbol>
      <symbol id="sm-4f3">
         <name>_w25q256_write_enable</name>
         <value>0xb742</value>
         <object_component_ref idref="oc-c6"/>
      </symbol>
      <symbol id="sm-4f4">
         <name>_Spi_Send</name>
         <value>0xb69e</value>
         <object_component_ref idref="oc-c6"/>
      </symbol>
      <symbol id="sm-53e">
         <name>_Speed_Percent_Save</name>
         <value>0xb649</value>
         <object_component_ref idref="oc-cb"/>
      </symbol>
      <symbol id="sm-53f">
         <name>_DH_Parameters_Save</name>
         <value>0xb594</value>
         <object_component_ref idref="oc-cb"/>
      </symbol>
      <symbol id="sm-540">
         <name>_User_Range_Save</name>
         <value>0xb469</value>
         <object_component_ref idref="oc-cb"/>
      </symbol>
      <symbol id="sm-59a">
         <name>_SCI_Command_Execute</name>
         <value>0xaf87</value>
         <object_component_ref idref="oc-d0"/>
      </symbol>
      <symbol id="sm-59b">
         <name>_Information_RAM_Int</name>
         <value>0xb023</value>
         <object_component_ref idref="oc-d0"/>
      </symbol>
      <symbol id="sm-59c">
         <name>_Connection_Test</name>
         <value>0xb17e</value>
         <object_component_ref idref="oc-d0"/>
      </symbol>
      <symbol id="sm-59d">
         <name>_Information_Flash_Erase</name>
         <value>0xb164</value>
         <object_component_ref idref="oc-d0"/>
      </symbol>
      <symbol id="sm-59e">
         <name>_Information_Flash_Int</name>
         <value>0xb137</value>
         <object_component_ref idref="oc-d0"/>
      </symbol>
      <symbol id="sm-59f">
         <name>_SCI_RX_Message_Process</name>
         <value>0xae8a</value>
         <object_component_ref idref="oc-d0"/>
      </symbol>
      <symbol id="sm-69b">
         <name>_SCARA_Run</name>
         <value>0x8b69</value>
         <object_component_ref idref="oc-d5"/>
      </symbol>
      <symbol id="sm-69c">
         <name>_PTP_Run</name>
         <value>0x8fa3</value>
         <object_component_ref idref="oc-d5"/>
      </symbol>
      <symbol id="sm-69d">
         <name>_IO_Out_Set</name>
         <value>0x8e45</value>
         <object_component_ref idref="oc-d5"/>
      </symbol>
      <symbol id="sm-69e">
         <name>_Point_Test</name>
         <value>0x8e93</value>
         <object_component_ref idref="oc-d5"/>
      </symbol>
      <symbol id="sm-69f">
         <name>_Run_Info_Conversion</name>
         <value>0x8700</value>
         <object_component_ref idref="oc-d5"/>
      </symbol>
      <symbol id="sm-6a0">
         <name>_i</name>
         <value>0xc942</value>
         <object_component_ref idref="oc-d7"/>
      </symbol>
      <symbol id="sm-6a1">
         <name>_Motor_on</name>
         <value>0x88f5</value>
         <object_component_ref idref="oc-d5"/>
      </symbol>
      <symbol id="sm-6a2">
         <name>_Robot_Init</name>
         <value>0x8a58</value>
         <object_component_ref idref="oc-d5"/>
      </symbol>
      <symbol id="sm-6cf">
         <name>_main</name>
         <value>0xbbc5</value>
         <object_component_ref idref="oc-db"/>
      </symbol>
      <symbol id="sm-6db">
         <name>_c_int00</name>
         <value>0xbfb9</value>
         <object_component_ref idref="oc-4b"/>
      </symbol>
      <symbol id="sm-6dc">
         <name>__stack</name>
         <value>0x400</value>
         <object_component_ref idref="oc-e0"/>
      </symbol>
      <symbol id="sm-6ea">
         <name>C$$EXIT</name>
         <value>0xc271</value>
         <object_component_ref idref="oc-e5"/>
      </symbol>
      <symbol id="sm-6eb">
         <name>_exit</name>
         <value>0xc273</value>
         <object_component_ref idref="oc-e5"/>
      </symbol>
      <symbol id="sm-6ec">
         <name>_abort</name>
         <value>0xc271</value>
         <object_component_ref idref="oc-e5"/>
      </symbol>
      <symbol id="sm-6ed">
         <name>__cleanup_ptr</name>
         <value>0xc93c</value>
         <object_component_ref idref="oc-e8"/>
      </symbol>
      <symbol id="sm-6ee">
         <name>__dtors_ptr</name>
         <value>0xc93e</value>
         <object_component_ref idref="oc-e8"/>
      </symbol>
      <symbol id="sm-6f6">
         <name>FS$$DIV</name>
         <value>0xbd96</value>
         <object_component_ref idref="oc-eb"/>
      </symbol>
      <symbol id="sm-6fe">
         <name>LL$$AND</name>
         <value>0xc28a</value>
         <object_component_ref idref="oc-ef"/>
      </symbol>
      <symbol id="sm-6ff">
         <name>LL$$OR</name>
         <value>0xc292</value>
         <object_component_ref idref="oc-ef"/>
      </symbol>
      <symbol id="sm-700">
         <name>LL$$XOR</name>
         <value>0xc29a</value>
         <object_component_ref idref="oc-ef"/>
      </symbol>
      <symbol id="sm-708">
         <name>ULL$$CMP</name>
         <value>0xc214</value>
         <object_component_ref idref="oc-f3"/>
      </symbol>
      <symbol id="sm-709">
         <name>LL$$CMP</name>
         <value>0xc202</value>
         <object_component_ref idref="oc-f3"/>
      </symbol>
      <symbol id="sm-713">
         <name>_sprintf</name>
         <value>0xc065</value>
         <object_component_ref idref="oc-f7"/>
      </symbol>
      <symbol id="sm-721">
         <name>__unlock</name>
         <value>0xc938</value>
         <object_component_ref idref="oc-fe"/>
      </symbol>
      <symbol id="sm-722">
         <name>__lock</name>
         <value>0xc93a</value>
         <object_component_ref idref="oc-fe"/>
      </symbol>
      <symbol id="sm-723">
         <name>__register_lock</name>
         <value>0xc30f</value>
         <object_component_ref idref="oc-fb"/>
      </symbol>
      <symbol id="sm-724">
         <name>__nop</name>
         <value>0xc313</value>
         <object_component_ref idref="oc-fb"/>
      </symbol>
      <symbol id="sm-725">
         <name>__register_unlock</name>
         <value>0xc30b</value>
         <object_component_ref idref="oc-fb"/>
      </symbol>
      <symbol id="sm-733">
         <name>__printfi</name>
         <value>0xa1b8</value>
         <object_component_ref idref="oc-101"/>
      </symbol>
      <symbol id="sm-73d">
         <name>__args_main</name>
         <value>0xc258</value>
         <object_component_ref idref="oc-107"/>
      </symbol>
      <symbol id="sm-73e">
         <name>__TI_args_main</name>
         <value>0x1</value>
      </symbol>
      <symbol id="sm-748">
         <name>_atoi</name>
         <value>0xc034</value>
         <object_component_ref idref="oc-10b"/>
      </symbol>
      <symbol id="sm-750">
         <name>__ctypes_</name>
         <value>0xd000</value>
         <object_component_ref idref="oc-1a9"/>
      </symbol>
      <symbol id="sm-758">
         <name>FD$$CMP</name>
         <value>0xc0c0</value>
         <object_component_ref idref="oc-111"/>
      </symbol>
      <symbol id="sm-760">
         <name>FD$$DIV</name>
         <value>0xbd0b</value>
         <object_component_ref idref="oc-115"/>
      </symbol>
      <symbol id="sm-768">
         <name>FD$$MPY</name>
         <value>0xbe1e</value>
         <object_component_ref idref="oc-119"/>
      </symbol>
      <symbol id="sm-770">
         <name>FD$$NEG</name>
         <value>0xc314</value>
         <object_component_ref idref="oc-11d"/>
      </symbol>
      <symbol id="sm-778">
         <name>FD$$SUB</name>
         <value>0xc2f3</value>
         <object_component_ref idref="oc-121"/>
      </symbol>
      <symbol id="sm-780">
         <name>FD$$TOI</name>
         <value>0xc181</value>
         <object_component_ref idref="oc-125"/>
      </symbol>
      <symbol id="sm-788">
         <name>FD$$TOL</name>
         <value>0xc1e3</value>
         <object_component_ref idref="oc-129"/>
      </symbol>
      <symbol id="sm-790">
         <name>FS$$TOFD</name>
         <value>0xc220</value>
         <object_component_ref idref="oc-12d"/>
      </symbol>
      <symbol id="sm-798">
         <name>L$$TOFD</name>
         <value>0xc23c</value>
         <object_component_ref idref="oc-131"/>
      </symbol>
      <symbol id="sm-7a0">
         <name>ULL$$MOD</name>
         <value>0xb8cf</value>
         <object_component_ref idref="oc-135"/>
      </symbol>
      <symbol id="sm-7a1">
         <name>ULL$$DIV</name>
         <value>0xb8a0</value>
         <object_component_ref idref="oc-135"/>
      </symbol>
      <symbol id="sm-7a2">
         <name>LL$$MOD</name>
         <value>0xb866</value>
         <object_component_ref idref="oc-135"/>
      </symbol>
      <symbol id="sm-7a3">
         <name>LL$$DIV</name>
         <value>0xb82a</value>
         <object_component_ref idref="oc-135"/>
      </symbol>
      <symbol id="sm-7ab">
         <name>LL$$MPY</name>
         <value>0xc2cd</value>
         <object_component_ref idref="oc-139"/>
      </symbol>
      <symbol id="sm-7b5">
         <name>_ltoa</name>
         <value>0xc094</value>
         <object_component_ref idref="oc-13d"/>
      </symbol>
      <symbol id="sm-7bf">
         <name>_memccpy</name>
         <value>0xc2e1</value>
         <object_component_ref idref="oc-141"/>
      </symbol>
      <symbol id="sm-7c9">
         <name>___memcpy_ff</name>
         <value>0xc1a2</value>
         <object_component_ref idref="oc-145"/>
      </symbol>
      <symbol id="sm-7d3">
         <name>_memset</name>
         <value>0xc335</value>
         <object_component_ref idref="oc-149"/>
      </symbol>
      <symbol id="sm-7dd">
         <name>_strcpy</name>
         <value>0xc31d</value>
         <object_component_ref idref="oc-14d"/>
      </symbol>
      <symbol id="sm-7e7">
         <name>_strlen</name>
         <value>0xc301</value>
         <object_component_ref idref="oc-151"/>
      </symbol>
      <symbol id="sm-7ef">
         <name>FD$$ADD</name>
         <value>0xbc6f</value>
         <object_component_ref idref="oc-155"/>
      </symbol>
      <symbol id="sm-7f7">
         <name>UL$$MOD</name>
         <value>0xc10e</value>
         <object_component_ref idref="oc-159"/>
      </symbol>
      <symbol id="sm-7f8">
         <name>L$$MOD</name>
         <value>0xc0f9</value>
         <object_component_ref idref="oc-159"/>
      </symbol>
      <symbol id="sm-7f9">
         <name>L$$DIV</name>
         <value>0xc0ea</value>
         <object_component_ref idref="oc-159"/>
      </symbol>
      <symbol id="sm-7fa">
         <name>UL$$DIV</name>
         <value>0xc107</value>
         <object_component_ref idref="oc-159"/>
      </symbol>
      <symbol id="sm-847">
         <name>_Robot_Reg</name>
         <value>0xc92d</value>
         <object_component_ref idref="oc-15e"/>
      </symbol>
      <symbol id="sm-848">
         <name>_PTP</name>
         <value>0x9384</value>
         <object_component_ref idref="oc-199"/>
      </symbol>
      <symbol id="sm-849">
         <name>_Inverse_Kinematics_SCARA</name>
         <value>0x9071</value>
         <object_component_ref idref="oc-199"/>
      </symbol>
      <symbol id="sm-84a">
         <name>_joint_trajetory</name>
         <value>0x9489</value>
         <object_component_ref idref="oc-199"/>
      </symbol>
      <symbol id="sm-84b">
         <name>_joint_time_cal</name>
         <value>0x9905</value>
         <object_component_ref idref="oc-199"/>
      </symbol>
      <symbol id="sm-857">
         <name>_atan2</name>
         <value>0xbb01</value>
         <object_component_ref idref="oc-162"/>
      </symbol>
      <symbol id="sm-861">
         <name>_errno</name>
         <value>0xc943</value>
         <object_component_ref idref="oc-168"/>
      </symbol>
      <symbol id="sm-86b">
         <name>_frexp</name>
         <value>0xc2a2</value>
         <object_component_ref idref="oc-16a"/>
      </symbol>
      <symbol id="sm-875">
         <name>_pow</name>
         <value>0xbf0b</value>
         <object_component_ref idref="oc-16e"/>
      </symbol>
      <symbol id="sm-87f">
         <name>_sqrt</name>
         <value>0xc13c</value>
         <object_component_ref idref="oc-172"/>
      </symbol>
      <symbol id="sm-889">
         <name>__log</name>
         <value>0xbf65</value>
         <object_component_ref idref="oc-176"/>
      </symbol>
      <symbol id="sm-893">
         <name>_exp</name>
         <value>0xbea1</value>
         <object_component_ref idref="oc-17a"/>
      </symbol>
      <symbol id="sm-89b">
         <name>I$$MOD</name>
         <value>0xc170</value>
         <object_component_ref idref="oc-17e"/>
      </symbol>
      <symbol id="sm-89c">
         <name>I$$DIV</name>
         <value>0xc15f</value>
         <object_component_ref idref="oc-17e"/>
      </symbol>
      <symbol id="sm-8a6">
         <name>_ldexp</name>
         <value>0xbfff</value>
         <object_component_ref idref="oc-182"/>
      </symbol>
   </symbol_table>
</link_info>
