******************************************************************************
             TMS320C2000 Linker PC v6.1.0                      
******************************************************************************
>> Linked Mon Oct 10 13:43:22 2016

OUTPUT FILE NAME:   <SCARA8.out>
ENTRY POINT SYMBOL: "_c_int00"  address: 0000bfb9


MEMORY CONFIGURATION

         name            origin    length      used     unused   attr    fill
----------------------  --------  ---------  --------  --------  ----  --------
PAGE 0:
  BEGIN                 00000000   00000002  00000002  00000000  RWIX
  RAMM0                 00000050   000003b0  00000000  000003b0  RWIX
  RAML0                 00008000   00000700  0000019c  00000564  RWIX
  RAML1                 00008700   00004100  00003c3f  000004c1  RWIX
  ZONE6                 00100001   000fffff  00000000  000fffff  RWIX
  ZONE7A                00200000   0000fc00  00000000  0000fc00  RWIX
  CSM_RSVD              0033ff80   00000076  00000000  00000076  RWIX
  CSM_PWL               0033fff8   00000008  00000000  00000008  RWIX
  ADC_CAL               00380080   00000009  00000007  00000002  RWIX
  IQTABLES              003fe000   00000b50  00000000  00000b50  RWIX
  IQTABLES2             003feb50   0000008c  00000000  0000008c  RWIX
  FPUTABLES             003febdc   000006a0  00000000  000006a0  RWIX
  BOOTROM               003ff27c   00000d44  00000000  00000d44  RWIX
  RESET                 003fffc0   00000002  00000000  00000002  RWIX

PAGE 1:
  BOOT_RSVD             00000002   0000004e  00000000  0000004e  RWIX
  RAMM1                 00000400   00000400  00000300  00000100  RWIX
  DEV_EMU               00000880   00000180  000000d0  000000b0  RWIX
  FLASH_REGS            00000a80   00000060  00000008  00000058  RWIX
  CSM                   00000ae0   00000010  00000010  00000000  RWIX
  ADC_MIRROR            00000b00   00000010  00000010  00000000  RWIX
  XINTF                 00000b20   00000020  0000001e  00000002  RWIX
  CPU_TIMER0            00000c00   00000008  00000008  00000000  RWIX
  CPU_TIMER1            00000c08   00000008  00000008  00000000  RWIX
  CPU_TIMER2            00000c10   00000008  00000008  00000000  RWIX
  PIE_CTRL              00000ce0   00000020  0000001a  00000006  RWIX
  PIE_VECT              00000d00   00000100  00000100  00000000  RWIX
  DMA                   00001000   00000200  000000e0  00000120  RWIX
  MCBSPA                00005000   00000040  00000025  0000001b  RWIX
  MCBSPB                00005040   00000040  00000025  0000001b  RWIX
  ECANA                 00006000   00000040  00000034  0000000c  RWIX
  ECANA_LAM             00006040   00000040  00000040  00000000  RWIX
  ECANA_MOTS            00006080   00000040  00000040  00000000  RWIX
  ECANA_MOTO            000060c0   00000040  00000040  00000000  RWIX
  ECANA_MBOX            00006100   00000100  00000100  00000000  RWIX
  ECANB                 00006200   00000040  00000034  0000000c  RWIX
  ECANB_LAM             00006240   00000040  00000040  00000000  RWIX
  ECANB_MOTS            00006280   00000040  00000040  00000000  RWIX
  ECANB_MOTO            000062c0   00000040  00000040  00000000  RWIX
  ECANB_MBOX            00006300   00000100  00000100  00000000  RWIX
  EPWM1                 00006800   00000022  00000022  00000000  RWIX
  EPWM2                 00006840   00000022  00000022  00000000  RWIX
  EPWM3                 00006880   00000022  00000022  00000000  RWIX
  EPWM4                 000068c0   00000022  00000022  00000000  RWIX
  EPWM5                 00006900   00000022  00000022  00000000  RWIX
  EPWM6                 00006940   00000022  00000022  00000000  RWIX
  ECAP1                 00006a00   00000020  00000020  00000000  RWIX
  ECAP2                 00006a20   00000020  00000020  00000000  RWIX
  ECAP3                 00006a40   00000020  00000020  00000000  RWIX
  ECAP4                 00006a60   00000020  00000020  00000000  RWIX
  ECAP5                 00006a80   00000020  00000020  00000000  RWIX
  ECAP6                 00006aa0   00000020  00000020  00000000  RWIX
  EQEP1                 00006b00   00000040  00000040  00000000  RWIX
  EQEP2                 00006b40   00000040  00000040  00000000  RWIX
  GPIOCTRL              00006f80   00000040  0000002e  00000012  RWIX
  GPIODAT               00006fc0   00000020  00000020  00000000  RWIX
  GPIOINT               00006fe0   00000020  0000000a  00000016  RWIX
  SYSTEM                00007010   00000020  00000020  00000000  RWIX
  SPIA                  00007040   00000010  00000010  00000000  RWIX
  SCIA                  00007050   00000010  00000010  00000000  RWIX
  XINTRUPT              00007070   00000010  00000010  00000000  RWIX
  ADC                   00007100   00000020  0000001e  00000002  RWIX
  SCIB                  00007750   00000010  00000010  00000000  RWIX
  SCIC                  00007770   00000010  00000010  00000000  RWIX
  I2CA                  00007900   00000040  00000022  0000001e  RWIX
  RAML4                 0000c800   00000800  00000144  000006bc  RWIX
  RAML5                 0000d000   00001000  000005e3  00000a1d  RWIX
  RAML6                 0000e000   00001000  00000000  00001000  RWIX
  RAML7                 0000f000   00001000  00000000  00001000  RWIX
  ZONE6B                0010fc00   00001400  00000000  00001400  RWIX
  ZONE7B                0020fc00   00008000  00003390  00004c70  RWIX
  CSM_PWL               0033fff8   00000008  00000008  00000000  RWIX
  PARTID                00380090   00000001  00000001  00000000  RWIX


SECTION ALLOCATION MAP

 output                                  attributes/
section   page    origin      length       input sections
--------  ----  ----------  ----------   ----------------
codestart 
*          0    00000000    00000002     
                  00000000    00000002     DSP2833x_CodeStartBranch.obj (codestart)

.pinit     0    00008000    00000000     UNINITIALIZED

.cinit     0    00008000    0000017d     
                  00008000    00000163     PlatForm.obj (.cinit)
                  00008163    0000000a     rts2800_fpu32.lib : _lock.obj (.cinit)
                  0000816d    0000000a                       : exit.obj (.cinit)
                  00008177    00000004                       : errno.obj (.cinit)
                  0000817b    00000002     --HOLE-- [fill = 0]

ramfuncs   0    0000817d    0000001f     
                  0000817d    0000001b     DSP2833x_SysCtrl.obj (ramfuncs)
                  00008198    00000004     DSP2833x_usDelay.obj (ramfuncs)

.text      0    00008700    00003c3f     
                  00008700    00000971     control.obj (.text)
                  00009071    00000939     scara_lib.lib : scara_math.obj (.text)
                  000099aa    00000911     rts2800_fpu32.lib : _printfi.obj (.text)
                  0000a2bb    000007cb     PlatForm.obj (.text)
                  0000aa86    00000404     DSP2833x_DefaultIsr.obj (.text:retain)
                  0000ae8a    0000030c     command_processing.obj (.text)
                  0000b196    000002d3     Reply.obj (.text)
                  0000b469    00000235     Save.obj (.text)
                  0000b69e    0000018c     SPI_Flash.obj (.text)
                  0000b82a    00000107     rts2800_fpu32.lib : ll_div.obj (.text)
                  0000b931    000000f3     DSP2833x_SysCtrl.obj (.text)
                  0000ba24    000000dd     DSP2833x_Xintf.obj (.text)
                  0000bb01    000000c4     rts2800_fpu32.lib : atan2.obj (.text)
                  0000bbc5    000000aa     main.obj (.text)
                  0000bc6f    0000009c     rts2800_fpu32.lib : fd_add.obj (.text)
                  0000bd0b    0000008b                       : fd_div.obj (.text)
                  0000bd96    00000088                       : fs_div.obj (.text)
                  0000be1e    00000083                       : fd_mpy.obj (.text)
                  0000bea1    0000006a                       : exp.obj (.text)
                  0000bf0b    0000005a                       : pow.obj (.text)
                  0000bf65    00000054                       : _log.obj (.text)
                  0000bfb9    00000046                       : boot.obj (.text)
                  0000bfff    00000035                       : ldexp.obj (.text)
                  0000c034    00000031                       : atoi.obj (.text)
                  0000c065    0000002f                       : sprintf.obj (.text)
                  0000c094    0000002c                       : ltoa.obj (.text)
                  0000c0c0    0000002a                       : fd_cmp.obj (.text)
                  0000c0ea    0000002a                       : l_div.obj (.text)
                  0000c114    00000028     DSP2833x_PieCtrl.obj (.text)
                  0000c13c    00000023     rts2800_fpu32.lib : sqrt.obj (.text)
                  0000c15f    00000022                       : i_div.obj (.text)
                  0000c181    00000021                       : fd_toi.obj (.text)
                  0000c1a2    00000021                       : memcpy_ff.obj (.text)
                  0000c1c3    00000020     DSP2833x_PieVect.obj (.text)
                  0000c1e3    0000001f     rts2800_fpu32.lib : fd_tol.obj (.text)
                  0000c202    0000001e                       : ll_cmp.obj (.text)
                  0000c220    0000001c                       : fs_tofd.obj (.text)
                  0000c23c    0000001c                       : l_tofd.obj (.text)
                  0000c258    00000019                       : args_main.obj (.text)
                  0000c271    00000019                       : exit.obj (.text)
                  0000c28a    00000018                       : ll_aox.obj (.text)
                  0000c2a2    00000016                       : frexp.obj (.text)
                  0000c2b8    00000015     DSP2833x_MemCopy.obj (.text)
                  0000c2cd    00000014     rts2800_fpu32.lib : ll_mpy.obj (.text)
                  0000c2e1    00000012                       : memccpy.obj (.text)
                  0000c2f3    0000000e                       : fd_sub.obj (.text)
                  0000c301    0000000a                       : strlen.obj (.text)
                  0000c30b    00000009                       : _lock.obj (.text)
                  0000c314    00000009                       : fd_neg.obj (.text)
                  0000c31d    00000009                       : strcpy.obj (.text)
                  0000c326    00000008     DSP2833x_CodeStartBranch.obj (.text)
                  0000c32e    00000007     DSP2833x_DisInt.obj (.text)
                  0000c335    00000007     rts2800_fpu32.lib : memset.obj (.text)
                  0000c33c    00000003     DSP2833x_DBGIER.obj (.text)

csm_rsvd   0    0033ff80    00000076     DSECT
                  0033ff80    00000076     DSP2833x_CSMPasswords.obj (csm_rsvd)

csmpasswds 
*          0    0033fff8    00000008     DSECT
                  0033fff8    00000008     DSP2833x_CSMPasswords.obj (csmpasswds)

.adc_cal   0    00380080    00000007     NOLOAD SECTION
                  00380080    00000007     DSP2833x_ADC_cal.obj (.adc_cal)

.reset     0    003fffc0    00000002     DSECT
                  003fffc0    00000002     rts2800_fpu32.lib : boot.obj (.reset)

.stack     1    00000400    00000300     UNINITIALIZED
                  00000400    00000300     --HOLE--

DevEmuRegsFile 
*          1    00000880    000000d0     UNINITIALIZED
                  00000880    000000d0     DSP2833x_GlobalVariableDefs.obj (DevEmuRegsFile)

FlashRegsFile 
*          1    00000a80    00000008     UNINITIALIZED
                  00000a80    00000008     DSP2833x_GlobalVariableDefs.obj (FlashRegsFile)

CsmRegsFile 
*          1    00000ae0    00000010     UNINITIALIZED
                  00000ae0    00000010     DSP2833x_GlobalVariableDefs.obj (CsmRegsFile)

AdcMirrorFile 
*          1    00000b00    00000010     UNINITIALIZED
                  00000b00    00000010     DSP2833x_GlobalVariableDefs.obj (AdcMirrorFile)

XintfRegsFile 
*          1    00000b20    0000001e     UNINITIALIZED
                  00000b20    0000001e     DSP2833x_GlobalVariableDefs.obj (XintfRegsFile)

CpuTimer0RegsFile 
*          1    00000c00    00000008     UNINITIALIZED
                  00000c00    00000008     DSP2833x_GlobalVariableDefs.obj (CpuTimer0RegsFile)

CpuTimer1RegsFile 
*          1    00000c08    00000008     UNINITIALIZED
                  00000c08    00000008     DSP2833x_GlobalVariableDefs.obj (CpuTimer1RegsFile)

CpuTimer2RegsFile 
*          1    00000c10    00000008     UNINITIALIZED
                  00000c10    00000008     DSP2833x_GlobalVariableDefs.obj (CpuTimer2RegsFile)

PieCtrlRegsFile 
*          1    00000ce0    0000001a     UNINITIALIZED
                  00000ce0    0000001a     DSP2833x_GlobalVariableDefs.obj (PieCtrlRegsFile)

PieVectTableFile 
*          1    00000d00    00000100     UNINITIALIZED
                  00000d00    00000100     DSP2833x_GlobalVariableDefs.obj (PieVectTableFile)

DmaRegsFile 
*          1    00001000    000000e0     UNINITIALIZED
                  00001000    000000e0     DSP2833x_GlobalVariableDefs.obj (DmaRegsFile)

McbspaRegsFile 
*          1    00005000    00000025     UNINITIALIZED
                  00005000    00000025     DSP2833x_GlobalVariableDefs.obj (McbspaRegsFile)

McbspbRegsFile 
*          1    00005040    00000025     UNINITIALIZED
                  00005040    00000025     DSP2833x_GlobalVariableDefs.obj (McbspbRegsFile)

ECanaRegsFile 
*          1    00006000    00000034     UNINITIALIZED
                  00006000    00000034     DSP2833x_GlobalVariableDefs.obj (ECanaRegsFile)

ECanaLAMRegsFile 
*          1    00006040    00000040     UNINITIALIZED
                  00006040    00000040     DSP2833x_GlobalVariableDefs.obj (ECanaLAMRegsFile)

ECanaMOTSRegsFile 
*          1    00006080    00000040     UNINITIALIZED
                  00006080    00000040     DSP2833x_GlobalVariableDefs.obj (ECanaMOTSRegsFile)

ECanaMOTORegsFile 
*          1    000060c0    00000040     UNINITIALIZED
                  000060c0    00000040     DSP2833x_GlobalVariableDefs.obj (ECanaMOTORegsFile)

ECanaMboxesFile 
*          1    00006100    00000100     UNINITIALIZED
                  00006100    00000100     DSP2833x_GlobalVariableDefs.obj (ECanaMboxesFile)

ECanbRegsFile 
*          1    00006200    00000034     UNINITIALIZED
                  00006200    00000034     DSP2833x_GlobalVariableDefs.obj (ECanbRegsFile)

ECanbLAMRegsFile 
*          1    00006240    00000040     UNINITIALIZED
                  00006240    00000040     DSP2833x_GlobalVariableDefs.obj (ECanbLAMRegsFile)

ECanbMOTSRegsFile 
*          1    00006280    00000040     UNINITIALIZED
                  00006280    00000040     DSP2833x_GlobalVariableDefs.obj (ECanbMOTSRegsFile)

ECanbMOTORegsFile 
*          1    000062c0    00000040     UNINITIALIZED
                  000062c0    00000040     DSP2833x_GlobalVariableDefs.obj (ECanbMOTORegsFile)

ECanbMboxesFile 
*          1    00006300    00000100     UNINITIALIZED
                  00006300    00000100     DSP2833x_GlobalVariableDefs.obj (ECanbMboxesFile)

EPwm1RegsFile 
*          1    00006800    00000022     UNINITIALIZED
                  00006800    00000022     DSP2833x_GlobalVariableDefs.obj (EPwm1RegsFile)

EPwm2RegsFile 
*          1    00006840    00000022     UNINITIALIZED
                  00006840    00000022     DSP2833x_GlobalVariableDefs.obj (EPwm2RegsFile)

EPwm3RegsFile 
*          1    00006880    00000022     UNINITIALIZED
                  00006880    00000022     DSP2833x_GlobalVariableDefs.obj (EPwm3RegsFile)

EPwm4RegsFile 
*          1    000068c0    00000022     UNINITIALIZED
                  000068c0    00000022     DSP2833x_GlobalVariableDefs.obj (EPwm4RegsFile)

EPwm5RegsFile 
*          1    00006900    00000022     UNINITIALIZED
                  00006900    00000022     DSP2833x_GlobalVariableDefs.obj (EPwm5RegsFile)

EPwm6RegsFile 
*          1    00006940    00000022     UNINITIALIZED
                  00006940    00000022     DSP2833x_GlobalVariableDefs.obj (EPwm6RegsFile)

ECap1RegsFile 
*          1    00006a00    00000020     UNINITIALIZED
                  00006a00    00000020     DSP2833x_GlobalVariableDefs.obj (ECap1RegsFile)

ECap2RegsFile 
*          1    00006a20    00000020     UNINITIALIZED
                  00006a20    00000020     DSP2833x_GlobalVariableDefs.obj (ECap2RegsFile)

ECap3RegsFile 
*          1    00006a40    00000020     UNINITIALIZED
                  00006a40    00000020     DSP2833x_GlobalVariableDefs.obj (ECap3RegsFile)

ECap4RegsFile 
*          1    00006a60    00000020     UNINITIALIZED
                  00006a60    00000020     DSP2833x_GlobalVariableDefs.obj (ECap4RegsFile)

ECap5RegsFile 
*          1    00006a80    00000020     UNINITIALIZED
                  00006a80    00000020     DSP2833x_GlobalVariableDefs.obj (ECap5RegsFile)

ECap6RegsFile 
*          1    00006aa0    00000020     UNINITIALIZED
                  00006aa0    00000020     DSP2833x_GlobalVariableDefs.obj (ECap6RegsFile)

EQep1RegsFile 
*          1    00006b00    00000040     UNINITIALIZED
                  00006b00    00000040     DSP2833x_GlobalVariableDefs.obj (EQep1RegsFile)

EQep2RegsFile 
*          1    00006b40    00000040     UNINITIALIZED
                  00006b40    00000040     DSP2833x_GlobalVariableDefs.obj (EQep2RegsFile)

GpioCtrlRegsFile 
*          1    00006f80    0000002e     UNINITIALIZED
                  00006f80    0000002e     DSP2833x_GlobalVariableDefs.obj (GpioCtrlRegsFile)

GpioDataRegsFile 
*          1    00006fc0    00000020     UNINITIALIZED
                  00006fc0    00000020     DSP2833x_GlobalVariableDefs.obj (GpioDataRegsFile)

GpioIntRegsFile 
*          1    00006fe0    0000000a     UNINITIALIZED
                  00006fe0    0000000a     DSP2833x_GlobalVariableDefs.obj (GpioIntRegsFile)

SysCtrlRegsFile 
*          1    00007010    00000020     UNINITIALIZED
                  00007010    00000020     DSP2833x_GlobalVariableDefs.obj (SysCtrlRegsFile)

SpiaRegsFile 
*          1    00007040    00000010     UNINITIALIZED
                  00007040    00000010     DSP2833x_GlobalVariableDefs.obj (SpiaRegsFile)

SciaRegsFile 
*          1    00007050    00000010     UNINITIALIZED
                  00007050    00000010     DSP2833x_GlobalVariableDefs.obj (SciaRegsFile)

XIntruptRegsFile 
*          1    00007070    00000010     UNINITIALIZED
                  00007070    00000010     DSP2833x_GlobalVariableDefs.obj (XIntruptRegsFile)

AdcRegsFile 
*          1    00007100    0000001e     UNINITIALIZED
                  00007100    0000001e     DSP2833x_GlobalVariableDefs.obj (AdcRegsFile)

ScibRegsFile 
*          1    00007750    00000010     UNINITIALIZED
                  00007750    00000010     DSP2833x_GlobalVariableDefs.obj (ScibRegsFile)

ScicRegsFile 
*          1    00007770    00000010     UNINITIALIZED
                  00007770    00000010     DSP2833x_GlobalVariableDefs.obj (ScicRegsFile)

I2caRegsFile 
*          1    00007900    00000022     UNINITIALIZED
                  00007900    00000022     DSP2833x_GlobalVariableDefs.obj (I2caRegsFile)

.ebss      1    0000c800    00000144     UNINITIALIZED
                  0000c800    0000012d     PlatForm.obj (.ebss)
                  0000c92d    0000000b     scara_lib.lib : scara_math.obj (.ebss)
                  0000c938    00000004     rts2800_fpu32.lib : _lock.obj (.ebss)
                  0000c93c    00000004                       : exit.obj (.ebss)
                  0000c940    00000002     DSP2833x_DefaultIsr.obj (.ebss)
                  0000c942    00000001     control.obj (.ebss)
                  0000c943    00000001     rts2800_fpu32.lib : errno.obj (.ebss)

.econst    1    0000d000    000005e3     
                  0000d000    00000101     rts2800_fpu32.lib : ctype.obj (.econst:__ctypes_)
                  0000d101    00000001     --HOLE-- [fill = 0]
                  0000d102    00000100     DSP2833x_PieVect.obj (.econst)
                  0000d202    00000053     Reply.obj (.econst:_$P$T1$2)
                  0000d255    00000048     command_processing.obj (.econst:_$P$T2$3)
                  0000d29d    0000002f     Reply.obj (.econst:_$P$T0$1)
                  0000d2cc    00000029     Reply.obj (.econst:_$P$T2$3)
                  0000d2f5    00000001     --HOLE-- [fill = 0]
                  0000d2f6    00000024     rts2800_fpu32.lib : _printfi.obj (.econst:.string)
                  0000d31a    00000024     main.obj (.econst:_$P$T0$1)
                  0000d33e    00000024     main.obj (.econst:_$P$T1$2)
                  0000d362    00000024     main.obj (.econst:_$P$T2$3)
                  0000d386    00000024     main.obj (.econst:_$P$T3$4)
                  0000d3aa    00000024     main.obj (.econst:_$P$T4$5)
                  0000d3ce    00000024     main.obj (.econst:_$P$T5$6)
                  0000d3f2    00000024     main.obj (.econst:_$P$T6$7)
                  0000d416    00000024     main.obj (.econst:_$P$T7$8)
                  0000d43a    00000024     main.obj (.econst:_$P$T8$9)
                  0000d45e    00000024     main.obj (.econst:_$P$T9$10)
                  0000d482    0000001e     command_processing.obj (.econst:_$P$T3$4)
                  0000d4a0    00000018     rts2800_fpu32.lib : _printfi.obj (.econst)
                  0000d4b8    00000011     PlatForm.obj (.econst:_$P$T0$1)
                  0000d4c9    00000011     PlatForm.obj (.econst:_$P$T1$2)
                  0000d4da    00000011     Save.obj (.econst:_$P$T1$2)
                  0000d4eb    00000011     PlatForm.obj (.econst:_$P$T2$3)
                  0000d4fc    00000011     Save.obj (.econst:_$P$T3$4)
                  0000d50d    00000011     control.obj (.econst:_$P$T3$4)
                  0000d51e    00000011     control.obj (.econst:_$P$T4$5)
                  0000d52f    0000000e     Reply.obj (.econst:_$P$T3$4)
                  0000d53d    0000000c     Save.obj (.econst:_$P$T0$1)
                  0000d549    0000000c     control.obj (.econst:_$P$T0$1)
                  0000d555    0000000c     command_processing.obj (.econst:_$P$T1$2)
                  0000d561    0000000c     control.obj (.econst:_$P$T1$2)
                  0000d56d    0000000c     Save.obj (.econst:_$P$T2$3)
                  0000d579    0000000c     control.obj (.econst:_$P$T2$3)
                  0000d585    0000000c     Save.obj (.econst:_$P$T4$5)
                  0000d591    0000000b     command_processing.obj (.econst:_$P$T0$1)
                  0000d59c    0000000b     Reply.obj (.econst:_$P$T4$5)
                  0000d5a7    0000000b     command_processing.obj (.econst:_$P$T4$5)
                  0000d5b2    0000000b     command_processing.obj (.econst:_$P$T5$6)
                  0000d5bd    00000001     --HOLE-- [fill = 0]
                  0000d5be    00000008     scara_lib.lib : scara_math.obj (.econst:_$P$T0$1)
                  0000d5c6    00000008                   : scara_math.obj (.econst:_$P$T1$2)
                  0000d5ce    00000008                   : scara_math.obj (.econst:_$P$T2$3)
                  0000d5d6    00000008     rts2800_fpu32.lib : atan2.obj (.econst:_a$1)
                  0000d5de    00000005     Reply.obj (.econst:.string)

ZONE7DATA 
*          1    0020fc00    00003390     UNINITIALIZED
                  0020fc00    00003390     PlatForm.obj (ZONE7DATA)

CsmPwlFile 
*          1    0033fff8    00000008     UNINITIALIZED
                  0033fff8    00000008     DSP2833x_GlobalVariableDefs.obj (CsmPwlFile)

PartIdRegsFile 
*          1    00380090    00000001     UNINITIALIZED
                  00380090    00000001     DSP2833x_GlobalVariableDefs.obj (PartIdRegsFile)


GLOBAL SYMBOLS: SORTED ALPHABETICALLY BY Name 

address    name
--------   ----
00008700   .text
0000c271   C$$EXIT
0000bc6f   FD$$ADD
0000c0c0   FD$$CMP
0000bd0b   FD$$DIV
0000be1e   FD$$MPY
0000c314   FD$$NEG
0000c2f3   FD$$SUB
0000c181   FD$$TOI
0000c1e3   FD$$TOL
0000bd96   FS$$DIV
0000c220   FS$$TOFD
0000c15f   I$$DIV
0000c170   I$$MOD
0000c0ea   L$$DIV
0000c0f9   L$$MOD
0000c23c   L$$TOFD
0000c28a   LL$$AND
0000c202   LL$$CMP
0000b82a   LL$$DIV
0000b866   LL$$MOD
0000c2cd   LL$$MPY
0000c292   LL$$OR
0000c29a   LL$$XOR
0000c107   UL$$DIV
0000c10e   UL$$MOD
0000c214   ULL$$CMP
0000b8a0   ULL$$DIV
0000b8cf   ULL$$MOD
0000c940   _ACK_SCI_Cmd
0000ac82   _ADCINT_ISR
00380080   _ADC_cal
0000c83e   _AbsR_Encoder1_ADD
0000c83c   _AbsR_Encoder2_ADD
0000c84e   _AbsR_Encoder3_ADD
0000c866   _AbsR_Encoder4_ADD
0000c852   _AbsR_Encoder5_ADD
0000c848   _AbsR_Encoder6_ADD
0000c846   _AbsR_Encoder7_ADD
0000c84c   _AbsR_Encoder8_ADD
0000c838   _AbsR_Reset_ADD
0000c880   _AbsX_Encoder1_ADD
0000c87e   _AbsX_Encoder2_ADD
0000c882   _AbsX_Encoder3_ADD
0000c820   _AbsX_Encoder4_ADD
0000c81e   _AbsX_Encoder5_ADD
0000c824   _AbsX_Encoder6_ADD
0000c822   _AbsX_Encoder7_ADD
0000c818   _AbsX_Encoder8_ADD
0000c87c   _AbsX_Reset_ADD
0000c82c   _AbsY_Encoder1_ADD
0000c82a   _AbsY_Encoder2_ADD
0000c802   _AbsY_Encoder3_ADD
0000c808   _AbsY_Encoder4_ADD
0000c810   _AbsY_Encoder5_ADD
0000c836   _AbsY_Encoder6_ADD
0000c80c   _AbsY_Encoder7_ADD
0000c80a   _AbsY_Encoder8_ADD
0000c826   _AbsY_Reset_ADD
0000c860   _AbsZ_Encoder1_ADD
0000c856   _AbsZ_Encoder2_ADD
0000c854   _AbsZ_Encoder3_ADD
0000c85a   _AbsZ_Encoder4_ADD
0000c858   _AbsZ_Encoder5_ADD
0000c86a   _AbsZ_Encoder6_ADD
0000c870   _AbsZ_Encoder7_ADD
0000c86e   _AbsZ_Encoder8_ADD
0000c86c   _AbsZ_Reset_ADD
00000b00   _AdcMirror
00007100   _AdcRegs
0020fc01   _Answer_Flag
0020fc04   _Auxiliary_Fun
0000a42d   _Check_Char_To_Int
0000a469   _Check_Int_To_Char
0020fc03   _Cmd_Tx_Long
0000b17e   _Connection_Test
00000c00   _CpuTimer0Regs
00000c08   _CpuTimer1Regs
00000c10   _CpuTimer2Regs
0033fff8   _CsmPwl
00000ae0   _CsmRegs
0000b9f3   _CsmUnlock
0000abb0   _DATALOG_ISR
0000b594   _DH_Parameters_Save
0000ada4   _DINTCH1_ISR
0000adae   _DINTCH2_ISR
0000adb8   _DINTCH3_ISR
0000adc2   _DINTCH4_ISR
0000adcc   _DINTCH5_ISR
0000add6   _DINTCH6_ISR
0000c850   _DIRVER_ENR_ADD
0000c888   _DIRVER_ENX_ADD
0000c834   _DIRVER_ENY_ADD
0000c806   _DIRVER_ENZ_ADD
0000c32e   _DSP28x_DisableInt
0000c332   _DSP28x_RestoreInt
00008198   _DSP28x_usDelay
0000aa44   _Delay
0000aa6c   _Delay_ms
0000aa58   _Delay_s
00000880   _DevEmuRegs
0000c840   _DirR_ADD
0000c88a   _DirX_ADD
0000c82e   _DirY_ADD
0000c804   _DirZ_ADD
0000b944   _DisableDog
00001000   _DmaRegs
0000ae08   _ECAN0INTA_ISR
0000ae1c   _ECAN0INTB_ISR
0000ae12   _ECAN1INTA_ISR
0000ae26   _ECAN1INTB_ISR
0000ad18   _ECAP1_INT_ISR
0000ad22   _ECAP2_INT_ISR
0000ad2c   _ECAP3_INT_ISR
0000ad36   _ECAP4_INT_ISR
0000ad40   _ECAP5_INT_ISR
0000ad4a   _ECAP6_INT_ISR
00006040   _ECanaLAMRegs
000060c0   _ECanaMOTORegs
00006080   _ECanaMOTSRegs
00006100   _ECanaMboxes
00006000   _ECanaRegs
00006240   _ECanbLAMRegs
000062c0   _ECanbMOTORegs
00006280   _ECanbMOTSRegs
00006300   _ECanbMboxes
00006200   _ECanbRegs
00006a00   _ECap1Regs
00006a20   _ECap2Regs
00006a40   _ECap3Regs
00006a60   _ECap4Regs
00006a80   _ECap5Regs
00006aa0   _ECap6Regs
0000abc4   _EMUINT_ISR
0000c84a   _EN_ADD
0000acdc   _EPWM1_INT_ISR
0000aca0   _EPWM1_TZINT_ISR
0000ace6   _EPWM2_INT_ISR
0000acaa   _EPWM2_TZINT_ISR
0000acf0   _EPWM3_INT_ISR
0000acb4   _EPWM3_TZINT_ISR
0000acfa   _EPWM4_INT_ISR
0000acbe   _EPWM4_TZINT_ISR
0000ad04   _EPWM5_INT_ISR
0000acc8   _EPWM5_TZINT_ISR
0000ad0e   _EPWM6_INT_ISR
0000acd2   _EPWM6_TZINT_ISR
00006800   _EPwm1Regs
00006840   _EPwm2Regs
00006880   _EPwm3Regs
000068c0   _EPwm4Regs
00006900   _EPwm5Regs
00006940   _EPwm6Regs
0000ad54   _EQEP1_INT_ISR
0000ad5e   _EQEP2_INT_ISR
00006b00   _EQep1Regs
00006b40   _EQep2Regs
0000c133   _EnableInterrupts
0020fc20   _Encoder_R_Origin
0020fc1c   _Encoder_X_Origin
0020fc18   _Encoder_Y_Origin
0020fc24   _Encoder_Z_Origin
0020fc02   _Execute_Flag
00000a80   _FlashRegs
0000c864   _FreqR_ADD
0000c862   _FreqR_ADD1
0000c876   _FreqX_ADD
0000c88c   _FreqX_ADD1
0000c816   _FreqY_ADD
0000c81c   _FreqY_ADD1
0000c814   _FreqZ_ADD
0000c80e   _FreqZ_ADD1
0000a41c   _Get_Check_Num
00006f80   _GpioCtrlRegs
00006fc0   _GpioDataRegs
00006fe0   _GpioIntRegs
0000ade0   _I2CINT1A_ISR
0000adea   _I2CINT2A_ISR
00007900   _I2caRegs
0000abd8   _ILLEGAL_ISR
0000ab9c   _INT13_ISR
0000aba6   _INT14_ISR
00008e45   _IO_Out_Set
0000b164   _Information_Flash_Erase
0000b137   _Information_Flash_Int
0000b023   _Information_RAM_Int
0000817d   _InitFlash
0000b998   _InitPeripheralClocks
0000c114   _InitPieCtrl
0000c1c3   _InitPieVectTable
0000b94c   _InitPll
0000b931   _InitSysCtrl
0000ba24   _InitXintf
0000baab   _InitXintf16Gpio
0000ba64   _InitXintf32Gpio
00009071   _Inverse_Kinematics_SCARA
0000ae6c   _LUF_ISR
0000ae62   _LVF_ISR
0000ad90   _MRINTA_ISR
0000ad7c   _MRINTB_ISR
0000ad9a   _MXINTA_ISR
0000ad86   _MXINTB_ISR
00005000   _McbspaRegs
00005040   _McbspbRegs
0000c2b8   _MemCopy
0000aa1b   _Motor_R_AbsReset_Set
0000a8d7   _Motor_R_Abs_Read
0000a567   _Motor_R_Set
0000aa28   _Motor_Return_State
0020fcc0   _Motor_Run_points
0000aa31   _Motor_Set_EN
0000a9f4   _Motor_X_AbsReset_Set
0000a582   _Motor_X_Abs_Read
0000a510   _Motor_X_Set
0000aa01   _Motor_Y_AbsReset_Set
0000a6a5   _Motor_Y_Abs_Read
0000a52d   _Motor_Y_Set
0000aa0e   _Motor_Z_AbsReset_Set
0000a7be   _Motor_Z_Abs_Read
0000a54a   _Motor_Z_Set
000088f5   _Motor_on
0000aa4e   _My_Nop
0000abce   _NMI_ISR
0020fc58   _Now_Point
0000c868   _NumR_ADD
0000c842   _NumR_ADD1
0000c884   _NumX_ADD
0000c886   _NumX_ADD1
0000c81a   _NumY_ADD
0000c830   _NumY_ADD1
0000c800   _NumZ_ADD
0000c812   _NumZ_ADD1
0020fc10   _Num_Decimal_R
0020fc0e   _Num_Decimal_X
0020fc12   _Num_Decimal_Y
0020fc00   _Num_Num
002117c0   _Num_X_DM
00210fc0   _Num_X_DP
002107c0   _Num_X_Info
002127c0   _Num_Y_DM
00211fc0   _Num_Y_DP
0020ffc0   _Num_Y_Info
0000ae76   _PIE_RESERVED
00009384   _PTP
00008fa3   _PTP_Run
0000a3b7   _P_Board_Init
0000a2bb   _P_Gpio_Init
0000a33e   _P_Led_Init
0000a350   _P_UartA_Init
0000a36e   _P_UartC_Init
00380090   _PartIdRegs
00000ce0   _PieCtrlRegs
00000d00   _PieVectTable
0000d102   _PieVectTableInit
00008e93   _Point_Test
0000c83a   _PulsR_Bias_ADD
0000c844   _PulsR_Warn_ADD
0000c878   _PulsX_Bias_ADD
0000c87a   _PulsX_Warn_ADD
0000c828   _PulsY_Bias_ADD
0000c832   _PulsY_Warn_ADD
0000c85c   _PulsZ_Bias_ADD
0000c85e   _PulsZ_Warn_ADD
0000abba   _RTOSINT_ISR
0000b196   _Reply_Coordinate_Now
0000b39e   _Reply_DH_Parameters
0000b42a   _Reply_Motion_State
0000b3e4   _Reply_Speed_Percent
0000b340   _Reply_User_Range
0020fc0a   _Robot_DH
0020fc4c   _Robot_DH_Buff
0020fd00   _Robot_DH_Str
00008a58   _Robot_Init
0000c92d   _Robot_Reg
0020fc33   _Robot_Run_Reg
00008700   _Run_Info_Conversion
0020fc90   _SCARA_DH
0020fc80   _SCARA_Decare
00008b69   _SCARA_Run
0020fc64   _SCARA_Run_Theta
0020fdc0   _SCIA_Data
0000a498   _SCIA_Data_Int
0000a4c0   _SCIA_Tx
0020fc28   _SCIA_Tx_Message
0020fec0   _SCIC_Data
0000a4ac   _SCIC_Data_Int
0000a4e8   _SCIC_Tx
0020fc40   _SCIC_Tx_Message
0000aa86   _SCIRXINTA_ISR
0000adf4   _SCIRXINTB_ISR
0000aaaa   _SCIRXINTC_ISR
0000aa98   _SCITXINTA_ISR
0000adfe   _SCITXINTB_ISR
0000ab6d   _SCITXINTC_ISR
0020fc08   _SCI_CMD_Message
0000c8c0   _SCI_CMD_Message1
0000af87   _SCI_Command_Execute
0000ae8a   _SCI_RX_Message_Process
0000ac5a   _SEQ1INT_ISR
0000ac64   _SEQ2INT_ISR
0000ad68   _SPIRXINTA_ISR
0000ad72   _SPITXINTA_ISR
00007050   _SciaRegs
00007750   _ScibRegs
00007770   _ScicRegs
0000b93a   _ServiceDog
0000c33c   _SetDBGIER
0020fc0c   _Speed_Percent
0000b649   _Speed_Percent_Save
0020fc14   _Speed_Percent_Str
0000a382   _Spi_FIFO_Init
0000a38d   _Spi_Init
0000b6ad   _Spi_Rece
0000b69e   _Spi_Send
00007040   _SpiaRegs
0000c874   _State_ADD
0000a3ec   _Str_To_Int
00007010   _SysCtrlRegs
0000ac8c   _TINT0_ISR
0020fcda   _Trajetory_points
0000ac3c   _USER10_ISR
0000ac46   _USER11_ISR
0000ac50   _USER12_ISR
0000abe2   _USER1_ISR
0000abec   _USER2_ISR
0000abf6   _USER3_ISR
0000ac00   _USER4_ISR
0000ac0a   _USER5_ISR
0000ac14   _USER6_ISR
0000ac1e   _USER7_ISR
0000ac28   _USER8_ISR
0000ac32   _USER9_ISR
0020fc06   _User_Range
0020fca4   _User_Range_Buff
0000b469   _User_Range_Save
0020fd40   _User_Range_Str
0000ac96   _WAKEINT_ISR
0000ac6e   _XINT1_ISR
0000ac78   _XINT2_ISR
0000ae30   _XINT3_ISR
0000ae3a   _XINT4_ISR
0000ae44   _XINT5_ISR
0000ae4e   _XINT6_ISR
0000ae58   _XINT7_ISR
00007070   _XIntruptRegs
00000b20   _XintfRegs
00000700   __STACK_END
00000300   __STACK_SIZE
00000001   __TI_args_main
ffffffff   ___binit__
ffffffff   ___c_args__
00008000   ___cinit__
0000c33f   ___etext__
0000c1a2   ___memcpy_ff
ffffffff   ___pinit__
00008700   ___text__
0000c258   __args_main
0000c93c   __cleanup_ptr
0000d000   __ctypes_
0000c93e   __dtors_ptr
0000c93a   __lock
0000bf65   __log
0000c313   __nop
0000a1b8   __printfi
0000c30f   __register_lock
0000c30b   __register_unlock
00000400   __stack
0000c938   __unlock
0000c271   _abort
0000bb01   _atan2
0000c034   _atoi
0000bfb9   _c_int00
0000aa39   _delay_loop
0000c943   _errno
0000c273   _exit
0000bea1   _exp
0000c2a2   _frexp
0000c942   _i
00009905   _joint_time_cal
00009489   _joint_trajetory
0000bfff   _ldexp
0000c094   _ltoa
0000bbc5   _main
0000c2e1   _memccpy
0000c335   _memset
0000bf0b   _pow
0000ae80   _rsvd_ISR
0000c065   _sprintf
0000c13c   _sqrt
0000c31d   _strcpy
0000c301   _strlen
0000c872   _test
0000b761   _w25q256_erase_chip
0000b77d   _w25q256_erase_sector
0000b70c   _w25q256_init
0000b7ae   _w25q256_read
0000b6cd   _w25q256_read_reg1
0000b6de   _w25q256_read_reg2
0000b6ef   _w25q256_read_reg3
0000b718   _w25q256_readid
0000b6bb   _w25q256_reset
0000b700   _w25q256_set_4addr
0000b74e   _w25q256_test_busy
0000b7ea   _w25q256_write
0000b742   _w25q256_write_enable
ffffffff   binit
00008000   cinit
00000000   code_start
0000c33f   etext
ffffffff   pinit


GLOBAL SYMBOLS: SORTED BY Symbol Address 

address    name
--------   ----
00000000   code_start
00000001   __TI_args_main
00000300   __STACK_SIZE
00000400   __stack
00000700   __STACK_END
00000880   _DevEmuRegs
00000a80   _FlashRegs
00000ae0   _CsmRegs
00000b00   _AdcMirror
00000b20   _XintfRegs
00000c00   _CpuTimer0Regs
00000c08   _CpuTimer1Regs
00000c10   _CpuTimer2Regs
00000ce0   _PieCtrlRegs
00000d00   _PieVectTable
00001000   _DmaRegs
00005000   _McbspaRegs
00005040   _McbspbRegs
00006000   _ECanaRegs
00006040   _ECanaLAMRegs
00006080   _ECanaMOTSRegs
000060c0   _ECanaMOTORegs
00006100   _ECanaMboxes
00006200   _ECanbRegs
00006240   _ECanbLAMRegs
00006280   _ECanbMOTSRegs
000062c0   _ECanbMOTORegs
00006300   _ECanbMboxes
00006800   _EPwm1Regs
00006840   _EPwm2Regs
00006880   _EPwm3Regs
000068c0   _EPwm4Regs
00006900   _EPwm5Regs
00006940   _EPwm6Regs
00006a00   _ECap1Regs
00006a20   _ECap2Regs
00006a40   _ECap3Regs
00006a60   _ECap4Regs
00006a80   _ECap5Regs
00006aa0   _ECap6Regs
00006b00   _EQep1Regs
00006b40   _EQep2Regs
00006f80   _GpioCtrlRegs
00006fc0   _GpioDataRegs
00006fe0   _GpioIntRegs
00007010   _SysCtrlRegs
00007040   _SpiaRegs
00007050   _SciaRegs
00007070   _XIntruptRegs
00007100   _AdcRegs
00007750   _ScibRegs
00007770   _ScicRegs
00007900   _I2caRegs
00008000   ___cinit__
00008000   cinit
0000817d   _InitFlash
00008198   _DSP28x_usDelay
00008700   .text
00008700   _Run_Info_Conversion
00008700   ___text__
000088f5   _Motor_on
00008a58   _Robot_Init
00008b69   _SCARA_Run
00008e45   _IO_Out_Set
00008e93   _Point_Test
00008fa3   _PTP_Run
00009071   _Inverse_Kinematics_SCARA
00009384   _PTP
00009489   _joint_trajetory
00009905   _joint_time_cal
0000a1b8   __printfi
0000a2bb   _P_Gpio_Init
0000a33e   _P_Led_Init
0000a350   _P_UartA_Init
0000a36e   _P_UartC_Init
0000a382   _Spi_FIFO_Init
0000a38d   _Spi_Init
0000a3b7   _P_Board_Init
0000a3ec   _Str_To_Int
0000a41c   _Get_Check_Num
0000a42d   _Check_Char_To_Int
0000a469   _Check_Int_To_Char
0000a498   _SCIA_Data_Int
0000a4ac   _SCIC_Data_Int
0000a4c0   _SCIA_Tx
0000a4e8   _SCIC_Tx
0000a510   _Motor_X_Set
0000a52d   _Motor_Y_Set
0000a54a   _Motor_Z_Set
0000a567   _Motor_R_Set
0000a582   _Motor_X_Abs_Read
0000a6a5   _Motor_Y_Abs_Read
0000a7be   _Motor_Z_Abs_Read
0000a8d7   _Motor_R_Abs_Read
0000a9f4   _Motor_X_AbsReset_Set
0000aa01   _Motor_Y_AbsReset_Set
0000aa0e   _Motor_Z_AbsReset_Set
0000aa1b   _Motor_R_AbsReset_Set
0000aa28   _Motor_Return_State
0000aa31   _Motor_Set_EN
0000aa39   _delay_loop
0000aa44   _Delay
0000aa4e   _My_Nop
0000aa58   _Delay_s
0000aa6c   _Delay_ms
0000aa86   _SCIRXINTA_ISR
0000aa98   _SCITXINTA_ISR
0000aaaa   _SCIRXINTC_ISR
0000ab6d   _SCITXINTC_ISR
0000ab9c   _INT13_ISR
0000aba6   _INT14_ISR
0000abb0   _DATALOG_ISR
0000abba   _RTOSINT_ISR
0000abc4   _EMUINT_ISR
0000abce   _NMI_ISR
0000abd8   _ILLEGAL_ISR
0000abe2   _USER1_ISR
0000abec   _USER2_ISR
0000abf6   _USER3_ISR
0000ac00   _USER4_ISR
0000ac0a   _USER5_ISR
0000ac14   _USER6_ISR
0000ac1e   _USER7_ISR
0000ac28   _USER8_ISR
0000ac32   _USER9_ISR
0000ac3c   _USER10_ISR
0000ac46   _USER11_ISR
0000ac50   _USER12_ISR
0000ac5a   _SEQ1INT_ISR
0000ac64   _SEQ2INT_ISR
0000ac6e   _XINT1_ISR
0000ac78   _XINT2_ISR
0000ac82   _ADCINT_ISR
0000ac8c   _TINT0_ISR
0000ac96   _WAKEINT_ISR
0000aca0   _EPWM1_TZINT_ISR
0000acaa   _EPWM2_TZINT_ISR
0000acb4   _EPWM3_TZINT_ISR
0000acbe   _EPWM4_TZINT_ISR
0000acc8   _EPWM5_TZINT_ISR
0000acd2   _EPWM6_TZINT_ISR
0000acdc   _EPWM1_INT_ISR
0000ace6   _EPWM2_INT_ISR
0000acf0   _EPWM3_INT_ISR
0000acfa   _EPWM4_INT_ISR
0000ad04   _EPWM5_INT_ISR
0000ad0e   _EPWM6_INT_ISR
0000ad18   _ECAP1_INT_ISR
0000ad22   _ECAP2_INT_ISR
0000ad2c   _ECAP3_INT_ISR
0000ad36   _ECAP4_INT_ISR
0000ad40   _ECAP5_INT_ISR
0000ad4a   _ECAP6_INT_ISR
0000ad54   _EQEP1_INT_ISR
0000ad5e   _EQEP2_INT_ISR
0000ad68   _SPIRXINTA_ISR
0000ad72   _SPITXINTA_ISR
0000ad7c   _MRINTB_ISR
0000ad86   _MXINTB_ISR
0000ad90   _MRINTA_ISR
0000ad9a   _MXINTA_ISR
0000ada4   _DINTCH1_ISR
0000adae   _DINTCH2_ISR
0000adb8   _DINTCH3_ISR
0000adc2   _DINTCH4_ISR
0000adcc   _DINTCH5_ISR
0000add6   _DINTCH6_ISR
0000ade0   _I2CINT1A_ISR
0000adea   _I2CINT2A_ISR
0000adf4   _SCIRXINTB_ISR
0000adfe   _SCITXINTB_ISR
0000ae08   _ECAN0INTA_ISR
0000ae12   _ECAN1INTA_ISR
0000ae1c   _ECAN0INTB_ISR
0000ae26   _ECAN1INTB_ISR
0000ae30   _XINT3_ISR
0000ae3a   _XINT4_ISR
0000ae44   _XINT5_ISR
0000ae4e   _XINT6_ISR
0000ae58   _XINT7_ISR
0000ae62   _LVF_ISR
0000ae6c   _LUF_ISR
0000ae76   _PIE_RESERVED
0000ae80   _rsvd_ISR
0000ae8a   _SCI_RX_Message_Process
0000af87   _SCI_Command_Execute
0000b023   _Information_RAM_Int
0000b137   _Information_Flash_Int
0000b164   _Information_Flash_Erase
0000b17e   _Connection_Test
0000b196   _Reply_Coordinate_Now
0000b340   _Reply_User_Range
0000b39e   _Reply_DH_Parameters
0000b3e4   _Reply_Speed_Percent
0000b42a   _Reply_Motion_State
0000b469   _User_Range_Save
0000b594   _DH_Parameters_Save
0000b649   _Speed_Percent_Save
0000b69e   _Spi_Send
0000b6ad   _Spi_Rece
0000b6bb   _w25q256_reset
0000b6cd   _w25q256_read_reg1
0000b6de   _w25q256_read_reg2
0000b6ef   _w25q256_read_reg3
0000b700   _w25q256_set_4addr
0000b70c   _w25q256_init
0000b718   _w25q256_readid
0000b742   _w25q256_write_enable
0000b74e   _w25q256_test_busy
0000b761   _w25q256_erase_chip
0000b77d   _w25q256_erase_sector
0000b7ae   _w25q256_read
0000b7ea   _w25q256_write
0000b82a   LL$$DIV
0000b866   LL$$MOD
0000b8a0   ULL$$DIV
0000b8cf   ULL$$MOD
0000b931   _InitSysCtrl
0000b93a   _ServiceDog
0000b944   _DisableDog
0000b94c   _InitPll
0000b998   _InitPeripheralClocks
0000b9f3   _CsmUnlock
0000ba24   _InitXintf
0000ba64   _InitXintf32Gpio
0000baab   _InitXintf16Gpio
0000bb01   _atan2
0000bbc5   _main
0000bc6f   FD$$ADD
0000bd0b   FD$$DIV
0000bd96   FS$$DIV
0000be1e   FD$$MPY
0000bea1   _exp
0000bf0b   _pow
0000bf65   __log
0000bfb9   _c_int00
0000bfff   _ldexp
0000c034   _atoi
0000c065   _sprintf
0000c094   _ltoa
0000c0c0   FD$$CMP
0000c0ea   L$$DIV
0000c0f9   L$$MOD
0000c107   UL$$DIV
0000c10e   UL$$MOD
0000c114   _InitPieCtrl
0000c133   _EnableInterrupts
0000c13c   _sqrt
0000c15f   I$$DIV
0000c170   I$$MOD
0000c181   FD$$TOI
0000c1a2   ___memcpy_ff
0000c1c3   _InitPieVectTable
0000c1e3   FD$$TOL
0000c202   LL$$CMP
0000c214   ULL$$CMP
0000c220   FS$$TOFD
0000c23c   L$$TOFD
0000c258   __args_main
0000c271   C$$EXIT
0000c271   _abort
0000c273   _exit
0000c28a   LL$$AND
0000c292   LL$$OR
0000c29a   LL$$XOR
0000c2a2   _frexp
0000c2b8   _MemCopy
0000c2cd   LL$$MPY
0000c2e1   _memccpy
0000c2f3   FD$$SUB
0000c301   _strlen
0000c30b   __register_unlock
0000c30f   __register_lock
0000c313   __nop
0000c314   FD$$NEG
0000c31d   _strcpy
0000c32e   _DSP28x_DisableInt
0000c332   _DSP28x_RestoreInt
0000c335   _memset
0000c33c   _SetDBGIER
0000c33f   ___etext__
0000c33f   etext
0000c800   _NumZ_ADD
0000c802   _AbsY_Encoder3_ADD
0000c804   _DirZ_ADD
0000c806   _DIRVER_ENZ_ADD
0000c808   _AbsY_Encoder4_ADD
0000c80a   _AbsY_Encoder8_ADD
0000c80c   _AbsY_Encoder7_ADD
0000c80e   _FreqZ_ADD1
0000c810   _AbsY_Encoder5_ADD
0000c812   _NumZ_ADD1
0000c814   _FreqZ_ADD
0000c816   _FreqY_ADD
0000c818   _AbsX_Encoder8_ADD
0000c81a   _NumY_ADD
0000c81c   _FreqY_ADD1
0000c81e   _AbsX_Encoder5_ADD
0000c820   _AbsX_Encoder4_ADD
0000c822   _AbsX_Encoder7_ADD
0000c824   _AbsX_Encoder6_ADD
0000c826   _AbsY_Reset_ADD
0000c828   _PulsY_Bias_ADD
0000c82a   _AbsY_Encoder2_ADD
0000c82c   _AbsY_Encoder1_ADD
0000c82e   _DirY_ADD
0000c830   _NumY_ADD1
0000c832   _PulsY_Warn_ADD
0000c834   _DIRVER_ENY_ADD
0000c836   _AbsY_Encoder6_ADD
0000c838   _AbsR_Reset_ADD
0000c83a   _PulsR_Bias_ADD
0000c83c   _AbsR_Encoder2_ADD
0000c83e   _AbsR_Encoder1_ADD
0000c840   _DirR_ADD
0000c842   _NumR_ADD1
0000c844   _PulsR_Warn_ADD
0000c846   _AbsR_Encoder7_ADD
0000c848   _AbsR_Encoder6_ADD
0000c84a   _EN_ADD
0000c84c   _AbsR_Encoder8_ADD
0000c84e   _AbsR_Encoder3_ADD
0000c850   _DIRVER_ENR_ADD
0000c852   _AbsR_Encoder5_ADD
0000c854   _AbsZ_Encoder3_ADD
0000c856   _AbsZ_Encoder2_ADD
0000c858   _AbsZ_Encoder5_ADD
0000c85a   _AbsZ_Encoder4_ADD
0000c85c   _PulsZ_Bias_ADD
0000c85e   _PulsZ_Warn_ADD
0000c860   _AbsZ_Encoder1_ADD
0000c862   _FreqR_ADD1
0000c864   _FreqR_ADD
0000c866   _AbsR_Encoder4_ADD
0000c868   _NumR_ADD
0000c86a   _AbsZ_Encoder6_ADD
0000c86c   _AbsZ_Reset_ADD
0000c86e   _AbsZ_Encoder8_ADD
0000c870   _AbsZ_Encoder7_ADD
0000c872   _test
0000c874   _State_ADD
0000c876   _FreqX_ADD
0000c878   _PulsX_Bias_ADD
0000c87a   _PulsX_Warn_ADD
0000c87c   _AbsX_Reset_ADD
0000c87e   _AbsX_Encoder2_ADD
0000c880   _AbsX_Encoder1_ADD
0000c882   _AbsX_Encoder3_ADD
0000c884   _NumX_ADD
0000c886   _NumX_ADD1
0000c888   _DIRVER_ENX_ADD
0000c88a   _DirX_ADD
0000c88c   _FreqX_ADD1
0000c8c0   _SCI_CMD_Message1
0000c92d   _Robot_Reg
0000c938   __unlock
0000c93a   __lock
0000c93c   __cleanup_ptr
0000c93e   __dtors_ptr
0000c940   _ACK_SCI_Cmd
0000c942   _i
0000c943   _errno
0000d000   __ctypes_
0000d102   _PieVectTableInit
0020fc00   _Num_Num
0020fc01   _Answer_Flag
0020fc02   _Execute_Flag
0020fc03   _Cmd_Tx_Long
0020fc04   _Auxiliary_Fun
0020fc06   _User_Range
0020fc08   _SCI_CMD_Message
0020fc0a   _Robot_DH
0020fc0c   _Speed_Percent
0020fc0e   _Num_Decimal_X
0020fc10   _Num_Decimal_R
0020fc12   _Num_Decimal_Y
0020fc14   _Speed_Percent_Str
0020fc18   _Encoder_Y_Origin
0020fc1c   _Encoder_X_Origin
0020fc20   _Encoder_R_Origin
0020fc24   _Encoder_Z_Origin
0020fc28   _SCIA_Tx_Message
0020fc33   _Robot_Run_Reg
0020fc40   _SCIC_Tx_Message
0020fc4c   _Robot_DH_Buff
0020fc58   _Now_Point
0020fc64   _SCARA_Run_Theta
0020fc80   _SCARA_Decare
0020fc90   _SCARA_DH
0020fca4   _User_Range_Buff
0020fcc0   _Motor_Run_points
0020fcda   _Trajetory_points
0020fd00   _Robot_DH_Str
0020fd40   _User_Range_Str
0020fdc0   _SCIA_Data
0020fec0   _SCIC_Data
0020ffc0   _Num_Y_Info
002107c0   _Num_X_Info
00210fc0   _Num_X_DP
002117c0   _Num_X_DM
00211fc0   _Num_Y_DP
002127c0   _Num_Y_DM
0033fff8   _CsmPwl
00380080   _ADC_cal
00380090   _PartIdRegs
ffffffff   ___binit__
ffffffff   ___c_args__
ffffffff   ___pinit__
ffffffff   binit
ffffffff   pinit

[410 symbols]
