******************************************************************************
             TMS320C2000 Linker PC v6.1.0                      
******************************************************************************
>> Linked Fri Aug 12 09:25:53 2016

OUTPUT FILE NAME:   <SCARA1.out>
ENTRY POINT SYMBOL: "_c_int00"  address: 0000b99e


MEMORY CONFIGURATION

         name            origin    length      used     unused   attr    fill
----------------------  --------  ---------  --------  --------  ----  --------
PAGE 0:
  BEGIN                 00000000   00000002  00000002  00000000  RWIX
  RAMM0                 00000050   000003b0  00000000  000003b0  RWIX
  RAML0                 00008000   00000700  00000039  000006c7  RWIX
  RAML1                 00008700   00003900  00003488  00000478  RWIX
  ZONE7A                00200000   0000fc00  00000000  0000fc00  RWIX
  CSM_RSVD              0033ff80   00000076  00000000  00000076  RWIX
  CSM_PWL               0033fff8   00000008  00000000  00000008  RWIX
  ADC_CAL               00380080   00000009  00000007  00000002  RWIX
  IQTABLES              003fe000   00000b50  00000000  00000b50  RWIX
  IQTABLES2             003feb50   0000008c  00000000  0000008c  RWIX
  FPUTABLES             003febdc   000006a0  00000000  000006a0  RWIX
  BOOTROM               003ff27c   00000d44  00000000  00000d44  RWIX
  RESET                 003fffc0   00000002  00000000  00000002  RWIX

PAGE 1:
  BOOT_RSVD             00000002   0000004e  00000000  0000004e  RWIX
  RAMM1                 00000400   00000400  00000300  00000100  RWIX
  DEV_EMU               00000880   00000180  000000d0  000000b0  RWIX
  FLASH_REGS            00000a80   00000060  00000008  00000058  RWIX
  CSM                   00000ae0   00000010  00000010  00000000  RWIX
  ADC_MIRROR            00000b00   00000010  00000010  00000000  RWIX
  XINTF                 00000b20   00000020  0000001e  00000002  RWIX
  CPU_TIMER0            00000c00   00000008  00000008  00000000  RWIX
  CPU_TIMER1            00000c08   00000008  00000008  00000000  RWIX
  CPU_TIMER2            00000c10   00000008  00000008  00000000  RWIX
  PIE_CTRL              00000ce0   00000020  0000001a  00000006  RWIX
  PIE_VECT              00000d00   00000100  00000100  00000000  RWIX
  DMA                   00001000   00000200  000000e0  00000120  RWIX
  MCBSPA                00005000   00000040  00000025  0000001b  RWIX
  MCBSPB                00005040   00000040  00000025  0000001b  RWIX
  ECANA                 00006000   00000040  00000034  0000000c  RWIX
  ECANA_LAM             00006040   00000040  00000040  00000000  RWIX
  ECANA_MOTS            00006080   00000040  00000040  00000000  RWIX
  ECANA_MOTO            000060c0   00000040  00000040  00000000  RWIX
  ECANA_MBOX            00006100   00000100  00000100  00000000  RWIX
  ECANB                 00006200   00000040  00000034  0000000c  RWIX
  ECANB_LAM             00006240   00000040  00000040  00000000  RWIX
  ECANB_MOTS            00006280   00000040  00000040  00000000  RWIX
  ECANB_MOTO            000062c0   00000040  00000040  00000000  RWIX
  ECANB_MBOX            00006300   00000100  00000100  00000000  RWIX
  EPWM1                 00006800   00000022  00000022  00000000  RWIX
  EPWM2                 00006840   00000022  00000022  00000000  RWIX
  EPWM3                 00006880   00000022  00000022  00000000  RWIX
  EPWM4                 000068c0   00000022  00000022  00000000  RWIX
  EPWM5                 00006900   00000022  00000022  00000000  RWIX
  EPWM6                 00006940   00000022  00000022  00000000  RWIX
  ECAP1                 00006a00   00000020  00000020  00000000  RWIX
  ECAP2                 00006a20   00000020  00000020  00000000  RWIX
  ECAP3                 00006a40   00000020  00000020  00000000  RWIX
  ECAP4                 00006a60   00000020  00000020  00000000  RWIX
  ECAP5                 00006a80   00000020  00000020  00000000  RWIX
  ECAP6                 00006aa0   00000020  00000020  00000000  RWIX
  EQEP1                 00006b00   00000040  00000040  00000000  RWIX
  EQEP2                 00006b40   00000040  00000040  00000000  RWIX
  GPIOCTRL              00006f80   00000040  0000002e  00000012  RWIX
  GPIODAT               00006fc0   00000020  00000020  00000000  RWIX
  GPIOINT               00006fe0   00000020  0000000a  00000016  RWIX
  SYSTEM                00007010   00000020  00000020  00000000  RWIX
  SPIA                  00007040   00000010  00000010  00000000  RWIX
  SCIA                  00007050   00000010  00000010  00000000  RWIX
  XINTRUPT              00007070   00000010  00000010  00000000  RWIX
  ADC                   00007100   00000020  0000001e  00000002  RWIX
  SCIB                  00007750   00000010  00000010  00000000  RWIX
  SCIC                  00007770   00000010  00000010  00000000  RWIX
  I2CA                  00007900   00000040  00000022  0000001e  RWIX
  RAML4                 0000c000   00001000  00000096  00000f6a  RWIX
  RAML5                 0000d000   00001000  0000031e  00000ce2  RWIX
  RAML6                 0000e000   00001000  00000000  00001000  RWIX
  RAML7                 0000f000   00001000  00000000  00001000  RWIX
  ZONE7B                0020fc00   00001400  00000c60  000007a0  RWIX
  CSM_PWL               0033fff8   00000008  00000008  00000000  RWIX
  PARTID                00380090   00000001  00000001  00000000  RWIX


SECTION ALLOCATION MAP

 output                                  attributes/
section   page    origin      length       input sections
--------  ----  ----------  ----------   ----------------
codestart 
*          0    00000000    00000002     
                  00000000    00000002     DSP2833x_CodeStartBranch.obj (codestart)

.pinit     0    00008000    00000000     UNINITIALIZED

ramfuncs   0    00008000    0000001f     
                  00008000    0000001b     DSP2833x_SysCtrl.obj (ramfuncs)
                  0000801b    00000004     DSP2833x_usDelay.obj (ramfuncs)

.cinit     0    0000801f    0000001a     
                  0000801f    0000000a     rts2800_fpu32.lib : _lock.obj (.cinit)
                  00008029    0000000a                       : exit.obj (.cinit)
                  00008033    00000004                       : errno.obj (.cinit)
                  00008037    00000002     --HOLE-- [fill = 0]

.text      0    00008700    00003488     
                  00008700    00000b4b     Reply.obj (.text)
                  0000924b    00000934     scara_lib.lib : scara_math.obj (.text)
                  00009b7f    000007d3     control.obj (.text)
                  0000a352    00000538     DSP2833x_DefaultIsr.obj (.text:retain)
                  0000a88a    000004cb     PlatForm.obj (.text)
                  0000ad55    000004af     Save.obj (.text)
                  0000b204    0000019b     command_processing.obj (.text)
                  0000b39f    0000018c     SPI_Flash.obj (.text)
                  0000b52b    000000f3     DSP2833x_SysCtrl.obj (.text)
                  0000b61e    000000d3     DSP2833x_Xintf.obj (.text)
                  0000b6f1    000000c4     rts2800_fpu32.lib : atan2.obj (.text)
                  0000b7b5    00000088                       : fs_div.obj (.text)
                  0000b83d    0000006a                       : exp.obj (.text)
                  0000b8a7    0000005a                       : pow.obj (.text)
                  0000b901    00000054                       : _log.obj (.text)
                  0000b955    00000049     Bus.obj (.text)
                  0000b99e    00000046     rts2800_fpu32.lib : boot.obj (.text)
                  0000b9e4    00000035                       : ldexp.obj (.text)
                  0000ba19    00000034     main.obj (.text)
                  0000ba4d    0000002a     rts2800_fpu32.lib : l_div.obj (.text)
                  0000ba77    00000028     DSP2833x_PieCtrl.obj (.text)
                  0000ba9f    00000001     --HOLE-- [fill = 0]
                  0000baa0    00000023     rts2800_fpu32.lib : sqrt.obj (.text)
                  0000bac3    00000022                       : i_div.obj (.text)
                  0000bae5    00000020     DSP2833x_PieVect.obj (.text)
                  0000bb05    00000019     rts2800_fpu32.lib : args_main.obj (.text)
                  0000bb1e    00000019                       : exit.obj (.text)
                  0000bb37    00000016                       : frexp.obj (.text)
                  0000bb4d    00000015     DSP2833x_MemCopy.obj (.text)
                  0000bb62    0000000b     rts2800_fpu32.lib : u_div.obj (.text)
                  0000bb6d    00000009                       : _lock.obj (.text)
                  0000bb76    00000008     DSP2833x_CodeStartBranch.obj (.text)
                  0000bb7e    00000007     DSP2833x_DisInt.obj (.text)
                  0000bb85    00000003     DSP2833x_DBGIER.obj (.text)

csm_rsvd   0    0033ff80    00000076     DSECT
                  0033ff80    00000076     DSP2833x_CSMPasswords.obj (csm_rsvd)

csmpasswds 
*          0    0033fff8    00000008     DSECT
                  0033fff8    00000008     DSP2833x_CSMPasswords.obj (csmpasswds)

.adc_cal   0    00380080    00000007     NOLOAD SECTION
                  00380080    00000007     DSP2833x_ADC_cal.obj (.adc_cal)

.reset     0    003fffc0    00000002     DSECT
                  003fffc0    00000002     rts2800_fpu32.lib : boot.obj (.reset)

.stack     1    00000400    00000300     UNINITIALIZED
                  00000400    00000300     --HOLE--

DevEmuRegsFile 
*          1    00000880    000000d0     UNINITIALIZED
                  00000880    000000d0     DSP2833x_GlobalVariableDefs.obj (DevEmuRegsFile)

FlashRegsFile 
*          1    00000a80    00000008     UNINITIALIZED
                  00000a80    00000008     DSP2833x_GlobalVariableDefs.obj (FlashRegsFile)

CsmRegsFile 
*          1    00000ae0    00000010     UNINITIALIZED
                  00000ae0    00000010     DSP2833x_GlobalVariableDefs.obj (CsmRegsFile)

AdcMirrorFile 
*          1    00000b00    00000010     UNINITIALIZED
                  00000b00    00000010     DSP2833x_GlobalVariableDefs.obj (AdcMirrorFile)

XintfRegsFile 
*          1    00000b20    0000001e     UNINITIALIZED
                  00000b20    0000001e     DSP2833x_GlobalVariableDefs.obj (XintfRegsFile)

CpuTimer0RegsFile 
*          1    00000c00    00000008     UNINITIALIZED
                  00000c00    00000008     DSP2833x_GlobalVariableDefs.obj (CpuTimer0RegsFile)

CpuTimer1RegsFile 
*          1    00000c08    00000008     UNINITIALIZED
                  00000c08    00000008     DSP2833x_GlobalVariableDefs.obj (CpuTimer1RegsFile)

CpuTimer2RegsFile 
*          1    00000c10    00000008     UNINITIALIZED
                  00000c10    00000008     DSP2833x_GlobalVariableDefs.obj (CpuTimer2RegsFile)

PieCtrlRegsFile 
*          1    00000ce0    0000001a     UNINITIALIZED
                  00000ce0    0000001a     DSP2833x_GlobalVariableDefs.obj (PieCtrlRegsFile)

PieVectTableFile 
*          1    00000d00    00000100     UNINITIALIZED
                  00000d00    00000100     DSP2833x_GlobalVariableDefs.obj (PieVectTableFile)

DmaRegsFile 
*          1    00001000    000000e0     UNINITIALIZED
                  00001000    000000e0     DSP2833x_GlobalVariableDefs.obj (DmaRegsFile)

McbspaRegsFile 
*          1    00005000    00000025     UNINITIALIZED
                  00005000    00000025     DSP2833x_GlobalVariableDefs.obj (McbspaRegsFile)

McbspbRegsFile 
*          1    00005040    00000025     UNINITIALIZED
                  00005040    00000025     DSP2833x_GlobalVariableDefs.obj (McbspbRegsFile)

ECanaRegsFile 
*          1    00006000    00000034     UNINITIALIZED
                  00006000    00000034     DSP2833x_GlobalVariableDefs.obj (ECanaRegsFile)

ECanaLAMRegsFile 
*          1    00006040    00000040     UNINITIALIZED
                  00006040    00000040     DSP2833x_GlobalVariableDefs.obj (ECanaLAMRegsFile)

ECanaMOTSRegsFile 
*          1    00006080    00000040     UNINITIALIZED
                  00006080    00000040     DSP2833x_GlobalVariableDefs.obj (ECanaMOTSRegsFile)

ECanaMOTORegsFile 
*          1    000060c0    00000040     UNINITIALIZED
                  000060c0    00000040     DSP2833x_GlobalVariableDefs.obj (ECanaMOTORegsFile)

ECanaMboxesFile 
*          1    00006100    00000100     UNINITIALIZED
                  00006100    00000100     DSP2833x_GlobalVariableDefs.obj (ECanaMboxesFile)

ECanbRegsFile 
*          1    00006200    00000034     UNINITIALIZED
                  00006200    00000034     DSP2833x_GlobalVariableDefs.obj (ECanbRegsFile)

ECanbLAMRegsFile 
*          1    00006240    00000040     UNINITIALIZED
                  00006240    00000040     DSP2833x_GlobalVariableDefs.obj (ECanbLAMRegsFile)

ECanbMOTSRegsFile 
*          1    00006280    00000040     UNINITIALIZED
                  00006280    00000040     DSP2833x_GlobalVariableDefs.obj (ECanbMOTSRegsFile)

ECanbMOTORegsFile 
*          1    000062c0    00000040     UNINITIALIZED
                  000062c0    00000040     DSP2833x_GlobalVariableDefs.obj (ECanbMOTORegsFile)

ECanbMboxesFile 
*          1    00006300    00000100     UNINITIALIZED
                  00006300    00000100     DSP2833x_GlobalVariableDefs.obj (ECanbMboxesFile)

EPwm1RegsFile 
*          1    00006800    00000022     UNINITIALIZED
                  00006800    00000022     DSP2833x_GlobalVariableDefs.obj (EPwm1RegsFile)

EPwm2RegsFile 
*          1    00006840    00000022     UNINITIALIZED
                  00006840    00000022     DSP2833x_GlobalVariableDefs.obj (EPwm2RegsFile)

EPwm3RegsFile 
*          1    00006880    00000022     UNINITIALIZED
                  00006880    00000022     DSP2833x_GlobalVariableDefs.obj (EPwm3RegsFile)

EPwm4RegsFile 
*          1    000068c0    00000022     UNINITIALIZED
                  000068c0    00000022     DSP2833x_GlobalVariableDefs.obj (EPwm4RegsFile)

EPwm5RegsFile 
*          1    00006900    00000022     UNINITIALIZED
                  00006900    00000022     DSP2833x_GlobalVariableDefs.obj (EPwm5RegsFile)

EPwm6RegsFile 
*          1    00006940    00000022     UNINITIALIZED
                  00006940    00000022     DSP2833x_GlobalVariableDefs.obj (EPwm6RegsFile)

ECap1RegsFile 
*          1    00006a00    00000020     UNINITIALIZED
                  00006a00    00000020     DSP2833x_GlobalVariableDefs.obj (ECap1RegsFile)

ECap2RegsFile 
*          1    00006a20    00000020     UNINITIALIZED
                  00006a20    00000020     DSP2833x_GlobalVariableDefs.obj (ECap2RegsFile)

ECap3RegsFile 
*          1    00006a40    00000020     UNINITIALIZED
                  00006a40    00000020     DSP2833x_GlobalVariableDefs.obj (ECap3RegsFile)

ECap4RegsFile 
*          1    00006a60    00000020     UNINITIALIZED
                  00006a60    00000020     DSP2833x_GlobalVariableDefs.obj (ECap4RegsFile)

ECap5RegsFile 
*          1    00006a80    00000020     UNINITIALIZED
                  00006a80    00000020     DSP2833x_GlobalVariableDefs.obj (ECap5RegsFile)

ECap6RegsFile 
*          1    00006aa0    00000020     UNINITIALIZED
                  00006aa0    00000020     DSP2833x_GlobalVariableDefs.obj (ECap6RegsFile)

EQep1RegsFile 
*          1    00006b00    00000040     UNINITIALIZED
                  00006b00    00000040     DSP2833x_GlobalVariableDefs.obj (EQep1RegsFile)

EQep2RegsFile 
*          1    00006b40    00000040     UNINITIALIZED
                  00006b40    00000040     DSP2833x_GlobalVariableDefs.obj (EQep2RegsFile)

GpioCtrlRegsFile 
*          1    00006f80    0000002e     UNINITIALIZED
                  00006f80    0000002e     DSP2833x_GlobalVariableDefs.obj (GpioCtrlRegsFile)

GpioDataRegsFile 
*          1    00006fc0    00000020     UNINITIALIZED
                  00006fc0    00000020     DSP2833x_GlobalVariableDefs.obj (GpioDataRegsFile)

GpioIntRegsFile 
*          1    00006fe0    0000000a     UNINITIALIZED
                  00006fe0    0000000a     DSP2833x_GlobalVariableDefs.obj (GpioIntRegsFile)

SysCtrlRegsFile 
*          1    00007010    00000020     UNINITIALIZED
                  00007010    00000020     DSP2833x_GlobalVariableDefs.obj (SysCtrlRegsFile)

SpiaRegsFile 
*          1    00007040    00000010     UNINITIALIZED
                  00007040    00000010     DSP2833x_GlobalVariableDefs.obj (SpiaRegsFile)

SciaRegsFile 
*          1    00007050    00000010     UNINITIALIZED
                  00007050    00000010     DSP2833x_GlobalVariableDefs.obj (SciaRegsFile)

XIntruptRegsFile 
*          1    00007070    00000010     UNINITIALIZED
                  00007070    00000010     DSP2833x_GlobalVariableDefs.obj (XIntruptRegsFile)

AdcRegsFile 
*          1    00007100    0000001e     UNINITIALIZED
                  00007100    0000001e     DSP2833x_GlobalVariableDefs.obj (AdcRegsFile)

ScibRegsFile 
*          1    00007750    00000010     UNINITIALIZED
                  00007750    00000010     DSP2833x_GlobalVariableDefs.obj (ScibRegsFile)

ScicRegsFile 
*          1    00007770    00000010     UNINITIALIZED
                  00007770    00000010     DSP2833x_GlobalVariableDefs.obj (ScicRegsFile)

I2caRegsFile 
*          1    00007900    00000022     UNINITIALIZED
                  00007900    00000022     DSP2833x_GlobalVariableDefs.obj (I2caRegsFile)

.ebss      1    0000c000    00000096     UNINITIALIZED
                  0000c000    00000080     PlatForm.obj (.ebss)
                  0000c080    0000000b     scara_lib.lib : scara_math.obj (.ebss)
                  0000c08b    00000001     rts2800_fpu32.lib : errno.obj (.ebss)
                  0000c08c    00000004                       : _lock.obj (.ebss)
                  0000c090    00000004                       : exit.obj (.ebss)
                  0000c094    00000002     DSP2833x_DefaultIsr.obj (.ebss)

.econst    1    0000d000    0000031e     
                  0000d000    00000100     DSP2833x_PieVect.obj (.econst)
                  0000d100    0000003b     Reply.obj (.econst:_$P$T1$2)
                  0000d13b    0000002c     Reply.obj (.econst:_$P$T6$7)
                  0000d167    00000023     Reply.obj (.econst:_$P$T0$1)
                  0000d18a    0000001f     Reply.obj (.econst:_$P$T2$3)
                  0000d1a9    0000001c     PlatForm.obj (.econst:_$P$T3$4)
                  0000d1c5    00000017     Reply.obj (.econst:_$P$T3$4)
                  0000d1dc    00000011     PlatForm.obj (.econst:_$P$T0$1)
                  0000d1ed    00000011     PlatForm.obj (.econst:_$P$T1$2)
                  0000d1fe    00000011     PlatForm.obj (.econst:_$P$T2$3)
                  0000d20f    00000011     Save.obj (.econst:_$P$T2$3)
                  0000d220    00000011     Save.obj (.econst:_$P$T4$5)
                  0000d231    00000011     Save.obj (.econst:_$P$T8$9)
                  0000d242    00000010     Reply.obj (.econst:_$P$T5$6)
                  0000d252    0000000c     Save.obj (.econst:_$P$T0$1)
                  0000d25e    0000000c     Save.obj (.econst:_$P$T1$2)
                  0000d26a    0000000c     Save.obj (.econst:_$P$T10$11)
                  0000d276    0000000c     Save.obj (.econst:_$P$T3$4)
                  0000d282    0000000c     PlatForm.obj (.econst:_$P$T4$5)
                  0000d28e    0000000c     Save.obj (.econst:_$P$T5$6)
                  0000d29a    0000000c     Save.obj (.econst:_$P$T6$7)
                  0000d2a6    0000000c     Save.obj (.econst:_$P$T7$8)
                  0000d2b2    0000000c     Save.obj (.econst:_$P$T9$10)
                  0000d2be    0000000b     command_processing.obj (.econst:_$P$T0$1)
                  0000d2c9    0000000b     control.obj (.econst:_$P$T0$1)
                  0000d2d4    0000000b     command_processing.obj (.econst:_$P$T1$2)
                  0000d2df    0000000b     command_processing.obj (.econst:_$P$T2$3)
                  0000d2ea    0000000b     Reply.obj (.econst:_$P$T4$5)
                  0000d2f5    00000001     --HOLE-- [fill = 0]
                  0000d2f6    00000008     scara_lib.lib : scara_math.obj (.econst:_$P$T0$1)
                  0000d2fe    00000008                   : scara_math.obj (.econst:_$P$T1$2)
                  0000d306    00000008                   : scara_math.obj (.econst:_$P$T2$3)
                  0000d30e    00000008     rts2800_fpu32.lib : atan2.obj (.econst:_a$1)
                  0000d316    00000008     control.obj (.econst)

ZONE7DATA 
*          1    0020fc00    00000c60     UNINITIALIZED
                  0020fc00    00000c60     PlatForm.obj (ZONE7DATA)

CsmPwlFile 
*          1    0033fff8    00000008     UNINITIALIZED
                  0033fff8    00000008     DSP2833x_GlobalVariableDefs.obj (CsmPwlFile)

PartIdRegsFile 
*          1    00380090    00000001     UNINITIALIZED
                  00380090    00000001     DSP2833x_GlobalVariableDefs.obj (PartIdRegsFile)


GLOBAL SYMBOLS: SORTED ALPHABETICALLY BY Name 

address    name
--------   ----
00008700   .text
0000bb1e   C$$EXIT
0000b7b5   FS$$DIV
0000bac3   I$$DIV
0000bad4   I$$MOD
0000ba4d   L$$DIV
0000ba5c   L$$MOD
0000bb62   U$$DIV
0000bb67   U$$MOD
0000ba6a   UL$$DIV
0000ba71   UL$$MOD
0000c094   _ACK_SCI_Cmd
0000a682   _ADCINT_ISR
00380080   _ADC_cal
00000b00   _AdcMirror
00007100   _AdcRegs
0000b955   _Add_Bus
0020fc02   _Answer_Flag
0020fc01   _Auxiliary_Fun
0020fc0c   _Axis_Range
0000ad55   _Axis_Range_Save
0000aed2   _Body_Parameters_Save
0000a9ea   _Check_Char_To_Int
0000aa26   _Check_Int_To_Char
0020fc06   _Cmd_Tx_Long
0020fc62   _Continuity_Position
0020fc0e   _Continuity_State
0020fd00   _Continuous_Step
0020fc03   _Continuous_Step_Enable
0000a241   _Continuous_Step_Motion
0000b153   _Continuous_Step_Save
00000c00   _CpuTimer0Regs
00000c08   _CpuTimer1Regs
00000c10   _CpuTimer2Regs
0033fff8   _CsmPwl
00000ae0   _CsmRegs
0000b5ed   _CsmUnlock
0000a5b0   _DATALOG_ISR
0000b978   _DATA_Bus_Read
0000b967   _DATA_Bus_Write
0000a7a4   _DINTCH1_ISR
0000a7ae   _DINTCH2_ISR
0000a7b8   _DINTCH3_ISR
0000a7c2   _DINTCH4_ISR
0000a7cc   _DINTCH5_ISR
0000a7d6   _DINTCH6_ISR
0000bb7e   _DSP28x_DisableInt
0000bb82   _DSP28x_RestoreInt
0000801b   _DSP28x_usDelay
0000b991   _Data_Bus_In
0000b97f   _Data_Bus_Out
0000ab05   _Data_Read
0000aae3   _Data_Write
0000abf6   _Delay
0000ac1e   _Delay_ms
0000ac0a   _Delay_s
0020fc16   _Descartes_Now_Point
00000880   _DevEmuRegs
0000b53e   _DisableDog
00001000   _DmaRegs
0000a808   _ECAN0INTA_ISR
0000a81c   _ECAN0INTB_ISR
0000a812   _ECAN1INTA_ISR
0000a826   _ECAN1INTB_ISR
0000a718   _ECAP1_INT_ISR
0000a722   _ECAP2_INT_ISR
0000a72c   _ECAP3_INT_ISR
0000a736   _ECAP4_INT_ISR
0000a740   _ECAP5_INT_ISR
0000a74a   _ECAP6_INT_ISR
00006040   _ECanaLAMRegs
000060c0   _ECanaMOTORegs
00006080   _ECanaMOTSRegs
00006100   _ECanaMboxes
00006000   _ECanaRegs
00006240   _ECanbLAMRegs
000062c0   _ECanbMOTORegs
00006280   _ECanbMOTSRegs
00006300   _ECanbMboxes
00006200   _ECanbRegs
00006a00   _ECap1Regs
00006a20   _ECap2Regs
00006a40   _ECap3Regs
00006a60   _ECap4Regs
00006a80   _ECap5Regs
00006aa0   _ECap6Regs
0000a5c4   _EMUINT_ISR
0000a6dc   _EPWM1_INT_ISR
0000a6a0   _EPWM1_TZINT_ISR
0000a6e6   _EPWM2_INT_ISR
0000a6aa   _EPWM2_TZINT_ISR
0000a6f0   _EPWM3_INT_ISR
0000a6b4   _EPWM3_TZINT_ISR
0000a6fa   _EPWM4_INT_ISR
0000a6be   _EPWM4_TZINT_ISR
0000a704   _EPWM5_INT_ISR
0000a6c8   _EPWM5_TZINT_ISR
0000a70e   _EPWM6_INT_ISR
0000a6d2   _EPWM6_TZINT_ISR
00006800   _EPwm1Regs
00006840   _EPwm2Regs
00006880   _EPwm3Regs
000068c0   _EPwm4Regs
00006900   _EPwm5Regs
00006940   _EPwm6Regs
0000a754   _EQEP1_INT_ISR
0000a75e   _EQEP2_INT_ISR
00006b00   _EQep1Regs
00006b40   _EQep2Regs
0000ba96   _EnableInterrupts
0020fc04   _Execute_Flag
0020fc05   _Finish_Flag
00000a80   _FlashRegs
0000a9d9   _Get_Check_Num
0000aad8   _GpioA_In
0000aacd   _GpioA_Out
00006f80   _GpioCtrlRegs
00006fc0   _GpioDataRegs
00006fe0   _GpioIntRegs
0000a7e0   _I2CINT1A_ISR
0000a7ea   _I2CINT2A_ISR
00007900   _I2caRegs
0000a5d8   _ILLEGAL_ISR
0000a59c   _INT13_ISR
0000a5a6   _INT14_ISR
0000acb9   _Information_Flash_Int
0000ad20   _Information_Flash_Reset
0020fc11   _Information_Num
0000ac38   _Information_RAM_Int
00008000   _InitFlash
0000b592   _InitPeripheralClocks
0000ba77   _InitPieCtrl
0000bae5   _InitPieVectTable
0000b546   _InitPll
0000b52b   _InitSysCtrl
0000b61e   _InitXintf
0000b6a3   _InitXintf16Gpio
0000b65c   _InitXintf32Gpio
0000924b   _Inverse_Kinematics_SCARA
0000a86c   _LUF_ISR
0000a862   _LVF_ISR
0000a790   _MRINTA_ISR
0000a77c   _MRINTB_ISR
0000a79a   _MXINTA_ISR
0000a786   _MXINTB_ISR
00005000   _McbspaRegs
00005040   _McbspbRegs
0000bb4d   _MemCopy
0000b37f   _Motion_Pause
0000b360   _Motion_Start
0000abbb   _Motor_R_Set
0020fcd0   _Motor_Run_Theta
0020fce0   _Motor_Run_points
0000ab2b   _Motor_X_Set
0000ab5b   _Motor_Y_Set
0000ab8b   _Motor_Z_Set
00009c69   _Motor_on
0000ac00   _My_Nop
0000a5ce   _NMI_ISR
0000a876   _PIE_RESERVED
0000955e   _PTP
0000a974   _P_Board_Init
0000a88a   _P_Gpio_Init
0000a901   _P_Led_Init
0000a90d   _P_UartA_Init
0000a92b   _P_UartC_Init
00380090   _PartIdRegs
00000ce0   _PieCtrlRegs
00000d00   _PieVectTable
0000d000   _PieVectTableInit
0020fcb0   _Point_Decare
0000a5ba   _RTOSINT_ISR
000088db   _Reply_Axis_Range
00008d21   _Reply_Body_Parameters
00009010   _Reply_Continuity_Position
00008fa4   _Reply_Continuity_State
00008700   _Reply_Coordinate_Now
00008f65   _Reply_Motion_State
00008ed0   _Reply_Total_Num
00009db0   _Robot_Init
0020fc08   _Robot_Length
0000c080   _Robot_Reg
0020fc56   _Robot_Run_Reg
00009b7f   _Run_Info_Conversion
00009eeb   _Run_Point
0020fc26   _Rx_Long_Buff
0020fc1e   _Rx_Long_Buff1
0020fc90   _Rx_Range_Buff
0020fcc0   _Rx_Range_Buff1
0020fc2e   _Rx_Single_Position
0000c000   _SCARA_DH
0020fe40   _SCIA_Data
0000aa55   _SCIA_Data_Int
0000aa7d   _SCIA_Tx
0020fc4b   _SCIA_Tx_Message
0020fd80   _SCIC_Data
0000aa69   _SCIC_Data_Int
0000aaa5   _SCIC_Tx
0020fc40   _SCIC_Tx_Message
0000a352   _SCIRXINTA_ISR
0000a7f4   _SCIRXINTB_ISR
0000a4ae   _SCIRXINTC_ISR
0000a47f   _SCITXINTA_ISR
0000a7fe   _SCITXINTB_ISR
0000a56d   _SCITXINTC_ISR
0020fc0a   _SCI_CMD_Message
0000c040   _SCI_CMD_Message1
0000b2bb   _SCI_Command_Execute
0020fc00   _SCI_Flag
0000b204   _SCI_RX_Message_Process
0000a65a   _SEQ1INT_ISR
0000a664   _SEQ2INT_ISR
0000a768   _SPIRXINTA_ISR
0000a772   _SPITXINTA_ISR
00007050   _SciaRegs
00007750   _ScibRegs
00007770   _ScicRegs
0000b534   _ServiceDog
0000bb85   _SetDBGIER
0020fca0   _Single_Decare
0020ff00   _Single_Step
0000af87   _Single_Step_Save
0020fc80   _Single_Theta
0000a93f   _Spi_FIFO_Init
0000a94a   _Spi_Init
0000b3ae   _Spi_Rece
0000b39f   _Spi_Send
00007040   _SpiaRegs
0000a9a9   _Str_To_Int
00007010   _SysCtrlRegs
0000a68c   _TINT0_ISR
0000a04e   _Teach_Motion
0020fc6e   _Trajetory_points
0000a63c   _USER10_ISR
0000a646   _USER11_ISR
0000a650   _USER12_ISR
0000a5e2   _USER1_ISR
0000a5ec   _USER2_ISR
0000a5f6   _USER3_ISR
0000a600   _USER4_ISR
0000a60a   _USER5_ISR
0000a614   _USER6_ISR
0000a61e   _USER7_ISR
0000a628   _USER8_ISR
0000a632   _USER9_ISR
0000a696   _WAKEINT_ISR
0000a66e   _XINT1_ISR
0000a678   _XINT2_ISR
0000a830   _XINT3_ISR
0000a83a   _XINT4_ISR
0000a844   _XINT5_ISR
0000a84e   _XINT6_ISR
0000a858   _XINT7_ISR
00007070   _XIntruptRegs
00000b20   _XintfRegs
00000700   __STACK_END
00000300   __STACK_SIZE
00000001   __TI_args_main
ffffffff   ___binit__
ffffffff   ___c_args__
0000801f   ___cinit__
0000bb88   ___etext__
ffffffff   ___pinit__
00008700   ___text__
0000bb05   __args_main
0000c090   __cleanup_ptr
0000c092   __dtors_ptr
0000c08e   __lock
0000b901   __log
0000bb75   __nop
0000bb71   __register_lock
0000bb6d   __register_unlock
00000400   __stack
0000c08c   __unlock
0000bb1e   _abort
0000b6f1   _atan2
0000b99e   _c_int00
0000abeb   _delay_loop
0000c08b   _errno
0000bb20   _exit
0000b83d   _exp
0000bb37   _frexp
00009ada   _joint_time_cal
00009661   _joint_trajetory
0000b9e4   _ldexp
0000ba19   _main
0000b8a7   _pow
0000a880   _rsvd_ISR
0000baa0   _sqrt
0000b462   _w25q256_erase_chip
0000b47e   _w25q256_erase_sector
0000b40d   _w25q256_init
0000b4af   _w25q256_read
0000b3ce   _w25q256_read_reg1
0000b3df   _w25q256_read_reg2
0000b3f0   _w25q256_read_reg3
0000b419   _w25q256_readid
0000b3bc   _w25q256_reset
0000b401   _w25q256_set_4addr
0000b44f   _w25q256_test_busy
0000b4eb   _w25q256_write
0000b443   _w25q256_write_enable
ffffffff   binit
0000801f   cinit
00000000   code_start
0000bb88   etext
ffffffff   pinit


GLOBAL SYMBOLS: SORTED BY Symbol Address 

address    name
--------   ----
00000000   code_start
00000001   __TI_args_main
00000300   __STACK_SIZE
00000400   __stack
00000700   __STACK_END
00000880   _DevEmuRegs
00000a80   _FlashRegs
00000ae0   _CsmRegs
00000b00   _AdcMirror
00000b20   _XintfRegs
00000c00   _CpuTimer0Regs
00000c08   _CpuTimer1Regs
00000c10   _CpuTimer2Regs
00000ce0   _PieCtrlRegs
00000d00   _PieVectTable
00001000   _DmaRegs
00005000   _McbspaRegs
00005040   _McbspbRegs
00006000   _ECanaRegs
00006040   _ECanaLAMRegs
00006080   _ECanaMOTSRegs
000060c0   _ECanaMOTORegs
00006100   _ECanaMboxes
00006200   _ECanbRegs
00006240   _ECanbLAMRegs
00006280   _ECanbMOTSRegs
000062c0   _ECanbMOTORegs
00006300   _ECanbMboxes
00006800   _EPwm1Regs
00006840   _EPwm2Regs
00006880   _EPwm3Regs
000068c0   _EPwm4Regs
00006900   _EPwm5Regs
00006940   _EPwm6Regs
00006a00   _ECap1Regs
00006a20   _ECap2Regs
00006a40   _ECap3Regs
00006a60   _ECap4Regs
00006a80   _ECap5Regs
00006aa0   _ECap6Regs
00006b00   _EQep1Regs
00006b40   _EQep2Regs
00006f80   _GpioCtrlRegs
00006fc0   _GpioDataRegs
00006fe0   _GpioIntRegs
00007010   _SysCtrlRegs
00007040   _SpiaRegs
00007050   _SciaRegs
00007070   _XIntruptRegs
00007100   _AdcRegs
00007750   _ScibRegs
00007770   _ScicRegs
00007900   _I2caRegs
00008000   _InitFlash
0000801b   _DSP28x_usDelay
0000801f   ___cinit__
0000801f   cinit
00008700   .text
00008700   _Reply_Coordinate_Now
00008700   ___text__
000088db   _Reply_Axis_Range
00008d21   _Reply_Body_Parameters
00008ed0   _Reply_Total_Num
00008f65   _Reply_Motion_State
00008fa4   _Reply_Continuity_State
00009010   _Reply_Continuity_Position
0000924b   _Inverse_Kinematics_SCARA
0000955e   _PTP
00009661   _joint_trajetory
00009ada   _joint_time_cal
00009b7f   _Run_Info_Conversion
00009c69   _Motor_on
00009db0   _Robot_Init
00009eeb   _Run_Point
0000a04e   _Teach_Motion
0000a241   _Continuous_Step_Motion
0000a352   _SCIRXINTA_ISR
0000a47f   _SCITXINTA_ISR
0000a4ae   _SCIRXINTC_ISR
0000a56d   _SCITXINTC_ISR
0000a59c   _INT13_ISR
0000a5a6   _INT14_ISR
0000a5b0   _DATALOG_ISR
0000a5ba   _RTOSINT_ISR
0000a5c4   _EMUINT_ISR
0000a5ce   _NMI_ISR
0000a5d8   _ILLEGAL_ISR
0000a5e2   _USER1_ISR
0000a5ec   _USER2_ISR
0000a5f6   _USER3_ISR
0000a600   _USER4_ISR
0000a60a   _USER5_ISR
0000a614   _USER6_ISR
0000a61e   _USER7_ISR
0000a628   _USER8_ISR
0000a632   _USER9_ISR
0000a63c   _USER10_ISR
0000a646   _USER11_ISR
0000a650   _USER12_ISR
0000a65a   _SEQ1INT_ISR
0000a664   _SEQ2INT_ISR
0000a66e   _XINT1_ISR
0000a678   _XINT2_ISR
0000a682   _ADCINT_ISR
0000a68c   _TINT0_ISR
0000a696   _WAKEINT_ISR
0000a6a0   _EPWM1_TZINT_ISR
0000a6aa   _EPWM2_TZINT_ISR
0000a6b4   _EPWM3_TZINT_ISR
0000a6be   _EPWM4_TZINT_ISR
0000a6c8   _EPWM5_TZINT_ISR
0000a6d2   _EPWM6_TZINT_ISR
0000a6dc   _EPWM1_INT_ISR
0000a6e6   _EPWM2_INT_ISR
0000a6f0   _EPWM3_INT_ISR
0000a6fa   _EPWM4_INT_ISR
0000a704   _EPWM5_INT_ISR
0000a70e   _EPWM6_INT_ISR
0000a718   _ECAP1_INT_ISR
0000a722   _ECAP2_INT_ISR
0000a72c   _ECAP3_INT_ISR
0000a736   _ECAP4_INT_ISR
0000a740   _ECAP5_INT_ISR
0000a74a   _ECAP6_INT_ISR
0000a754   _EQEP1_INT_ISR
0000a75e   _EQEP2_INT_ISR
0000a768   _SPIRXINTA_ISR
0000a772   _SPITXINTA_ISR
0000a77c   _MRINTB_ISR
0000a786   _MXINTB_ISR
0000a790   _MRINTA_ISR
0000a79a   _MXINTA_ISR
0000a7a4   _DINTCH1_ISR
0000a7ae   _DINTCH2_ISR
0000a7b8   _DINTCH3_ISR
0000a7c2   _DINTCH4_ISR
0000a7cc   _DINTCH5_ISR
0000a7d6   _DINTCH6_ISR
0000a7e0   _I2CINT1A_ISR
0000a7ea   _I2CINT2A_ISR
0000a7f4   _SCIRXINTB_ISR
0000a7fe   _SCITXINTB_ISR
0000a808   _ECAN0INTA_ISR
0000a812   _ECAN1INTA_ISR
0000a81c   _ECAN0INTB_ISR
0000a826   _ECAN1INTB_ISR
0000a830   _XINT3_ISR
0000a83a   _XINT4_ISR
0000a844   _XINT5_ISR
0000a84e   _XINT6_ISR
0000a858   _XINT7_ISR
0000a862   _LVF_ISR
0000a86c   _LUF_ISR
0000a876   _PIE_RESERVED
0000a880   _rsvd_ISR
0000a88a   _P_Gpio_Init
0000a901   _P_Led_Init
0000a90d   _P_UartA_Init
0000a92b   _P_UartC_Init
0000a93f   _Spi_FIFO_Init
0000a94a   _Spi_Init
0000a974   _P_Board_Init
0000a9a9   _Str_To_Int
0000a9d9   _Get_Check_Num
0000a9ea   _Check_Char_To_Int
0000aa26   _Check_Int_To_Char
0000aa55   _SCIA_Data_Int
0000aa69   _SCIC_Data_Int
0000aa7d   _SCIA_Tx
0000aaa5   _SCIC_Tx
0000aacd   _GpioA_Out
0000aad8   _GpioA_In
0000aae3   _Data_Write
0000ab05   _Data_Read
0000ab2b   _Motor_X_Set
0000ab5b   _Motor_Y_Set
0000ab8b   _Motor_Z_Set
0000abbb   _Motor_R_Set
0000abeb   _delay_loop
0000abf6   _Delay
0000ac00   _My_Nop
0000ac0a   _Delay_s
0000ac1e   _Delay_ms
0000ac38   _Information_RAM_Int
0000acb9   _Information_Flash_Int
0000ad20   _Information_Flash_Reset
0000ad55   _Axis_Range_Save
0000aed2   _Body_Parameters_Save
0000af87   _Single_Step_Save
0000b153   _Continuous_Step_Save
0000b204   _SCI_RX_Message_Process
0000b2bb   _SCI_Command_Execute
0000b360   _Motion_Start
0000b37f   _Motion_Pause
0000b39f   _Spi_Send
0000b3ae   _Spi_Rece
0000b3bc   _w25q256_reset
0000b3ce   _w25q256_read_reg1
0000b3df   _w25q256_read_reg2
0000b3f0   _w25q256_read_reg3
0000b401   _w25q256_set_4addr
0000b40d   _w25q256_init
0000b419   _w25q256_readid
0000b443   _w25q256_write_enable
0000b44f   _w25q256_test_busy
0000b462   _w25q256_erase_chip
0000b47e   _w25q256_erase_sector
0000b4af   _w25q256_read
0000b4eb   _w25q256_write
0000b52b   _InitSysCtrl
0000b534   _ServiceDog
0000b53e   _DisableDog
0000b546   _InitPll
0000b592   _InitPeripheralClocks
0000b5ed   _CsmUnlock
0000b61e   _InitXintf
0000b65c   _InitXintf32Gpio
0000b6a3   _InitXintf16Gpio
0000b6f1   _atan2
0000b7b5   FS$$DIV
0000b83d   _exp
0000b8a7   _pow
0000b901   __log
0000b955   _Add_Bus
0000b967   _DATA_Bus_Write
0000b978   _DATA_Bus_Read
0000b97f   _Data_Bus_Out
0000b991   _Data_Bus_In
0000b99e   _c_int00
0000b9e4   _ldexp
0000ba19   _main
0000ba4d   L$$DIV
0000ba5c   L$$MOD
0000ba6a   UL$$DIV
0000ba71   UL$$MOD
0000ba77   _InitPieCtrl
0000ba96   _EnableInterrupts
0000baa0   _sqrt
0000bac3   I$$DIV
0000bad4   I$$MOD
0000bae5   _InitPieVectTable
0000bb05   __args_main
0000bb1e   C$$EXIT
0000bb1e   _abort
0000bb20   _exit
0000bb37   _frexp
0000bb4d   _MemCopy
0000bb62   U$$DIV
0000bb67   U$$MOD
0000bb6d   __register_unlock
0000bb71   __register_lock
0000bb75   __nop
0000bb7e   _DSP28x_DisableInt
0000bb82   _DSP28x_RestoreInt
0000bb85   _SetDBGIER
0000bb88   ___etext__
0000bb88   etext
0000c000   _SCARA_DH
0000c040   _SCI_CMD_Message1
0000c080   _Robot_Reg
0000c08b   _errno
0000c08c   __unlock
0000c08e   __lock
0000c090   __cleanup_ptr
0000c092   __dtors_ptr
0000c094   _ACK_SCI_Cmd
0000d000   _PieVectTableInit
0020fc00   _SCI_Flag
0020fc01   _Auxiliary_Fun
0020fc02   _Answer_Flag
0020fc03   _Continuous_Step_Enable
0020fc04   _Execute_Flag
0020fc05   _Finish_Flag
0020fc06   _Cmd_Tx_Long
0020fc08   _Robot_Length
0020fc0a   _SCI_CMD_Message
0020fc0c   _Axis_Range
0020fc0e   _Continuity_State
0020fc11   _Information_Num
0020fc16   _Descartes_Now_Point
0020fc1e   _Rx_Long_Buff1
0020fc26   _Rx_Long_Buff
0020fc2e   _Rx_Single_Position
0020fc40   _SCIC_Tx_Message
0020fc4b   _SCIA_Tx_Message
0020fc56   _Robot_Run_Reg
0020fc62   _Continuity_Position
0020fc6e   _Trajetory_points
0020fc80   _Single_Theta
0020fc90   _Rx_Range_Buff
0020fca0   _Single_Decare
0020fcb0   _Point_Decare
0020fcc0   _Rx_Range_Buff1
0020fcd0   _Motor_Run_Theta
0020fce0   _Motor_Run_points
0020fd00   _Continuous_Step
0020fd80   _SCIC_Data
0020fe40   _SCIA_Data
0020ff00   _Single_Step
0033fff8   _CsmPwl
00380080   _ADC_cal
00380090   _PartIdRegs
ffffffff   ___binit__
ffffffff   ___c_args__
ffffffff   ___pinit__
ffffffff   binit
ffffffff   pinit

[307 symbols]
