******************************************************************************
             TMS320C2000 Linker PC v6.1.0                      
******************************************************************************
>> Linked Tue Sep 06 09:27:24 2016

OUTPUT FILE NAME:   <SCARA5.out>
ENTRY POINT SYMBOL: "_c_int00"  address: 0000bd5b


MEMORY CONFIGURATION

         name            origin    length      used     unused   attr    fill
----------------------  --------  ---------  --------  --------  ----  --------
PAGE 0:
  BEGIN                 00000000   00000002  00000002  00000000  RWIX
  RAMM0                 00000050   000003b0  00000000  000003b0  RWIX
  RAML0                 00008000   00000700  0000016f  00000591  RWIX
  RAML1                 00008700   00004100  00003a43  000006bd  RWIX
  ZONE6                 00100001   000fffff  00000000  000fffff  RWIX
  ZONE7A                00200000   0000fc00  00000000  0000fc00  RWIX
  CSM_RSVD              0033ff80   00000076  00000000  00000076  RWIX
  CSM_PWL               0033fff8   00000008  00000000  00000008  RWIX
  ADC_CAL               00380080   00000009  00000007  00000002  RWIX
  IQTABLES              003fe000   00000b50  00000000  00000b50  RWIX
  IQTABLES2             003feb50   0000008c  00000000  0000008c  RWIX
  FPUTABLES             003febdc   000006a0  00000000  000006a0  RWIX
  BOOTROM               003ff27c   00000d44  00000000  00000d44  RWIX
  RESET                 003fffc0   00000002  00000000  00000002  RWIX

PAGE 1:
  BOOT_RSVD             00000002   0000004e  00000000  0000004e  RWIX
  RAMM1                 00000400   00000400  00000300  00000100  RWIX
  DEV_EMU               00000880   00000180  000000d0  000000b0  RWIX
  FLASH_REGS            00000a80   00000060  00000008  00000058  RWIX
  CSM                   00000ae0   00000010  00000010  00000000  RWIX
  ADC_MIRROR            00000b00   00000010  00000010  00000000  RWIX
  XINTF                 00000b20   00000020  0000001e  00000002  RWIX
  CPU_TIMER0            00000c00   00000008  00000008  00000000  RWIX
  CPU_TIMER1            00000c08   00000008  00000008  00000000  RWIX
  CPU_TIMER2            00000c10   00000008  00000008  00000000  RWIX
  PIE_CTRL              00000ce0   00000020  0000001a  00000006  RWIX
  PIE_VECT              00000d00   00000100  00000100  00000000  RWIX
  DMA                   00001000   00000200  000000e0  00000120  RWIX
  MCBSPA                00005000   00000040  00000025  0000001b  RWIX
  MCBSPB                00005040   00000040  00000025  0000001b  RWIX
  ECANA                 00006000   00000040  00000034  0000000c  RWIX
  ECANA_LAM             00006040   00000040  00000040  00000000  RWIX
  ECANA_MOTS            00006080   00000040  00000040  00000000  RWIX
  ECANA_MOTO            000060c0   00000040  00000040  00000000  RWIX
  ECANA_MBOX            00006100   00000100  00000100  00000000  RWIX
  ECANB                 00006200   00000040  00000034  0000000c  RWIX
  ECANB_LAM             00006240   00000040  00000040  00000000  RWIX
  ECANB_MOTS            00006280   00000040  00000040  00000000  RWIX
  ECANB_MOTO            000062c0   00000040  00000040  00000000  RWIX
  ECANB_MBOX            00006300   00000100  00000100  00000000  RWIX
  EPWM1                 00006800   00000022  00000022  00000000  RWIX
  EPWM2                 00006840   00000022  00000022  00000000  RWIX
  EPWM3                 00006880   00000022  00000022  00000000  RWIX
  EPWM4                 000068c0   00000022  00000022  00000000  RWIX
  EPWM5                 00006900   00000022  00000022  00000000  RWIX
  EPWM6                 00006940   00000022  00000022  00000000  RWIX
  ECAP1                 00006a00   00000020  00000020  00000000  RWIX
  ECAP2                 00006a20   00000020  00000020  00000000  RWIX
  ECAP3                 00006a40   00000020  00000020  00000000  RWIX
  ECAP4                 00006a60   00000020  00000020  00000000  RWIX
  ECAP5                 00006a80   00000020  00000020  00000000  RWIX
  ECAP6                 00006aa0   00000020  00000020  00000000  RWIX
  EQEP1                 00006b00   00000040  00000040  00000000  RWIX
  EQEP2                 00006b40   00000040  00000040  00000000  RWIX
  GPIOCTRL              00006f80   00000040  0000002e  00000012  RWIX
  GPIODAT               00006fc0   00000020  00000020  00000000  RWIX
  GPIOINT               00006fe0   00000020  0000000a  00000016  RWIX
  SYSTEM                00007010   00000020  00000020  00000000  RWIX
  SPIA                  00007040   00000010  00000010  00000000  RWIX
  SCIA                  00007050   00000010  00000010  00000000  RWIX
  XINTRUPT              00007070   00000010  00000010  00000000  RWIX
  ADC                   00007100   00000020  0000001e  00000002  RWIX
  SCIB                  00007750   00000010  00000010  00000000  RWIX
  SCIC                  00007770   00000010  00000010  00000000  RWIX
  I2CA                  00007900   00000040  00000022  0000001e  RWIX
  RAML4                 0000c800   00000800  00000103  000006fd  RWIX
  RAML5                 0000d000   00001000  0000047b  00000b85  RWIX
  RAML6                 0000e000   00001000  00000000  00001000  RWIX
  RAML7                 0000f000   00001000  00000000  00001000  RWIX
  ZONE6B                0010fc00   00001400  00000000  00001400  RWIX
  ZONE7B                0020fc00   00001400  00000393  0000106d  RWIX
  CSM_PWL               0033fff8   00000008  00000008  00000000  RWIX
  PARTID                00380090   00000001  00000001  00000000  RWIX


SECTION ALLOCATION MAP

 output                                  attributes/
section   page    origin      length       input sections
--------  ----  ----------  ----------   ----------------
codestart 
*          0    00000000    00000002     
                  00000000    00000002     DSP2833x_CodeStartBranch.obj (codestart)

.pinit     0    00008000    00000000     UNINITIALIZED

.cinit     0    00008000    00000150     
                  00008000    00000136     PlatForm.obj (.cinit)
                  00008136    0000000a     rts2800_fpu32.lib : _lock.obj (.cinit)
                  00008140    0000000a                       : exit.obj (.cinit)
                  0000814a    00000004                       : errno.obj (.cinit)
                  0000814e    00000002     --HOLE-- [fill = 0]

ramfuncs   0    00008150    0000001f     
                  00008150    0000001b     DSP2833x_SysCtrl.obj (ramfuncs)
                  0000816b    00000004     DSP2833x_usDelay.obj (ramfuncs)

.text      0    00008700    00003a43     
                  00008700    00000939     scara_lib.lib : scara_math.obj (.text)
                  00009039    00000911     rts2800_fpu32.lib : _printfi.obj (.text)
                  0000994a    000007ee     control.obj (.text)
                  0000a138    000007a9     PlatForm.obj (.text)
                  0000a8e1    00000421     DSP2833x_DefaultIsr.obj (.text:retain)
                  0000ad02    000002d3     Reply.obj (.text)
                  0000afd5    00000297     command_processing.obj (.text)
                  0000b26c    00000235     Save.obj (.text)
                  0000b4a1    0000018c     SPI_Flash.obj (.text)
                  0000b62d    00000107     rts2800_fpu32.lib : ll_div.obj (.text)
                  0000b734    000000f3     DSP2833x_SysCtrl.obj (.text)
                  0000b827    000000dd     DSP2833x_Xintf.obj (.text)
                  0000b904    000000c4     rts2800_fpu32.lib : atan2.obj (.text)
                  0000b9c8    0000009c                       : fd_add.obj (.text)
                  0000ba64    0000008b                       : fd_div.obj (.text)
                  0000baef    00000088                       : fs_div.obj (.text)
                  0000bb77    00000083                       : fd_mpy.obj (.text)
                  0000bbfa    0000006a                       : exp.obj (.text)
                  0000bc64    0000005a                       : pow.obj (.text)
                  0000bcbe    00000054                       : _log.obj (.text)
                  0000bd12    00000049     Bus.obj (.text)
                  0000bd5b    00000046     rts2800_fpu32.lib : boot.obj (.text)
                  0000bda1    00000035                       : ldexp.obj (.text)
                  0000bdd6    00000031                       : atoi.obj (.text)
                  0000be07    0000002f                       : sprintf.obj (.text)
                  0000be36    0000002c                       : ltoa.obj (.text)
                  0000be62    0000002a                       : fd_cmp.obj (.text)
                  0000be8c    0000002a                       : l_div.obj (.text)
                  0000beb6    00000028     DSP2833x_PieCtrl.obj (.text)
                  0000bede    00000026     rts2800_fpu32.lib : fs_toll.obj (.text)
                  0000bf04    00000023                       : sqrt.obj (.text)
                  0000bf27    00000022                       : i_div.obj (.text)
                  0000bf49    00000021                       : fd_toi.obj (.text)
                  0000bf6a    00000021                       : memcpy_ff.obj (.text)
                  0000bf8b    00000020     DSP2833x_PieVect.obj (.text)
                  0000bfab    00000020     rts2800_fpu32.lib : ll_tofs.obj (.text)
                  0000bfcb    0000001f                       : fd_tol.obj (.text)
                  0000bfea    0000001e                       : ll_cmp.obj (.text)
                  0000c008    0000001c     main.obj (.text)
                  0000c024    0000001c     rts2800_fpu32.lib : fs_tofd.obj (.text)
                  0000c040    0000001c                       : l_tofd.obj (.text)
                  0000c05c    00000019                       : args_main.obj (.text)
                  0000c075    00000019                       : exit.obj (.text)
                  0000c08e    00000018                       : ll_aox.obj (.text)
                  0000c0a6    00000016                       : frexp.obj (.text)
                  0000c0bc    00000015     DSP2833x_MemCopy.obj (.text)
                  0000c0d1    00000014     rts2800_fpu32.lib : ll_mpy.obj (.text)
                  0000c0e5    00000012                       : memccpy.obj (.text)
                  0000c0f7    0000000e                       : fd_sub.obj (.text)
                  0000c105    0000000a                       : strlen.obj (.text)
                  0000c10f    00000009                       : _lock.obj (.text)
                  0000c118    00000009                       : fd_neg.obj (.text)
                  0000c121    00000009                       : strcpy.obj (.text)
                  0000c12a    00000008     DSP2833x_CodeStartBranch.obj (.text)
                  0000c132    00000007     DSP2833x_DisInt.obj (.text)
                  0000c139    00000007     rts2800_fpu32.lib : memset.obj (.text)
                  0000c140    00000003     DSP2833x_DBGIER.obj (.text)

csm_rsvd   0    0033ff80    00000076     DSECT
                  0033ff80    00000076     DSP2833x_CSMPasswords.obj (csm_rsvd)

csmpasswds 
*          0    0033fff8    00000008     DSECT
                  0033fff8    00000008     DSP2833x_CSMPasswords.obj (csmpasswds)

.adc_cal   0    00380080    00000007     NOLOAD SECTION
                  00380080    00000007     DSP2833x_ADC_cal.obj (.adc_cal)

.reset     0    003fffc0    00000002     DSECT
                  003fffc0    00000002     rts2800_fpu32.lib : boot.obj (.reset)

.stack     1    00000400    00000300     UNINITIALIZED
                  00000400    00000300     --HOLE--

DevEmuRegsFile 
*          1    00000880    000000d0     UNINITIALIZED
                  00000880    000000d0     DSP2833x_GlobalVariableDefs.obj (DevEmuRegsFile)

FlashRegsFile 
*          1    00000a80    00000008     UNINITIALIZED
                  00000a80    00000008     DSP2833x_GlobalVariableDefs.obj (FlashRegsFile)

CsmRegsFile 
*          1    00000ae0    00000010     UNINITIALIZED
                  00000ae0    00000010     DSP2833x_GlobalVariableDefs.obj (CsmRegsFile)

AdcMirrorFile 
*          1    00000b00    00000010     UNINITIALIZED
                  00000b00    00000010     DSP2833x_GlobalVariableDefs.obj (AdcMirrorFile)

XintfRegsFile 
*          1    00000b20    0000001e     UNINITIALIZED
                  00000b20    0000001e     DSP2833x_GlobalVariableDefs.obj (XintfRegsFile)

CpuTimer0RegsFile 
*          1    00000c00    00000008     UNINITIALIZED
                  00000c00    00000008     DSP2833x_GlobalVariableDefs.obj (CpuTimer0RegsFile)

CpuTimer1RegsFile 
*          1    00000c08    00000008     UNINITIALIZED
                  00000c08    00000008     DSP2833x_GlobalVariableDefs.obj (CpuTimer1RegsFile)

CpuTimer2RegsFile 
*          1    00000c10    00000008     UNINITIALIZED
                  00000c10    00000008     DSP2833x_GlobalVariableDefs.obj (CpuTimer2RegsFile)

PieCtrlRegsFile 
*          1    00000ce0    0000001a     UNINITIALIZED
                  00000ce0    0000001a     DSP2833x_GlobalVariableDefs.obj (PieCtrlRegsFile)

PieVectTableFile 
*          1    00000d00    00000100     UNINITIALIZED
                  00000d00    00000100     DSP2833x_GlobalVariableDefs.obj (PieVectTableFile)

DmaRegsFile 
*          1    00001000    000000e0     UNINITIALIZED
                  00001000    000000e0     DSP2833x_GlobalVariableDefs.obj (DmaRegsFile)

McbspaRegsFile 
*          1    00005000    00000025     UNINITIALIZED
                  00005000    00000025     DSP2833x_GlobalVariableDefs.obj (McbspaRegsFile)

McbspbRegsFile 
*          1    00005040    00000025     UNINITIALIZED
                  00005040    00000025     DSP2833x_GlobalVariableDefs.obj (McbspbRegsFile)

ECanaRegsFile 
*          1    00006000    00000034     UNINITIALIZED
                  00006000    00000034     DSP2833x_GlobalVariableDefs.obj (ECanaRegsFile)

ECanaLAMRegsFile 
*          1    00006040    00000040     UNINITIALIZED
                  00006040    00000040     DSP2833x_GlobalVariableDefs.obj (ECanaLAMRegsFile)

ECanaMOTSRegsFile 
*          1    00006080    00000040     UNINITIALIZED
                  00006080    00000040     DSP2833x_GlobalVariableDefs.obj (ECanaMOTSRegsFile)

ECanaMOTORegsFile 
*          1    000060c0    00000040     UNINITIALIZED
                  000060c0    00000040     DSP2833x_GlobalVariableDefs.obj (ECanaMOTORegsFile)

ECanaMboxesFile 
*          1    00006100    00000100     UNINITIALIZED
                  00006100    00000100     DSP2833x_GlobalVariableDefs.obj (ECanaMboxesFile)

ECanbRegsFile 
*          1    00006200    00000034     UNINITIALIZED
                  00006200    00000034     DSP2833x_GlobalVariableDefs.obj (ECanbRegsFile)

ECanbLAMRegsFile 
*          1    00006240    00000040     UNINITIALIZED
                  00006240    00000040     DSP2833x_GlobalVariableDefs.obj (ECanbLAMRegsFile)

ECanbMOTSRegsFile 
*          1    00006280    00000040     UNINITIALIZED
                  00006280    00000040     DSP2833x_GlobalVariableDefs.obj (ECanbMOTSRegsFile)

ECanbMOTORegsFile 
*          1    000062c0    00000040     UNINITIALIZED
                  000062c0    00000040     DSP2833x_GlobalVariableDefs.obj (ECanbMOTORegsFile)

ECanbMboxesFile 
*          1    00006300    00000100     UNINITIALIZED
                  00006300    00000100     DSP2833x_GlobalVariableDefs.obj (ECanbMboxesFile)

EPwm1RegsFile 
*          1    00006800    00000022     UNINITIALIZED
                  00006800    00000022     DSP2833x_GlobalVariableDefs.obj (EPwm1RegsFile)

EPwm2RegsFile 
*          1    00006840    00000022     UNINITIALIZED
                  00006840    00000022     DSP2833x_GlobalVariableDefs.obj (EPwm2RegsFile)

EPwm3RegsFile 
*          1    00006880    00000022     UNINITIALIZED
                  00006880    00000022     DSP2833x_GlobalVariableDefs.obj (EPwm3RegsFile)

EPwm4RegsFile 
*          1    000068c0    00000022     UNINITIALIZED
                  000068c0    00000022     DSP2833x_GlobalVariableDefs.obj (EPwm4RegsFile)

EPwm5RegsFile 
*          1    00006900    00000022     UNINITIALIZED
                  00006900    00000022     DSP2833x_GlobalVariableDefs.obj (EPwm5RegsFile)

EPwm6RegsFile 
*          1    00006940    00000022     UNINITIALIZED
                  00006940    00000022     DSP2833x_GlobalVariableDefs.obj (EPwm6RegsFile)

ECap1RegsFile 
*          1    00006a00    00000020     UNINITIALIZED
                  00006a00    00000020     DSP2833x_GlobalVariableDefs.obj (ECap1RegsFile)

ECap2RegsFile 
*          1    00006a20    00000020     UNINITIALIZED
                  00006a20    00000020     DSP2833x_GlobalVariableDefs.obj (ECap2RegsFile)

ECap3RegsFile 
*          1    00006a40    00000020     UNINITIALIZED
                  00006a40    00000020     DSP2833x_GlobalVariableDefs.obj (ECap3RegsFile)

ECap4RegsFile 
*          1    00006a60    00000020     UNINITIALIZED
                  00006a60    00000020     DSP2833x_GlobalVariableDefs.obj (ECap4RegsFile)

ECap5RegsFile 
*          1    00006a80    00000020     UNINITIALIZED
                  00006a80    00000020     DSP2833x_GlobalVariableDefs.obj (ECap5RegsFile)

ECap6RegsFile 
*          1    00006aa0    00000020     UNINITIALIZED
                  00006aa0    00000020     DSP2833x_GlobalVariableDefs.obj (ECap6RegsFile)

EQep1RegsFile 
*          1    00006b00    00000040     UNINITIALIZED
                  00006b00    00000040     DSP2833x_GlobalVariableDefs.obj (EQep1RegsFile)

EQep2RegsFile 
*          1    00006b40    00000040     UNINITIALIZED
                  00006b40    00000040     DSP2833x_GlobalVariableDefs.obj (EQep2RegsFile)

GpioCtrlRegsFile 
*          1    00006f80    0000002e     UNINITIALIZED
                  00006f80    0000002e     DSP2833x_GlobalVariableDefs.obj (GpioCtrlRegsFile)

GpioDataRegsFile 
*          1    00006fc0    00000020     UNINITIALIZED
                  00006fc0    00000020     DSP2833x_GlobalVariableDefs.obj (GpioDataRegsFile)

GpioIntRegsFile 
*          1    00006fe0    0000000a     UNINITIALIZED
                  00006fe0    0000000a     DSP2833x_GlobalVariableDefs.obj (GpioIntRegsFile)

SysCtrlRegsFile 
*          1    00007010    00000020     UNINITIALIZED
                  00007010    00000020     DSP2833x_GlobalVariableDefs.obj (SysCtrlRegsFile)

SpiaRegsFile 
*          1    00007040    00000010     UNINITIALIZED
                  00007040    00000010     DSP2833x_GlobalVariableDefs.obj (SpiaRegsFile)

SciaRegsFile 
*          1    00007050    00000010     UNINITIALIZED
                  00007050    00000010     DSP2833x_GlobalVariableDefs.obj (SciaRegsFile)

XIntruptRegsFile 
*          1    00007070    00000010     UNINITIALIZED
                  00007070    00000010     DSP2833x_GlobalVariableDefs.obj (XIntruptRegsFile)

AdcRegsFile 
*          1    00007100    0000001e     UNINITIALIZED
                  00007100    0000001e     DSP2833x_GlobalVariableDefs.obj (AdcRegsFile)

ScibRegsFile 
*          1    00007750    00000010     UNINITIALIZED
                  00007750    00000010     DSP2833x_GlobalVariableDefs.obj (ScibRegsFile)

ScicRegsFile 
*          1    00007770    00000010     UNINITIALIZED
                  00007770    00000010     DSP2833x_GlobalVariableDefs.obj (ScicRegsFile)

I2caRegsFile 
*          1    00007900    00000022     UNINITIALIZED
                  00007900    00000022     DSP2833x_GlobalVariableDefs.obj (I2caRegsFile)

.ebss      1    0000c800    00000103     UNINITIALIZED
                  0000c800    000000ed     PlatForm.obj (.ebss)
                  0000c8ed    0000000b     scara_lib.lib : scara_math.obj (.ebss)
                  0000c8f8    00000004     rts2800_fpu32.lib : _lock.obj (.ebss)
                  0000c8fc    00000004                       : exit.obj (.ebss)
                  0000c900    00000002     DSP2833x_DefaultIsr.obj (.ebss)
                  0000c902    00000001     rts2800_fpu32.lib : errno.obj (.ebss)

.econst    1    0000d000    0000047b     
                  0000d000    00000101     rts2800_fpu32.lib : ctype.obj (.econst:__ctypes_)
                  0000d101    00000001     --HOLE-- [fill = 0]
                  0000d102    00000100     DSP2833x_PieVect.obj (.econst)
                  0000d202    00000053     Reply.obj (.econst:_$P$T1$2)
                  0000d255    00000048     command_processing.obj (.econst:_$P$T2$3)
                  0000d29d    0000002f     Reply.obj (.econst:_$P$T0$1)
                  0000d2cc    00000029     Reply.obj (.econst:_$P$T2$3)
                  0000d2f5    00000001     --HOLE-- [fill = 0]
                  0000d2f6    00000024     rts2800_fpu32.lib : _printfi.obj (.econst:.string)
                  0000d31a    0000001e     command_processing.obj (.econst:_$P$T3$4)
                  0000d338    00000018     rts2800_fpu32.lib : _printfi.obj (.econst)
                  0000d350    00000011     PlatForm.obj (.econst:_$P$T0$1)
                  0000d361    00000011     PlatForm.obj (.econst:_$P$T1$2)
                  0000d372    00000011     Save.obj (.econst:_$P$T1$2)
                  0000d383    00000011     PlatForm.obj (.econst:_$P$T2$3)
                  0000d394    00000011     Save.obj (.econst:_$P$T3$4)
                  0000d3a5    00000011     control.obj (.econst:_$P$T3$4)
                  0000d3b6    00000011     control.obj (.econst:_$P$T4$5)
                  0000d3c7    0000000e     Reply.obj (.econst:_$P$T3$4)
                  0000d3d5    0000000c     Save.obj (.econst:_$P$T0$1)
                  0000d3e1    0000000c     control.obj (.econst:_$P$T0$1)
                  0000d3ed    0000000c     command_processing.obj (.econst:_$P$T1$2)
                  0000d3f9    0000000c     control.obj (.econst:_$P$T1$2)
                  0000d405    0000000c     Save.obj (.econst:_$P$T2$3)
                  0000d411    0000000c     control.obj (.econst:_$P$T2$3)
                  0000d41d    0000000c     Save.obj (.econst:_$P$T4$5)
                  0000d429    0000000b     command_processing.obj (.econst:_$P$T0$1)
                  0000d434    0000000b     Reply.obj (.econst:_$P$T4$5)
                  0000d43f    0000000b     command_processing.obj (.econst:_$P$T4$5)
                  0000d44a    0000000b     command_processing.obj (.econst:_$P$T5$6)
                  0000d455    00000001     --HOLE-- [fill = 0]
                  0000d456    00000008     scara_lib.lib : scara_math.obj (.econst:_$P$T0$1)
                  0000d45e    00000008                   : scara_math.obj (.econst:_$P$T1$2)
                  0000d466    00000008                   : scara_math.obj (.econst:_$P$T2$3)
                  0000d46e    00000008     rts2800_fpu32.lib : atan2.obj (.econst:_a$1)
                  0000d476    00000005     Reply.obj (.econst:.string)

ZONE7DATA 
*          1    0020fc00    00000393     UNINITIALIZED
                  0020fc00    00000393     PlatForm.obj (ZONE7DATA)

CsmPwlFile 
*          1    0033fff8    00000008     UNINITIALIZED
                  0033fff8    00000008     DSP2833x_GlobalVariableDefs.obj (CsmPwlFile)

PartIdRegsFile 
*          1    00380090    00000001     UNINITIALIZED
                  00380090    00000001     DSP2833x_GlobalVariableDefs.obj (PartIdRegsFile)


GLOBAL SYMBOLS: SORTED ALPHABETICALLY BY Name 

address    name
--------   ----
00008700   .text
0000c075   C$$EXIT
0000b9c8   FD$$ADD
0000be62   FD$$CMP
0000ba64   FD$$DIV
0000bb77   FD$$MPY
0000c118   FD$$NEG
0000c0f7   FD$$SUB
0000bf49   FD$$TOI
0000bfcb   FD$$TOL
0000baef   FS$$DIV
0000c024   FS$$TOFD
0000bede   FS$$TOLL
0000bf27   I$$DIV
0000bf38   I$$MOD
0000be8c   L$$DIV
0000be9b   L$$MOD
0000c040   L$$TOFD
0000c08e   LL$$AND
0000bfea   LL$$CMP
0000b62d   LL$$DIV
0000b669   LL$$MOD
0000c0d1   LL$$MPY
0000c096   LL$$OR
0000bfab   LL$$TOFS
0000c09e   LL$$XOR
0000bea9   UL$$DIV
0000beb0   UL$$MOD
0000bffc   ULL$$CMP
0000b6a3   ULL$$DIV
0000b6d2   ULL$$MOD
0000c900   _ACK_SCI_Cmd
0000aafa   _ADCINT_ISR
00380080   _ADC_cal
0000c84a   _AbsR_Encoder1_ADD
0000c848   _AbsR_Encoder2_ADD
0000c850   _AbsR_Encoder3_ADD
0000c858   _AbsR_Encoder4_ADD
0000c856   _AbsR_Encoder5_ADD
0000c85c   _AbsR_Encoder6_ADD
0000c85a   _AbsR_Encoder7_ADD
0000c852   _AbsR_Encoder8_ADD
0000c844   _AbsR_Reset_ADD
0000c800   _AbsX_Encoder1_ADD
0000c802   _AbsX_Encoder2_ADD
0000c80c   _AbsX_Encoder3_ADD
0000c80e   _AbsX_Encoder4_ADD
0000c808   _AbsX_Encoder5_ADD
0000c80a   _AbsX_Encoder6_ADD
0000c838   _AbsX_Encoder7_ADD
0000c836   _AbsX_Encoder8_ADD
0000c804   _AbsX_Reset_ADD
0000c822   _AbsY_Encoder1_ADD
0000c824   _AbsY_Encoder2_ADD
0000c82e   _AbsY_Encoder3_ADD
0000c830   _AbsY_Encoder4_ADD
0000c82c   _AbsY_Encoder5_ADD
0000c82a   _AbsY_Encoder6_ADD
0000c834   _AbsY_Encoder7_ADD
0000c83a   _AbsY_Encoder8_ADD
0000c828   _AbsY_Reset_ADD
0000c86a   _AbsZ_Encoder1_ADD
0000c860   _AbsZ_Encoder2_ADD
0000c85e   _AbsZ_Encoder3_ADD
0000c864   _AbsZ_Encoder4_ADD
0000c862   _AbsZ_Encoder5_ADD
0000c86e   _AbsZ_Encoder6_ADD
0000c876   _AbsZ_Encoder7_ADD
0000c87a   _AbsZ_Encoder8_ADD
0000c86c   _AbsZ_Reset_ADD
00000b00   _AdcMirror
00007100   _AdcRegs
0000bd12   _Add_Bus
0020fc02   _Answer_Flag
0020fc01   _Auxiliary_Fun
0000a2aa   _Check_Char_To_Int
0000a2e6   _Check_Int_To_Char
0020fc00   _Cmd_Tx_Long
0000b254   _Connection_Test
00000c00   _CpuTimer0Regs
00000c08   _CpuTimer1Regs
00000c10   _CpuTimer2Regs
0033fff8   _CsmPwl
00000ae0   _CsmRegs
0000b7f6   _CsmUnlock
0000aa28   _DATALOG_ISR
0000bd35   _DATA_Bus_Read
0000bd24   _DATA_Bus_Write
0000b397   _DH_Parameters_Save
0000ac1c   _DINTCH1_ISR
0000ac26   _DINTCH2_ISR
0000ac30   _DINTCH3_ISR
0000ac3a   _DINTCH4_ISR
0000ac44   _DINTCH5_ISR
0000ac4e   _DINTCH6_ISR
0000c84c   _DIRVER_ENR_ADD
0000c81a   _DIRVER_ENX_ADD
0000c83e   _DIRVER_ENY_ADD
0000c814   _DIRVER_ENZ_ADD
0000c132   _DSP28x_DisableInt
0000c136   _DSP28x_RestoreInt
0000816b   _DSP28x_usDelay
0000bd4e   _Data_Bus_In
0000bd3c   _Data_Bus_Out
0000a89f   _Delay
0000a8c7   _Delay_ms
0000a8b3   _Delay_s
00000880   _DevEmuRegs
0000c874   _DirR_ADD
0000c820   _DirX_ADD
0000c83c   _DirY_ADD
0000c816   _DirZ_ADD
0000b747   _DisableDog
00001000   _DmaRegs
0000ac80   _ECAN0INTA_ISR
0000ac94   _ECAN0INTB_ISR
0000ac8a   _ECAN1INTA_ISR
0000ac9e   _ECAN1INTB_ISR
0000ab90   _ECAP1_INT_ISR
0000ab9a   _ECAP2_INT_ISR
0000aba4   _ECAP3_INT_ISR
0000abae   _ECAP4_INT_ISR
0000abb8   _ECAP5_INT_ISR
0000abc2   _ECAP6_INT_ISR
00006040   _ECanaLAMRegs
000060c0   _ECanaMOTORegs
00006080   _ECanaMOTSRegs
00006100   _ECanaMboxes
00006000   _ECanaRegs
00006240   _ECanbLAMRegs
000062c0   _ECanbMOTORegs
00006280   _ECanbMOTSRegs
00006300   _ECanbMboxes
00006200   _ECanbRegs
00006a00   _ECap1Regs
00006a20   _ECap2Regs
00006a40   _ECap3Regs
00006a60   _ECap4Regs
00006a80   _ECap5Regs
00006aa0   _ECap6Regs
0000aa3c   _EMUINT_ISR
0000c878   _EN_ADD
0000ab54   _EPWM1_INT_ISR
0000ab18   _EPWM1_TZINT_ISR
0000ab5e   _EPWM2_INT_ISR
0000ab22   _EPWM2_TZINT_ISR
0000ab68   _EPWM3_INT_ISR
0000ab2c   _EPWM3_TZINT_ISR
0000ab72   _EPWM4_INT_ISR
0000ab36   _EPWM4_TZINT_ISR
0000ab7c   _EPWM5_INT_ISR
0000ab40   _EPWM5_TZINT_ISR
0000ab86   _EPWM6_INT_ISR
0000ab4a   _EPWM6_TZINT_ISR
00006800   _EPwm1Regs
00006840   _EPwm2Regs
00006880   _EPwm3Regs
000068c0   _EPwm4Regs
00006900   _EPwm5Regs
00006940   _EPwm6Regs
0000abcc   _EQEP1_INT_ISR
0000abd6   _EQEP2_INT_ISR
00006b00   _EQep1Regs
00006b40   _EQep2Regs
0000bed5   _EnableInterrupts
0020fc18   _Encoder_R_Now
0020fc24   _Encoder_R_Origin
0020fc28   _Encoder_X_Now
0020fc10   _Encoder_X_Origin
0020fc20   _Encoder_Y_Now
0020fc14   _Encoder_Y_Origin
0020fc1c   _Encoder_Z_Now
0020fc2c   _Encoder_Z_Origin
00009a0a   _Error_Compensate
0020fc03   _Execute_Flag
00000a80   _FlashRegs
0000c872   _FreqR_ADD
0000c868   _FreqX_ADD
0000c840   _FreqY_ADD
0000c812   _FreqZ_ADD
0000a299   _Get_Check_Num
00006f80   _GpioCtrlRegs
00006fc0   _GpioDataRegs
00006fe0   _GpioIntRegs
0000ac58   _I2CINT1A_ISR
0000ac62   _I2CINT2A_ISR
00007900   _I2caRegs
0000aa50   _ILLEGAL_ISR
0000aa14   _INT13_ISR
0000aa1e   _INT14_ISR
00009f0c   _IO_Out_Set
0000b23a   _Information_Flash_Erase
0000b20d   _Information_Flash_Int
0000b16e   _Information_RAM_Int
00008150   _InitFlash
0000b79b   _InitPeripheralClocks
0000beb6   _InitPieCtrl
0000bf8b   _InitPieVectTable
0000b74f   _InitPll
0000b734   _InitSysCtrl
0000b827   _InitXintf
0000b8ae   _InitXintf16Gpio
0000b867   _InitXintf32Gpio
00008700   _Inverse_Kinematics_SCARA
0000ace4   _LUF_ISR
0000acda   _LVF_ISR
0000ac08   _MRINTA_ISR
0000abf4   _MRINTB_ISR
0000ac12   _MXINTA_ISR
0000abfe   _MXINTB_ISR
00005000   _McbspaRegs
00005040   _McbspbRegs
0000c0bc   _MemCopy
0000a876   _Motor_R_AbsReset_Set
0000a736   _Motor_R_Abs_Read
0000a3d5   _Motor_R_Set
0000a883   _Motor_Return_State
0020fcd8   _Motor_Run_points
0000a88c   _Motor_Set_EN
0000a84f   _Motor_X_AbsReset_Set
0000a3eb   _Motor_X_Abs_Read
0000a38d   _Motor_X_Set
0000a85c   _Motor_Y_AbsReset_Set
0000a504   _Motor_Y_Abs_Read
0000a3a5   _Motor_Y_Set
0000a869   _Motor_Z_AbsReset_Set
0000a61d   _Motor_Z_Abs_Read
0000a3bd   _Motor_Z_Set
00009ae0   _Motor_on
0000a8a9   _My_Nop
0000aa46   _NMI_ISR
0020fc56   _Now_Point
0000c870   _NumR_ADD
0000c81e   _NumX_ADD
0000c842   _NumY_ADD
0000c810   _NumZ_ADD
0000acee   _PIE_RESERVED
00008a13   _PTP
0000a06a   _PTP_Run
0000a234   _P_Board_Init
0000a138   _P_Gpio_Init
0000a1bb   _P_Led_Init
0000a1cd   _P_UartA_Init
0000a1eb   _P_UartC_Init
00380090   _PartIdRegs
00000ce0   _PieCtrlRegs
00000d00   _PieVectTable
0000d102   _PieVectTableInit
00009f5a   _Point_Test
0000c846   _PulsR_Bias_ADD
0000c84e   _PulsR_Warn_ADD
0000c806   _PulsX_Bias_ADD
0000c81c   _PulsX_Warn_ADD
0000c826   _PulsY_Bias_ADD
0000c832   _PulsY_Warn_ADD
0000c866   _PulsZ_Bias_ADD
0000c818   _PulsZ_Warn_ADD
0000aa32   _RTOSINT_ISR
0000ad02   _Reply_Coordinate_Now
0000af0a   _Reply_DH_Parameters
0000af96   _Reply_Motion_State
0000af50   _Reply_Speed_Percent
0000aeac   _Reply_User_Range
0020fc08   _Robot_DH
0020fc62   _Robot_DH_Buff
0020fd00   _Robot_DH_Str
00009c5b   _Robot_Init
0000c8ed   _Robot_Reg
0020fc4b   _Robot_Run_Reg
0000994a   _Run_Info_Conversion
0020fca0   _SCARA_DH
0020fc90   _SCARA_Decare
00009d8c   _SCARA_Run
0020fc80   _SCARA_Run_Theta
0020fdc0   _SCIA_Data
0000a315   _SCIA_Data_Int
0000a33d   _SCIA_Tx
0020fc30   _SCIA_Tx_Message
0020fec0   _SCIC_Data
0000a329   _SCIC_Data_Int
0000a365   _SCIC_Tx
0020fc40   _SCIC_Tx_Message
0000a8e1   _SCIRXINTA_ISR
0000ac6c   _SCIRXINTB_ISR
0000a9d3   _SCIRXINTC_ISR
0000a9a4   _SCITXINTA_ISR
0000ac76   _SCITXINTB_ISR
0000a9e5   _SCITXINTC_ISR
0020fc06   _SCI_CMD_Message
0000c880   _SCI_CMD_Message1
0000b0d2   _SCI_Command_Execute
0000afd5   _SCI_RX_Message_Process
0000aad2   _SEQ1INT_ISR
0000aadc   _SEQ2INT_ISR
0000abe0   _SPIRXINTA_ISR
0000abea   _SPITXINTA_ISR
00007050   _SciaRegs
00007750   _ScibRegs
00007770   _ScicRegs
0000b73d   _ServiceDog
0000c140   _SetDBGIER
0020fc0a   _Speed_Percent
0000b44c   _Speed_Percent_Save
0020fc0c   _Speed_Percent_Str
0000a1ff   _Spi_FIFO_Init
0000a20a   _Spi_Init
0000b4b0   _Spi_Rece
0000b4a1   _Spi_Send
00007040   _SpiaRegs
0000c854   _State_ADD
0000a269   _Str_To_Int
00007010   _SysCtrlRegs
0000ab04   _TINT0_ISR
0020fc6e   _Trajetory_points
0000aab4   _USER10_ISR
0000aabe   _USER11_ISR
0000aac8   _USER12_ISR
0000aa5a   _USER1_ISR
0000aa64   _USER2_ISR
0000aa6e   _USER3_ISR
0000aa78   _USER4_ISR
0000aa82   _USER5_ISR
0000aa8c   _USER6_ISR
0000aa96   _USER7_ISR
0000aaa0   _USER8_ISR
0000aaaa   _USER9_ISR
0020fc04   _User_Range
0020fcc0   _User_Range_Buff
0000b26c   _User_Range_Save
0020fd40   _User_Range_Str
0000ab0e   _WAKEINT_ISR
0000aae6   _XINT1_ISR
0000aaf0   _XINT2_ISR
0000aca8   _XINT3_ISR
0000acb2   _XINT4_ISR
0000acbc   _XINT5_ISR
0000acc6   _XINT6_ISR
0000acd0   _XINT7_ISR
00007070   _XIntruptRegs
00000b20   _XintfRegs
00000700   __STACK_END
00000300   __STACK_SIZE
00000001   __TI_args_main
ffffffff   ___binit__
ffffffff   ___c_args__
00008000   ___cinit__
0000c143   ___etext__
0000bf6a   ___memcpy_ff
ffffffff   ___pinit__
00008700   ___text__
0000c05c   __args_main
0000c8fc   __cleanup_ptr
0000d000   __ctypes_
0000c8fe   __dtors_ptr
0000c8fa   __lock
0000bcbe   __log
0000c117   __nop
00009847   __printfi
0000c113   __register_lock
0000c10f   __register_unlock
00000400   __stack
0000c8f8   __unlock
0000c075   _abort
0000b904   _atan2
0000bdd6   _atoi
0000bd5b   _c_int00
0000a894   _delay_loop
0000c902   _errno
0000c077   _exit
0000bbfa   _exp
0000c0a6   _frexp
00008f94   _joint_time_cal
00008b18   _joint_trajetory
0000bda1   _ldexp
0000be36   _ltoa
0000c008   _main
0000c0e5   _memccpy
0000c139   _memset
0000bc64   _pow
0000acf8   _rsvd_ISR
0000be07   _sprintf
0000bf04   _sqrt
0000c121   _strcpy
0000c105   _strlen
0000b564   _w25q256_erase_chip
0000b580   _w25q256_erase_sector
0000b50f   _w25q256_init
0000b5b1   _w25q256_read
0000b4d0   _w25q256_read_reg1
0000b4e1   _w25q256_read_reg2
0000b4f2   _w25q256_read_reg3
0000b51b   _w25q256_readid
0000b4be   _w25q256_reset
0000b503   _w25q256_set_4addr
0000b551   _w25q256_test_busy
0000b5ed   _w25q256_write
0000b545   _w25q256_write_enable
ffffffff   binit
00008000   cinit
00000000   code_start
0000c143   etext
ffffffff   pinit


GLOBAL SYMBOLS: SORTED BY Symbol Address 

address    name
--------   ----
00000000   code_start
00000001   __TI_args_main
00000300   __STACK_SIZE
00000400   __stack
00000700   __STACK_END
00000880   _DevEmuRegs
00000a80   _FlashRegs
00000ae0   _CsmRegs
00000b00   _AdcMirror
00000b20   _XintfRegs
00000c00   _CpuTimer0Regs
00000c08   _CpuTimer1Regs
00000c10   _CpuTimer2Regs
00000ce0   _PieCtrlRegs
00000d00   _PieVectTable
00001000   _DmaRegs
00005000   _McbspaRegs
00005040   _McbspbRegs
00006000   _ECanaRegs
00006040   _ECanaLAMRegs
00006080   _ECanaMOTSRegs
000060c0   _ECanaMOTORegs
00006100   _ECanaMboxes
00006200   _ECanbRegs
00006240   _ECanbLAMRegs
00006280   _ECanbMOTSRegs
000062c0   _ECanbMOTORegs
00006300   _ECanbMboxes
00006800   _EPwm1Regs
00006840   _EPwm2Regs
00006880   _EPwm3Regs
000068c0   _EPwm4Regs
00006900   _EPwm5Regs
00006940   _EPwm6Regs
00006a00   _ECap1Regs
00006a20   _ECap2Regs
00006a40   _ECap3Regs
00006a60   _ECap4Regs
00006a80   _ECap5Regs
00006aa0   _ECap6Regs
00006b00   _EQep1Regs
00006b40   _EQep2Regs
00006f80   _GpioCtrlRegs
00006fc0   _GpioDataRegs
00006fe0   _GpioIntRegs
00007010   _SysCtrlRegs
00007040   _SpiaRegs
00007050   _SciaRegs
00007070   _XIntruptRegs
00007100   _AdcRegs
00007750   _ScibRegs
00007770   _ScicRegs
00007900   _I2caRegs
00008000   ___cinit__
00008000   cinit
00008150   _InitFlash
0000816b   _DSP28x_usDelay
00008700   .text
00008700   _Inverse_Kinematics_SCARA
00008700   ___text__
00008a13   _PTP
00008b18   _joint_trajetory
00008f94   _joint_time_cal
00009847   __printfi
0000994a   _Run_Info_Conversion
00009a0a   _Error_Compensate
00009ae0   _Motor_on
00009c5b   _Robot_Init
00009d8c   _SCARA_Run
00009f0c   _IO_Out_Set
00009f5a   _Point_Test
0000a06a   _PTP_Run
0000a138   _P_Gpio_Init
0000a1bb   _P_Led_Init
0000a1cd   _P_UartA_Init
0000a1eb   _P_UartC_Init
0000a1ff   _Spi_FIFO_Init
0000a20a   _Spi_Init
0000a234   _P_Board_Init
0000a269   _Str_To_Int
0000a299   _Get_Check_Num
0000a2aa   _Check_Char_To_Int
0000a2e6   _Check_Int_To_Char
0000a315   _SCIA_Data_Int
0000a329   _SCIC_Data_Int
0000a33d   _SCIA_Tx
0000a365   _SCIC_Tx
0000a38d   _Motor_X_Set
0000a3a5   _Motor_Y_Set
0000a3bd   _Motor_Z_Set
0000a3d5   _Motor_R_Set
0000a3eb   _Motor_X_Abs_Read
0000a504   _Motor_Y_Abs_Read
0000a61d   _Motor_Z_Abs_Read
0000a736   _Motor_R_Abs_Read
0000a84f   _Motor_X_AbsReset_Set
0000a85c   _Motor_Y_AbsReset_Set
0000a869   _Motor_Z_AbsReset_Set
0000a876   _Motor_R_AbsReset_Set
0000a883   _Motor_Return_State
0000a88c   _Motor_Set_EN
0000a894   _delay_loop
0000a89f   _Delay
0000a8a9   _My_Nop
0000a8b3   _Delay_s
0000a8c7   _Delay_ms
0000a8e1   _SCIRXINTA_ISR
0000a9a4   _SCITXINTA_ISR
0000a9d3   _SCIRXINTC_ISR
0000a9e5   _SCITXINTC_ISR
0000aa14   _INT13_ISR
0000aa1e   _INT14_ISR
0000aa28   _DATALOG_ISR
0000aa32   _RTOSINT_ISR
0000aa3c   _EMUINT_ISR
0000aa46   _NMI_ISR
0000aa50   _ILLEGAL_ISR
0000aa5a   _USER1_ISR
0000aa64   _USER2_ISR
0000aa6e   _USER3_ISR
0000aa78   _USER4_ISR
0000aa82   _USER5_ISR
0000aa8c   _USER6_ISR
0000aa96   _USER7_ISR
0000aaa0   _USER8_ISR
0000aaaa   _USER9_ISR
0000aab4   _USER10_ISR
0000aabe   _USER11_ISR
0000aac8   _USER12_ISR
0000aad2   _SEQ1INT_ISR
0000aadc   _SEQ2INT_ISR
0000aae6   _XINT1_ISR
0000aaf0   _XINT2_ISR
0000aafa   _ADCINT_ISR
0000ab04   _TINT0_ISR
0000ab0e   _WAKEINT_ISR
0000ab18   _EPWM1_TZINT_ISR
0000ab22   _EPWM2_TZINT_ISR
0000ab2c   _EPWM3_TZINT_ISR
0000ab36   _EPWM4_TZINT_ISR
0000ab40   _EPWM5_TZINT_ISR
0000ab4a   _EPWM6_TZINT_ISR
0000ab54   _EPWM1_INT_ISR
0000ab5e   _EPWM2_INT_ISR
0000ab68   _EPWM3_INT_ISR
0000ab72   _EPWM4_INT_ISR
0000ab7c   _EPWM5_INT_ISR
0000ab86   _EPWM6_INT_ISR
0000ab90   _ECAP1_INT_ISR
0000ab9a   _ECAP2_INT_ISR
0000aba4   _ECAP3_INT_ISR
0000abae   _ECAP4_INT_ISR
0000abb8   _ECAP5_INT_ISR
0000abc2   _ECAP6_INT_ISR
0000abcc   _EQEP1_INT_ISR
0000abd6   _EQEP2_INT_ISR
0000abe0   _SPIRXINTA_ISR
0000abea   _SPITXINTA_ISR
0000abf4   _MRINTB_ISR
0000abfe   _MXINTB_ISR
0000ac08   _MRINTA_ISR
0000ac12   _MXINTA_ISR
0000ac1c   _DINTCH1_ISR
0000ac26   _DINTCH2_ISR
0000ac30   _DINTCH3_ISR
0000ac3a   _DINTCH4_ISR
0000ac44   _DINTCH5_ISR
0000ac4e   _DINTCH6_ISR
0000ac58   _I2CINT1A_ISR
0000ac62   _I2CINT2A_ISR
0000ac6c   _SCIRXINTB_ISR
0000ac76   _SCITXINTB_ISR
0000ac80   _ECAN0INTA_ISR
0000ac8a   _ECAN1INTA_ISR
0000ac94   _ECAN0INTB_ISR
0000ac9e   _ECAN1INTB_ISR
0000aca8   _XINT3_ISR
0000acb2   _XINT4_ISR
0000acbc   _XINT5_ISR
0000acc6   _XINT6_ISR
0000acd0   _XINT7_ISR
0000acda   _LVF_ISR
0000ace4   _LUF_ISR
0000acee   _PIE_RESERVED
0000acf8   _rsvd_ISR
0000ad02   _Reply_Coordinate_Now
0000aeac   _Reply_User_Range
0000af0a   _Reply_DH_Parameters
0000af50   _Reply_Speed_Percent
0000af96   _Reply_Motion_State
0000afd5   _SCI_RX_Message_Process
0000b0d2   _SCI_Command_Execute
0000b16e   _Information_RAM_Int
0000b20d   _Information_Flash_Int
0000b23a   _Information_Flash_Erase
0000b254   _Connection_Test
0000b26c   _User_Range_Save
0000b397   _DH_Parameters_Save
0000b44c   _Speed_Percent_Save
0000b4a1   _Spi_Send
0000b4b0   _Spi_Rece
0000b4be   _w25q256_reset
0000b4d0   _w25q256_read_reg1
0000b4e1   _w25q256_read_reg2
0000b4f2   _w25q256_read_reg3
0000b503   _w25q256_set_4addr
0000b50f   _w25q256_init
0000b51b   _w25q256_readid
0000b545   _w25q256_write_enable
0000b551   _w25q256_test_busy
0000b564   _w25q256_erase_chip
0000b580   _w25q256_erase_sector
0000b5b1   _w25q256_read
0000b5ed   _w25q256_write
0000b62d   LL$$DIV
0000b669   LL$$MOD
0000b6a3   ULL$$DIV
0000b6d2   ULL$$MOD
0000b734   _InitSysCtrl
0000b73d   _ServiceDog
0000b747   _DisableDog
0000b74f   _InitPll
0000b79b   _InitPeripheralClocks
0000b7f6   _CsmUnlock
0000b827   _InitXintf
0000b867   _InitXintf32Gpio
0000b8ae   _InitXintf16Gpio
0000b904   _atan2
0000b9c8   FD$$ADD
0000ba64   FD$$DIV
0000baef   FS$$DIV
0000bb77   FD$$MPY
0000bbfa   _exp
0000bc64   _pow
0000bcbe   __log
0000bd12   _Add_Bus
0000bd24   _DATA_Bus_Write
0000bd35   _DATA_Bus_Read
0000bd3c   _Data_Bus_Out
0000bd4e   _Data_Bus_In
0000bd5b   _c_int00
0000bda1   _ldexp
0000bdd6   _atoi
0000be07   _sprintf
0000be36   _ltoa
0000be62   FD$$CMP
0000be8c   L$$DIV
0000be9b   L$$MOD
0000bea9   UL$$DIV
0000beb0   UL$$MOD
0000beb6   _InitPieCtrl
0000bed5   _EnableInterrupts
0000bede   FS$$TOLL
0000bf04   _sqrt
0000bf27   I$$DIV
0000bf38   I$$MOD
0000bf49   FD$$TOI
0000bf6a   ___memcpy_ff
0000bf8b   _InitPieVectTable
0000bfab   LL$$TOFS
0000bfcb   FD$$TOL
0000bfea   LL$$CMP
0000bffc   ULL$$CMP
0000c008   _main
0000c024   FS$$TOFD
0000c040   L$$TOFD
0000c05c   __args_main
0000c075   C$$EXIT
0000c075   _abort
0000c077   _exit
0000c08e   LL$$AND
0000c096   LL$$OR
0000c09e   LL$$XOR
0000c0a6   _frexp
0000c0bc   _MemCopy
0000c0d1   LL$$MPY
0000c0e5   _memccpy
0000c0f7   FD$$SUB
0000c105   _strlen
0000c10f   __register_unlock
0000c113   __register_lock
0000c117   __nop
0000c118   FD$$NEG
0000c121   _strcpy
0000c132   _DSP28x_DisableInt
0000c136   _DSP28x_RestoreInt
0000c139   _memset
0000c140   _SetDBGIER
0000c143   ___etext__
0000c143   etext
0000c800   _AbsX_Encoder1_ADD
0000c802   _AbsX_Encoder2_ADD
0000c804   _AbsX_Reset_ADD
0000c806   _PulsX_Bias_ADD
0000c808   _AbsX_Encoder5_ADD
0000c80a   _AbsX_Encoder6_ADD
0000c80c   _AbsX_Encoder3_ADD
0000c80e   _AbsX_Encoder4_ADD
0000c810   _NumZ_ADD
0000c812   _FreqZ_ADD
0000c814   _DIRVER_ENZ_ADD
0000c816   _DirZ_ADD
0000c818   _PulsZ_Warn_ADD
0000c81a   _DIRVER_ENX_ADD
0000c81c   _PulsX_Warn_ADD
0000c81e   _NumX_ADD
0000c820   _DirX_ADD
0000c822   _AbsY_Encoder1_ADD
0000c824   _AbsY_Encoder2_ADD
0000c826   _PulsY_Bias_ADD
0000c828   _AbsY_Reset_ADD
0000c82a   _AbsY_Encoder6_ADD
0000c82c   _AbsY_Encoder5_ADD
0000c82e   _AbsY_Encoder3_ADD
0000c830   _AbsY_Encoder4_ADD
0000c832   _PulsY_Warn_ADD
0000c834   _AbsY_Encoder7_ADD
0000c836   _AbsX_Encoder8_ADD
0000c838   _AbsX_Encoder7_ADD
0000c83a   _AbsY_Encoder8_ADD
0000c83c   _DirY_ADD
0000c83e   _DIRVER_ENY_ADD
0000c840   _FreqY_ADD
0000c842   _NumY_ADD
0000c844   _AbsR_Reset_ADD
0000c846   _PulsR_Bias_ADD
0000c848   _AbsR_Encoder2_ADD
0000c84a   _AbsR_Encoder1_ADD
0000c84c   _DIRVER_ENR_ADD
0000c84e   _PulsR_Warn_ADD
0000c850   _AbsR_Encoder3_ADD
0000c852   _AbsR_Encoder8_ADD
0000c854   _State_ADD
0000c856   _AbsR_Encoder5_ADD
0000c858   _AbsR_Encoder4_ADD
0000c85a   _AbsR_Encoder7_ADD
0000c85c   _AbsR_Encoder6_ADD
0000c85e   _AbsZ_Encoder3_ADD
0000c860   _AbsZ_Encoder2_ADD
0000c862   _AbsZ_Encoder5_ADD
0000c864   _AbsZ_Encoder4_ADD
0000c866   _PulsZ_Bias_ADD
0000c868   _FreqX_ADD
0000c86a   _AbsZ_Encoder1_ADD
0000c86c   _AbsZ_Reset_ADD
0000c86e   _AbsZ_Encoder6_ADD
0000c870   _NumR_ADD
0000c872   _FreqR_ADD
0000c874   _DirR_ADD
0000c876   _AbsZ_Encoder7_ADD
0000c878   _EN_ADD
0000c87a   _AbsZ_Encoder8_ADD
0000c880   _SCI_CMD_Message1
0000c8ed   _Robot_Reg
0000c8f8   __unlock
0000c8fa   __lock
0000c8fc   __cleanup_ptr
0000c8fe   __dtors_ptr
0000c900   _ACK_SCI_Cmd
0000c902   _errno
0000d000   __ctypes_
0000d102   _PieVectTableInit
0020fc00   _Cmd_Tx_Long
0020fc01   _Auxiliary_Fun
0020fc02   _Answer_Flag
0020fc03   _Execute_Flag
0020fc04   _User_Range
0020fc06   _SCI_CMD_Message
0020fc08   _Robot_DH
0020fc0a   _Speed_Percent
0020fc0c   _Speed_Percent_Str
0020fc10   _Encoder_X_Origin
0020fc14   _Encoder_Y_Origin
0020fc18   _Encoder_R_Now
0020fc1c   _Encoder_Z_Now
0020fc20   _Encoder_Y_Now
0020fc24   _Encoder_R_Origin
0020fc28   _Encoder_X_Now
0020fc2c   _Encoder_Z_Origin
0020fc30   _SCIA_Tx_Message
0020fc40   _SCIC_Tx_Message
0020fc4b   _Robot_Run_Reg
0020fc56   _Now_Point
0020fc62   _Robot_DH_Buff
0020fc6e   _Trajetory_points
0020fc80   _SCARA_Run_Theta
0020fc90   _SCARA_Decare
0020fca0   _SCARA_DH
0020fcc0   _User_Range_Buff
0020fcd8   _Motor_Run_points
0020fd00   _Robot_DH_Str
0020fd40   _User_Range_Str
0020fdc0   _SCIA_Data
0020fec0   _SCIC_Data
0033fff8   _CsmPwl
00380080   _ADC_cal
00380090   _PartIdRegs
ffffffff   ___binit__
ffffffff   ___c_args__
ffffffff   ___pinit__
ffffffff   binit
ffffffff   pinit

[402 symbols]
